# Units: Log10 mol/kgw
 TITLE = " Years"
VARIABLES = "X (meters)", "H+        ", "Cl-       ", "Na+       ", "NO3-      ", "OH-       ", "
 ZONE F=POINT,I=         100
 5.00000E-01              -9.82997E+00  -4.14885E+00  -3.85381E+00  -7.34210E+00  -4.16114E+00
 1.50000E+00              -9.81164E+00  -4.14208E+00  -3.85906E+00  -7.00904E+00  -4.17947E+00
 2.50000E+00              -9.79280E+00  -4.13559E+00  -3.86435E+00  -6.82615E+00  -4.19831E+00
 3.50000E+00              -9.77345E+00  -4.12939E+00  -3.86965E+00  -6.70077E+00  -4.21765E+00
 4.50000E+00              -9.75360E+00  -4.12347E+00  -3.87495E+00  -6.60619E+00  -4.23750E+00
 5.50000E+00              -9.73327E+00  -4.11782E+00  -3.88024E+00  -6.53096E+00  -4.25783E+00
 6.50000E+00              -9.71245E+00  -4.11242E+00  -3.88550E+00  -6.46906E+00  -4.27865E+00
 7.50000E+00              -9.69116E+00  -4.10727E+00  -3.89072E+00  -6.41696E+00  -4.29994E+00
 8.50000E+00              -9.66940E+00  -4.10236E+00  -3.89588E+00  -6.37237E+00  -4.32170E+00
 9.50000E+00              -9.64719E+00  -4.09767E+00  -3.90097E+00  -6.33374E+00  -4.34392E+00
 1.05000E+01              -9.62452E+00  -4.09319E+00  -3.90597E+00  -6.29996E+00  -4.36658E+00
 1.15000E+01              -9.60141E+00  -4.08892E+00  -3.91088E+00  -6.27022E+00  -4.38970E+00
 1.25000E+01              -9.57785E+00  -4.08484E+00  -3.91567E+00  -6.24387E+00  -4.41325E+00
 1.35000E+01              -9.55387E+00  -4.08093E+00  -3.92035E+00  -6.22044E+00  -4.43724E+00
 1.45000E+01              -9.52945E+00  -4.07718E+00  -3.92489E+00  -6.19951E+00  -4.46165E+00
 1.55000E+01              -9.50461E+00  -4.07360E+00  -3.92929E+00  -6.18077E+00  -4.48649E+00
 1.65000E+01              -9.47935E+00  -4.07015E+00  -3.93353E+00  -6.16395E+00  -4.51175E+00
 1.75000E+01              -9.45367E+00  -4.06685E+00  -3.93763E+00  -6.14882E+00  -4.53743E+00
 1.85000E+01              -9.42757E+00  -4.06367E+00  -3.94155E+00  -6.13518E+00  -4.56353E+00
 1.95000E+01              -9.40105E+00  -4.06061E+00  -3.94532E+00  -6.12288E+00  -4.59005E+00
 2.05000E+01              -9.37411E+00  -4.05766E+00  -3.94891E+00  -6.11177E+00  -4.61699E+00
 2.15000E+01              -9.34675E+00  -4.05482E+00  -3.95233E+00  -6.10173E+00  -4.64436E+00
 2.25000E+01              -9.31895E+00  -4.05208E+00  -3.95558E+00  -6.09263E+00  -4.67215E+00
 2.35000E+01              -9.29072E+00  -4.04944E+00  -3.95866E+00  -6.08440E+00  -4.70039E+00
 2.45000E+01              -9.26204E+00  -4.04689E+00  -3.96157E+00  -6.07693E+00  -4.72906E+00
 2.55000E+01              -9.23291E+00  -4.04443E+00  -3.96431E+00  -6.07016E+00  -4.75820E+00
 2.65000E+01              -9.20331E+00  -4.04207E+00  -3.96689E+00  -6.06401E+00  -4.78780E+00
 2.75000E+01              -9.17323E+00  -4.03978E+00  -3.96932E+00  -6.05843E+00  -4.81788E+00
 2.85000E+01              -9.14265E+00  -4.03758E+00  -3.97159E+00  -6.05335E+00  -4.84846E+00
 2.95000E+01              -9.11156E+00  -4.03546E+00  -3.97372E+00  -6.04873E+00  -4.87955E+00
 3.05000E+01              -9.07993E+00  -4.03342E+00  -3.97571E+00  -6.04453E+00  -4.91118E+00
 3.15000E+01              -9.04774E+00  -4.03147E+00  -3.97756E+00  -6.04071E+00  -4.94336E+00
 3.25000E+01              -9.01497E+00  -4.02959E+00  -3.97928E+00  -6.03722E+00  -4.97614E+00
 3.35000E+01              -8.98158E+00  -4.02779E+00  -3.98089E+00  -6.03405E+00  -5.00952E+00
 3.45000E+01              -8.94754E+00  -4.02606E+00  -3.98238E+00  -6.03115E+00  -5.04356E+00
 3.55000E+01              -8.91282E+00  -4.02442E+00  -3.98377E+00  -6.02850E+00  -5.07828E+00
 3.65000E+01              -8.87737E+00  -4.02284E+00  -3.98505E+00  -6.02608E+00  -5.11373E+00
 3.75000E+01              -8.84114E+00  -4.02134E+00  -3.98624E+00  -6.02387E+00  -5.14996E+00
 3.85000E+01              -8.80408E+00  -4.01992E+00  -3.98734E+00  -6.02185E+00  -5.18702E+00
 3.95000E+01              -8.76613E+00  -4.01856E+00  -3.98836E+00  -6.02000E+00  -5.22498E+00
 4.05000E+01              -8.72721E+00  -4.01727E+00  -3.98930E+00  -6.01831E+00  -5.26389E+00
 4.15000E+01              -8.68725E+00  -4.01606E+00  -3.99018E+00  -6.01676E+00  -5.30386E+00
 4.25000E+01              -8.64614E+00  -4.01490E+00  -3.99098E+00  -6.01533E+00  -5.34496E+00
 4.35000E+01              -8.60379E+00  -4.01382E+00  -3.99173E+00  -6.01403E+00  -5.38731E+00
 4.45000E+01              -8.56006E+00  -4.01279E+00  -3.99242E+00  -6.01283E+00  -5.43105E+00
 4.55000E+01              -8.51479E+00  -4.01183E+00  -3.99305E+00  -6.01173E+00  -5.47631E+00
 4.65000E+01              -8.46782E+00  -4.01092E+00  -3.99364E+00  -6.01072E+00  -5.52328E+00
 4.75000E+01              -8.41891E+00  -4.01007E+00  -3.99418E+00  -6.00980E+00  -5.57219E+00
 4.85000E+01              -8.36781E+00  -4.00927E+00  -3.99468E+00  -6.00894E+00  -5.62329E+00
 4.95000E+01              -8.31419E+00  -4.00853E+00  -3.99514E+00  -6.00816E+00  -5.67692E+00
 5.05000E+01              -8.25763E+00  -4.00783E+00  -3.99556E+00  -6.00744E+00  -5.73348E+00
 5.15000E+01              -8.19762E+00  -4.00718E+00  -3.99595E+00  -6.00678E+00  -5.79348E+00
 5.25000E+01              -8.13349E+00  -4.00658E+00  -3.99631E+00  -6.00618E+00  -5.85761E+00
 5.35000E+01              -8.06438E+00  -4.00602E+00  -3.99664E+00  -6.00562E+00  -5.92673E+00
 5.45000E+01              -7.98909E+00  -4.00550E+00  -3.99695E+00  -6.00511E+00  -6.00201E+00
 5.55000E+01              -7.90604E+00  -4.00501E+00  -3.99723E+00  -6.00464E+00  -6.08506E+00
 5.65000E+01              -7.81299E+00  -4.00457E+00  -3.99748E+00  -6.00422E+00  -6.17811E+00
 5.75000E+01              -7.70684E+00  -4.00416E+00  -3.99771E+00  -6.00383E+00  -6.28426E+00
 5.85000E+01              -7.58342E+00  -4.00378E+00  -3.99792E+00  -6.00347E+00  -6.40768E+00
 5.95000E+01              -7.43825E+00  -4.00345E+00  -3.99811E+00  -6.00315E+00  -6.55285E+00
 6.05000E+01              -7.27068E+00  -4.00314E+00  -3.99827E+00  -6.00287E+00  -6.72042E+00
 6.15000E+01              -7.09317E+00  -4.00288E+00  -3.99841E+00  -6.00263E+00  -6.89793E+00
 6.25000E+01              -6.92991E+00  -4.00266E+00  -3.99852E+00  -6.00243E+00  -7.06119E+00
 6.35000E+01              -6.79516E+00  -4.00247E+00  -3.99861E+00  -6.00225E+00  -7.19595E+00
 6.45000E+01              -6.68778E+00  -4.00230E+00  -3.99869E+00  -6.00210E+00  -7.30332E+00
 6.55000E+01              -6.60165E+00  -4.00214E+00  -3.99877E+00  -6.00196E+00  -7.38945E+00
 6.65000E+01              -6.53127E+00  -4.00200E+00  -3.99884E+00  -6.00183E+00  -7.45984E+00
 6.75000E+01              -6.47262E+00  -4.00186E+00  -3.99891E+00  -6.00171E+00  -7.51848E+00
 6.85000E+01              -6.42294E+00  -4.00174E+00  -3.99898E+00  -6.00159E+00  -7.56817E+00
 6.95000E+01              -6.38024E+00  -4.00162E+00  -3.99904E+00  -6.00149E+00  -7.61087E+00
 7.05000E+01              -6.34312E+00  -4.00152E+00  -3.99910E+00  -6.00139E+00  -7.64798E+00
 7.15000E+01              -6.31054E+00  -4.00141E+00  -3.99916E+00  -6.00130E+00  -7.68056E+00
 7.25000E+01              -6.28171E+00  -4.00132E+00  -3.99922E+00  -6.00121E+00  -7.70939E+00
 7.35000E+01              -6.25604E+00  -4.00123E+00  -3.99927E+00  -6.00113E+00  -7.73506E+00
 7.45000E+01              -6.23304E+00  -4.00114E+00  -3.99932E+00  -6.00105E+00  -7.75806E+00
 7.55000E+01              -6.21234E+00  -4.00106E+00  -3.99936E+00  -6.00098E+00  -7.77877E+00
 7.65000E+01              -6.19362E+00  -4.00099E+00  -3.99941E+00  -6.00091E+00  -7.79748E+00
 7.75000E+01              -6.17664E+00  -4.00092E+00  -3.99945E+00  -6.00084E+00  -7.81447E+00
 7.85000E+01              -6.16118E+00  -4.00085E+00  -3.99949E+00  -6.00078E+00  -7.82993E+00
 7.95000E+01              -6.14706E+00  -4.00079E+00  -3.99953E+00  -6.00072E+00  -7.84405E+00
 8.05000E+01              -6.13413E+00  -4.00073E+00  -3.99956E+00  -6.00067E+00  -7.85698E+00
 8.15000E+01              -6.12226E+00  -4.00067E+00  -3.99960E+00  -6.00062E+00  -7.86885E+00
 8.25000E+01              -6.11133E+00  -4.00062E+00  -3.99963E+00  -6.00057E+00  -7.87977E+00
 8.35000E+01              -6.10126E+00  -4.00057E+00  -3.99966E+00  -6.00052E+00  -7.88985E+00
 8.45000E+01              -6.09194E+00  -4.00052E+00  -3.99969E+00  -6.00048E+00  -7.89917E+00
 8.55000E+01              -6.08330E+00  -4.00048E+00  -3.99971E+00  -6.00044E+00  -7.90780E+00
 8.65000E+01              -6.07527E+00  -4.00044E+00  -3.99974E+00  -6.00040E+00  -7.91583E+00
 8.75000E+01              -6.06780E+00  -4.00040E+00  -3.99976E+00  -6.00036E+00  -7.92331E+00
 8.85000E+01              -6.06081E+00  -4.00036E+00  -3.99979E+00  -6.00033E+00  -7.93029E+00
 8.95000E+01              -6.05427E+00  -4.00032E+00  -3.99981E+00  -6.00030E+00  -7.93684E+00
 9.05000E+01              -6.04812E+00  -4.00029E+00  -3.99983E+00  -6.00026E+00  -7.94299E+00
 9.15000E+01              -6.04232E+00  -4.00025E+00  -3.99985E+00  -6.00023E+00  -7.94879E+00
 9.25000E+01              -6.03683E+00  -4.00022E+00  -3.99987E+00  -6.00020E+00  -7.95428E+00
 9.35000E+01              -6.03161E+00  -4.00019E+00  -3.99989E+00  -6.00018E+00  -7.95949E+00
 9.45000E+01              -6.02663E+00  -4.00016E+00  -3.99990E+00  -6.00015E+00  -7.96448E+00
 9.55000E+01              -6.02185E+00  -4.00013E+00  -3.99992E+00  -6.00012E+00  -7.96925E+00
 9.65000E+01              -6.01725E+00  -4.00011E+00  -3.99994E+00  -6.00010E+00  -7.97385E+00
 9.75000E+01              -6.01279E+00  -4.00008E+00  -3.99995E+00  -6.00007E+00  -7.97831E+00
 9.85000E+01              -6.00845E+00  -4.00005E+00  -3.99997E+00  -6.00005E+00  -7.98266E+00
 9.95000E+01              -6.00419E+00  -4.00003E+00  -3.99998E+00  -6.00002E+00  -7.98691E+00
