# Units: Log10 mol/kgw
 TITLE = " Years"
VARIABLES = "X (meters)", "H+        ", "Cl-       ", "Na+       ", "NO3-      ", "OH-       ", "
 ZONE F=POINT,I=         100
 5.00000E-01              -9.66807E+00  -4.11764E+00  -3.90594E+00  -6.40512E+00  -4.32303E+00
 1.50000E+00              -9.44950E+00  -4.07280E+00  -3.94316E+00  -6.15872E+00  -4.54161E+00
 2.50000E+00              -9.20328E+00  -4.04375E+00  -3.96836E+00  -6.06977E+00  -4.78782E+00
 3.50000E+00              -8.92715E+00  -4.02519E+00  -3.98333E+00  -6.03224E+00  -5.06395E+00
 4.50000E+00              -8.60697E+00  -4.01376E+00  -3.99156E+00  -6.01524E+00  -5.38413E+00
 5.50000E+00              -8.19733E+00  -4.00710E+00  -3.99588E+00  -6.00719E+00  -5.79377E+00
 6.50000E+00              -7.46515E+00  -4.00347E+00  -3.99805E+00  -6.00333E+00  -6.52595E+00
 7.50000E+00              -6.48897E+00  -4.00191E+00  -3.99890E+00  -6.00178E+00  -7.50213E+00
 8.50000E+00              -6.22285E+00  -4.00111E+00  -3.99934E+00  -6.00103E+00  -7.76825E+00
 9.50000E+00              -6.11328E+00  -4.00063E+00  -3.99962E+00  -6.00058E+00  -7.87783E+00
 1.05000E+01              -6.05921E+00  -4.00035E+00  -3.99979E+00  -6.00032E+00  -7.93189E+00
 1.15000E+01              -6.03101E+00  -4.00019E+00  -3.99989E+00  -6.00017E+00  -7.96009E+00
 1.25000E+01              -6.01610E+00  -4.00010E+00  -3.99994E+00  -6.00009E+00  -7.97501E+00
 1.35000E+01              -6.00824E+00  -4.00005E+00  -3.99997E+00  -6.00005E+00  -7.98286E+00
 1.45000E+01              -6.00416E+00  -4.00003E+00  -3.99998E+00  -6.00002E+00  -7.98694E+00
 1.55000E+01              -6.00206E+00  -4.00001E+00  -3.99999E+00  -6.00001E+00  -7.98904E+00
 1.65000E+01              -6.00101E+00  -4.00001E+00  -4.00000E+00  -6.00001E+00  -7.99009E+00
 1.75000E+01              -6.00049E+00  -4.00000E+00  -4.00000E+00  -6.00000E+00  -7.99062E+00
 1.85000E+01              -6.00023E+00  -4.00000E+00  -4.00000E+00  -6.00000E+00  -7.99087E+00
 1.95000E+01              -6.00011E+00  -4.00000E+00  -4.00000E+00  -6.00000E+00  -7.99099E+00
 2.05000E+01              -6.00005E+00  -4.00000E+00  -4.00000E+00  -6.00000E+00  -7.99105E+00
 2.15000E+01              -6.00002E+00  -4.00000E+00  -4.00000E+00  -6.00000E+00  -7.99108E+00
 2.25000E+01              -6.00001E+00  -4.00000E+00  -4.00000E+00  -6.00000E+00  -7.99109E+00
 2.35000E+01              -6.00000E+00  -4.00000E+00  -4.00000E+00  -6.00000E+00  -7.99110E+00
 2.45000E+01              -6.00000E+00  -4.00000E+00  -4.00000E+00  -6.00000E+00  -7.99110E+00
 2.55000E+01              -6.00000E+00  -4.00000E+00  -4.00000E+00  -6.00000E+00  -7.99110E+00
 2.65000E+01              -6.00000E+00  -4.00000E+00  -4.00000E+00  -6.00000E+00  -7.99110E+00
 2.75000E+01              -6.00000E+00  -4.00000E+00  -4.00000E+00  -6.00000E+00  -7.99110E+00
 2.85000E+01              -6.00000E+00  -4.00000E+00  -4.00000E+00  -6.00000E+00  -7.99110E+00
 2.95000E+01              -6.00000E+00  -4.00000E+00  -4.00000E+00  -6.00000E+00  -7.99110E+00
 3.05000E+01              -6.00000E+00  -4.00000E+00  -4.00000E+00  -6.00000E+00  -7.99110E+00
 3.15000E+01              -6.00000E+00  -4.00000E+00  -4.00000E+00  -6.00000E+00  -7.99110E+00
 3.25000E+01              -6.00000E+00  -4.00000E+00  -4.00000E+00  -6.00000E+00  -7.99110E+00
 3.35000E+01              -6.00000E+00  -4.00000E+00  -4.00000E+00  -6.00000E+00  -7.99110E+00
 3.45000E+01              -6.00000E+00  -4.00000E+00  -4.00000E+00  -6.00000E+00  -7.99110E+00
 3.55000E+01              -6.00000E+00  -4.00000E+00  -4.00000E+00  -6.00000E+00  -7.99110E+00
 3.65000E+01              -6.00000E+00  -4.00000E+00  -4.00000E+00  -6.00000E+00  -7.99110E+00
 3.75000E+01              -6.00000E+00  -4.00000E+00  -4.00000E+00  -6.00000E+00  -7.99110E+00
 3.85000E+01              -6.00000E+00  -4.00000E+00  -4.00000E+00  -6.00000E+00  -7.99110E+00
 3.95000E+01              -6.00000E+00  -4.00000E+00  -4.00000E+00  -6.00000E+00  -7.99110E+00
 4.05000E+01              -6.00000E+00  -4.00000E+00  -4.00000E+00  -6.00000E+00  -7.99110E+00
 4.15000E+01              -6.00000E+00  -4.00000E+00  -4.00000E+00  -6.00000E+00  -7.99110E+00
 4.25000E+01              -6.00000E+00  -4.00000E+00  -4.00000E+00  -6.00000E+00  -7.99110E+00
 4.35000E+01              -6.00000E+00  -4.00000E+00  -4.00000E+00  -6.00000E+00  -7.99110E+00
 4.45000E+01              -6.00000E+00  -4.00000E+00  -4.00000E+00  -6.00000E+00  -7.99110E+00
 4.55000E+01              -6.00000E+00  -4.00000E+00  -4.00000E+00  -6.00000E+00  -7.99110E+00
 4.65000E+01              -6.00000E+00  -4.00000E+00  -4.00000E+00  -6.00000E+00  -7.99110E+00
 4.75000E+01              -6.00000E+00  -4.00000E+00  -4.00000E+00  -6.00000E+00  -7.99110E+00
 4.85000E+01              -6.00000E+00  -4.00000E+00  -4.00000E+00  -6.00000E+00  -7.99110E+00
 4.95000E+01              -6.00000E+00  -4.00000E+00  -4.00000E+00  -6.00000E+00  -7.99110E+00
 5.05000E+01              -6.00000E+00  -4.00000E+00  -4.00000E+00  -6.00000E+00  -7.99110E+00
 5.15000E+01              -6.00000E+00  -4.00000E+00  -4.00000E+00  -6.00000E+00  -7.99110E+00
 5.25000E+01              -6.00000E+00  -4.00000E+00  -4.00000E+00  -6.00000E+00  -7.99110E+00
 5.35000E+01              -6.00000E+00  -4.00000E+00  -4.00000E+00  -6.00000E+00  -7.99110E+00
 5.45000E+01              -6.00000E+00  -4.00000E+00  -4.00000E+00  -6.00000E+00  -7.99110E+00
 5.55000E+01              -6.00000E+00  -4.00000E+00  -4.00000E+00  -6.00000E+00  -7.99110E+00
 5.65000E+01              -6.00000E+00  -4.00000E+00  -4.00000E+00  -6.00000E+00  -7.99110E+00
 5.75000E+01              -6.00000E+00  -4.00000E+00  -4.00000E+00  -6.00000E+00  -7.99110E+00
 5.85000E+01              -6.00000E+00  -4.00000E+00  -4.00000E+00  -6.00000E+00  -7.99110E+00
 5.95000E+01              -6.00000E+00  -4.00000E+00  -4.00000E+00  -6.00000E+00  -7.99110E+00
 6.05000E+01              -6.00000E+00  -4.00000E+00  -4.00000E+00  -6.00000E+00  -7.99110E+00
 6.15000E+01              -6.00000E+00  -4.00000E+00  -4.00000E+00  -6.00000E+00  -7.99110E+00
 6.25000E+01              -6.00000E+00  -4.00000E+00  -4.00000E+00  -6.00000E+00  -7.99110E+00
 6.35000E+01              -6.00000E+00  -4.00000E+00  -4.00000E+00  -6.00000E+00  -7.99110E+00
 6.45000E+01              -6.00000E+00  -4.00000E+00  -4.00000E+00  -6.00000E+00  -7.99110E+00
 6.55000E+01              -6.00000E+00  -4.00000E+00  -4.00000E+00  -6.00000E+00  -7.99110E+00
 6.65000E+01              -6.00000E+00  -4.00000E+00  -4.00000E+00  -6.00000E+00  -7.99110E+00
 6.75000E+01              -6.00000E+00  -4.00000E+00  -4.00000E+00  -6.00000E+00  -7.99110E+00
 6.85000E+01              -6.00000E+00  -4.00000E+00  -4.00000E+00  -6.00000E+00  -7.99110E+00
 6.95000E+01              -6.00000E+00  -4.00000E+00  -4.00000E+00  -6.00000E+00  -7.99110E+00
 7.05000E+01              -6.00000E+00  -4.00000E+00  -4.00000E+00  -6.00000E+00  -7.99110E+00
 7.15000E+01              -6.00000E+00  -4.00000E+00  -4.00000E+00  -6.00000E+00  -7.99110E+00
 7.25000E+01              -6.00000E+00  -4.00000E+00  -4.00000E+00  -6.00000E+00  -7.99110E+00
 7.35000E+01              -6.00000E+00  -4.00000E+00  -4.00000E+00  -6.00000E+00  -7.99110E+00
 7.45000E+01              -6.00000E+00  -4.00000E+00  -4.00000E+00  -6.00000E+00  -7.99110E+00
 7.55000E+01              -6.00000E+00  -4.00000E+00  -4.00000E+00  -6.00000E+00  -7.99110E+00
 7.65000E+01              -6.00000E+00  -4.00000E+00  -4.00000E+00  -6.00000E+00  -7.99110E+00
 7.75000E+01              -6.00000E+00  -4.00000E+00  -4.00000E+00  -6.00000E+00  -7.99110E+00
 7.85000E+01              -6.00000E+00  -4.00000E+00  -4.00000E+00  -6.00000E+00  -7.99110E+00
 7.95000E+01              -6.00000E+00  -4.00000E+00  -4.00000E+00  -6.00000E+00  -7.99110E+00
 8.05000E+01              -6.00000E+00  -4.00000E+00  -4.00000E+00  -6.00000E+00  -7.99110E+00
 8.15000E+01              -6.00000E+00  -4.00000E+00  -4.00000E+00  -6.00000E+00  -7.99110E+00
 8.25000E+01              -6.00000E+00  -4.00000E+00  -4.00000E+00  -6.00000E+00  -7.99110E+00
 8.35000E+01              -6.00000E+00  -4.00000E+00  -4.00000E+00  -6.00000E+00  -7.99110E+00
 8.45000E+01              -6.00000E+00  -4.00000E+00  -4.00000E+00  -6.00000E+00  -7.99110E+00
 8.55000E+01              -6.00000E+00  -4.00000E+00  -4.00000E+00  -6.00000E+00  -7.99110E+00
 8.65000E+01              -6.00000E+00  -4.00000E+00  -4.00000E+00  -6.00000E+00  -7.99110E+00
 8.75000E+01              -6.00000E+00  -4.00000E+00  -4.00000E+00  -6.00000E+00  -7.99110E+00
 8.85000E+01              -6.00000E+00  -4.00000E+00  -4.00000E+00  -6.00000E+00  -7.99110E+00
 8.95000E+01              -6.00000E+00  -4.00000E+00  -4.00000E+00  -6.00000E+00  -7.99110E+00
 9.05000E+01              -6.00000E+00  -4.00000E+00  -4.00000E+00  -6.00000E+00  -7.99110E+00
 9.15000E+01              -6.00000E+00  -4.00000E+00  -4.00000E+00  -6.00000E+00  -7.99110E+00
 9.25000E+01              -6.00000E+00  -4.00000E+00  -4.00000E+00  -6.00000E+00  -7.99110E+00
 9.35000E+01              -6.00000E+00  -4.00000E+00  -4.00000E+00  -6.00000E+00  -7.99110E+00
 9.45000E+01              -6.00000E+00  -4.00000E+00  -4.00000E+00  -6.00000E+00  -7.99110E+00
 9.55000E+01              -6.00000E+00  -4.00000E+00  -4.00000E+00  -6.00000E+00  -7.99110E+00
 9.65000E+01              -6.00000E+00  -4.00000E+00  -4.00000E+00  -6.00000E+00  -7.99110E+00
 9.75000E+01              -6.00000E+00  -4.00000E+00  -4.00000E+00  -6.00000E+00  -7.99110E+00
 9.85000E+01              -6.00000E+00  -4.00000E+00  -4.00000E+00  -6.00000E+00  -7.99110E+00
 9.95000E+01              -6.00000E+00  -4.00000E+00  -4.00000E+00  -6.00000E+00  -7.99110E+00
