# Units: Log10 mol/kgw
 TITLE = " Years"
VARIABLES = "X (meters)", "H+        ", "Cl-       ", "Na+       ", "NO3-      ", "OH-       ", "
 ZONE F=POINT,I=         100
 5.00000E-01              -9.83182E+00  -4.14925E+00  -3.85311E+00  -7.39019E+00  -4.15928E+00
 1.50000E+00              -9.81550E+00  -4.14316E+00  -3.85781E+00  -7.05668E+00  -4.17560E+00
 2.50000E+00              -9.79877E+00  -4.13731E+00  -3.86253E+00  -6.87321E+00  -4.19233E+00
 3.50000E+00              -9.78164E+00  -4.13168E+00  -3.86726E+00  -6.74711E+00  -4.20947E+00
 4.50000E+00              -9.76410E+00  -4.12628E+00  -3.87201E+00  -6.65174E+00  -4.22700E+00
 5.50000E+00              -9.74617E+00  -4.12109E+00  -3.87675E+00  -6.57561E+00  -4.24494E+00
 6.50000E+00              -9.72785E+00  -4.11612E+00  -3.88147E+00  -6.51274E+00  -4.26326E+00
 7.50000E+00              -9.70914E+00  -4.11135E+00  -3.88617E+00  -6.45958E+00  -4.28196E+00
 8.50000E+00              -9.69006E+00  -4.10678E+00  -3.89084E+00  -6.41388E+00  -4.30105E+00
 9.50000E+00              -9.67060E+00  -4.10239E+00  -3.89546E+00  -6.37408E+00  -4.32050E+00
 1.05000E+01              -9.65077E+00  -4.09819E+00  -3.90002E+00  -6.33908E+00  -4.34033E+00
 1.15000E+01              -9.63059E+00  -4.09416E+00  -3.90452E+00  -6.30808E+00  -4.36052E+00
 1.25000E+01              -9.61004E+00  -4.09029E+00  -3.90894E+00  -6.28045E+00  -4.38106E+00
 1.35000E+01              -9.58914E+00  -4.08658E+00  -3.91328E+00  -6.25571E+00  -4.40196E+00
 1.45000E+01              -9.56790E+00  -4.08302E+00  -3.91752E+00  -6.23346E+00  -4.42321E+00
 1.55000E+01              -9.54630E+00  -4.07959E+00  -3.92167E+00  -6.21338E+00  -4.44480E+00
 1.65000E+01              -9.52437E+00  -4.07629E+00  -3.92570E+00  -6.19523E+00  -4.46673E+00
 1.75000E+01              -9.50210E+00  -4.07311E+00  -3.92962E+00  -6.17877E+00  -4.48901E+00
 1.85000E+01              -9.47948E+00  -4.07004E+00  -3.93342E+00  -6.16383E+00  -4.51162E+00
 1.95000E+01              -9.45654E+00  -4.06709E+00  -3.93709E+00  -6.15023E+00  -4.53457E+00
 2.05000E+01              -9.43325E+00  -4.06424E+00  -3.94064E+00  -6.13785E+00  -4.55785E+00
 2.15000E+01              -9.40964E+00  -4.06148E+00  -3.94405E+00  -6.12656E+00  -4.58147E+00
 2.25000E+01              -9.38568E+00  -4.05882E+00  -3.94732E+00  -6.11625E+00  -4.60542E+00
 2.35000E+01              -9.36139E+00  -4.05624E+00  -3.95046E+00  -6.10683E+00  -4.62972E+00
 2.45000E+01              -9.33675E+00  -4.05374E+00  -3.95346E+00  -6.09823E+00  -4.65436E+00
 2.55000E+01              -9.31177E+00  -4.05133E+00  -3.95633E+00  -6.09035E+00  -4.67934E+00
 2.65000E+01              -9.28643E+00  -4.04899E+00  -3.95906E+00  -6.08314E+00  -4.70467E+00
 2.75000E+01              -9.26074E+00  -4.04673E+00  -3.96165E+00  -6.07653E+00  -4.73036E+00
 2.85000E+01              -9.23468E+00  -4.04453E+00  -3.96411E+00  -6.07048E+00  -4.75642E+00
 2.95000E+01              -9.20825E+00  -4.04241E+00  -3.96644E+00  -6.06493E+00  -4.78285E+00
 3.05000E+01              -9.18144E+00  -4.04036E+00  -3.96864E+00  -6.05983E+00  -4.80966E+00
 3.15000E+01              -9.15424E+00  -4.03837E+00  -3.97072E+00  -6.05516E+00  -4.83687E+00
 3.25000E+01              -9.12662E+00  -4.03644E+00  -3.97269E+00  -6.05086E+00  -4.86448E+00
 3.35000E+01              -9.09859E+00  -4.03459E+00  -3.97453E+00  -6.04692E+00  -4.89251E+00
 3.45000E+01              -9.07012E+00  -4.03279E+00  -3.97627E+00  -6.04329E+00  -4.92099E+00
 3.55000E+01              -9.04119E+00  -4.03106E+00  -3.97790E+00  -6.03995E+00  -4.94991E+00
 3.65000E+01              -9.01180E+00  -4.02940E+00  -3.97943E+00  -6.03688E+00  -4.97931E+00
 3.75000E+01              -8.98190E+00  -4.02779E+00  -3.98086E+00  -6.03405E+00  -5.00920E+00
 3.85000E+01              -8.95149E+00  -4.02625E+00  -3.98220E+00  -6.03145E+00  -5.03961E+00
 3.95000E+01              -8.92053E+00  -4.02476E+00  -3.98346E+00  -6.02904E+00  -5.07057E+00
 4.05000E+01              -8.88899E+00  -4.02334E+00  -3.98463E+00  -6.02683E+00  -5.10211E+00
 4.15000E+01              -8.85685E+00  -4.02197E+00  -3.98573E+00  -6.02479E+00  -5.13426E+00
 4.25000E+01              -8.82405E+00  -4.02067E+00  -3.98676E+00  -6.02290E+00  -5.16705E+00
 4.35000E+01              -8.79057E+00  -4.01942E+00  -3.98771E+00  -6.02116E+00  -5.20053E+00
 4.45000E+01              -8.75635E+00  -4.01822E+00  -3.98860E+00  -6.01955E+00  -5.23475E+00
 4.55000E+01              -8.72134E+00  -4.01709E+00  -3.98943E+00  -6.01806E+00  -5.26976E+00
 4.65000E+01              -8.68549E+00  -4.01600E+00  -3.99021E+00  -6.01668E+00  -5.30562E+00
 4.75000E+01              -8.64871E+00  -4.01497E+00  -3.99093E+00  -6.01541E+00  -5.34240E+00
 4.85000E+01              -8.61093E+00  -4.01399E+00  -3.99161E+00  -6.01423E+00  -5.38018E+00
 4.95000E+01              -8.57206E+00  -4.01306E+00  -3.99223E+00  -6.01314E+00  -5.41905E+00
 5.05000E+01              -8.53199E+00  -4.01218E+00  -3.99282E+00  -6.01213E+00  -5.45911E+00
 5.15000E+01              -8.49060E+00  -4.01135E+00  -3.99336E+00  -6.01119E+00  -5.50050E+00
 5.25000E+01              -8.44775E+00  -4.01056E+00  -3.99387E+00  -6.01033E+00  -5.54336E+00
 5.35000E+01              -8.40325E+00  -4.00982E+00  -3.99434E+00  -6.00952E+00  -5.58786E+00
 5.45000E+01              -8.35689E+00  -4.00911E+00  -3.99478E+00  -6.00877E+00  -5.63421E+00
 5.55000E+01              -8.30844E+00  -4.00845E+00  -3.99518E+00  -6.00808E+00  -5.68267E+00
 5.65000E+01              -8.25756E+00  -4.00783E+00  -3.99556E+00  -6.00744E+00  -5.73354E+00
 5.75000E+01              -8.20389E+00  -4.00725E+00  -3.99591E+00  -6.00685E+00  -5.78722E+00
 5.85000E+01              -8.14692E+00  -4.00670E+00  -3.99624E+00  -6.00630E+00  -5.84418E+00
 5.95000E+01              -8.08605E+00  -4.00618E+00  -3.99654E+00  -6.00579E+00  -5.90505E+00
 6.05000E+01              -8.02047E+00  -4.00570E+00  -3.99683E+00  -6.00531E+00  -5.97063E+00
 6.15000E+01              -7.94911E+00  -4.00525E+00  -3.99709E+00  -6.00488E+00  -6.04199E+00
 6.25000E+01              -7.87055E+00  -4.00483E+00  -3.99733E+00  -6.00447E+00  -6.12055E+00
 6.35000E+01              -7.78283E+00  -4.00444E+00  -3.99755E+00  -6.00410E+00  -6.20827E+00
 6.45000E+01              -7.68334E+00  -4.00408E+00  -3.99776E+00  -6.00375E+00  -6.30776E+00
 6.55000E+01              -7.56870E+00  -4.00375E+00  -3.99795E+00  -6.00344E+00  -6.42240E+00
 6.65000E+01              -7.43548E+00  -4.00344E+00  -3.99812E+00  -6.00315E+00  -6.55562E+00
 6.75000E+01              -7.28321E+00  -4.00317E+00  -3.99826E+00  -6.00289E+00  -6.70789E+00
 6.85000E+01              -7.12079E+00  -4.00292E+00  -3.99839E+00  -6.00267E+00  -6.87031E+00
 6.95000E+01              -6.96678E+00  -4.00271E+00  -3.99849E+00  -6.00248E+00  -7.02432E+00
 7.05000E+01              -6.83508E+00  -4.00253E+00  -3.99858E+00  -6.00231E+00  -7.15602E+00
 7.15000E+01              -6.72745E+00  -4.00237E+00  -3.99866E+00  -6.00216E+00  -7.26366E+00
 7.25000E+01              -6.63975E+00  -4.00221E+00  -3.99873E+00  -6.00202E+00  -7.35136E+00
 7.35000E+01              -6.56733E+00  -4.00207E+00  -3.99880E+00  -6.00190E+00  -7.42378E+00
 7.45000E+01              -6.50651E+00  -4.00194E+00  -3.99887E+00  -6.00178E+00  -7.48460E+00
 7.55000E+01              -6.45460E+00  -4.00182E+00  -3.99894E+00  -6.00167E+00  -7.53650E+00
 7.65000E+01              -6.40970E+00  -4.00171E+00  -3.99900E+00  -6.00156E+00  -7.58140E+00
 7.75000E+01              -6.37038E+00  -4.00160E+00  -3.99906E+00  -6.00146E+00  -7.62072E+00
 7.85000E+01              -6.33562E+00  -4.00149E+00  -3.99912E+00  -6.00137E+00  -7.65548E+00
 7.95000E+01              -6.30461E+00  -4.00140E+00  -3.99917E+00  -6.00128E+00  -7.68649E+00
 8.05000E+01              -6.27675E+00  -4.00130E+00  -3.99923E+00  -6.00119E+00  -7.71435E+00
 8.15000E+01              -6.25155E+00  -4.00121E+00  -3.99928E+00  -6.00111E+00  -7.73955E+00
 8.25000E+01              -6.22864E+00  -4.00113E+00  -3.99933E+00  -6.00103E+00  -7.76247E+00
 8.35000E+01              -6.20768E+00  -4.00105E+00  -3.99938E+00  -6.00096E+00  -7.78342E+00
 8.45000E+01              -6.18843E+00  -4.00097E+00  -3.99942E+00  -6.00089E+00  -7.80267E+00
 8.55000E+01              -6.17067E+00  -4.00089E+00  -3.99947E+00  -6.00082E+00  -7.82044E+00
 8.65000E+01              -6.15421E+00  -4.00082E+00  -3.99951E+00  -6.00075E+00  -7.83690E+00
 8.75000E+01              -6.13890E+00  -4.00075E+00  -3.99955E+00  -6.00069E+00  -7.85221E+00
 8.85000E+01              -6.12460E+00  -4.00068E+00  -3.99959E+00  -6.00063E+00  -7.86650E+00
 8.95000E+01              -6.11120E+00  -4.00062E+00  -3.99963E+00  -6.00057E+00  -7.87991E+00
 9.05000E+01              -6.09859E+00  -4.00056E+00  -3.99967E+00  -6.00051E+00  -7.89252E+00
 9.15000E+01              -6.08668E+00  -4.00049E+00  -3.99970E+00  -6.00045E+00  -7.90442E+00
 9.25000E+01              -6.07539E+00  -4.00044E+00  -3.99974E+00  -6.00040E+00  -7.91571E+00
 9.35000E+01              -6.06465E+00  -4.00038E+00  -3.99977E+00  -6.00035E+00  -7.92645E+00
 9.45000E+01              -6.05440E+00  -4.00032E+00  -3.99981E+00  -6.00030E+00  -7.93671E+00
 9.55000E+01              -6.04457E+00  -4.00027E+00  -3.99984E+00  -6.00024E+00  -7.94654E+00
 9.65000E+01              -6.03510E+00  -4.00021E+00  -3.99987E+00  -6.00019E+00  -7.95600E+00
 9.75000E+01              -6.02596E+00  -4.00016E+00  -3.99990E+00  -6.00015E+00  -7.96515E+00
 9.85000E+01              -6.01709E+00  -4.00011E+00  -3.99994E+00  -6.00010E+00  -7.97402E+00
 9.95000E+01              -6.00845E+00  -4.00005E+00  -3.99997E+00  -6.00005E+00  -7.98266E+00
