 TITLE = " Years"
 VARIABLES = "X (meters)", "pH "
 ZONE F=POINT,I=         100
 5.00000E-01               9.66807E+00
 1.50000E+00               9.44950E+00
 2.50000E+00               9.20328E+00
 3.50000E+00               8.92715E+00
 4.50000E+00               8.60697E+00
 5.50000E+00               8.19733E+00
 6.50000E+00               7.46515E+00
 7.50000E+00               6.48897E+00
 8.50000E+00               6.22285E+00
 9.50000E+00               6.11328E+00
 1.05000E+01               6.05921E+00
 1.15000E+01               6.03101E+00
 1.25000E+01               6.01610E+00
 1.35000E+01               6.00824E+00
 1.45000E+01               6.00416E+00
 1.55000E+01               6.00206E+00
 1.65000E+01               6.00101E+00
 1.75000E+01               6.00049E+00
 1.85000E+01               6.00023E+00
 1.95000E+01               6.00011E+00
 2.05000E+01               6.00005E+00
 2.15000E+01               6.00002E+00
 2.25000E+01               6.00001E+00
 2.35000E+01               6.00000E+00
 2.45000E+01               6.00000E+00
 2.55000E+01               6.00000E+00
 2.65000E+01               6.00000E+00
 2.75000E+01               6.00000E+00
 2.85000E+01               6.00000E+00
 2.95000E+01               6.00000E+00
 3.05000E+01               6.00000E+00
 3.15000E+01               6.00000E+00
 3.25000E+01               6.00000E+00
 3.35000E+01               6.00000E+00
 3.45000E+01               6.00000E+00
 3.55000E+01               6.00000E+00
 3.65000E+01               6.00000E+00
 3.75000E+01               6.00000E+00
 3.85000E+01               6.00000E+00
 3.95000E+01               6.00000E+00
 4.05000E+01               6.00000E+00
 4.15000E+01               6.00000E+00
 4.25000E+01               6.00000E+00
 4.35000E+01               6.00000E+00
 4.45000E+01               6.00000E+00
 4.55000E+01               6.00000E+00
 4.65000E+01               6.00000E+00
 4.75000E+01               6.00000E+00
 4.85000E+01               6.00000E+00
 4.95000E+01               6.00000E+00
 5.05000E+01               6.00000E+00
 5.15000E+01               6.00000E+00
 5.25000E+01               6.00000E+00
 5.35000E+01               6.00000E+00
 5.45000E+01               6.00000E+00
 5.55000E+01               6.00000E+00
 5.65000E+01               6.00000E+00
 5.75000E+01               6.00000E+00
 5.85000E+01               6.00000E+00
 5.95000E+01               6.00000E+00
 6.05000E+01               6.00000E+00
 6.15000E+01               6.00000E+00
 6.25000E+01               6.00000E+00
 6.35000E+01               6.00000E+00
 6.45000E+01               6.00000E+00
 6.55000E+01               6.00000E+00
 6.65000E+01               6.00000E+00
 6.75000E+01               6.00000E+00
 6.85000E+01               6.00000E+00
 6.95000E+01               6.00000E+00
 7.05000E+01               6.00000E+00
 7.15000E+01               6.00000E+00
 7.25000E+01               6.00000E+00
 7.35000E+01               6.00000E+00
 7.45000E+01               6.00000E+00
 7.55000E+01               6.00000E+00
 7.65000E+01               6.00000E+00
 7.75000E+01               6.00000E+00
 7.85000E+01               6.00000E+00
 7.95000E+01               6.00000E+00
 8.05000E+01               6.00000E+00
 8.15000E+01               6.00000E+00
 8.25000E+01               6.00000E+00
 8.35000E+01               6.00000E+00
 8.45000E+01               6.00000E+00
 8.55000E+01               6.00000E+00
 8.65000E+01               6.00000E+00
 8.75000E+01               6.00000E+00
 8.85000E+01               6.00000E+00
 8.95000E+01               6.00000E+00
 9.05000E+01               6.00000E+00
 9.15000E+01               6.00000E+00
 9.25000E+01               6.00000E+00
 9.35000E+01               6.00000E+00
 9.45000E+01               6.00000E+00
 9.55000E+01               6.00000E+00
 9.65000E+01               6.00000E+00
 9.75000E+01               6.00000E+00
 9.85000E+01               6.00000E+00
 9.95000E+01               6.00000E+00
