 TITLE = " Years"
 VARIABLES = "X (meters)", "pH "
 ZONE F=POINT,I=         100
 5.00000E-01               9.82997E+00
 1.50000E+00               9.81164E+00
 2.50000E+00               9.79280E+00
 3.50000E+00               9.77345E+00
 4.50000E+00               9.75360E+00
 5.50000E+00               9.73327E+00
 6.50000E+00               9.71245E+00
 7.50000E+00               9.69116E+00
 8.50000E+00               9.66940E+00
 9.50000E+00               9.64719E+00
 1.05000E+01               9.62452E+00
 1.15000E+01               9.60141E+00
 1.25000E+01               9.57785E+00
 1.35000E+01               9.55387E+00
 1.45000E+01               9.52945E+00
 1.55000E+01               9.50461E+00
 1.65000E+01               9.47935E+00
 1.75000E+01               9.45367E+00
 1.85000E+01               9.42757E+00
 1.95000E+01               9.40105E+00
 2.05000E+01               9.37411E+00
 2.15000E+01               9.34675E+00
 2.25000E+01               9.31895E+00
 2.35000E+01               9.29072E+00
 2.45000E+01               9.26204E+00
 2.55000E+01               9.23291E+00
 2.65000E+01               9.20331E+00
 2.75000E+01               9.17323E+00
 2.85000E+01               9.14265E+00
 2.95000E+01               9.11156E+00
 3.05000E+01               9.07993E+00
 3.15000E+01               9.04774E+00
 3.25000E+01               9.01497E+00
 3.35000E+01               8.98158E+00
 3.45000E+01               8.94754E+00
 3.55000E+01               8.91282E+00
 3.65000E+01               8.87737E+00
 3.75000E+01               8.84114E+00
 3.85000E+01               8.80408E+00
 3.95000E+01               8.76613E+00
 4.05000E+01               8.72721E+00
 4.15000E+01               8.68725E+00
 4.25000E+01               8.64614E+00
 4.35000E+01               8.60379E+00
 4.45000E+01               8.56006E+00
 4.55000E+01               8.51479E+00
 4.65000E+01               8.46782E+00
 4.75000E+01               8.41891E+00
 4.85000E+01               8.36781E+00
 4.95000E+01               8.31419E+00
 5.05000E+01               8.25763E+00
 5.15000E+01               8.19762E+00
 5.25000E+01               8.13349E+00
 5.35000E+01               8.06438E+00
 5.45000E+01               7.98909E+00
 5.55000E+01               7.90604E+00
 5.65000E+01               7.81299E+00
 5.75000E+01               7.70684E+00
 5.85000E+01               7.58342E+00
 5.95000E+01               7.43825E+00
 6.05000E+01               7.27068E+00
 6.15000E+01               7.09317E+00
 6.25000E+01               6.92991E+00
 6.35000E+01               6.79516E+00
 6.45000E+01               6.68778E+00
 6.55000E+01               6.60165E+00
 6.65000E+01               6.53127E+00
 6.75000E+01               6.47262E+00
 6.85000E+01               6.42294E+00
 6.95000E+01               6.38024E+00
 7.05000E+01               6.34312E+00
 7.15000E+01               6.31054E+00
 7.25000E+01               6.28171E+00
 7.35000E+01               6.25604E+00
 7.45000E+01               6.23304E+00
 7.55000E+01               6.21234E+00
 7.65000E+01               6.19362E+00
 7.75000E+01               6.17664E+00
 7.85000E+01               6.16118E+00
 7.95000E+01               6.14706E+00
 8.05000E+01               6.13413E+00
 8.15000E+01               6.12226E+00
 8.25000E+01               6.11133E+00
 8.35000E+01               6.10126E+00
 8.45000E+01               6.09194E+00
 8.55000E+01               6.08330E+00
 8.65000E+01               6.07527E+00
 8.75000E+01               6.06780E+00
 8.85000E+01               6.06081E+00
 8.95000E+01               6.05427E+00
 9.05000E+01               6.04812E+00
 9.15000E+01               6.04232E+00
 9.25000E+01               6.03683E+00
 9.35000E+01               6.03161E+00
 9.45000E+01               6.02663E+00
 9.55000E+01               6.02185E+00
 9.65000E+01               6.01725E+00
 9.75000E+01               6.01279E+00
 9.85000E+01               6.00845E+00
 9.95000E+01               6.00419E+00
