 TITLE = " Years"
 VARIABLES = "X (meters)", "pH "
 ZONE F=POINT,I=         100
 5.00000E-01               9.83182E+00
 1.50000E+00               9.81550E+00
 2.50000E+00               9.79877E+00
 3.50000E+00               9.78164E+00
 4.50000E+00               9.76410E+00
 5.50000E+00               9.74617E+00
 6.50000E+00               9.72785E+00
 7.50000E+00               9.70914E+00
 8.50000E+00               9.69006E+00
 9.50000E+00               9.67060E+00
 1.05000E+01               9.65077E+00
 1.15000E+01               9.63059E+00
 1.25000E+01               9.61004E+00
 1.35000E+01               9.58914E+00
 1.45000E+01               9.56790E+00
 1.55000E+01               9.54630E+00
 1.65000E+01               9.52437E+00
 1.75000E+01               9.50210E+00
 1.85000E+01               9.47948E+00
 1.95000E+01               9.45654E+00
 2.05000E+01               9.43325E+00
 2.15000E+01               9.40964E+00
 2.25000E+01               9.38568E+00
 2.35000E+01               9.36139E+00
 2.45000E+01               9.33675E+00
 2.55000E+01               9.31177E+00
 2.65000E+01               9.28643E+00
 2.75000E+01               9.26074E+00
 2.85000E+01               9.23468E+00
 2.95000E+01               9.20825E+00
 3.05000E+01               9.18144E+00
 3.15000E+01               9.15424E+00
 3.25000E+01               9.12662E+00
 3.35000E+01               9.09859E+00
 3.45000E+01               9.07012E+00
 3.55000E+01               9.04119E+00
 3.65000E+01               9.01180E+00
 3.75000E+01               8.98190E+00
 3.85000E+01               8.95149E+00
 3.95000E+01               8.92053E+00
 4.05000E+01               8.88899E+00
 4.15000E+01               8.85685E+00
 4.25000E+01               8.82405E+00
 4.35000E+01               8.79057E+00
 4.45000E+01               8.75635E+00
 4.55000E+01               8.72134E+00
 4.65000E+01               8.68549E+00
 4.75000E+01               8.64871E+00
 4.85000E+01               8.61093E+00
 4.95000E+01               8.57206E+00
 5.05000E+01               8.53199E+00
 5.15000E+01               8.49060E+00
 5.25000E+01               8.44775E+00
 5.35000E+01               8.40325E+00
 5.45000E+01               8.35689E+00
 5.55000E+01               8.30844E+00
 5.65000E+01               8.25756E+00
 5.75000E+01               8.20389E+00
 5.85000E+01               8.14692E+00
 5.95000E+01               8.08605E+00
 6.05000E+01               8.02047E+00
 6.15000E+01               7.94911E+00
 6.25000E+01               7.87055E+00
 6.35000E+01               7.78283E+00
 6.45000E+01               7.68334E+00
 6.55000E+01               7.56870E+00
 6.65000E+01               7.43548E+00
 6.75000E+01               7.28321E+00
 6.85000E+01               7.12079E+00
 6.95000E+01               6.96678E+00
 7.05000E+01               6.83508E+00
 7.15000E+01               6.72745E+00
 7.25000E+01               6.63975E+00
 7.35000E+01               6.56733E+00
 7.45000E+01               6.50651E+00
 7.55000E+01               6.45460E+00
 7.65000E+01               6.40970E+00
 7.75000E+01               6.37038E+00
 7.85000E+01               6.33562E+00
 7.95000E+01               6.30461E+00
 8.05000E+01               6.27675E+00
 8.15000E+01               6.25155E+00
 8.25000E+01               6.22864E+00
 8.35000E+01               6.20768E+00
 8.45000E+01               6.18843E+00
 8.55000E+01               6.17067E+00
 8.65000E+01               6.15421E+00
 8.75000E+01               6.13890E+00
 8.85000E+01               6.12460E+00
 8.95000E+01               6.11120E+00
 9.05000E+01               6.09859E+00
 9.15000E+01               6.08668E+00
 9.25000E+01               6.07539E+00
 9.35000E+01               6.06465E+00
 9.45000E+01               6.05440E+00
 9.55000E+01               6.04457E+00
 9.65000E+01               6.03510E+00
 9.75000E+01               6.02596E+00
 9.85000E+01               6.01709E+00
 9.95000E+01               6.00845E+00
