# Units: Mol/kgw
 TITLE = " Years"
VARIABLES = "X (meters)", "H+        ", "Cl-       ", "Na+       ", "NO3-      ", "
 ZONE F=POINT,I=         100
 5.00000E-01              -6.92972E-05   7.09167E-05   1.40244E-04   4.07205E-08
 1.50000E+00              -6.67416E-05   7.19179E-05   1.38737E-04   8.77647E-08
 2.50000E+00              -6.42194E-05   7.28942E-05   1.37237E-04   1.33904E-07
 3.50000E+00              -6.17349E-05   7.38450E-05   1.35749E-04   1.79013E-07
 4.50000E+00              -5.92918E-05   7.47696E-05   1.34274E-04   2.22978E-07
 5.50000E+00              -5.68935E-05   7.56677E-05   1.32817E-04   2.65699E-07
 6.50000E+00              -5.45433E-05   7.65392E-05   1.31379E-04   3.07087E-07
 7.50000E+00              -5.22439E-05   7.73842E-05   1.29965E-04   3.47070E-07
 8.50000E+00              -4.99979E-05   7.82030E-05   1.28576E-04   3.85588E-07
 9.50000E+00              -4.78073E-05   7.89962E-05   1.27216E-04   4.22593E-07
 1.05000E+01              -4.56740E-05   7.97642E-05   1.25886E-04   4.58053E-07
 1.15000E+01              -4.35995E-05   8.05078E-05   1.24589E-04   4.91945E-07
 1.25000E+01              -4.15849E-05   8.12279E-05   1.23327E-04   5.24261E-07
 1.35000E+01              -3.96312E-05   8.19253E-05   1.22101E-04   5.55001E-07
 1.45000E+01              -3.77389E-05   8.26009E-05   1.20914E-04   5.84177E-07
 1.55000E+01              -3.59085E-05   8.32558E-05   1.19766E-04   6.11810E-07
 1.65000E+01              -3.41399E-05   8.38908E-05   1.18658E-04   6.37927E-07
 1.75000E+01              -3.24330E-05   8.45069E-05   1.17592E-04   6.62564E-07
 1.85000E+01              -3.07876E-05   8.51050E-05   1.16568E-04   6.85763E-07
 1.95000E+01              -2.92031E-05   8.56860E-05   1.15586E-04   7.07569E-07
 2.05000E+01              -2.76787E-05   8.62507E-05   1.14647E-04   7.28034E-07
 2.15000E+01              -2.62135E-05   8.67998E-05   1.13750E-04   7.47211E-07
 2.25000E+01              -2.48067E-05   8.73339E-05   1.12896E-04   7.65156E-07
 2.35000E+01              -2.34571E-05   8.78538E-05   1.12083E-04   7.81927E-07
 2.45000E+01              -2.21634E-05   8.83599E-05   1.11311E-04   7.97581E-07
 2.55000E+01              -2.09243E-05   8.88526E-05   1.10579E-04   8.12178E-07
 2.65000E+01              -1.97386E-05   8.93324E-05   1.09887E-04   8.25776E-07
 2.75000E+01              -1.86047E-05   8.97994E-05   1.09232E-04   8.38431E-07
 2.85000E+01              -1.75213E-05   9.02540E-05   1.08615E-04   8.50201E-07
 2.95000E+01              -1.64867E-05   9.06964E-05   1.08034E-04   8.61139E-07
 3.05000E+01              -1.54996E-05   9.11265E-05   1.07487E-04   8.71299E-07
 3.15000E+01              -1.45583E-05   9.15447E-05   1.06974E-04   8.80731E-07
 3.25000E+01              -1.36614E-05   9.19508E-05   1.06491E-04   8.89483E-07
 3.35000E+01              -1.28073E-05   9.23449E-05   1.06040E-04   8.97603E-07
 3.45000E+01              -1.19946E-05   9.27271E-05   1.05617E-04   9.05133E-07
 3.55000E+01              -1.12216E-05   9.30972E-05   1.05221E-04   9.12115E-07
 3.65000E+01              -1.04870E-05   9.34554E-05   1.04851E-04   9.18588E-07
 3.75000E+01              -9.78932E-06   9.38016E-05   1.04505E-04   9.24589E-07
 3.85000E+01              -9.12710E-06   9.41358E-05   1.04183E-04   9.30153E-07
 3.95000E+01              -8.49894E-06   9.44579E-05   1.03882E-04   9.35310E-07
 4.05000E+01              -7.90350E-06   9.47681E-05   1.03602E-04   9.40091E-07
 4.15000E+01              -7.33943E-06   9.50664E-05   1.03340E-04   9.44525E-07
 4.25000E+01              -6.80543E-06   9.53529E-05   1.03097E-04   9.48636E-07
 4.35000E+01              -6.30024E-06   9.56275E-05   1.02870E-04   9.52449E-07
 4.45000E+01              -5.82263E-06   9.58906E-05   1.02659E-04   9.55986E-07
 4.55000E+01              -5.37140E-06   9.61421E-05   1.02463E-04   9.59267E-07
 4.65000E+01              -4.94539E-06   9.63823E-05   1.02280E-04   9.62312E-07
 4.75000E+01              -4.54347E-06   9.66114E-05   1.02110E-04   9.65138E-07
 4.85000E+01              -4.16456E-06   9.68296E-05   1.01952E-04   9.67761E-07
 4.95000E+01              -3.80758E-06   9.70370E-05   1.01805E-04   9.70196E-07
 5.05000E+01              -3.47153E-06   9.72340E-05   1.01668E-04   9.72456E-07
 5.15000E+01              -3.15540E-06   9.74208E-05   1.01541E-04   9.74556E-07
 5.25000E+01              -2.85825E-06   9.75978E-05   1.01422E-04   9.76506E-07
 5.35000E+01              -2.57915E-06   9.77652E-05   1.01312E-04   9.78316E-07
 5.45000E+01              -2.31722E-06   9.79233E-05   1.01210E-04   9.79998E-07
 5.55000E+01              -2.07159E-06   9.80724E-05   1.01115E-04   9.81559E-07
 5.65000E+01              -1.84144E-06   9.82130E-05   1.01027E-04   9.83009E-07
 5.75000E+01              -1.62598E-06   9.83452E-05   1.00945E-04   9.84355E-07
 5.85000E+01              -1.42447E-06   9.84694E-05   1.00869E-04   9.85605E-07
 5.95000E+01              -1.23617E-06   9.85860E-05   1.00799E-04   9.86764E-07
 6.05000E+01              -1.06043E-06   9.86953E-05   1.00733E-04   9.87839E-07
 6.15000E+01              -8.96603E-07   9.87975E-05   1.00673E-04   9.88836E-07
 6.25000E+01              -7.44140E-07   9.88930E-05   1.00617E-04   9.89759E-07
 6.35000E+01              -6.02571E-07   9.89820E-05   1.00565E-04   9.90612E-07
 6.45000E+01              -4.71578E-07   9.90646E-05   1.00517E-04   9.91399E-07
 6.55000E+01              -3.51102E-07   9.91409E-05   1.00474E-04   9.92121E-07
 6.65000E+01              -2.41528E-07   9.92107E-05   1.00435E-04   9.92777E-07
 6.75000E+01              -1.43841E-07   9.92735E-05   1.00401E-04   9.93363E-07
 6.85000E+01              -5.90798E-08   9.93288E-05   1.00372E-04   9.93875E-07
 6.95000E+01               1.33966E-08   9.93769E-05   1.00348E-04   9.94316E-07
 7.05000E+01               7.63728E-08   9.94190E-05   1.00327E-04   9.94699E-07
 7.15000E+01               1.32815E-07   9.94568E-05   1.00309E-04   9.95042E-07
 7.25000E+01               1.84691E-07   9.94914E-05   1.00292E-04   9.95355E-07
 7.35000E+01               2.33126E-07   9.95234E-05   1.00276E-04   9.95645E-07
 7.45000E+01               2.78762E-07   9.95532E-05   1.00260E-04   9.95915E-07
 7.55000E+01               3.21998E-07   9.95813E-05   1.00245E-04   9.96169E-07
 7.65000E+01               3.63098E-07   9.96078E-05   1.00231E-04   9.96410E-07
 7.75000E+01               4.02254E-07   9.96328E-05   1.00217E-04   9.96637E-07
 7.85000E+01               4.39616E-07   9.96566E-05   1.00204E-04   9.96853E-07
 7.95000E+01               4.75310E-07   9.96792E-05   1.00191E-04   9.97059E-07
 8.05000E+01               5.09444E-07   9.97007E-05   1.00178E-04   9.97255E-07
 8.15000E+01               5.42116E-07   9.97212E-05   1.00166E-04   9.97442E-07
 8.25000E+01               5.73416E-07   9.97409E-05   1.00155E-04   9.97622E-07
 8.35000E+01               6.03430E-07   9.97596E-05   1.00144E-04   9.97793E-07
 8.45000E+01               6.32240E-07   9.97776E-05   1.00133E-04   9.97958E-07
 8.55000E+01               6.59925E-07   9.97949E-05   1.00123E-04   9.98116E-07
 8.65000E+01               6.86562E-07   9.98115E-05   1.00113E-04   9.98268E-07
 8.75000E+01               7.12225E-07   9.98275E-05   1.00103E-04   9.98415E-07
 8.85000E+01               7.36989E-07   9.98429E-05   1.00094E-04   9.98556E-07
 8.95000E+01               7.60926E-07   9.98578E-05   1.00085E-04   9.98693E-07
 9.05000E+01               7.84109E-07   9.98722E-05   1.00077E-04   9.98825E-07
 9.15000E+01               8.06607E-07   9.98862E-05   1.00068E-04   9.98954E-07
 9.25000E+01               8.28493E-07   9.98998E-05   1.00060E-04   9.99079E-07
 9.35000E+01               8.49834E-07   9.99130E-05   1.00052E-04   9.99201E-07
 9.45000E+01               8.70701E-07   9.99260E-05   1.00044E-04   9.99320E-07
 9.55000E+01               8.91164E-07   9.99387E-05   1.00037E-04   9.99437E-07
 9.65000E+01               9.11289E-07   9.99512E-05   1.00029E-04   9.99552E-07
 9.75000E+01               9.31147E-07   9.99636E-05   1.00022E-04   9.99665E-07
 9.85000E+01               9.50804E-07   9.99758E-05   1.00015E-04   9.99777E-07
 9.95000E+01               9.70330E-07   9.99879E-05   1.00007E-04   9.99889E-07
