# Units: Mol/kgw
 TITLE = " Years"
VARIABLES = "X (meters)", "H+        ", "Cl-       ", "Na+       ", "NO3-      ", "
 ZONE F=POINT,I=         100
 5.00000E-01              -6.90022E-05   7.09824E-05   1.40020E-04   4.54880E-08
 1.50000E+00              -6.61504E-05   7.20979E-05   1.38336E-04   9.79407E-08
 2.50000E+00              -6.33418E-05   7.31822E-05   1.36663E-04   1.49227E-07
 3.50000E+00              -6.05820E-05   7.42345E-05   1.35005E-04   1.99174E-07
 4.50000E+00              -5.78761E-05   7.52539E-05   1.33367E-04   2.47632E-07
 5.50000E+00              -5.52287E-05   7.62403E-05   1.31753E-04   2.94469E-07
 6.50000E+00              -5.26439E-05   7.71937E-05   1.30167E-04   3.39575E-07
 7.50000E+00              -5.01253E-05   7.81143E-05   1.28612E-04   3.82862E-07
 8.50000E+00              -4.76760E-05   7.90029E-05   1.27093E-04   4.24262E-07
 9.50000E+00              -4.52984E-05   7.98602E-05   1.25612E-04   4.63728E-07
 1.05000E+01              -4.29946E-05   8.06873E-05   1.24173E-04   5.01231E-07
 1.15000E+01              -4.07662E-05   8.14853E-05   1.22778E-04   5.36763E-07
 1.25000E+01              -3.86142E-05   8.22554E-05   1.21430E-04   5.70330E-07
 1.35000E+01              -3.65394E-05   8.29990E-05   1.20130E-04   6.01953E-07
 1.45000E+01              -3.45419E-05   8.37173E-05   1.18881E-04   6.31668E-07
 1.55000E+01              -3.26217E-05   8.44118E-05   1.17683E-04   6.59521E-07
 1.65000E+01              -3.07784E-05   8.50836E-05   1.16537E-04   6.85569E-07
 1.75000E+01              -2.90111E-05   8.57339E-05   1.15445E-04   7.09876E-07
 1.85000E+01              -2.73190E-05   8.63639E-05   1.14405E-04   7.32514E-07
 1.95000E+01              -2.57007E-05   8.69746E-05   1.13419E-04   7.53556E-07
 2.05000E+01              -2.41547E-05   8.75668E-05   1.12484E-04   7.73083E-07
 2.15000E+01              -2.26796E-05   8.81414E-05   1.11602E-04   7.91176E-07
 2.25000E+01              -2.12734E-05   8.86989E-05   1.10770E-04   8.07916E-07
 2.35000E+01              -1.99344E-05   8.92400E-05   1.09988E-04   8.23385E-07
 2.45000E+01              -1.86605E-05   8.97651E-05   1.09253E-04   8.37662E-07
 2.55000E+01              -1.74497E-05   9.02745E-05   1.08565E-04   8.50828E-07
 2.65000E+01              -1.62999E-05   9.07685E-05   1.07921E-04   8.62958E-07
 2.75000E+01              -1.52091E-05   9.12472E-05   1.07320E-04   8.74126E-07
 2.85000E+01              -1.41750E-05   9.17107E-05   1.06760E-04   8.84401E-07
 2.95000E+01              -1.31955E-05   9.21591E-05   1.06238E-04   8.93851E-07
 3.05000E+01              -1.22686E-05   9.25925E-05   1.05753E-04   9.02538E-07
 3.15000E+01              -1.13921E-05   9.30108E-05   1.05303E-04   9.10522E-07
 3.25000E+01              -1.05639E-05   9.34141E-05   1.04886E-04   9.17858E-07
 3.35000E+01              -9.78206E-06   9.38022E-05   1.04499E-04   9.24599E-07
 3.45000E+01              -9.04453E-06   9.41753E-05   1.04140E-04   9.30791E-07
 3.55000E+01              -8.34937E-06   9.45333E-05   1.03809E-04   9.36481E-07
 3.65000E+01              -7.69468E-06   9.48763E-05   1.03502E-04   9.41709E-07
 3.75000E+01              -7.07861E-06   9.52044E-05   1.03219E-04   9.46513E-07
 3.85000E+01              -6.49938E-06   9.55176E-05   1.02958E-04   9.50929E-07
 3.95000E+01              -5.95523E-06   9.58163E-05   1.02716E-04   9.54988E-07
 4.05000E+01              -5.44448E-06   9.61004E-05   1.02493E-04   9.58720E-07
 4.15000E+01              -4.96550E-06   9.63703E-05   1.02288E-04   9.62153E-07
 4.25000E+01              -4.51671E-06   9.66262E-05   1.02098E-04   9.65310E-07
 4.35000E+01              -4.09658E-06   9.68685E-05   1.01923E-04   9.68215E-07
 4.45000E+01              -3.70366E-06   9.70974E-05   1.01762E-04   9.70888E-07
 4.55000E+01              -3.33651E-06   9.73134E-05   1.01613E-04   9.73348E-07
 4.65000E+01              -2.99379E-06   9.75167E-05   1.01476E-04   9.75612E-07
 4.75000E+01              -2.67418E-06   9.77079E-05   1.01350E-04   9.77696E-07
 4.85000E+01              -2.37643E-06   9.78873E-05   1.01233E-04   9.79615E-07
 4.95000E+01              -2.09933E-06   9.80555E-05   1.01126E-04   9.81380E-07
 5.05000E+01              -1.84172E-06   9.82127E-05   1.01027E-04   9.83005E-07
 5.15000E+01              -1.60251E-06   9.83596E-05   1.00936E-04   9.84499E-07
 5.25000E+01              -1.38065E-06   9.84965E-05   1.00853E-04   9.85874E-07
 5.35000E+01              -1.17517E-06   9.86239E-05   1.00776E-04   9.87137E-07
 5.45000E+01              -9.85132E-07   9.87423E-05   1.00706E-04   9.88298E-07
 5.55000E+01              -8.09715E-07   9.88520E-05   1.00641E-04   9.89363E-07
 5.65000E+01              -6.48197E-07   9.89534E-05   1.00582E-04   9.90339E-07
 5.75000E+01              -5.00043E-07   9.90468E-05   1.00528E-04   9.91230E-07
 5.85000E+01              -3.65036E-07   9.91323E-05   1.00479E-04   9.92039E-07
 5.95000E+01              -2.43542E-07   9.92097E-05   1.00436E-04   9.92767E-07
 6.05000E+01              -1.36742E-07   9.92785E-05   1.00398E-04   9.93409E-07
 6.15000E+01              -4.58030E-08   9.93380E-05   1.00368E-04   9.93958E-07
 6.25000E+01               3.06570E-08   9.93888E-05   1.00342E-04   9.94424E-07
 6.35000E+01               9.65794E-08   9.94330E-05   1.00321E-04   9.94826E-07
 6.45000E+01               1.55485E-07   9.94724E-05   1.00302E-04   9.95182E-07
 6.55000E+01               2.09446E-07   9.95082E-05   1.00284E-04   9.95506E-07
 6.65000E+01               2.59575E-07   9.95411E-05   1.00267E-04   9.95804E-07
 6.75000E+01               3.06497E-07   9.95716E-05   1.00251E-04   9.96080E-07
 6.85000E+01               3.50599E-07   9.96001E-05   1.00236E-04   9.96338E-07
 6.95000E+01               3.92143E-07   9.96267E-05   1.00221E-04   9.96580E-07
 7.05000E+01               4.31327E-07   9.96516E-05   1.00207E-04   9.96806E-07
 7.15000E+01               4.68306E-07   9.96750E-05   1.00193E-04   9.97019E-07
 7.25000E+01               5.03214E-07   9.96969E-05   1.00181E-04   9.97220E-07
 7.35000E+01               5.36170E-07   9.97176E-05   1.00169E-04   9.97408E-07
 7.45000E+01               5.67279E-07   9.97371E-05   1.00157E-04   9.97587E-07
 7.55000E+01               5.96642E-07   9.97554E-05   1.00146E-04   9.97754E-07
 7.65000E+01               6.24352E-07   9.97727E-05   1.00136E-04   9.97913E-07
 7.75000E+01               6.50498E-07   9.97890E-05   1.00126E-04   9.98062E-07
 7.85000E+01               6.75167E-07   9.98044E-05   1.00117E-04   9.98203E-07
 7.95000E+01               6.98441E-07   9.98189E-05   1.00109E-04   9.98336E-07
 8.05000E+01               7.20399E-07   9.98325E-05   1.00100E-04   9.98461E-07
 8.15000E+01               7.41120E-07   9.98454E-05   1.00093E-04   9.98579E-07
 8.25000E+01               7.60679E-07   9.98575E-05   1.00085E-04   9.98691E-07
 8.35000E+01               7.79149E-07   9.98690E-05   1.00078E-04   9.98796E-07
 8.45000E+01               7.96600E-07   9.98799E-05   1.00072E-04   9.98896E-07
 8.55000E+01               8.13104E-07   9.98901E-05   1.00066E-04   9.98990E-07
 8.65000E+01               8.28727E-07   9.98998E-05   1.00060E-04   9.99079E-07
 8.75000E+01               8.43537E-07   9.99090E-05   1.00054E-04   9.99164E-07
 8.85000E+01               8.57596E-07   9.99178E-05   1.00049E-04   9.99244E-07
 8.95000E+01               8.70970E-07   9.99261E-05   1.00044E-04   9.99321E-07
 9.05000E+01               8.83719E-07   9.99340E-05   1.00039E-04   9.99394E-07
 9.15000E+01               8.95905E-07   9.99416E-05   1.00035E-04   9.99463E-07
 9.25000E+01               9.07588E-07   9.99489E-05   1.00031E-04   9.99530E-07
 9.35000E+01               9.18825E-07   9.99559E-05   1.00026E-04   9.99594E-07
 9.45000E+01               9.29676E-07   9.99626E-05   1.00022E-04   9.99656E-07
 9.55000E+01               9.40196E-07   9.99692E-05   1.00018E-04   9.99716E-07
 9.65000E+01               9.50442E-07   9.99755E-05   1.00015E-04   9.99775E-07
 9.75000E+01               9.60469E-07   9.99818E-05   1.00011E-04   9.99832E-07
 9.85000E+01               9.70334E-07   9.99879E-05   1.00007E-04   9.99889E-07
 9.95000E+01               9.80090E-07   9.99940E-05   1.00004E-04   9.99945E-07
