# Units: Mol/kgw
 TITLE = " Years"
VARIABLES = "X (meters)", "H+        ", "Cl-       ", "Na+       ", "NO3-      ", "
 ZONE F=POINT,I=         100
 5.00000E-01              -4.75299E-05   7.62707E-05   1.24184E-04   3.93442E-07
 1.50000E+00              -2.87334E-05   8.45662E-05   1.13983E-04   6.93870E-07
 2.50000E+00              -1.62991E-05   9.04179E-05   1.07558E-04   8.51597E-07
 3.50000E+00              -8.62953E-06   9.43648E-05   1.03913E-04   9.28445E-07
 4.50000E+00              -4.12678E-06   9.68804E-05   1.01963E-04   9.65518E-07
 5.50000E+00              -1.60144E-06   9.83781E-05   1.00953E-04   9.83583E-07
 6.50000E+00              -2.63618E-07   9.92037E-05   1.00449E-04   9.92351E-07
 7.50000E+00               2.92891E-07   9.95617E-05   1.00255E-04   9.95899E-07
 8.50000E+00               5.81568E-07   9.97454E-05   1.00151E-04   9.97642E-07
 9.50000E+00               7.57163E-07   9.98552E-05   1.00087E-04   9.98665E-07
 1.05000E+01               8.60853E-07   9.99198E-05   1.00048E-04   9.99262E-07
 1.15000E+01               9.20127E-07   9.99567E-05   1.00026E-04   9.99601E-07
 1.25000E+01               9.53020E-07   9.99771E-05   1.00014E-04   9.99790E-07
 1.35000E+01               9.70792E-07   9.99882E-05   1.00007E-04   9.99891E-07
 1.45000E+01               9.80165E-07   9.99940E-05   1.00004E-04   9.99945E-07
 1.55000E+01               9.85001E-07   9.99970E-05   1.00002E-04   9.99973E-07
 1.65000E+01               9.87447E-07   9.99985E-05   1.00001E-04   9.99987E-07
 1.75000E+01               9.88662E-07   9.99993E-05   1.00000E-04   9.99994E-07
 1.85000E+01               9.89256E-07   9.99997E-05   1.00000E-04   9.99997E-07
 1.95000E+01               9.89541E-07   9.99998E-05   1.00000E-04   9.99999E-07
 2.05000E+01               9.89676E-07   9.99999E-05   1.00000E-04   9.99999E-07
 2.15000E+01               9.89740E-07   1.00000E-04   1.00000E-04   1.00000E-06
 2.25000E+01               9.89769E-07   1.00000E-04   1.00000E-04   1.00000E-06
 2.35000E+01               9.89782E-07   1.00000E-04   1.00000E-04   1.00000E-06
 2.45000E+01               9.89788E-07   1.00000E-04   1.00000E-04   1.00000E-06
 2.55000E+01               9.89791E-07   1.00000E-04   1.00000E-04   1.00000E-06
 2.65000E+01               9.89792E-07   1.00000E-04   1.00000E-04   1.00000E-06
 2.75000E+01               9.89793E-07   1.00000E-04   1.00000E-04   1.00000E-06
 2.85000E+01               9.89793E-07   1.00000E-04   1.00000E-04   1.00000E-06
 2.95000E+01               9.89793E-07   1.00000E-04   1.00000E-04   1.00000E-06
 3.05000E+01               9.89793E-07   1.00000E-04   1.00000E-04   1.00000E-06
 3.15000E+01               9.89793E-07   1.00000E-04   1.00000E-04   1.00000E-06
 3.25000E+01               9.89793E-07   1.00000E-04   1.00000E-04   1.00000E-06
 3.35000E+01               9.89793E-07   1.00000E-04   1.00000E-04   1.00000E-06
 3.45000E+01               9.89793E-07   1.00000E-04   1.00000E-04   1.00000E-06
 3.55000E+01               9.89793E-07   1.00000E-04   1.00000E-04   1.00000E-06
 3.65000E+01               9.89793E-07   1.00000E-04   1.00000E-04   1.00000E-06
 3.75000E+01               9.89793E-07   1.00000E-04   1.00000E-04   1.00000E-06
 3.85000E+01               9.89793E-07   1.00000E-04   1.00000E-04   1.00000E-06
 3.95000E+01               9.89793E-07   1.00000E-04   1.00000E-04   1.00000E-06
 4.05000E+01               9.89793E-07   1.00000E-04   1.00000E-04   1.00000E-06
 4.15000E+01               9.89793E-07   1.00000E-04   1.00000E-04   1.00000E-06
 4.25000E+01               9.89793E-07   1.00000E-04   1.00000E-04   1.00000E-06
 4.35000E+01               9.89793E-07   1.00000E-04   1.00000E-04   1.00000E-06
 4.45000E+01               9.89793E-07   1.00000E-04   1.00000E-04   1.00000E-06
 4.55000E+01               9.89793E-07   1.00000E-04   1.00000E-04   1.00000E-06
 4.65000E+01               9.89793E-07   1.00000E-04   1.00000E-04   1.00000E-06
 4.75000E+01               9.89793E-07   1.00000E-04   1.00000E-04   1.00000E-06
 4.85000E+01               9.89793E-07   1.00000E-04   1.00000E-04   1.00000E-06
 4.95000E+01               9.89793E-07   1.00000E-04   1.00000E-04   1.00000E-06
 5.05000E+01               9.89793E-07   1.00000E-04   1.00000E-04   1.00000E-06
 5.15000E+01               9.89793E-07   1.00000E-04   1.00000E-04   1.00000E-06
 5.25000E+01               9.89793E-07   1.00000E-04   1.00000E-04   1.00000E-06
 5.35000E+01               9.89793E-07   1.00000E-04   1.00000E-04   1.00000E-06
 5.45000E+01               9.89793E-07   1.00000E-04   1.00000E-04   1.00000E-06
 5.55000E+01               9.89793E-07   1.00000E-04   1.00000E-04   1.00000E-06
 5.65000E+01               9.89793E-07   1.00000E-04   1.00000E-04   1.00000E-06
 5.75000E+01               9.89793E-07   1.00000E-04   1.00000E-04   1.00000E-06
 5.85000E+01               9.89793E-07   1.00000E-04   1.00000E-04   1.00000E-06
 5.95000E+01               9.89793E-07   1.00000E-04   1.00000E-04   1.00000E-06
 6.05000E+01               9.89793E-07   1.00000E-04   1.00000E-04   1.00000E-06
 6.15000E+01               9.89793E-07   1.00000E-04   1.00000E-04   1.00000E-06
 6.25000E+01               9.89793E-07   1.00000E-04   1.00000E-04   1.00000E-06
 6.35000E+01               9.89793E-07   1.00000E-04   1.00000E-04   1.00000E-06
 6.45000E+01               9.89793E-07   1.00000E-04   1.00000E-04   1.00000E-06
 6.55000E+01               9.89793E-07   1.00000E-04   1.00000E-04   1.00000E-06
 6.65000E+01               9.89793E-07   1.00000E-04   1.00000E-04   1.00000E-06
 6.75000E+01               9.89793E-07   1.00000E-04   1.00000E-04   1.00000E-06
 6.85000E+01               9.89793E-07   1.00000E-04   1.00000E-04   1.00000E-06
 6.95000E+01               9.89793E-07   1.00000E-04   1.00000E-04   1.00000E-06
 7.05000E+01               9.89793E-07   1.00000E-04   1.00000E-04   1.00000E-06
 7.15000E+01               9.89793E-07   1.00000E-04   1.00000E-04   1.00000E-06
 7.25000E+01               9.89793E-07   1.00000E-04   1.00000E-04   1.00000E-06
 7.35000E+01               9.89793E-07   1.00000E-04   1.00000E-04   1.00000E-06
 7.45000E+01               9.89793E-07   1.00000E-04   1.00000E-04   1.00000E-06
 7.55000E+01               9.89793E-07   1.00000E-04   1.00000E-04   1.00000E-06
 7.65000E+01               9.89793E-07   1.00000E-04   1.00000E-04   1.00000E-06
 7.75000E+01               9.89793E-07   1.00000E-04   1.00000E-04   1.00000E-06
 7.85000E+01               9.89793E-07   1.00000E-04   1.00000E-04   1.00000E-06
 7.95000E+01               9.89793E-07   1.00000E-04   1.00000E-04   1.00000E-06
 8.05000E+01               9.89793E-07   1.00000E-04   1.00000E-04   1.00000E-06
 8.15000E+01               9.89793E-07   1.00000E-04   1.00000E-04   1.00000E-06
 8.25000E+01               9.89793E-07   1.00000E-04   1.00000E-04   1.00000E-06
 8.35000E+01               9.89793E-07   1.00000E-04   1.00000E-04   1.00000E-06
 8.45000E+01               9.89793E-07   1.00000E-04   1.00000E-04   1.00000E-06
 8.55000E+01               9.89793E-07   1.00000E-04   1.00000E-04   1.00000E-06
 8.65000E+01               9.89793E-07   1.00000E-04   1.00000E-04   1.00000E-06
 8.75000E+01               9.89793E-07   1.00000E-04   1.00000E-04   1.00000E-06
 8.85000E+01               9.89793E-07   1.00000E-04   1.00000E-04   1.00000E-06
 8.95000E+01               9.89793E-07   1.00000E-04   1.00000E-04   1.00000E-06
 9.05000E+01               9.89793E-07   1.00000E-04   1.00000E-04   1.00000E-06
 9.15000E+01               9.89793E-07   1.00000E-04   1.00000E-04   1.00000E-06
 9.25000E+01               9.89793E-07   1.00000E-04   1.00000E-04   1.00000E-06
 9.35000E+01               9.89793E-07   1.00000E-04   1.00000E-04   1.00000E-06
 9.45000E+01               9.89793E-07   1.00000E-04   1.00000E-04   1.00000E-06
 9.55000E+01               9.89793E-07   1.00000E-04   1.00000E-04   1.00000E-06
 9.65000E+01               9.89793E-07   1.00000E-04   1.00000E-04   1.00000E-06
 9.75000E+01               9.89793E-07   1.00000E-04   1.00000E-04   1.00000E-06
 9.85000E+01               9.89793E-07   1.00000E-04   1.00000E-04   1.00000E-06
 9.95000E+01               9.89793E-07   1.00000E-04   1.00000E-04   1.00000E-06
