# Units: Mol/m^3 porous medium
 TITLE = " Years"
VARIABLES = "X (meters)", "NaX       ", "NaY       ", "KX        ", "KY        ", "CaX2      ", "CaY2      ", "MgX2      ", "MgY2      ", "ZnX2      ", "ZnY2      ", "PbX2      ", "PbY2      ", "
 ZONE F=POINT,I=         101
 4.00000E-02               1.04529E-08   6.89431E-10   5.20380E-08   7.68379E-09   1.89219E+00   1.86087E-01   1.17735E-07   9.19729E-09   1.83804E+00   1.80763E-01   2.45446E+00   3.20338E-01
 1.60000E-01               1.04529E-08   6.89431E-10   5.20380E-08   7.68379E-09   1.89219E+00   1.86087E-01   1.17951E-07   9.21410E-09   1.83804E+00   1.80763E-01   2.45445E+00   3.20337E-01
 3.20000E-01               1.04529E-08   6.89431E-10   5.20380E-08   7.68380E-09   1.89220E+00   1.86089E-01   1.23610E-07   9.65620E-09   1.83806E+00   1.80764E-01   2.45443E+00   3.20335E-01
 4.80000E-01               1.04529E-08   6.89437E-10   5.20383E-08   7.68387E-09   1.89229E+00   1.86099E-01   1.99381E-07   1.55754E-08   1.83813E+00   1.80773E-01   2.45427E+00   3.20316E-01
 6.40000E-01               1.04531E-08   6.89463E-10   5.20396E-08   7.68421E-09   1.89269E+00   1.86145E-01   8.89649E-07   6.95010E-08   1.83850E+00   1.80816E-01   2.45350E+00   3.20227E-01
 8.00000E-01               1.04539E-08   6.89556E-10   5.20444E-08   7.68540E-09   1.89409E+00   1.86307E-01   5.71967E-06   4.46888E-07   1.83982E+00   1.80969E-01   2.45076E+00   3.19911E-01
 9.60000E-01               1.04560E-08   6.89825E-10   5.20582E-08   7.68886E-09   1.89808E+00   1.86768E-01   3.35174E-05   2.61974E-06   1.84367E+00   1.81414E-01   2.44291E+00   3.19003E-01
 1.12000E+00               1.04613E-08   6.90483E-10   5.20922E-08   7.69733E-09   1.90757E+00   1.87871E-01   1.71117E-04   1.33867E-05   1.85312E+00   1.82508E-01   2.42382E+00   3.16795E-01
 1.28000E+00               1.04726E-08   6.91886E-10   5.21667E-08   7.71569E-09   1.92703E+00   1.90149E-01   7.75610E-04   6.07924E-05   1.87330E+00   1.84848E-01   2.38358E+00   3.12130E-01
 1.44000E+00               1.04943E-08   6.94576E-10   5.23214E-08   7.75254E-09   1.96176E+00   1.94275E-01   3.18487E-03   2.50532E-04   1.91128E+00   1.89277E-01   2.30846E+00   3.03385E-01
 1.60000E+00               1.05336E-08   6.99341E-10   5.26708E-08   7.82858E-09   2.01551E+00   2.00842E-01   1.20195E-02   9.51380E-04   1.97447E+00   1.96753E-01   2.18268E+00   2.88642E-01
 1.76000E+00               1.06026E-08   7.07450E-10   5.37332E-08   8.02650E-09   2.08510E+00   2.09863E-01   4.19998E-02   3.35781E-03   2.06575E+00   2.07916E-01   1.99184E+00   2.66050E-01
 1.92000E+00               1.07280E-08   7.21426E-10   5.83708E-08   8.78759E-09   2.14972E+00   2.19772E-01   1.35688E-01   1.10187E-02   2.17192E+00   2.22042E-01   1.72736E+00   2.34355E-01
 2.08000E+00               1.09678E-08   7.46732E-10   8.25950E-08   1.25892E-08   2.15349E+00   2.25671E-01   3.98957E-01   3.32093E-02   2.24140E+00   2.34884E-01   1.39084E+00   1.93424E-01
 2.24000E+00               1.14159E-08   7.92876E-10   2.08534E-07   3.24244E-08   1.99464E+00   2.17520E-01   1.02612E+00   8.88860E-02   2.16170E+00   2.35739E-01   1.00222E+00   1.45043E-01
 2.40000E+00               1.21111E-08   8.66294E-10   7.84910E-07   1.25690E-07   1.58796E+00   1.83672E-01   2.16690E+00   1.99088E-01   1.81186E+00   2.09571E-01   6.17964E-01   9.48568E-02
 2.56000E+00               1.28811E-08   9.53004E-10   2.92666E-06   4.84748E-07   1.02490E+00   1.26826E-01   3.58597E+00   3.52481E-01   1.24952E+00   1.54622E-01   3.24304E-01   5.32575E-02
 2.72000E+00               1.34668E-08   1.02389E-09   9.30572E-06   1.58394E-06   5.40295E-01   7.06073E-02   4.75963E+00   4.94074E-01   7.23711E-01   9.45765E-02   1.61042E-01   2.79292E-02
 2.88000E+00               1.37986E-08   1.06615E-09   2.52531E-05   4.36816E-06   2.46968E-01   3.33311E-02   5.46033E+00   5.85367E-01   3.85401E-01   5.20142E-02   9.19733E-02   1.64729E-02
 3.04000E+00               1.39557E-08   1.08668E-09   6.05442E-05   1.05541E-05   1.03787E-01   1.42262E-02   5.80210E+00   6.31726E-01   2.11426E-01   2.89803E-02   6.73400E-02   1.22494E-02
 3.20000E+00               1.40235E-08   1.09561E-09   1.32066E-04   2.30990E-05   4.15293E-02   5.73063E-03   5.95175E+00   6.52368E-01   1.32075E-01   1.82251E-02   5.92621E-02   1.08524E-02
 3.36000E+00               1.40514E-08   1.09929E-09   2.67249E-04   4.68068E-05   1.60951E-02   2.22701E-03   6.01360E+00   6.60944E-01   9.81576E-02   1.35817E-02   5.67015E-02   1.04118E-02
 3.52000E+00               1.40627E-08   1.10077E-09   5.07991E-04   8.90187E-05   6.10027E-03   8.44971E-04   6.03820E+00   6.64355E-01   8.42360E-02   1.16678E-02   5.58977E-02   1.02751E-02
 3.68000E+00               1.40676E-08   1.10136E-09   9.14564E-04   1.60297E-04   2.28816E-03   3.17067E-04   6.04760E+00   6.65653E-01   7.86966E-02   1.09049E-02   5.56450E-02   1.02327E-02
 3.84000E+00               1.40701E-08   1.10163E-09   1.56868E-03   2.74961E-04   8.72997E-04   1.20985E-04   6.05091E+00   6.66101E-01   7.65524E-02   1.06091E-02   5.55648E-02   1.02192E-02
 4.00000E+00               1.40722E-08   1.10180E-09   2.57468E-03   4.51298E-04   3.61472E-04   5.00954E-05   6.05176E+00   6.66200E-01   7.57434E-02   1.04971E-02   5.55383E-02   1.02145E-02
 4.16000E+00               1.40745E-08   1.10196E-09   4.05780E-03   7.11247E-04   1.81514E-04   2.51543E-05   6.05150E+00   6.66140E-01   7.54440E-02   1.04551E-02   5.55285E-02   1.02122E-02
 4.32000E+00               1.40777E-08   1.10215E-09   6.15852E-03   1.07941E-03   1.19928E-04   1.66181E-05   6.05063E+00   6.65982E-01   7.53328E-02   1.04387E-02   5.55234E-02   1.02103E-02
 4.48000E+00               1.40819E-08   1.10241E-09   9.02267E-03   1.58131E-03   9.94327E-05   1.37763E-05   6.04927E+00   6.65744E-01   7.52880E-02   1.04311E-02   5.55191E-02   1.02081E-02
 4.64000E+00               1.40874E-08   1.10274E-09   1.27876E-02   2.24094E-03   9.27975E-05   1.28548E-05   6.04742E+00   6.65423E-01   7.52647E-02   1.04260E-02   5.55143E-02   1.02055E-02
 4.80000E+00               1.40944E-08   1.10316E-09   1.75655E-02   3.07790E-03   9.07017E-05   1.25616E-05   6.04506E+00   6.65013E-01   7.52467E-02   1.04212E-02   5.55086E-02   1.02021E-02
 4.96000E+00               1.41030E-08   1.10368E-09   2.34265E-02   4.10431E-03   9.00476E-05   1.24676E-05   6.04215E+00   6.64509E-01   7.52282E-02   1.04157E-02   5.55016E-02   1.01980E-02
 5.12000E+00               1.41132E-08   1.10430E-09   3.03825E-02   5.32213E-03   8.98362E-05   1.24342E-05   6.03871E+00   6.63911E-01   7.52073E-02   1.04094E-02   5.54934E-02   1.01931E-02
 5.28000E+00               1.41252E-08   1.10503E-09   3.83777E-02   6.72138E-03   8.97551E-05   1.24183E-05   6.03474E+00   6.63225E-01   7.51837E-02   1.04022E-02   5.54841E-02   1.01876E-02
 5.44000E+00               1.41391E-08   1.10589E-09   4.72841E-02   8.27948E-03   8.97099E-05   1.24068E-05   6.03032E+00   6.62460E-01   7.51575E-02   1.03942E-02   5.54737E-02   1.01814E-02
 5.60000E+00               1.41558E-08   1.10694E-09   5.69068E-02   9.96216E-03   8.96733E-05   1.23961E-05   6.02555E+00   6.61634E-01   7.51292E-02   1.03856E-02   5.54624E-02   1.01747E-02
 5.76000E+00               1.41785E-08   1.10845E-09   6.69976E-02   1.17259E-02   8.96380E-05   1.23853E-05   6.02055E+00   6.60768E-01   7.50996E-02   1.03765E-02   5.54507E-02   1.01676E-02
 5.92000E+00               1.42165E-08   1.11115E-09   7.72746E-02   1.35212E-02   8.96030E-05   1.23744E-05   6.01545E+00   6.59887E-01   7.50694E-02   1.03673E-02   5.54387E-02   1.01605E-02
 6.08000E+00               1.42979E-08   1.11724E-09   8.74465E-02   1.52974E-02   8.95684E-05   1.23636E-05   6.01041E+00   6.59015E-01   7.50395E-02   1.03581E-02   5.54268E-02   1.01534E-02
 6.24000E+00               1.45018E-08   1.13291E-09   9.72377E-02   1.70062E-02   8.95352E-05   1.23533E-05   6.00555E+00   6.58176E-01   7.50106E-02   1.03493E-02   5.54153E-02   1.01466E-02
 6.40000E+00               1.50486E-08   1.17537E-09   1.06409E-01   1.86062E-02   8.95041E-05   1.23436E-05   6.00101E+00   6.57391E-01   7.49837E-02   1.03411E-02   5.54046E-02   1.01402E-02
 6.56000E+00               1.65450E-08   1.29199E-09   1.14775E-01   2.00651E-02   8.94758E-05   1.23348E-05   5.99686E+00   6.56675E-01   7.49590E-02   1.03336E-02   5.53948E-02   1.01343E-02
 6.72000E+00               2.06450E-08   1.61187E-09   1.22211E-01   2.13613E-02   8.94505E-05   1.23270E-05   5.99317E+00   6.56038E-01   7.49371E-02   1.03269E-02   5.53861E-02   1.01292E-02
 6.88000E+00               3.18269E-08   2.48452E-09   1.28657E-01   2.24843E-02   8.94287E-05   1.23202E-05   5.98997E+00   6.55487E-01   7.49181E-02   1.03211E-02   5.53785E-02   1.01247E-02
 7.04000E+00               6.21477E-08   4.85084E-09   1.34107E-01   2.34338E-02   8.94102E-05   1.23144E-05   5.98727E+00   6.55021E-01   7.49020E-02   1.03162E-02   5.53720E-02   1.01209E-02
 7.20000E+00               1.43934E-07   1.12334E-08   1.38606E-01   2.42174E-02   8.93949E-05   1.23097E-05   5.98504E+00   6.54637E-01   7.48888E-02   1.03122E-02   5.53667E-02   1.01177E-02
 7.36000E+00               3.63585E-07   2.83736E-08   1.42234E-01   2.48491E-02   8.93825E-05   1.23058E-05   5.98324E+00   6.54327E-01   7.48780E-02   1.03089E-02   5.53624E-02   1.01152E-02
 7.52000E+00               9.51475E-07   7.42464E-08   1.45092E-01   2.53468E-02   8.93728E-05   1.23028E-05   5.98182E+00   6.54082E-01   7.48696E-02   1.03063E-02   5.53590E-02   1.01132E-02
 7.68000E+00               2.52088E-06   1.96702E-07   1.47294E-01   2.57301E-02   8.93653E-05   1.23005E-05   5.98073E+00   6.53894E-01   7.48631E-02   1.03044E-02   5.53563E-02   1.01116E-02
 7.84000E+00               6.70260E-06   5.22976E-07   1.48953E-01   2.60189E-02   8.93596E-05   1.22987E-05   5.97991E+00   6.53752E-01   7.48581E-02   1.03029E-02   5.53543E-02   1.01104E-02
 8.00000E+00               7.23075E-06   7.61622E-06   6.67892E-02   1.57493E-01   3.97422E-05   7.38367E-05   2.65739E+00   3.92172E+00   3.32865E-02   6.18427E-02   2.46362E-02   6.07428E-02
 8.16000E+00               1.75430E-05   1.84779E-05   6.70317E-02   1.58062E-01   3.97907E-05   7.39242E-05   2.65719E+00   3.92128E+00   3.33181E-02   6.18991E-02   2.46746E-02   6.08350E-02
 8.32000E+00               4.25250E-05   4.47916E-05   6.67964E-02   1.57509E-01   3.98318E-05   7.40018E-05   2.65725E+00   3.92144E+00   3.33459E-02   6.19519E-02   2.46951E-02   6.08868E-02
 8.48000E+00               1.02976E-04   1.08470E-04   6.59674E-02   1.55561E-01   3.98549E-05   7.40515E-05   2.65761E+00   3.92232E+00   3.33623E-02   6.19879E-02   2.47019E-02   6.09091E-02
 8.64000E+00               2.49156E-04   2.62468E-04   6.45752E-02   1.52290E-01   3.98651E-05   7.40820E-05   2.65823E+00   3.92384E+00   3.33698E-02   6.20117E-02   2.47027E-02   6.09207E-02
 8.80000E+00               6.02754E-04   6.35025E-04   6.28316E-02   1.48193E-01   3.98685E-05   7.41035E-05   2.65892E+00   3.92568E+00   3.33725E-02   6.20296E-02   2.47013E-02   6.09298E-02
 8.96000E+00               1.45943E-03   1.53775E-03   6.10426E-02   1.43991E-01   3.98673E-05   7.41191E-05   2.65939E+00   3.92731E+00   3.33717E-02   6.20427E-02   2.46984E-02   6.09371E-02
 9.12000E+00               3.54026E-03   3.73076E-03   5.94727E-02   1.40307E-01   3.98597E-05   7.41256E-05   2.65915E+00   3.92804E+00   3.33653E-02   6.20481E-02   2.46929E-02   6.09406E-02
 9.28000E+00               8.60863E-03   9.07368E-03   5.82490E-02   1.37448E-01   3.98378E-05   7.41144E-05   2.65725E+00   3.92682E+00   3.33467E-02   6.20383E-02   2.46813E-02   6.09362E-02
 9.44000E+00               2.09772E-02   2.21188E-02   5.73352E-02   1.35342E-01   3.97819E-05   7.40660E-05   2.65160E+00   3.92141E+00   3.32991E-02   6.19964E-02   2.46542E-02   6.09151E-02
 9.60000E+00               5.11244E-02   5.39519E-02   5.65342E-02   1.33564E-01   3.96440E-05   7.39337E-05   2.63711E+00   3.90655E+00   3.31816E-02   6.18819E-02   2.45890E-02   6.08565E-02
 9.76000E+00               1.23720E-01   1.30824E-01   5.54448E-02   1.31253E-01   3.93105E-05   7.36060E-05   2.60180E+00   3.86970E+00   3.28976E-02   6.15982E-02   2.44320E-02   6.07104E-02
 9.92000E+00               2.87524E-01   3.05435E-01   5.33017E-02   1.26761E-01   3.85555E-05   7.28592E-05   2.52197E+00   3.78563E+00   3.22537E-02   6.09505E-02   2.40736E-02   6.03724E-02
 1.00800E+01               5.59066E-01   5.98645E-01   4.92624E-02   1.18092E-01   3.72947E-05   7.16089E-05   2.38991E+00   3.64504E+00   3.11767E-02   5.98620E-02   2.34631E-02   5.97869E-02
 1.02400E+01               7.66312E-01   8.25854E-01   4.51518E-02   1.08936E-01   3.63229E-05   7.06456E-05   2.28965E+00   3.53732E+00   3.03455E-02   5.90200E-02   2.29825E-02   5.93200E-02
 1.04000E+01               8.33990E-01   9.00756E-01   4.33353E-02   1.04782E-01   3.60035E-05   7.03308E-05   2.25716E+00   3.50238E+00   3.00721E-02   5.87442E-02   2.28223E-02   5.91644E-02
 1.05600E+01               8.48432E-01   9.16789E-01   4.28627E-02   1.03689E-01   3.59352E-05   7.02641E-05   2.25027E+00   3.49500E+00   3.00137E-02   5.86857E-02   2.27878E-02   5.91312E-02
 1.07200E+01               8.51185E-01   9.19848E-01   4.27641E-02   1.03460E-01   3.59222E-05   7.02514E-05   2.24896E+00   3.49360E+00   3.00025E-02   5.86746E-02   2.27812E-02   5.91248E-02
 1.08800E+01               8.51700E-01   9.20420E-01   4.27457E-02   1.03417E-01   3.59198E-05   7.02491E-05   2.24871E+00   3.49334E+00   3.00004E-02   5.86725E-02   2.27800E-02   5.91236E-02
 1.10400E+01               8.51799E-01   9.20530E-01   4.27428E-02   1.03410E-01   3.59193E-05   7.02486E-05   2.24866E+00   3.49329E+00   3.00000E-02   5.86721E-02   2.27798E-02   5.91234E-02
 1.12000E+01               8.51824E-01   9.20558E-01   4.27427E-02   1.03410E-01   3.59192E-05   7.02485E-05   2.24865E+00   3.49328E+00   2.99999E-02   5.86720E-02   2.27797E-02   5.91233E-02
 1.13600E+01               8.51839E-01   9.20574E-01   4.27430E-02   1.03411E-01   3.59191E-05   7.02484E-05   2.24864E+00   3.49327E+00   2.99998E-02   5.86719E-02   2.27796E-02   5.91232E-02
 1.15200E+01               8.51854E-01   9.20591E-01   4.27432E-02   1.03411E-01   3.59190E-05   7.02483E-05   2.24864E+00   3.49326E+00   2.99998E-02   5.86718E-02   2.27796E-02   5.91231E-02
 1.16800E+01               8.51871E-01   9.20610E-01   4.27434E-02   1.03412E-01   3.59189E-05   7.02482E-05   2.24863E+00   3.49325E+00   2.99997E-02   5.86717E-02   2.27795E-02   5.91231E-02
 1.18400E+01               8.51890E-01   9.20631E-01   4.27434E-02   1.03412E-01   3.59188E-05   7.02481E-05   2.24862E+00   3.49324E+00   2.99996E-02   5.86716E-02   2.27795E-02   5.91230E-02
 1.20000E+01               8.51910E-01   9.20653E-01   4.27434E-02   1.03412E-01   3.59187E-05   7.02480E-05   2.24861E+00   3.49323E+00   2.99995E-02   5.86716E-02   2.27794E-02   5.91229E-02
 1.21600E+01               8.51930E-01   9.20675E-01   4.27434E-02   1.03412E-01   3.59186E-05   7.02479E-05   2.24860E+00   3.49322E+00   2.99994E-02   5.86715E-02   2.27794E-02   5.91228E-02
 1.23200E+01               8.51951E-01   9.20698E-01   4.27433E-02   1.03412E-01   3.59185E-05   7.02478E-05   2.24859E+00   3.49321E+00   2.99994E-02   5.86714E-02   2.27793E-02   5.91228E-02
 1.24800E+01               8.51971E-01   9.20721E-01   4.27432E-02   1.03412E-01   3.59184E-05   7.02477E-05   2.24858E+00   3.49319E+00   2.99993E-02   5.86713E-02   2.27793E-02   5.91227E-02
 1.26400E+01               8.51992E-01   9.20743E-01   4.27432E-02   1.03412E-01   3.59183E-05   7.02476E-05   2.24857E+00   3.49318E+00   2.99992E-02   5.86712E-02   2.27792E-02   5.91226E-02
 1.28000E+01               8.52012E-01   9.20765E-01   4.27431E-02   1.03412E-01   3.59182E-05   7.02475E-05   2.24856E+00   3.49317E+00   2.99991E-02   5.86711E-02   2.27791E-02   5.91225E-02
 1.29600E+01               8.52031E-01   9.20787E-01   4.27430E-02   1.03411E-01   3.59181E-05   7.02474E-05   2.24855E+00   3.49316E+00   2.99990E-02   5.86710E-02   2.27791E-02   5.91225E-02
 1.31200E+01               8.52050E-01   9.20808E-01   4.27429E-02   1.03411E-01   3.59180E-05   7.02473E-05   2.24854E+00   3.49315E+00   2.99989E-02   5.86709E-02   2.27790E-02   5.91224E-02
 1.32800E+01               8.52068E-01   9.20829E-01   4.27428E-02   1.03411E-01   3.59180E-05   7.02472E-05   2.24853E+00   3.49314E+00   2.99989E-02   5.86708E-02   2.27790E-02   5.91223E-02
 1.34400E+01               8.52086E-01   9.20849E-01   4.27428E-02   1.03411E-01   3.59179E-05   7.02471E-05   2.24852E+00   3.49313E+00   2.99988E-02   5.86707E-02   2.27789E-02   5.91223E-02
 1.36000E+01               8.52104E-01   9.20868E-01   4.27427E-02   1.03411E-01   3.59178E-05   7.02470E-05   2.24851E+00   3.49312E+00   2.99987E-02   5.86706E-02   2.27789E-02   5.91222E-02
 1.37600E+01               8.52121E-01   9.20887E-01   4.27426E-02   1.03411E-01   3.59177E-05   7.02469E-05   2.24850E+00   3.49311E+00   2.99986E-02   5.86705E-02   2.27788E-02   5.91221E-02
 1.39200E+01               8.52138E-01   9.20906E-01   4.27426E-02   1.03411E-01   3.59176E-05   7.02468E-05   2.24850E+00   3.49310E+00   2.99986E-02   5.86705E-02   2.27788E-02   5.91221E-02
 1.40800E+01               8.52154E-01   9.20924E-01   4.27425E-02   1.03411E-01   3.59175E-05   7.02468E-05   2.24849E+00   3.49310E+00   2.99985E-02   5.86704E-02   2.27787E-02   5.91220E-02
 1.42400E+01               8.52170E-01   9.20941E-01   4.27424E-02   1.03411E-01   3.59175E-05   7.02467E-05   2.24848E+00   3.49309E+00   2.99984E-02   5.86703E-02   2.27787E-02   5.91220E-02
 1.44000E+01               8.52186E-01   9.20959E-01   4.27424E-02   1.03411E-01   3.59174E-05   7.02466E-05   2.24847E+00   3.49308E+00   2.99983E-02   5.86702E-02   2.27786E-02   5.91219E-02
 1.45600E+01               8.52201E-01   9.20975E-01   4.27423E-02   1.03410E-01   3.59173E-05   7.02465E-05   2.24847E+00   3.49307E+00   2.99983E-02   5.86702E-02   2.27786E-02   5.91218E-02
 1.47200E+01               8.52216E-01   9.20992E-01   4.27423E-02   1.03410E-01   3.59172E-05   7.02464E-05   2.24846E+00   3.49306E+00   2.99982E-02   5.86701E-02   2.27786E-02   5.91218E-02
 1.48800E+01               8.52230E-01   9.21008E-01   4.27422E-02   1.03410E-01   3.59172E-05   7.02464E-05   2.24845E+00   3.49305E+00   2.99982E-02   5.86700E-02   2.27785E-02   5.91217E-02
 1.50400E+01               8.52244E-01   9.21023E-01   4.27422E-02   1.03410E-01   3.59171E-05   7.02463E-05   2.24844E+00   3.49305E+00   2.99981E-02   5.86700E-02   2.27785E-02   5.91217E-02
 1.52000E+01               8.52258E-01   9.21039E-01   4.27422E-02   1.03410E-01   3.59170E-05   7.02462E-05   2.24844E+00   3.49304E+00   2.99980E-02   5.86699E-02   2.27784E-02   5.91216E-02
 1.53600E+01               8.52271E-01   9.21054E-01   4.27421E-02   1.03410E-01   3.59170E-05   7.02462E-05   2.24843E+00   3.49303E+00   2.99980E-02   5.86698E-02   2.27784E-02   5.91216E-02
 1.55200E+01               8.52284E-01   9.21068E-01   4.27421E-02   1.03410E-01   3.59169E-05   7.02461E-05   2.24842E+00   3.49302E+00   2.99979E-02   5.86698E-02   2.27784E-02   5.91215E-02
 1.56800E+01               8.52297E-01   9.21083E-01   4.27421E-02   1.03410E-01   3.59168E-05   7.02460E-05   2.24842E+00   3.49302E+00   2.99979E-02   5.86697E-02   2.27783E-02   5.91215E-02
 1.58400E+01               8.52310E-01   9.21097E-01   4.27421E-02   1.03410E-01   3.59168E-05   7.02460E-05   2.24841E+00   3.49301E+00   2.99978E-02   5.86696E-02   2.27783E-02   5.91214E-02
 1.59600E+01               8.52316E-01   9.21104E-01   4.27421E-02   1.03410E-01   3.59167E-05   7.02459E-05   2.24841E+00   3.49301E+00   2.99977E-02   5.86694E-02   2.27780E-02   5.91206E-02
