# Units: Mol/m^3 porous medium
 TITLE = " Years"
VARIABLES = "X (meters)", "NaX       ", "NaY       ", "KX        ", "KY        ", "CaX2      ", "CaY2      ", "MgX2      ", "MgY2      ", "ZnX2      ", "ZnY2      ", "PbX2      ", "PbY2      ", "
 ZONE F=POINT,I=         101
 4.00000E-02               1.04529E-08   6.89431E-10   5.20380E-08   7.68379E-09   1.89219E+00   1.86087E-01   1.17735E-07   9.19729E-09   1.83804E+00   1.80763E-01   2.45446E+00   3.20338E-01
 1.60000E-01               1.04529E-08   6.89431E-10   5.20380E-08   7.68379E-09   1.89219E+00   1.86087E-01   1.17735E-07   9.19729E-09   1.83804E+00   1.80763E-01   2.45446E+00   3.20338E-01
 3.20000E-01               1.04529E-08   6.89431E-10   5.20380E-08   7.68379E-09   1.89219E+00   1.86087E-01   1.17735E-07   9.19729E-09   1.83804E+00   1.80763E-01   2.45446E+00   3.20338E-01
 4.80000E-01               1.04529E-08   6.89431E-10   5.20380E-08   7.68379E-09   1.89219E+00   1.86087E-01   1.17735E-07   9.19729E-09   1.83804E+00   1.80763E-01   2.45446E+00   3.20338E-01
 6.40000E-01               1.04529E-08   6.89431E-10   5.20380E-08   7.68379E-09   1.89219E+00   1.86087E-01   1.17735E-07   9.19729E-09   1.83804E+00   1.80763E-01   2.45446E+00   3.20338E-01
 8.00000E-01               1.04529E-08   6.89431E-10   5.20380E-08   7.68379E-09   1.89219E+00   1.86087E-01   1.17735E-07   9.19729E-09   1.83804E+00   1.80763E-01   2.45446E+00   3.20338E-01
 9.60000E-01               1.04529E-08   6.89431E-10   5.20380E-08   7.68379E-09   1.89219E+00   1.86087E-01   1.17735E-07   9.19729E-09   1.83804E+00   1.80763E-01   2.45446E+00   3.20338E-01
 1.12000E+00               1.04529E-08   6.89431E-10   5.20380E-08   7.68379E-09   1.89219E+00   1.86087E-01   1.17735E-07   9.19729E-09   1.83804E+00   1.80763E-01   2.45446E+00   3.20338E-01
 1.28000E+00               1.04529E-08   6.89431E-10   5.20380E-08   7.68379E-09   1.89219E+00   1.86087E-01   1.17735E-07   9.19729E-09   1.83804E+00   1.80763E-01   2.45446E+00   3.20338E-01
 1.44000E+00               1.04529E-08   6.89431E-10   5.20380E-08   7.68379E-09   1.89219E+00   1.86087E-01   1.17735E-07   9.19729E-09   1.83804E+00   1.80763E-01   2.45446E+00   3.20338E-01
 1.60000E+00               1.04529E-08   6.89431E-10   5.20380E-08   7.68379E-09   1.89219E+00   1.86087E-01   1.17735E-07   9.19729E-09   1.83804E+00   1.80763E-01   2.45446E+00   3.20338E-01
 1.76000E+00               1.04529E-08   6.89431E-10   5.20380E-08   7.68379E-09   1.89219E+00   1.86087E-01   1.17735E-07   9.19729E-09   1.83804E+00   1.80763E-01   2.45446E+00   3.20338E-01
 1.92000E+00               1.04529E-08   6.89431E-10   5.20380E-08   7.68379E-09   1.89219E+00   1.86087E-01   1.17735E-07   9.19729E-09   1.83804E+00   1.80763E-01   2.45446E+00   3.20338E-01
 2.08000E+00               1.04529E-08   6.89431E-10   5.20380E-08   7.68379E-09   1.89219E+00   1.86087E-01   1.17735E-07   9.19729E-09   1.83804E+00   1.80763E-01   2.45446E+00   3.20338E-01
 2.24000E+00               1.04529E-08   6.89431E-10   5.20380E-08   7.68379E-09   1.89219E+00   1.86087E-01   1.17735E-07   9.19729E-09   1.83804E+00   1.80763E-01   2.45446E+00   3.20338E-01
 2.40000E+00               1.04529E-08   6.89431E-10   5.20380E-08   7.68379E-09   1.89219E+00   1.86087E-01   1.17735E-07   9.19729E-09   1.83804E+00   1.80763E-01   2.45446E+00   3.20338E-01
 2.56000E+00               1.04529E-08   6.89431E-10   5.20380E-08   7.68379E-09   1.89219E+00   1.86087E-01   1.17735E-07   9.19729E-09   1.83804E+00   1.80763E-01   2.45446E+00   3.20338E-01
 2.72000E+00               1.04529E-08   6.89431E-10   5.20380E-08   7.68379E-09   1.89219E+00   1.86087E-01   1.17735E-07   9.19729E-09   1.83804E+00   1.80763E-01   2.45446E+00   3.20338E-01
 2.88000E+00               1.04529E-08   6.89431E-10   5.20380E-08   7.68379E-09   1.89219E+00   1.86087E-01   1.17735E-07   9.19729E-09   1.83804E+00   1.80763E-01   2.45446E+00   3.20338E-01
 3.04000E+00               1.04529E-08   6.89431E-10   5.20380E-08   7.68379E-09   1.89219E+00   1.86087E-01   1.17735E-07   9.19729E-09   1.83804E+00   1.80763E-01   2.45446E+00   3.20338E-01
 3.20000E+00               1.04529E-08   6.89431E-10   5.20380E-08   7.68379E-09   1.89219E+00   1.86087E-01   1.17735E-07   9.19729E-09   1.83804E+00   1.80763E-01   2.45446E+00   3.20338E-01
 3.36000E+00               1.04529E-08   6.89431E-10   5.20380E-08   7.68379E-09   1.89219E+00   1.86087E-01   1.17735E-07   9.19729E-09   1.83804E+00   1.80763E-01   2.45446E+00   3.20338E-01
 3.52000E+00               1.04529E-08   6.89431E-10   5.20380E-08   7.68379E-09   1.89219E+00   1.86087E-01   1.17735E-07   9.19729E-09   1.83804E+00   1.80763E-01   2.45446E+00   3.20338E-01
 3.68000E+00               1.04529E-08   6.89431E-10   5.20380E-08   7.68379E-09   1.89219E+00   1.86087E-01   1.17735E-07   9.19729E-09   1.83804E+00   1.80763E-01   2.45446E+00   3.20338E-01
 3.84000E+00               1.04529E-08   6.89431E-10   5.20380E-08   7.68379E-09   1.89219E+00   1.86087E-01   1.17735E-07   9.19729E-09   1.83804E+00   1.80763E-01   2.45446E+00   3.20338E-01
 4.00000E+00               1.04529E-08   6.89431E-10   5.20380E-08   7.68379E-09   1.89219E+00   1.86087E-01   1.17735E-07   9.19729E-09   1.83804E+00   1.80763E-01   2.45446E+00   3.20338E-01
 4.16000E+00               1.04529E-08   6.89431E-10   5.20380E-08   7.68379E-09   1.89219E+00   1.86087E-01   1.17735E-07   9.19729E-09   1.83804E+00   1.80763E-01   2.45446E+00   3.20338E-01
 4.32000E+00               1.04529E-08   6.89431E-10   5.20380E-08   7.68379E-09   1.89219E+00   1.86087E-01   1.17735E-07   9.19729E-09   1.83804E+00   1.80763E-01   2.45446E+00   3.20338E-01
 4.48000E+00               1.04529E-08   6.89431E-10   5.20380E-08   7.68379E-09   1.89219E+00   1.86087E-01   1.17735E-07   9.19729E-09   1.83804E+00   1.80763E-01   2.45446E+00   3.20338E-01
 4.64000E+00               1.04529E-08   6.89431E-10   5.20380E-08   7.68379E-09   1.89219E+00   1.86087E-01   1.17735E-07   9.19729E-09   1.83804E+00   1.80763E-01   2.45446E+00   3.20338E-01
 4.80000E+00               1.04529E-08   6.89431E-10   5.20380E-08   7.68379E-09   1.89219E+00   1.86087E-01   1.17735E-07   9.19729E-09   1.83804E+00   1.80763E-01   2.45446E+00   3.20338E-01
 4.96000E+00               1.04529E-08   6.89431E-10   5.20380E-08   7.68379E-09   1.89219E+00   1.86087E-01   1.17735E-07   9.19729E-09   1.83804E+00   1.80763E-01   2.45446E+00   3.20338E-01
 5.12000E+00               1.04529E-08   6.89431E-10   5.20380E-08   7.68379E-09   1.89219E+00   1.86087E-01   1.17735E-07   9.19729E-09   1.83804E+00   1.80763E-01   2.45446E+00   3.20338E-01
 5.28000E+00               1.04529E-08   6.89431E-10   5.20380E-08   7.68379E-09   1.89219E+00   1.86087E-01   1.17735E-07   9.19729E-09   1.83804E+00   1.80763E-01   2.45446E+00   3.20338E-01
 5.44000E+00               1.04529E-08   6.89431E-10   5.20380E-08   7.68379E-09   1.89219E+00   1.86087E-01   1.17735E-07   9.19729E-09   1.83804E+00   1.80763E-01   2.45446E+00   3.20338E-01
 5.60000E+00               1.04529E-08   6.89431E-10   5.20380E-08   7.68379E-09   1.89219E+00   1.86087E-01   1.17735E-07   9.19729E-09   1.83804E+00   1.80763E-01   2.45446E+00   3.20338E-01
 5.76000E+00               1.04529E-08   6.89431E-10   5.20380E-08   7.68379E-09   1.89219E+00   1.86087E-01   1.17735E-07   9.19729E-09   1.83804E+00   1.80763E-01   2.45446E+00   3.20338E-01
 5.92000E+00               1.04529E-08   6.89431E-10   5.20380E-08   7.68379E-09   1.89219E+00   1.86087E-01   1.17735E-07   9.19729E-09   1.83804E+00   1.80763E-01   2.45446E+00   3.20338E-01
 6.08000E+00               1.04529E-08   6.89431E-10   5.20380E-08   7.68379E-09   1.89219E+00   1.86087E-01   1.17735E-07   9.19729E-09   1.83804E+00   1.80763E-01   2.45446E+00   3.20338E-01
 6.24000E+00               1.04529E-08   6.89431E-10   5.20380E-08   7.68379E-09   1.89219E+00   1.86087E-01   1.17735E-07   9.19729E-09   1.83804E+00   1.80763E-01   2.45446E+00   3.20338E-01
 6.40000E+00               1.04529E-08   6.89431E-10   5.20380E-08   7.68379E-09   1.89219E+00   1.86087E-01   1.17735E-07   9.19729E-09   1.83804E+00   1.80763E-01   2.45446E+00   3.20338E-01
 6.56000E+00               1.04529E-08   6.89431E-10   5.20380E-08   7.68379E-09   1.89219E+00   1.86087E-01   1.17735E-07   9.19729E-09   1.83804E+00   1.80763E-01   2.45446E+00   3.20338E-01
 6.72000E+00               1.04529E-08   6.89431E-10   5.20380E-08   7.68379E-09   1.89219E+00   1.86087E-01   1.17735E-07   9.19729E-09   1.83804E+00   1.80763E-01   2.45446E+00   3.20338E-01
 6.88000E+00               1.04529E-08   6.89431E-10   5.20380E-08   7.68379E-09   1.89219E+00   1.86087E-01   1.17735E-07   9.19729E-09   1.83804E+00   1.80763E-01   2.45446E+00   3.20338E-01
 7.04000E+00               1.04529E-08   6.89431E-10   5.20380E-08   7.68379E-09   1.89219E+00   1.86087E-01   1.17735E-07   9.19729E-09   1.83804E+00   1.80763E-01   2.45446E+00   3.20338E-01
 7.20000E+00               1.04529E-08   6.89431E-10   5.20380E-08   7.68379E-09   1.89219E+00   1.86087E-01   1.17735E-07   9.19729E-09   1.83804E+00   1.80763E-01   2.45446E+00   3.20338E-01
 7.36000E+00               1.04529E-08   6.89431E-10   5.20380E-08   7.68379E-09   1.89219E+00   1.86087E-01   1.17735E-07   9.19729E-09   1.83804E+00   1.80763E-01   2.45446E+00   3.20338E-01
 7.52000E+00               1.04529E-08   6.89431E-10   5.20380E-08   7.68379E-09   1.89219E+00   1.86087E-01   1.17735E-07   9.19729E-09   1.83804E+00   1.80763E-01   2.45446E+00   3.20338E-01
 7.68000E+00               1.04529E-08   6.89431E-10   5.20380E-08   7.68379E-09   1.89219E+00   1.86087E-01   1.17735E-07   9.19729E-09   1.83804E+00   1.80763E-01   2.45446E+00   3.20338E-01
 7.84000E+00               1.04529E-08   6.89431E-10   5.20380E-08   7.68379E-09   1.89219E+00   1.86087E-01   1.17735E-07   9.19729E-09   1.83804E+00   1.80763E-01   2.45446E+00   3.20338E-01
 8.00000E+00               4.64572E-09   4.13658E-09   2.31280E-08   4.61027E-08   8.40972E-01   1.11652E+00   5.23269E-08   5.51838E-08   8.16908E-01   1.08458E+00   1.09087E+00   1.92203E+00
 8.16000E+00               4.64572E-09   4.13658E-09   2.31280E-08   4.61027E-08   8.40972E-01   1.11652E+00   5.23269E-08   5.51838E-08   8.16908E-01   1.08458E+00   1.09087E+00   1.92203E+00
 8.32000E+00               4.64572E-09   4.13658E-09   2.31280E-08   4.61027E-08   8.40972E-01   1.11652E+00   5.23269E-08   5.51838E-08   8.16908E-01   1.08458E+00   1.09087E+00   1.92203E+00
 8.48000E+00               4.64572E-09   4.13658E-09   2.31280E-08   4.61027E-08   8.40972E-01   1.11652E+00   5.23269E-08   5.51838E-08   8.16908E-01   1.08458E+00   1.09087E+00   1.92203E+00
 8.64000E+00               4.64572E-09   4.13658E-09   2.31280E-08   4.61027E-08   8.40972E-01   1.11652E+00   5.23269E-08   5.51838E-08   8.16908E-01   1.08458E+00   1.09087E+00   1.92203E+00
 8.80000E+00               4.64572E-09   4.13658E-09   2.31280E-08   4.61027E-08   8.40972E-01   1.11652E+00   5.23269E-08   5.51838E-08   8.16908E-01   1.08458E+00   1.09087E+00   1.92203E+00
 8.96000E+00               4.64572E-09   4.13658E-09   2.31280E-08   4.61027E-08   8.40972E-01   1.11652E+00   5.23269E-08   5.51838E-08   8.16908E-01   1.08458E+00   1.09087E+00   1.92203E+00
 9.12000E+00               4.64572E-09   4.13658E-09   2.31280E-08   4.61027E-08   8.40972E-01   1.11652E+00   5.23269E-08   5.51838E-08   8.16908E-01   1.08458E+00   1.09087E+00   1.92203E+00
 9.28000E+00               4.64572E-09   4.13658E-09   2.31280E-08   4.61027E-08   8.40972E-01   1.11652E+00   5.23269E-08   5.51838E-08   8.16908E-01   1.08458E+00   1.09087E+00   1.92203E+00
 9.44000E+00               4.64572E-09   4.13658E-09   2.31280E-08   4.61027E-08   8.40972E-01   1.11652E+00   5.23269E-08   5.51838E-08   8.16908E-01   1.08458E+00   1.09087E+00   1.92203E+00
 9.60000E+00               4.64572E-09   4.13658E-09   2.31280E-08   4.61027E-08   8.40972E-01   1.11652E+00   5.23269E-08   5.51838E-08   8.16908E-01   1.08458E+00   1.09087E+00   1.92203E+00
 9.76000E+00               4.64572E-09   4.13658E-09   2.31280E-08   4.61027E-08   8.40972E-01   1.11652E+00   5.23269E-08   5.51838E-08   8.16908E-01   1.08458E+00   1.09087E+00   1.92203E+00
 9.92000E+00               4.64572E-09   4.13658E-09   2.31280E-08   4.61027E-08   8.40972E-01   1.11652E+00   5.23269E-08   5.51838E-08   8.16908E-01   1.08458E+00   1.09087E+00   1.92203E+00
 1.00800E+01               4.64572E-09   4.13658E-09   2.31280E-08   4.61027E-08   8.40972E-01   1.11652E+00   5.23269E-08   5.51838E-08   8.16908E-01   1.08458E+00   1.09087E+00   1.92203E+00
 1.02400E+01               4.64572E-09   4.13658E-09   2.31280E-08   4.61027E-08   8.40972E-01   1.11652E+00   5.23269E-08   5.51838E-08   8.16908E-01   1.08458E+00   1.09087E+00   1.92203E+00
 1.04000E+01               4.64572E-09   4.13658E-09   2.31280E-08   4.61027E-08   8.40972E-01   1.11652E+00   5.23269E-08   5.51838E-08   8.16908E-01   1.08458E+00   1.09087E+00   1.92203E+00
 1.05600E+01               4.64572E-09   4.13658E-09   2.31280E-08   4.61027E-08   8.40972E-01   1.11652E+00   5.23269E-08   5.51838E-08   8.16908E-01   1.08458E+00   1.09087E+00   1.92203E+00
 1.07200E+01               4.64572E-09   4.13658E-09   2.31280E-08   4.61027E-08   8.40972E-01   1.11652E+00   5.23269E-08   5.51838E-08   8.16908E-01   1.08458E+00   1.09087E+00   1.92203E+00
 1.08800E+01               4.64572E-09   4.13658E-09   2.31280E-08   4.61027E-08   8.40972E-01   1.11652E+00   5.23269E-08   5.51838E-08   8.16908E-01   1.08458E+00   1.09087E+00   1.92203E+00
 1.10400E+01               4.64572E-09   4.13658E-09   2.31280E-08   4.61027E-08   8.40972E-01   1.11652E+00   5.23269E-08   5.51838E-08   8.16908E-01   1.08458E+00   1.09087E+00   1.92203E+00
 1.12000E+01               4.64572E-09   4.13658E-09   2.31280E-08   4.61027E-08   8.40972E-01   1.11652E+00   5.23269E-08   5.51838E-08   8.16908E-01   1.08458E+00   1.09087E+00   1.92203E+00
 1.13600E+01               4.64572E-09   4.13658E-09   2.31280E-08   4.61027E-08   8.40972E-01   1.11652E+00   5.23269E-08   5.51838E-08   8.16908E-01   1.08458E+00   1.09087E+00   1.92203E+00
 1.15200E+01               4.64572E-09   4.13658E-09   2.31280E-08   4.61027E-08   8.40972E-01   1.11652E+00   5.23269E-08   5.51838E-08   8.16908E-01   1.08458E+00   1.09087E+00   1.92203E+00
 1.16800E+01               4.64572E-09   4.13658E-09   2.31280E-08   4.61027E-08   8.40972E-01   1.11652E+00   5.23269E-08   5.51838E-08   8.16908E-01   1.08458E+00   1.09087E+00   1.92203E+00
 1.18400E+01               4.64572E-09   4.13658E-09   2.31280E-08   4.61027E-08   8.40972E-01   1.11652E+00   5.23269E-08   5.51838E-08   8.16908E-01   1.08458E+00   1.09087E+00   1.92203E+00
 1.20000E+01               4.64572E-09   4.13658E-09   2.31280E-08   4.61027E-08   8.40972E-01   1.11652E+00   5.23269E-08   5.51838E-08   8.16908E-01   1.08458E+00   1.09087E+00   1.92203E+00
 1.21600E+01               4.64572E-09   4.13658E-09   2.31280E-08   4.61027E-08   8.40972E-01   1.11652E+00   5.23269E-08   5.51838E-08   8.16908E-01   1.08458E+00   1.09087E+00   1.92203E+00
 1.23200E+01               4.64572E-09   4.13658E-09   2.31280E-08   4.61027E-08   8.40972E-01   1.11652E+00   5.23269E-08   5.51838E-08   8.16908E-01   1.08458E+00   1.09087E+00   1.92203E+00
 1.24800E+01               4.64572E-09   4.13658E-09   2.31280E-08   4.61027E-08   8.40972E-01   1.11652E+00   5.23269E-08   5.51838E-08   8.16908E-01   1.08458E+00   1.09087E+00   1.92203E+00
 1.26400E+01               4.64572E-09   4.13658E-09   2.31280E-08   4.61027E-08   8.40972E-01   1.11652E+00   5.23269E-08   5.51838E-08   8.16908E-01   1.08458E+00   1.09087E+00   1.92203E+00
 1.28000E+01               4.64572E-09   4.13658E-09   2.31280E-08   4.61027E-08   8.40972E-01   1.11652E+00   5.23269E-08   5.51838E-08   8.16908E-01   1.08458E+00   1.09087E+00   1.92203E+00
 1.29600E+01               4.64572E-09   4.13658E-09   2.31280E-08   4.61027E-08   8.40972E-01   1.11652E+00   5.23269E-08   5.51838E-08   8.16908E-01   1.08458E+00   1.09087E+00   1.92203E+00
 1.31200E+01               4.64572E-09   4.13658E-09   2.31280E-08   4.61027E-08   8.40972E-01   1.11652E+00   5.23269E-08   5.51838E-08   8.16908E-01   1.08458E+00   1.09087E+00   1.92203E+00
 1.32800E+01               4.64572E-09   4.13658E-09   2.31280E-08   4.61027E-08   8.40972E-01   1.11652E+00   5.23269E-08   5.51838E-08   8.16908E-01   1.08458E+00   1.09087E+00   1.92203E+00
 1.34400E+01               4.64572E-09   4.13658E-09   2.31280E-08   4.61027E-08   8.40973E-01   1.11652E+00   5.23269E-08   5.51838E-08   8.16908E-01   1.08458E+00   1.09087E+00   1.92203E+00
 1.36000E+01               4.64572E-09   4.13658E-09   2.31280E-08   4.61027E-08   8.40973E-01   1.11652E+00   5.23269E-08   5.51838E-08   8.16908E-01   1.08458E+00   1.09087E+00   1.92203E+00
 1.37600E+01               4.64572E-09   4.13658E-09   2.31280E-08   4.61027E-08   8.40973E-01   1.11652E+00   5.23269E-08   5.51838E-08   8.16908E-01   1.08458E+00   1.09087E+00   1.92203E+00
 1.39200E+01               4.64572E-09   4.13658E-09   2.31280E-08   4.61027E-08   8.40973E-01   1.11652E+00   5.23269E-08   5.51838E-08   8.16908E-01   1.08458E+00   1.09087E+00   1.92202E+00
 1.40800E+01               4.64572E-09   4.13658E-09   2.31280E-08   4.61027E-08   8.40973E-01   1.11652E+00   5.23269E-08   5.51838E-08   8.16908E-01   1.08458E+00   1.09087E+00   1.92202E+00
 1.42400E+01               4.64572E-09   4.13658E-09   2.31280E-08   4.61027E-08   8.40973E-01   1.11653E+00   5.23269E-08   5.51838E-08   8.16909E-01   1.08458E+00   1.09087E+00   1.92202E+00
 1.44000E+01               4.64572E-09   4.13658E-09   2.31280E-08   4.61028E-08   8.40973E-01   1.11653E+00   5.23269E-08   5.51838E-08   8.16909E-01   1.08458E+00   1.09087E+00   1.92202E+00
 1.45600E+01               4.64572E-09   4.13658E-09   2.31280E-08   4.61028E-08   8.40974E-01   1.11653E+00   5.23269E-08   5.51838E-08   8.16910E-01   1.08458E+00   1.09087E+00   1.92202E+00
 1.47200E+01               4.64572E-09   4.13659E-09   2.31280E-08   4.61028E-08   8.40975E-01   1.11653E+00   5.23269E-08   5.51838E-08   8.16910E-01   1.08458E+00   1.09086E+00   1.92202E+00
 1.48800E+01               4.64572E-09   4.13659E-09   2.31280E-08   4.61028E-08   8.40977E-01   1.11653E+00   5.23270E-08   5.51839E-08   8.16912E-01   1.08458E+00   1.09086E+00   1.92201E+00
 1.50400E+01               4.64572E-09   4.13659E-09   2.31280E-08   4.61028E-08   8.40979E-01   1.11654E+00   5.23270E-08   5.51840E-08   8.16914E-01   1.08458E+00   1.09086E+00   1.92201E+00
 1.52000E+01               4.64572E-09   4.13659E-09   2.31280E-08   4.61029E-08   8.40983E-01   1.11654E+00   5.23271E-08   5.51841E-08   8.16918E-01   1.08459E+00   1.09085E+00   1.92199E+00
 1.53600E+01               4.64573E-09   4.13660E-09   2.31281E-08   4.61029E-08   8.40990E-01   1.11655E+00   5.23272E-08   5.51843E-08   8.16923E-01   1.08460E+00   1.09084E+00   1.92198E+00
 1.55200E+01               4.64573E-09   4.13661E-09   2.31281E-08   4.61031E-08   8.40999E-01   1.11657E+00   5.23274E-08   5.51846E-08   8.16931E-01   1.08461E+00   1.09082E+00   1.92195E+00
 1.56800E+01               4.64574E-09   4.13662E-09   2.31281E-08   4.61032E-08   8.41013E-01   1.11659E+00   5.23277E-08   5.51851E-08   8.16944E-01   1.08463E+00   1.09079E+00   1.92191E+00
 1.58400E+01               4.64575E-09   4.13664E-09   2.31282E-08   4.61035E-08   8.41035E-01   1.11662E+00   5.23282E-08   5.51858E-08   8.16962E-01   1.08466E+00   1.09075E+00   1.92184E+00
 1.59600E+01               4.64576E-09   4.13665E-09   2.31283E-08   4.61037E-08   8.41047E-01   1.11664E+00   5.23284E-08   5.51862E-08   8.16973E-01   1.08468E+00   1.09073E+00   1.92181E+00
