# Units: Mol/m^3 porous medium
 TITLE = " Years"
VARIABLES = "X (meters)", "NaX       ", "NaY       ", "KX        ", "KY        ", "CaX2      ", "CaY2      ", "MgX2      ", "MgY2      ", "ZnX2      ", "ZnY2      ", "PbX2      ", "PbY2      ", "
 ZONE F=POINT,I=         101
 4.00000E-02               1.04529E-08   6.89431E-10   5.20380E-08   7.68379E-09   1.89219E+00   1.86087E-01   1.17844E-07   9.20579E-09   1.83804E+00   1.80763E-01   2.45446E+00   3.20338E-01
 1.60000E-01               1.04535E-08   6.89509E-10   5.21067E-08   7.69435E-09   1.89323E+00   1.86210E-01   7.74749E-05   6.05284E-06   1.83912E+00   1.80887E-01   2.45226E+00   3.20084E-01
 3.20000E-01               1.04581E-08   6.90061E-10   5.37583E-08   7.94106E-09   1.89975E+00   1.86984E-01   1.13434E-03   8.86856E-05   1.84617E+00   1.81711E-01   2.43764E+00   3.18404E-01
 4.80000E-01               1.04767E-08   6.92201E-10   7.54108E-08   1.11542E-08   1.92000E+00   1.89477E-01   8.76950E-03   6.87433E-04   1.86975E+00   1.84518E-01   2.38617E+00   3.12505E-01
 6.40000E-01               1.05347E-08   6.98530E-10   2.79292E-07   4.14593E-08   1.95829E+00   1.94646E-01   4.76693E-02   3.76365E-03   1.92021E+00   1.90861E-01   2.25852E+00   2.97916E-01
 8.00000E-01               1.06937E-08   7.14986E-10   1.81908E-06   2.72285E-07   1.99082E+00   2.01195E-01   2.02388E-01   1.62469E-02   1.98392E+00   2.00498E-01   2.00756E+00   2.69248E-01
 9.60000E-01               1.10796E-08   7.53871E-10   1.14763E-05   1.74814E-06   1.92512E+00   2.01487E-01   6.87125E-01   5.71248E-02   1.97527E+00   2.06735E-01   1.59717E+00   2.21840E-01
 1.12000E+00               1.18126E-08   8.29614E-10   6.00993E-05   9.44935E-06   1.61075E+00   1.79612E-01   1.78917E+00   1.58474E-01   1.72710E+00   1.92586E-01   1.05764E+00   1.56511E-01
 1.28000E+00               1.27317E-08   9.32169E-10   2.43338E-04   3.98858E-05   1.05265E+00   1.27569E-01   3.37813E+00   3.25188E-01   1.20196E+00   1.45662E-01   5.51832E-01   8.87493E-02
 1.44000E+00               1.34498E-08   1.01975E-09   7.52275E-04   1.27690E-04   5.27750E-01   6.85849E-02   4.74813E+00   4.90143E-01   6.65211E-01   8.64489E-02   2.43221E-01   4.19470E-02
 1.60000E+00               1.38554E-08   1.07109E-09   1.86654E-03   3.23032E-04   2.17692E-01   2.94104E-02   5.52263E+00   5.92657E-01   3.29148E-01   4.44682E-02   1.14287E-01   2.04906E-02
 1.76000E+00               1.41600E-08   1.10365E-09   3.94610E-03   6.88554E-04   7.96100E-02   1.09333E-02   5.85913E+00   6.39168E-01   1.71965E-01   2.36169E-02   7.20126E-02   1.31247E-02
 1.92000E+00               1.49035E-08   1.16503E-09   7.40977E-03   1.29674E-03   2.69240E-02   3.71947E-03   5.98497E+00   6.56756E-01   1.09236E-01   1.50906E-02   5.98535E-02   1.09732E-02
 2.08000E+00               1.78483E-08   1.39649E-09   1.26716E-02   2.21959E-03   8.59383E-03   1.18935E-03   6.02670E+00   6.62528E-01   8.64526E-02   1.19647E-02   5.66019E-02   1.03957E-02
 2.24000E+00               2.93929E-08   2.30012E-09   2.00455E-02   3.51176E-03   2.63555E-03   3.64863E-04   6.03754E+00   6.63923E-01   7.87205E-02   1.08980E-02   5.57696E-02   1.02460E-02
 2.40000E+00               7.19084E-08   5.62642E-09   2.96469E-02   5.19315E-03   8.10952E-04   1.12239E-04   6.03726E+00   6.63723E-01   7.62350E-02   1.05512E-02   5.55579E-02   1.02045E-02
 2.56000E+00               2.19546E-07   1.71739E-08   4.13240E-02   7.23681E-03   2.83176E-04   3.91731E-05   6.03278E+00   6.62903E-01   7.54616E-02   1.04390E-02   5.54973E-02   1.01883E-02
 2.72000E+00               7.06483E-07   5.52475E-08   5.46448E-02   9.56666E-03   1.38831E-04   1.91933E-05   6.02654E+00   6.61810E-01   7.52124E-02   1.03981E-02   5.54711E-02   1.01773E-02
 2.88000E+00               2.24221E-06   1.75284E-07   6.89478E-02   1.20666E-02   1.01464E-04   1.40180E-05   6.01955E+00   6.60596E-01   7.51139E-02   1.03775E-02   5.54520E-02   1.01669E-02
 3.04000E+00               6.90265E-06   5.39426E-07   8.34464E-02   1.45990E-02   9.22827E-05   1.27407E-05   6.01238E+00   6.59356E-01   7.50569E-02   1.03625E-02   5.54345E-02   1.01567E-02
 3.20000E+00               2.05910E-05   1.60861E-06   9.73577E-02   1.70272E-02   9.01196E-05   1.24339E-05   6.00548E+00   6.58164E-01   7.50125E-02   1.03495E-02   5.54181E-02   1.01470E-02
 3.36000E+00               5.97198E-05   4.66401E-06   1.10021E-01   1.92362E-02   8.96121E-05   1.23564E-05   5.99918E+00   6.57079E-01   7.49742E-02   1.03380E-02   5.54030E-02   1.01382E-02
 3.52000E+00               1.69149E-04   1.32068E-05   1.20981E-01   2.11468E-02   8.94779E-05   1.23315E-05   5.99369E+00   6.56137E-01   7.49413E-02   1.03281E-02   5.53899E-02   1.01305E-02
 3.68000E+00               4.70001E-04   3.66890E-05   1.30011E-01   2.27204E-02   8.94269E-05   1.23192E-05   5.98907E+00   6.55353E-01   7.49135E-02   1.03199E-02   5.53785E-02   1.01241E-02
 3.84000E+00               1.28660E-03   1.00418E-04   1.37098E-01   2.39552E-02   8.93956E-05   1.23110E-05   5.98515E+00   6.54715E-01   7.48894E-02   1.03133E-02   5.53684E-02   1.01190E-02
 4.00000E+00               3.48271E-03   2.71795E-04   1.42387E-01   2.48767E-02   8.93671E-05   1.23046E-05   5.98144E+00   6.54178E-01   7.48652E-02   1.03079E-02   5.53575E-02   1.01150E-02
 4.16000E+00               9.35047E-03   7.29708E-04   1.46090E-01   2.55233E-02   8.93279E-05   1.22987E-05   5.97671E+00   6.53634E-01   7.48315E-02   1.03029E-02   5.53409E-02   1.01116E-02
 4.32000E+00               2.49509E-02   1.94740E-03   1.48389E-01   2.59282E-02   8.92497E-05   1.22911E-05   5.96786E+00   6.52833E-01   7.47643E-02   1.02962E-02   5.53058E-02   1.01078E-02
 4.48000E+00               6.62012E-02   5.16937E-03   1.49251E-01   2.60909E-02   8.90607E-05   1.22764E-05   5.94705E+00   6.51160E-01   7.46021E-02   1.02834E-02   5.52194E-02   1.01013E-02
 4.64000E+00               1.74015E-01   1.36058E-02   1.48078E-01   2.59196E-02   8.85785E-05   1.22418E-05   5.89437E+00   6.47073E-01   7.41881E-02   1.02530E-02   5.49974E-02   1.00869E-02
 4.80000E+00               4.44101E-01   3.48400E-02   1.42936E-01   2.51037E-02   8.73769E-05   1.21572E-05   5.76349E+00   6.36973E-01   7.31561E-02   1.01786E-02   5.44397E-02   1.00520E-02
 4.96000E+00               9.98859E-01   7.89276E-02   1.29998E-01   2.29965E-02   8.49084E-05   1.19851E-05   5.49587E+00   6.16208E-01   7.10318E-02   1.00264E-02   5.32699E-02   9.97868E-03
 5.12000E+00               1.59534E+00   1.27103E-01   1.11521E-01   1.98911E-02   8.22479E-05   1.18025E-05   5.21047E+00   5.93918E-01   6.87363E-02   9.86361E-03   5.19721E-02   9.89737E-03
 5.28000E+00               1.84522E+00   1.47551E-01   1.00506E-01   1.79923E-02   8.11338E-05   1.17282E-05   5.09255E+00   5.84744E-01   6.77735E-02   9.79693E-03   5.14165E-02   9.86354E-03
 5.44000E+00               1.90212E+00   1.52233E-01   9.71232E-02   1.74018E-02   8.08818E-05   1.17121E-05   5.06614E+00   5.82720E-01   6.75557E-02   9.78238E-03   5.12895E-02   9.85624E-03
 5.60000E+00               1.91297E+00   1.53127E-01   9.63495E-02   1.72661E-02   8.08341E-05   1.17091E-05   5.06117E+00   5.82345E-01   6.75144E-02   9.77971E-03   5.12653E-02   9.85492E-03
 5.76000E+00               1.91506E+00   1.53300E-01   9.61912E-02   1.72382E-02   8.08250E-05   1.17086E-05   5.06021E+00   5.82273E-01   6.75065E-02   9.77920E-03   5.12606E-02   9.85466E-03
 5.92000E+00               1.91555E+00   1.53339E-01   9.61599E-02   1.72328E-02   8.08228E-05   1.17084E-05   5.05999E+00   5.82256E-01   6.75046E-02   9.77908E-03   5.12594E-02   9.85458E-03
 6.08000E+00               1.91573E+00   1.53355E-01   9.61535E-02   1.72317E-02   8.08220E-05   1.17084E-05   5.05990E+00   5.82249E-01   6.75039E-02   9.77902E-03   5.12589E-02   9.85453E-03
 6.24000E+00               1.91586E+00   1.53365E-01   9.61518E-02   1.72314E-02   8.08214E-05   1.17083E-05   5.05984E+00   5.82244E-01   6.75033E-02   9.77898E-03   5.12585E-02   9.85450E-03
 6.40000E+00               1.91597E+00   1.53374E-01   9.61511E-02   1.72313E-02   8.08208E-05   1.17083E-05   5.05979E+00   5.82240E-01   6.75028E-02   9.77894E-03   5.12582E-02   9.85446E-03
 6.56000E+00               1.91607E+00   1.53383E-01   9.61507E-02   1.72312E-02   8.08204E-05   1.17082E-05   5.05974E+00   5.82236E-01   6.75024E-02   9.77890E-03   5.12579E-02   9.85443E-03
 6.72000E+00               1.91617E+00   1.53390E-01   9.61504E-02   1.72312E-02   8.08199E-05   1.17082E-05   5.05969E+00   5.82232E-01   6.75020E-02   9.77887E-03   5.12576E-02   9.85440E-03
 6.88000E+00               1.91626E+00   1.53398E-01   9.61501E-02   1.72312E-02   8.08194E-05   1.17082E-05   5.05964E+00   5.82228E-01   6.75016E-02   9.77884E-03   5.12573E-02   9.85437E-03
 7.04000E+00               1.91635E+00   1.53405E-01   9.61499E-02   1.72312E-02   8.08190E-05   1.17081E-05   5.05960E+00   5.82224E-01   6.75012E-02   9.77881E-03   5.12570E-02   9.85434E-03
 7.20000E+00               1.91643E+00   1.53412E-01   9.61497E-02   1.72312E-02   8.08186E-05   1.17081E-05   5.05956E+00   5.82221E-01   6.75008E-02   9.77878E-03   5.12568E-02   9.85432E-03
 7.36000E+00               1.91651E+00   1.53419E-01   9.61496E-02   1.72312E-02   8.08182E-05   1.17081E-05   5.05952E+00   5.82218E-01   6.75005E-02   9.77875E-03   5.12565E-02   9.85429E-03
 7.52000E+00               1.91659E+00   1.53425E-01   9.61495E-02   1.72311E-02   8.08179E-05   1.17081E-05   5.05948E+00   5.82215E-01   6.75002E-02   9.77872E-03   5.12563E-02   9.85426E-03
 7.68000E+00               1.91666E+00   1.53431E-01   9.61494E-02   1.72312E-02   8.08175E-05   1.17080E-05   5.05945E+00   5.82212E-01   6.74998E-02   9.77869E-03   5.12560E-02   9.85424E-03
 7.84000E+00               1.91673E+00   1.53437E-01   9.61493E-02   1.72312E-02   8.08172E-05   1.17080E-05   5.05941E+00   5.82209E-01   6.74995E-02   9.77867E-03   5.12558E-02   9.85422E-03
 8.00000E+00               8.51899E-01   9.20641E-01   4.27318E-02   1.03384E-01   3.59188E-05   7.02483E-05   2.24862E+00   3.49325E+00   2.99997E-02   5.86720E-02   2.27799E-02   5.91241E-02
 8.16000E+00               8.51896E-01   9.20638E-01   4.27305E-02   1.03381E-01   3.59189E-05   7.02483E-05   2.24862E+00   3.49325E+00   2.99998E-02   5.86720E-02   2.27798E-02   5.91239E-02
 8.32000E+00               8.51869E-01   9.20608E-01   4.27305E-02   1.03381E-01   3.59190E-05   7.02485E-05   2.24863E+00   3.49326E+00   2.99999E-02   5.86721E-02   2.27798E-02   5.91239E-02
 8.48000E+00               8.51828E-01   9.20563E-01   4.27320E-02   1.03384E-01   3.59192E-05   7.02487E-05   2.24865E+00   3.49328E+00   3.00000E-02   5.86723E-02   2.27799E-02   5.91239E-02
 8.64000E+00               8.51791E-01   9.20522E-01   4.27342E-02   1.03390E-01   3.59194E-05   7.02488E-05   2.24867E+00   3.49330E+00   3.00002E-02   5.86724E-02   2.27800E-02   5.91240E-02
 8.80000E+00               8.51769E-01   9.20497E-01   4.27362E-02   1.03394E-01   3.59195E-05   7.02489E-05   2.24868E+00   3.49331E+00   3.00002E-02   5.86724E-02   2.27800E-02   5.91240E-02
 8.96000E+00               8.51764E-01   9.20491E-01   4.27376E-02   1.03398E-01   3.59195E-05   7.02489E-05   2.24868E+00   3.49331E+00   3.00002E-02   5.86724E-02   2.27800E-02   5.91239E-02
 9.12000E+00               8.51773E-01   9.20501E-01   4.27383E-02   1.03399E-01   3.59194E-05   7.02488E-05   2.24868E+00   3.49331E+00   3.00002E-02   5.86724E-02   2.27800E-02   5.91239E-02
 9.28000E+00               8.51791E-01   9.20521E-01   4.27387E-02   1.03400E-01   3.59193E-05   7.02487E-05   2.24867E+00   3.49330E+00   3.00001E-02   5.86723E-02   2.27799E-02   5.91238E-02
 9.44000E+00               8.51814E-01   9.20547E-01   4.27388E-02   1.03401E-01   3.59192E-05   7.02486E-05   2.24866E+00   3.49329E+00   3.00000E-02   5.86722E-02   2.27798E-02   5.91237E-02
 9.60000E+00               8.51839E-01   9.20574E-01   4.27389E-02   1.03401E-01   3.59191E-05   7.02485E-05   2.24865E+00   3.49327E+00   2.99999E-02   5.86720E-02   2.27798E-02   5.91236E-02
 9.76000E+00               8.51864E-01   9.20602E-01   4.27389E-02   1.03401E-01   3.59190E-05   7.02483E-05   2.24863E+00   3.49326E+00   2.99998E-02   5.86719E-02   2.27797E-02   5.91235E-02
 9.92000E+00               8.51891E-01   9.20632E-01   4.27389E-02   1.03401E-01   3.59189E-05   7.02482E-05   2.24862E+00   3.49324E+00   2.99997E-02   5.86718E-02   2.27796E-02   5.91234E-02
 1.00800E+01               8.51918E-01   9.20662E-01   4.27389E-02   1.03401E-01   3.59187E-05   7.02481E-05   2.24861E+00   3.49323E+00   2.99996E-02   5.86717E-02   2.27795E-02   5.91233E-02
 1.02400E+01               8.51947E-01   9.20694E-01   4.27390E-02   1.03402E-01   3.59186E-05   7.02479E-05   2.24859E+00   3.49321E+00   2.99994E-02   5.86715E-02   2.27795E-02   5.91232E-02
 1.04000E+01               8.51978E-01   9.20728E-01   4.27390E-02   1.03402E-01   3.59184E-05   7.02477E-05   2.24858E+00   3.49320E+00   2.99993E-02   5.86714E-02   2.27794E-02   5.91230E-02
 1.05600E+01               8.52012E-01   9.20766E-01   4.27391E-02   1.03402E-01   3.59183E-05   7.02476E-05   2.24856E+00   3.49318E+00   2.99991E-02   5.86712E-02   2.27793E-02   5.91229E-02
 1.07200E+01               8.52050E-01   9.20809E-01   4.27392E-02   1.03402E-01   3.59181E-05   7.02474E-05   2.24854E+00   3.49316E+00   2.99990E-02   5.86710E-02   2.27792E-02   5.91228E-02
 1.08800E+01               8.52095E-01   9.20858E-01   4.27394E-02   1.03403E-01   3.59178E-05   7.02471E-05   2.24852E+00   3.49313E+00   2.99988E-02   5.86708E-02   2.27790E-02   5.91226E-02
 1.10400E+01               8.52145E-01   9.20914E-01   4.27395E-02   1.03403E-01   3.59176E-05   7.02468E-05   2.24849E+00   3.49310E+00   2.99986E-02   5.86705E-02   2.27789E-02   5.91224E-02
 1.12000E+01               8.52204E-01   9.20979E-01   4.27398E-02   1.03404E-01   3.59173E-05   7.02465E-05   2.24847E+00   3.49307E+00   2.99983E-02   5.86702E-02   2.27787E-02   5.91222E-02
 1.13600E+01               8.52272E-01   9.21054E-01   4.27400E-02   1.03405E-01   3.59170E-05   7.02462E-05   2.24843E+00   3.49303E+00   2.99980E-02   5.86699E-02   2.27785E-02   5.91219E-02
 1.15200E+01               8.52349E-01   9.21140E-01   4.27404E-02   1.03406E-01   3.59166E-05   7.02458E-05   2.24839E+00   3.49299E+00   2.99977E-02   5.86695E-02   2.27783E-02   5.91216E-02
 1.16800E+01               8.52436E-01   9.21237E-01   4.27408E-02   1.03407E-01   3.59161E-05   7.02453E-05   2.24835E+00   3.49294E+00   2.99973E-02   5.86691E-02   2.27781E-02   5.91213E-02
 1.18400E+01               8.52534E-01   9.21345E-01   4.27412E-02   1.03409E-01   3.59157E-05   7.02448E-05   2.24830E+00   3.49289E+00   2.99969E-02   5.86686E-02   2.27778E-02   5.91209E-02
 1.20000E+01               8.52640E-01   9.21463E-01   4.27417E-02   1.03410E-01   3.59151E-05   7.02442E-05   2.24825E+00   3.49283E+00   2.99964E-02   5.86681E-02   2.27775E-02   5.91206E-02
 1.21600E+01               8.52755E-01   9.21591E-01   4.27422E-02   1.03412E-01   3.59146E-05   7.02436E-05   2.24819E+00   3.49277E+00   2.99959E-02   5.86676E-02   2.27772E-02   5.91201E-02
 1.23200E+01               8.52876E-01   9.21725E-01   4.27428E-02   1.03414E-01   3.59140E-05   7.02429E-05   2.24813E+00   3.49270E+00   2.99954E-02   5.86670E-02   2.27768E-02   5.91197E-02
 1.24800E+01               8.53002E-01   9.21864E-01   4.27434E-02   1.03416E-01   3.59134E-05   7.02423E-05   2.24807E+00   3.49263E+00   2.99948E-02   5.86664E-02   2.27765E-02   5.91193E-02
 1.26400E+01               8.53129E-01   9.22005E-01   4.27440E-02   1.03417E-01   3.59127E-05   7.02416E-05   2.24801E+00   3.49256E+00   2.99943E-02   5.86658E-02   2.27761E-02   5.91188E-02
 1.28000E+01               8.53255E-01   9.22145E-01   4.27446E-02   1.03419E-01   3.59121E-05   7.02409E-05   2.24794E+00   3.49249E+00   2.99938E-02   5.86652E-02   2.27758E-02   5.91184E-02
 1.29600E+01               8.53377E-01   9.22281E-01   4.27451E-02   1.03421E-01   3.59115E-05   7.02403E-05   2.24788E+00   3.49242E+00   2.99932E-02   5.86646E-02   2.27754E-02   5.91180E-02
 1.31200E+01               8.53494E-01   9.22410E-01   4.27457E-02   1.03423E-01   3.59109E-05   7.02397E-05   2.24783E+00   3.49236E+00   2.99927E-02   5.86640E-02   2.27751E-02   5.91176E-02
 1.32800E+01               8.53602E-01   9.22530E-01   4.27462E-02   1.03424E-01   3.59104E-05   7.02391E-05   2.24777E+00   3.49230E+00   2.99923E-02   5.86635E-02   2.27748E-02   5.91172E-02
 1.34400E+01               8.53701E-01   9.22639E-01   4.27467E-02   1.03426E-01   3.59099E-05   7.02386E-05   2.24772E+00   3.49224E+00   2.99918E-02   5.86630E-02   2.27746E-02   5.91169E-02
 1.36000E+01               8.53788E-01   9.22737E-01   4.27471E-02   1.03427E-01   3.59095E-05   7.02381E-05   2.24768E+00   3.49219E+00   2.99915E-02   5.86626E-02   2.27743E-02   5.91166E-02
 1.37600E+01               8.53865E-01   9.22821E-01   4.27474E-02   1.03428E-01   3.59091E-05   7.02377E-05   2.24764E+00   3.49215E+00   2.99911E-02   5.86623E-02   2.27741E-02   5.91164E-02
 1.39200E+01               8.53930E-01   9.22894E-01   4.27477E-02   1.03429E-01   3.59088E-05   7.02373E-05   2.24761E+00   3.49212E+00   2.99909E-02   5.86619E-02   2.27740E-02   5.91162E-02
 1.40800E+01               8.53985E-01   9.22954E-01   4.27480E-02   1.03430E-01   3.59085E-05   7.02370E-05   2.24758E+00   3.49208E+00   2.99906E-02   5.86617E-02   2.27738E-02   5.91160E-02
 1.42400E+01               8.54029E-01   9.23004E-01   4.27482E-02   1.03430E-01   3.59083E-05   7.02368E-05   2.24756E+00   3.49206E+00   2.99904E-02   5.86615E-02   2.27737E-02   5.91159E-02
 1.44000E+01               8.54065E-01   9.23044E-01   4.27484E-02   1.03431E-01   3.59081E-05   7.02366E-05   2.24754E+00   3.49204E+00   2.99903E-02   5.86613E-02   2.27736E-02   5.91157E-02
 1.45600E+01               8.54094E-01   9.23075E-01   4.27485E-02   1.03431E-01   3.59080E-05   7.02365E-05   2.24753E+00   3.49202E+00   2.99902E-02   5.86612E-02   2.27735E-02   5.91157E-02
 1.47200E+01               8.54115E-01   9.23099E-01   4.27486E-02   1.03432E-01   3.59078E-05   7.02363E-05   2.24752E+00   3.49201E+00   2.99901E-02   5.86611E-02   2.27735E-02   5.91156E-02
 1.48800E+01               8.54132E-01   9.23118E-01   4.27487E-02   1.03432E-01   3.59078E-05   7.02363E-05   2.24751E+00   3.49200E+00   2.99900E-02   5.86610E-02   2.27734E-02   5.91155E-02
 1.50400E+01               8.54144E-01   9.23131E-01   4.27487E-02   1.03432E-01   3.59077E-05   7.02362E-05   2.24750E+00   3.49200E+00   2.99899E-02   5.86609E-02   2.27734E-02   5.91155E-02
 1.52000E+01               8.54153E-01   9.23141E-01   4.27488E-02   1.03432E-01   3.59077E-05   7.02361E-05   2.24750E+00   3.49199E+00   2.99899E-02   5.86609E-02   2.27734E-02   5.91154E-02
 1.53600E+01               8.54160E-01   9.23148E-01   4.27488E-02   1.03432E-01   3.59076E-05   7.02361E-05   2.24750E+00   3.49199E+00   2.99899E-02   5.86608E-02   2.27734E-02   5.91154E-02
 1.55200E+01               8.54164E-01   9.23153E-01   4.27488E-02   1.03432E-01   3.59076E-05   7.02361E-05   2.24749E+00   3.49199E+00   2.99899E-02   5.86608E-02   2.27733E-02   5.91154E-02
 1.56800E+01               8.54167E-01   9.23157E-01   4.27489E-02   1.03433E-01   3.59076E-05   7.02361E-05   2.24749E+00   3.49198E+00   2.99898E-02   5.86608E-02   2.27733E-02   5.91154E-02
 1.58400E+01               8.54169E-01   9.23159E-01   4.27489E-02   1.03433E-01   3.59076E-05   7.02361E-05   2.24749E+00   3.49198E+00   2.99898E-02   5.86608E-02   2.27733E-02   5.91154E-02
 1.59600E+01               8.54173E-01   9.23163E-01   4.27489E-02   1.03433E-01   3.59076E-05   7.02360E-05   2.24749E+00   3.49198E+00   2.99897E-02   5.86606E-02   2.27730E-02   5.91146E-02
