# Units: Mol/m^3 porous medium
 TITLE = " Years"
VARIABLES = "X (meters)", "NaX       ", "NaY       ", "KX        ", "KY        ", "CaX2      ", "CaY2      ", "MgX2      ", "MgY2      ", "ZnX2      ", "ZnY2      ", "PbX2      ", "PbY2      ", "
 ZONE F=POINT,I=         101
 4.00000E-02               1.04529E-08   6.89431E-10   5.20380E-08   7.68379E-09   1.89219E+00   1.86087E-01   1.17735E-07   9.19729E-09   1.83804E+00   1.80763E-01   2.45446E+00   3.20338E-01
 1.60000E-01               1.04529E-08   6.89431E-10   5.20380E-08   7.68379E-09   1.89219E+00   1.86087E-01   1.17735E-07   9.19729E-09   1.83804E+00   1.80763E-01   2.45446E+00   3.20338E-01
 3.20000E-01               1.04529E-08   6.89431E-10   5.20380E-08   7.68379E-09   1.89219E+00   1.86087E-01   1.17735E-07   9.19729E-09   1.83804E+00   1.80763E-01   2.45446E+00   3.20338E-01
 4.80000E-01               1.04529E-08   6.89431E-10   5.20380E-08   7.68379E-09   1.89219E+00   1.86087E-01   1.17735E-07   9.19729E-09   1.83804E+00   1.80763E-01   2.45446E+00   3.20338E-01
 6.40000E-01               1.04529E-08   6.89431E-10   5.20380E-08   7.68379E-09   1.89219E+00   1.86087E-01   1.17735E-07   9.19729E-09   1.83804E+00   1.80763E-01   2.45446E+00   3.20338E-01
 8.00000E-01               1.04529E-08   6.89431E-10   5.20380E-08   7.68379E-09   1.89219E+00   1.86087E-01   1.17735E-07   9.19729E-09   1.83804E+00   1.80763E-01   2.45446E+00   3.20338E-01
 9.60000E-01               1.04529E-08   6.89431E-10   5.20380E-08   7.68379E-09   1.89219E+00   1.86087E-01   1.17735E-07   9.19729E-09   1.83804E+00   1.80763E-01   2.45446E+00   3.20338E-01
 1.12000E+00               1.04529E-08   6.89431E-10   5.20380E-08   7.68379E-09   1.89219E+00   1.86087E-01   1.17735E-07   9.19729E-09   1.83804E+00   1.80763E-01   2.45446E+00   3.20338E-01
 1.28000E+00               1.04529E-08   6.89431E-10   5.20380E-08   7.68379E-09   1.89219E+00   1.86087E-01   1.17735E-07   9.19729E-09   1.83804E+00   1.80763E-01   2.45446E+00   3.20338E-01
 1.44000E+00               1.04529E-08   6.89431E-10   5.20380E-08   7.68379E-09   1.89219E+00   1.86087E-01   1.17735E-07   9.19729E-09   1.83804E+00   1.80763E-01   2.45446E+00   3.20338E-01
 1.60000E+00               1.04529E-08   6.89431E-10   5.20380E-08   7.68379E-09   1.89219E+00   1.86087E-01   1.17735E-07   9.19729E-09   1.83804E+00   1.80763E-01   2.45446E+00   3.20338E-01
 1.76000E+00               1.04529E-08   6.89431E-10   5.20380E-08   7.68379E-09   1.89219E+00   1.86087E-01   1.17735E-07   9.19729E-09   1.83804E+00   1.80763E-01   2.45446E+00   3.20337E-01
 1.92000E+00               1.04529E-08   6.89431E-10   5.20380E-08   7.68379E-09   1.89219E+00   1.86088E-01   1.17736E-07   9.19730E-09   1.83804E+00   1.80763E-01   2.45445E+00   3.20337E-01
 2.08000E+00               1.04529E-08   6.89431E-10   5.20380E-08   7.68379E-09   1.89219E+00   1.86088E-01   1.17736E-07   9.19731E-09   1.83805E+00   1.80763E-01   2.45445E+00   3.20336E-01
 2.24000E+00               1.04529E-08   6.89432E-10   5.20380E-08   7.68380E-09   1.89220E+00   1.86089E-01   1.17736E-07   9.19736E-09   1.83806E+00   1.80764E-01   2.45443E+00   3.20334E-01
 2.40000E+00               1.04529E-08   6.89433E-10   5.20381E-08   7.68382E-09   1.89223E+00   1.86092E-01   1.17738E-07   9.19756E-09   1.83808E+00   1.80767E-01   2.45438E+00   3.20328E-01
 2.56000E+00               1.04529E-08   6.89437E-10   5.20383E-08   7.68388E-09   1.89230E+00   1.86100E-01   1.17747E-07   9.19832E-09   1.83814E+00   1.80773E-01   2.45425E+00   3.20314E-01
 2.72000E+00               1.04530E-08   6.89447E-10   5.20388E-08   7.68400E-09   1.89245E+00   1.86117E-01   1.17785E-07   9.20134E-09   1.83826E+00   1.80788E-01   2.45398E+00   3.20282E-01
 2.88000E+00               1.04532E-08   6.89467E-10   5.20398E-08   7.68425E-09   1.89277E+00   1.86153E-01   1.17935E-07   9.21338E-09   1.83854E+00   1.80820E-01   2.45339E+00   3.20214E-01
 3.04000E+00               1.04535E-08   6.89508E-10   5.20419E-08   7.68478E-09   1.89341E+00   1.86227E-01   1.18535E-07   9.26074E-09   1.83909E+00   1.80885E-01   2.45219E+00   3.20075E-01
 3.20000E+00               1.04541E-08   6.89586E-10   5.20459E-08   7.68578E-09   1.89465E+00   1.86370E-01   1.20856E-07   9.44312E-09   1.84016E+00   1.81010E-01   2.44987E+00   3.19808E-01
 3.36000E+00               1.04553E-08   6.89731E-10   5.20533E-08   7.68764E-09   1.89693E+00   1.86631E-01   1.29607E-07   1.01289E-08   1.84215E+00   1.81241E-01   2.44561E+00   3.19315E-01
 3.52000E+00               1.04573E-08   6.89987E-10   5.20662E-08   7.69090E-09   1.90093E+00   1.87090E-01   1.61767E-07   1.26466E-08   1.84565E+00   1.81650E-01   2.43810E+00   3.18447E-01
 3.68000E+00               1.04607E-08   6.90417E-10   5.20881E-08   7.69642E-09   1.90764E+00   1.87862E-01   2.77228E-07   2.16860E-08   1.85160E+00   1.82344E-01   2.42544E+00   3.16982E-01
 3.84000E+00               1.04663E-08   6.91115E-10   5.21234E-08   7.70534E-09   1.91844E+00   1.89107E-01   6.83008E-07   5.34794E-08   1.86130E+00   1.83475E-01   2.40495E+00   3.14606E-01
 4.00000E+00               1.04749E-08   6.92202E-10   5.21784E-08   7.71923E-09   1.93509E+00   1.91034E-01   2.08122E-06   1.63203E-07   1.87651E+00   1.85252E-01   2.37308E+00   3.10902E-01
 4.16000E+00               1.04877E-08   6.93828E-10   5.22603E-08   7.74002E-09   1.95972E+00   1.93900E-01   6.80863E-06   5.35110E-07   1.89950E+00   1.87942E-01   2.32546E+00   3.05346E-01
 4.32000E+00               1.05061E-08   6.96167E-10   5.23776E-08   7.76991E-09   1.99459E+00   1.97988E-01   2.24885E-05   1.77315E-06   1.93295E+00   1.91869E-01   2.25712E+00   2.97329E-01
 4.48000E+00               1.05314E-08   6.99398E-10   5.25385E-08   7.81116E-09   2.04174E+00   2.03572E-01   7.34424E-05   5.81654E-06   1.97979E+00   1.97396E-01   2.16308E+00   2.86214E-01
 4.64000E+00               1.05646E-08   7.03673E-10   5.27498E-08   7.86573E-09   2.10234E+00   2.10854E-01   2.35305E-04   1.87461E-05   2.04282E+00   2.04884E-01   2.03929E+00   2.71431E-01
 4.80000E+00               1.06062E-08   7.09085E-10   5.30149E-08   7.93480E-09   2.17594E+00   2.19870E-01   7.36461E-04   5.91111E-05   2.12409E+00   2.14631E-01   1.88392E+00   2.52628E-01
 4.96000E+00               1.06561E-08   7.15633E-10   5.33335E-08   8.01849E-09   2.25962E+00   2.30390E-01   2.24399E-03   1.81739E-04   2.22424E+00   2.26782E-01   1.69858E+00   2.29834E-01
 5.12000E+00               1.07137E-08   7.23234E-10   5.37046E-08   8.11618E-09   2.34738E+00   2.41828E-01   6.63661E-03   5.43087E-04   2.34155E+00   2.41228E-01   1.48913E+00   2.03589E-01
 5.28000E+00               1.07793E-08   7.31832E-10   5.41370E-08   8.22840E-09   2.42956E+00   2.53170E-01   1.90016E-02   1.57281E-03   2.47087E+00   2.57474E-01   1.26526E+00   1.74970E-01
 5.44000E+00               1.08575E-08   7.41705E-10   5.46760E-08   8.36181E-09   2.49190E+00   2.62893E-01   5.25257E-02   4.40171E-03   2.60143E+00   2.74448E-01   1.03884E+00   1.45445E-01
 5.60000E+00               1.09636E-08   7.54127E-10   5.54566E-08   8.53977E-09   2.51228E+00   2.68717E-01   1.39515E-01   1.18536E-02   2.71164E+00   2.90041E-01   8.21260E-01   1.16576E-01
 5.76000E+00               1.11353E-08   7.72532E-10   5.67865E-08   8.81982E-09   2.45366E+00   2.66985E-01   3.52024E-01   3.04259E-02   2.75791E+00   3.00090E-01   6.21089E-01   8.96861E-02
 5.92000E+00               1.14403E-08   8.03596E-10   5.91761E-08   9.30561E-09   2.25783E+00   2.51844E-01   8.21989E-01   7.28294E-02   2.66113E+00   2.96829E-01   4.43732E-01   6.56842E-02
 6.08000E+00               1.19422E-08   8.54835E-10   6.30269E-08   1.01001E-08   1.86899E+00   2.16494E-01   1.69502E+00   1.55961E-01   2.32600E+00   2.69433E-01   2.94684E-01   4.52998E-02
 6.24000E+00               1.25925E-08   9.24278E-10   6.78641E-08   1.11514E-08   1.32164E+00   1.60967E-01   2.92827E+00   2.83292E-01   1.75188E+00   2.13368E-01   1.82891E-01   2.95607E-02
 6.40000E+00               1.32021E-08   9.93734E-10   7.22866E-08   1.21811E-08   7.82940E-01   1.00283E-01   4.16606E+00   4.23864E-01   1.12189E+00   1.43698E-01   1.13793E-01   1.93426E-02
 6.56000E+00               1.36235E-08   1.04473E-09   7.53170E-08   1.29303E-08   4.00833E-01   5.32888E-02   5.06485E+00   5.34859E-01   6.39630E-01   8.50357E-02   7.93763E-02   1.40044E-02
 6.72000E+00               1.38582E-08   1.07430E-09   7.70548E-08   1.33728E-08   1.87018E-01   2.54080E-02   5.58051E+00   6.02226E-01   3.52373E-01   4.78728E-02   6.47873E-02   1.16809E-02
 6.88000E+00               1.39735E-08   1.08916E-09   7.80706E-08   1.36231E-08   8.30052E-02   1.14005E-02   5.83804E+00   6.36922E-01   2.04553E-01   2.80948E-02   5.90909E-02   1.07706E-02
 7.04000E+00               1.40267E-08   1.09609E-09   7.89315E-08   1.38083E-08   3.59402E-02   4.96141E-03   5.95781E+00   6.53298E-01   1.34021E-01   1.85012E-02   5.69171E-02   1.04272E-02
 7.20000E+00               1.40504E-08   1.09920E-09   8.02032E-08   1.40468E-08   1.53834E-02   2.12847E-03   6.01163E+00   6.60705E-01   1.01596E-01   1.40570E-02   5.60805E-02   1.02974E-02
 7.36000E+00               1.40609E-08   1.10057E-09   8.26813E-08   1.44881E-08   6.56118E-03   9.08729E-04   6.03541E+00   6.63986E-01   8.69686E-02   1.20452E-02   5.57518E-02   1.02473E-02
 7.52000E+00               1.40655E-08   1.10117E-09   8.77667E-08   1.53826E-08   2.81156E-03   3.89575E-04   6.04582E+00   6.65424E-01   8.04404E-02   1.11460E-02   5.56198E-02   1.02276E-02
 7.68000E+00               1.40675E-08   1.10144E-09   9.80724E-08   1.71905E-08   1.22827E-03   1.70224E-04   6.05034E+00   6.66050E-01   7.75487E-02   1.07474E-02   5.55658E-02   1.02196E-02
 7.84000E+00               1.40684E-08   1.10155E-09   1.18446E-07   2.07626E-08   5.63360E-04   7.80817E-05   6.05230E+00   6.66321E-01   7.62760E-02   1.05718E-02   5.55434E-02   1.02163E-02
 8.00000E+00               6.25278E-09   6.60960E-09   7.83341E-08   1.85376E-07   1.21505E-04   2.27357E-04   2.69031E+00   3.99866E+00   3.36419E-02   6.29496E-02   2.46813E-02   6.12887E-02
 8.16000E+00               6.25285E-09   6.60972E-09   1.35685E-07   3.21098E-07   7.13278E-05   1.33468E-04   2.69046E+00   3.99896E+00   3.35361E-02   6.27526E-02   2.46781E-02   6.12819E-02
 8.32000E+00               6.25288E-09   6.60978E-09   2.58030E-07   6.10628E-07   5.19243E-05   9.71613E-05   2.69053E+00   3.99908E+00   3.34928E-02   6.26721E-02   2.46736E-02   6.12711E-02
 8.48000E+00               6.25289E-09   6.60981E-09   5.08422E-07   1.20318E-06   4.44756E-05   8.32236E-05   2.69056E+00   3.99915E+00   3.34745E-02   6.26380E-02   2.46661E-02   6.12527E-02
 8.64000E+00               6.25290E-09   6.60983E-09   1.00161E-06   2.37033E-06   4.16371E-05   7.79123E-05   2.69059E+00   3.99920E+00   3.34652E-02   6.26208E-02   2.46558E-02   6.12272E-02
 8.80000E+00               6.25292E-09   6.60986E-09   1.93895E-06   4.58856E-06   4.05612E-05   7.58994E-05   2.69061E+00   3.99924E+00   3.34580E-02   6.26077E-02   2.46442E-02   6.11987E-02
 8.96000E+00               6.25293E-09   6.60988E-09   3.66164E-06   8.66535E-06   4.01524E-05   7.51347E-05   2.69062E+00   3.99928E+00   3.34502E-02   6.25932E-02   2.46340E-02   6.11736E-02
 9.12000E+00               6.25294E-09   6.60990E-09   6.72894E-06   1.59242E-05   3.99931E-05   7.48367E-05   2.69064E+00   3.99931E+00   3.34406E-02   6.25754E-02   2.46274E-02   6.11574E-02
 9.28000E+00               6.25295E-09   6.60992E-09   1.20285E-05   2.84658E-05   3.99262E-05   7.47116E-05   2.69065E+00   3.99933E+00   3.34297E-02   6.25550E-02   2.46254E-02   6.11524E-02
 9.44000E+00               6.25297E-09   6.60993E-09   2.09263E-05   4.95225E-05   3.98943E-05   7.46519E-05   2.69065E+00   3.99933E+00   3.34184E-02   6.25339E-02   2.46276E-02   6.11579E-02
 9.60000E+00               6.25299E-09   6.60995E-09   3.54614E-05   8.39201E-05   3.98774E-05   7.46200E-05   2.69065E+00   3.99932E+00   3.34082E-02   6.25146E-02   2.46327E-02   6.11704E-02
 9.76000E+00               6.25302E-09   6.60997E-09   5.85896E-05   1.38653E-04   3.98688E-05   7.46037E-05   2.69064E+00   3.99930E+00   3.34003E-02   6.24997E-02   2.46391E-02   6.11860E-02
 9.92000E+00               6.25307E-09   6.61000E-09   9.44729E-05   2.23571E-04   3.98664E-05   7.45990E-05   2.69062E+00   3.99925E+00   3.33956E-02   6.24906E-02   2.46454E-02   6.12013E-02
 1.00800E+01               6.25314E-09   6.61005E-09   1.48806E-04   3.52151E-04   3.98692E-05   7.46036E-05   2.69059E+00   3.99917E+00   3.33944E-02   6.24879E-02   2.46507E-02   6.12141E-02
 1.02400E+01               6.25324E-09   6.61013E-09   2.29165E-04   5.42317E-04   3.98758E-05   7.46153E-05   2.69054E+00   3.99906E+00   3.33963E-02   6.24909E-02   2.46547E-02   6.12236E-02
 1.04000E+01               6.25339E-09   6.61024E-09   3.45342E-04   8.17244E-04   3.98849E-05   7.46313E-05   2.69048E+00   3.99891E+00   3.34006E-02   6.24980E-02   2.46576E-02   6.12299E-02
 1.05600E+01               6.25361E-09   6.61041E-09   5.09642E-04   1.20604E-03   3.98950E-05   7.46488E-05   2.69039E+00   3.99871E+00   3.34062E-02   6.25074E-02   2.46595E-02   6.12335E-02
 1.07200E+01               6.25391E-09   6.61064E-09   7.37078E-04   1.74424E-03   3.99048E-05   7.46653E-05   2.69027E+00   3.99843E+00   3.34123E-02   6.25172E-02   2.46607E-02   6.12350E-02
 1.08800E+01               6.25431E-09   6.61096E-09   1.04543E-03   2.47390E-03   3.99135E-05   7.46789E-05   2.69011E+00   3.99805E+00   3.34180E-02   6.25257E-02   2.46616E-02   6.12350E-02
 1.10400E+01               6.25486E-09   6.61139E-09   1.45512E-03   3.44328E-03   3.99204E-05   7.46887E-05   2.68990E+00   3.99756E+00   3.34228E-02   6.25320E-02   2.46622E-02   6.12338E-02
 1.12000E+01               6.25557E-09   6.61195E-09   1.98878E-03   4.70597E-03   3.99256E-05   7.46941E-05   2.68963E+00   3.99693E+00   3.34265E-02   6.25354E-02   2.46627E-02   6.12315E-02
 1.13600E+01               6.25648E-09   6.61267E-09   2.67066E-03   6.31924E-03   3.99291E-05   7.46952E-05   2.68928E+00   3.99613E+00   3.34291E-02   6.25357E-02   2.46632E-02   6.12284E-02
 1.15200E+01               6.25762E-09   6.61358E-09   3.52564E-03   8.34190E-03   3.99311E-05   7.46921E-05   2.68885E+00   3.99512E+00   3.34306E-02   6.25327E-02   2.46638E-02   6.12242E-02
 1.16800E+01               6.25903E-09   6.61469E-09   4.57802E-03   1.08313E-02   3.99319E-05   7.46852E-05   2.68833E+00   3.99389E+00   3.34312E-02   6.25267E-02   2.46645E-02   6.12191E-02
 1.18400E+01               6.26073E-09   6.61604E-09   5.85011E-03   1.38400E-02   3.99318E-05   7.46748E-05   2.68769E+00   3.99240E+00   3.34309E-02   6.25178E-02   2.46653E-02   6.12128E-02
 1.20000E+01               6.26275E-09   6.61764E-09   7.36059E-03   1.74121E-02   3.99309E-05   7.46611E-05   2.68693E+00   3.99063E+00   3.34301E-02   6.25061E-02   2.46663E-02   6.12053E-02
 1.21600E+01               6.26511E-09   6.61951E-09   9.12291E-03   2.15790E-02   3.99295E-05   7.46443E-05   2.68605E+00   3.98857E+00   3.34287E-02   6.24918E-02   2.46675E-02   6.11966E-02
 1.23200E+01               6.26781E-09   6.62165E-09   1.11438E-02   2.63562E-02   3.99276E-05   7.46246E-05   2.68504E+00   3.98621E+00   3.34270E-02   6.24749E-02   2.46688E-02   6.11866E-02
 1.24800E+01               6.27087E-09   6.62407E-09   1.34218E-02   3.17401E-02   3.99253E-05   7.46021E-05   2.68390E+00   3.98355E+00   3.34248E-02   6.24557E-02   2.46702E-02   6.11754E-02
 1.26400E+01               6.27425E-09   6.62675E-09   1.59466E-02   3.77057E-02   3.99226E-05   7.45770E-05   2.68264E+00   3.98060E+00   3.34224E-02   6.24343E-02   2.46719E-02   6.11629E-02
 1.28000E+01               6.27795E-09   6.62968E-09   1.86984E-02   4.42057E-02   3.99197E-05   7.45496E-05   2.68127E+00   3.97739E+00   3.34197E-02   6.24108E-02   2.46737E-02   6.11493E-02
 1.29600E+01               6.28191E-09   6.63281E-09   2.16479E-02   5.11706E-02   3.99166E-05   7.45202E-05   2.67979E+00   3.97394E+00   3.34168E-02   6.23857E-02   2.46756E-02   6.11347E-02
 1.31200E+01               6.28610E-09   6.63612E-09   2.47572E-02   5.85107E-02   3.99133E-05   7.44891E-05   2.67824E+00   3.97032E+00   3.34137E-02   6.23591E-02   2.46776E-02   6.11193E-02
 1.32800E+01               6.29044E-09   6.63956E-09   2.79812E-02   6.61188E-02   3.99098E-05   7.44570E-05   2.67663E+00   3.96656E+00   3.34105E-02   6.23316E-02   2.46797E-02   6.11033E-02
 1.34400E+01               6.29487E-09   6.64306E-09   3.12690E-02   7.38747E-02   3.99063E-05   7.44241E-05   2.67499E+00   3.96272E+00   3.34072E-02   6.23035E-02   2.46818E-02   6.10870E-02
 1.36000E+01               6.29932E-09   6.64658E-09   3.45663E-02   8.16502E-02   3.99028E-05   7.43912E-05   2.67334E+00   3.95888E+00   3.34039E-02   6.22753E-02   2.46839E-02   6.10707E-02
 1.37600E+01               6.30371E-09   6.65006E-09   3.78176E-02   8.93148E-02   3.98993E-05   7.43587E-05   2.67171E+00   3.95509E+00   3.34007E-02   6.22475E-02   2.46861E-02   6.10546E-02
 1.39200E+01               6.30798E-09   6.65343E-09   4.09690E-02   9.67411E-02   3.98959E-05   7.43272E-05   2.67014E+00   3.95142E+00   3.33976E-02   6.22206E-02   2.46881E-02   6.10389E-02
 1.40800E+01               6.31204E-09   6.65664E-09   4.39700E-02   1.03811E-01   3.98927E-05   7.42972E-05   2.66864E+00   3.94793E+00   3.33946E-02   6.21949E-02   2.46900E-02   6.10240E-02
 1.42400E+01               6.31584E-09   6.65964E-09   4.67759E-02   1.10418E-01   3.98897E-05   7.42691E-05   2.66724E+00   3.94466E+00   3.33918E-02   6.21709E-02   2.46919E-02   6.10101E-02
 1.44000E+01               6.31933E-09   6.66240E-09   4.93492E-02   1.16477E-01   3.98869E-05   7.42434E-05   2.66595E+00   3.94167E+00   3.33892E-02   6.21489E-02   2.46935E-02   6.09973E-02
 1.45600E+01               6.32247E-09   6.66488E-09   5.16611E-02   1.21918E-01   3.98844E-05   7.42203E-05   2.66480E+00   3.93898E+00   3.33869E-02   6.21291E-02   2.46950E-02   6.09858E-02
 1.47200E+01               6.32523E-09   6.66705E-09   5.36920E-02   1.26697E-01   3.98823E-05   7.42000E-05   2.66378E+00   3.93661E+00   3.33848E-02   6.21117E-02   2.46963E-02   6.09757E-02
 1.48800E+01               6.32759E-09   6.66892E-09   5.54317E-02   1.30790E-01   3.98804E-05   7.41826E-05   2.66291E+00   3.93459E+00   3.33831E-02   6.20968E-02   2.46975E-02   6.09670E-02
 1.50400E+01               6.32956E-09   6.67048E-09   5.68792E-02   1.34195E-01   3.98788E-05   7.41681E-05   2.66219E+00   3.93291E+00   3.33817E-02   6.20844E-02   2.46984E-02   6.09598E-02
 1.52000E+01               6.33115E-09   6.67172E-09   5.80422E-02   1.36930E-01   3.98776E-05   7.41564E-05   2.66161E+00   3.93156E+00   3.33805E-02   6.20745E-02   2.46992E-02   6.09540E-02
 1.53600E+01               6.33236E-09   6.67268E-09   5.89355E-02   1.39031E-01   3.98766E-05   7.41475E-05   2.66116E+00   3.93052E+00   3.33796E-02   6.20668E-02   2.46997E-02   6.09496E-02
 1.55200E+01               6.33324E-09   6.67338E-09   5.95805E-02   1.40548E-01   3.98759E-05   7.41410E-05   2.66084E+00   3.92977E+00   3.33789E-02   6.20613E-02   2.47001E-02   6.09463E-02
 1.56800E+01               6.33382E-09   6.67383E-09   6.00032E-02   1.41542E-01   3.98754E-05   7.41368E-05   2.66063E+00   3.92928E+00   3.33785E-02   6.20576E-02   2.47004E-02   6.09442E-02
 1.58400E+01               6.33413E-09   6.67408E-09   6.02328E-02   1.42082E-01   3.98752E-05   7.41345E-05   2.66051E+00   3.92901E+00   3.33783E-02   6.20557E-02   2.47005E-02   6.09430E-02
 1.59600E+01               6.33423E-09   6.67416E-09   6.03032E-02   1.42247E-01   3.98751E-05   7.41338E-05   2.66048E+00   3.92893E+00   3.33782E-02   6.20551E-02   2.47006E-02   6.09427E-02
