# Units: Mol/m^3 porous medium
 TITLE = " Years"
VARIABLES = "X (meters)", "NaX       ", "NaY       ", "KX        ", "KY        ", "CaX2      ", "CaY2      ", "MgX2      ", "MgY2      ", "ZnX2      ", "ZnY2      ", "PbX2      ", "PbY2      ", "
 ZONE F=POINT,I=         101
 4.00000E-02               1.92190E+00   1.53861E-01   9.61850E-02   1.72388E-02   8.07920E-05   1.17060E-05   5.05685E+00   5.81997E-01   6.74765E-02   9.77672E-03   5.12382E-02   9.85223E-03
 1.60000E-01               1.92190E+00   1.53861E-01   9.61850E-02   1.72388E-02   8.07920E-05   1.17060E-05   5.05685E+00   5.81997E-01   6.74765E-02   9.77672E-03   5.12382E-02   9.85223E-03
 3.20000E-01               1.92190E+00   1.53861E-01   9.61850E-02   1.72388E-02   8.07920E-05   1.17060E-05   5.05685E+00   5.81997E-01   6.74765E-02   9.77672E-03   5.12382E-02   9.85223E-03
 4.80000E-01               1.92190E+00   1.53861E-01   9.61850E-02   1.72388E-02   8.07920E-05   1.17060E-05   5.05685E+00   5.81997E-01   6.74765E-02   9.77672E-03   5.12382E-02   9.85223E-03
 6.40000E-01               1.92190E+00   1.53861E-01   9.61850E-02   1.72388E-02   8.07920E-05   1.17060E-05   5.05685E+00   5.81997E-01   6.74765E-02   9.77672E-03   5.12382E-02   9.85223E-03
 8.00000E-01               1.92190E+00   1.53861E-01   9.61850E-02   1.72388E-02   8.07920E-05   1.17060E-05   5.05685E+00   5.81997E-01   6.74765E-02   9.77672E-03   5.12382E-02   9.85223E-03
 9.60000E-01               1.92190E+00   1.53861E-01   9.61850E-02   1.72388E-02   8.07920E-05   1.17060E-05   5.05685E+00   5.81997E-01   6.74765E-02   9.77672E-03   5.12382E-02   9.85223E-03
 1.12000E+00               1.92190E+00   1.53861E-01   9.61850E-02   1.72388E-02   8.07920E-05   1.17060E-05   5.05685E+00   5.81997E-01   6.74765E-02   9.77672E-03   5.12382E-02   9.85223E-03
 1.28000E+00               1.92190E+00   1.53861E-01   9.61850E-02   1.72388E-02   8.07920E-05   1.17060E-05   5.05685E+00   5.81997E-01   6.74765E-02   9.77672E-03   5.12382E-02   9.85223E-03
 1.44000E+00               1.92190E+00   1.53861E-01   9.61850E-02   1.72388E-02   8.07920E-05   1.17060E-05   5.05685E+00   5.81997E-01   6.74765E-02   9.77672E-03   5.12382E-02   9.85223E-03
 1.60000E+00               1.92190E+00   1.53861E-01   9.61850E-02   1.72388E-02   8.07920E-05   1.17060E-05   5.05685E+00   5.81997E-01   6.74765E-02   9.77672E-03   5.12382E-02   9.85223E-03
 1.76000E+00               1.92190E+00   1.53861E-01   9.61850E-02   1.72388E-02   8.07920E-05   1.17060E-05   5.05685E+00   5.81997E-01   6.74765E-02   9.77672E-03   5.12382E-02   9.85223E-03
 1.92000E+00               1.92190E+00   1.53861E-01   9.61850E-02   1.72388E-02   8.07920E-05   1.17060E-05   5.05685E+00   5.81997E-01   6.74765E-02   9.77672E-03   5.12382E-02   9.85223E-03
 2.08000E+00               1.92190E+00   1.53861E-01   9.61850E-02   1.72388E-02   8.07920E-05   1.17060E-05   5.05685E+00   5.81997E-01   6.74765E-02   9.77672E-03   5.12382E-02   9.85223E-03
 2.24000E+00               1.92190E+00   1.53861E-01   9.61850E-02   1.72388E-02   8.07920E-05   1.17060E-05   5.05685E+00   5.81997E-01   6.74765E-02   9.77672E-03   5.12382E-02   9.85223E-03
 2.40000E+00               1.92190E+00   1.53861E-01   9.61850E-02   1.72388E-02   8.07920E-05   1.17060E-05   5.05685E+00   5.81997E-01   6.74765E-02   9.77672E-03   5.12382E-02   9.85223E-03
 2.56000E+00               1.92190E+00   1.53861E-01   9.61850E-02   1.72388E-02   8.07920E-05   1.17060E-05   5.05685E+00   5.81997E-01   6.74765E-02   9.77672E-03   5.12382E-02   9.85223E-03
 2.72000E+00               1.92190E+00   1.53861E-01   9.61850E-02   1.72388E-02   8.07920E-05   1.17060E-05   5.05685E+00   5.81997E-01   6.74765E-02   9.77672E-03   5.12382E-02   9.85223E-03
 2.88000E+00               1.92190E+00   1.53861E-01   9.61850E-02   1.72388E-02   8.07920E-05   1.17060E-05   5.05685E+00   5.81997E-01   6.74765E-02   9.77672E-03   5.12382E-02   9.85223E-03
 3.04000E+00               1.92190E+00   1.53861E-01   9.61850E-02   1.72388E-02   8.07920E-05   1.17060E-05   5.05685E+00   5.81997E-01   6.74765E-02   9.77672E-03   5.12382E-02   9.85223E-03
 3.20000E+00               1.92190E+00   1.53861E-01   9.61850E-02   1.72388E-02   8.07920E-05   1.17060E-05   5.05685E+00   5.81997E-01   6.74765E-02   9.77672E-03   5.12382E-02   9.85223E-03
 3.36000E+00               1.92190E+00   1.53861E-01   9.61850E-02   1.72388E-02   8.07920E-05   1.17060E-05   5.05685E+00   5.81997E-01   6.74765E-02   9.77672E-03   5.12382E-02   9.85223E-03
 3.52000E+00               1.92190E+00   1.53861E-01   9.61850E-02   1.72388E-02   8.07920E-05   1.17060E-05   5.05685E+00   5.81997E-01   6.74765E-02   9.77672E-03   5.12382E-02   9.85223E-03
 3.68000E+00               1.92190E+00   1.53861E-01   9.61850E-02   1.72388E-02   8.07920E-05   1.17060E-05   5.05685E+00   5.81997E-01   6.74765E-02   9.77672E-03   5.12382E-02   9.85223E-03
 3.84000E+00               1.92190E+00   1.53861E-01   9.61850E-02   1.72388E-02   8.07920E-05   1.17060E-05   5.05685E+00   5.81997E-01   6.74765E-02   9.77672E-03   5.12382E-02   9.85223E-03
 4.00000E+00               1.92190E+00   1.53861E-01   9.61850E-02   1.72388E-02   8.07920E-05   1.17060E-05   5.05685E+00   5.81997E-01   6.74765E-02   9.77672E-03   5.12382E-02   9.85223E-03
 4.16000E+00               1.92190E+00   1.53861E-01   9.61850E-02   1.72388E-02   8.07920E-05   1.17060E-05   5.05685E+00   5.81997E-01   6.74765E-02   9.77672E-03   5.12382E-02   9.85223E-03
 4.32000E+00               1.92190E+00   1.53861E-01   9.61850E-02   1.72388E-02   8.07920E-05   1.17060E-05   5.05685E+00   5.81997E-01   6.74765E-02   9.77672E-03   5.12382E-02   9.85223E-03
 4.48000E+00               1.92190E+00   1.53861E-01   9.61850E-02   1.72388E-02   8.07920E-05   1.17060E-05   5.05685E+00   5.81997E-01   6.74765E-02   9.77672E-03   5.12382E-02   9.85223E-03
 4.64000E+00               1.92190E+00   1.53861E-01   9.61850E-02   1.72388E-02   8.07920E-05   1.17060E-05   5.05685E+00   5.81997E-01   6.74765E-02   9.77672E-03   5.12382E-02   9.85223E-03
 4.80000E+00               1.92190E+00   1.53861E-01   9.61850E-02   1.72388E-02   8.07920E-05   1.17060E-05   5.05685E+00   5.81997E-01   6.74765E-02   9.77672E-03   5.12382E-02   9.85223E-03
 4.96000E+00               1.92190E+00   1.53861E-01   9.61850E-02   1.72388E-02   8.07920E-05   1.17060E-05   5.05685E+00   5.81997E-01   6.74765E-02   9.77672E-03   5.12382E-02   9.85223E-03
 5.12000E+00               1.92190E+00   1.53861E-01   9.61850E-02   1.72388E-02   8.07920E-05   1.17060E-05   5.05685E+00   5.81997E-01   6.74765E-02   9.77672E-03   5.12382E-02   9.85223E-03
 5.28000E+00               1.92190E+00   1.53861E-01   9.61850E-02   1.72388E-02   8.07920E-05   1.17060E-05   5.05685E+00   5.81997E-01   6.74765E-02   9.77672E-03   5.12382E-02   9.85223E-03
 5.44000E+00               1.92190E+00   1.53861E-01   9.61850E-02   1.72388E-02   8.07920E-05   1.17060E-05   5.05685E+00   5.81997E-01   6.74765E-02   9.77672E-03   5.12382E-02   9.85223E-03
 5.60000E+00               1.92190E+00   1.53861E-01   9.61850E-02   1.72388E-02   8.07920E-05   1.17060E-05   5.05685E+00   5.81997E-01   6.74765E-02   9.77672E-03   5.12382E-02   9.85223E-03
 5.76000E+00               1.92190E+00   1.53861E-01   9.61850E-02   1.72388E-02   8.07920E-05   1.17060E-05   5.05685E+00   5.81997E-01   6.74765E-02   9.77672E-03   5.12382E-02   9.85223E-03
 5.92000E+00               1.92190E+00   1.53861E-01   9.61850E-02   1.72388E-02   8.07920E-05   1.17060E-05   5.05685E+00   5.81997E-01   6.74765E-02   9.77672E-03   5.12382E-02   9.85223E-03
 6.08000E+00               1.92190E+00   1.53861E-01   9.61850E-02   1.72388E-02   8.07920E-05   1.17060E-05   5.05685E+00   5.81997E-01   6.74765E-02   9.77672E-03   5.12382E-02   9.85223E-03
 6.24000E+00               1.92190E+00   1.53861E-01   9.61850E-02   1.72388E-02   8.07920E-05   1.17060E-05   5.05685E+00   5.81997E-01   6.74765E-02   9.77672E-03   5.12382E-02   9.85223E-03
 6.40000E+00               1.92190E+00   1.53861E-01   9.61850E-02   1.72388E-02   8.07920E-05   1.17060E-05   5.05685E+00   5.81997E-01   6.74765E-02   9.77672E-03   5.12382E-02   9.85223E-03
 6.56000E+00               1.92190E+00   1.53861E-01   9.61850E-02   1.72388E-02   8.07920E-05   1.17060E-05   5.05685E+00   5.81997E-01   6.74765E-02   9.77672E-03   5.12382E-02   9.85223E-03
 6.72000E+00               1.92190E+00   1.53861E-01   9.61850E-02   1.72388E-02   8.07920E-05   1.17060E-05   5.05685E+00   5.81997E-01   6.74765E-02   9.77672E-03   5.12382E-02   9.85223E-03
 6.88000E+00               1.92190E+00   1.53861E-01   9.61850E-02   1.72388E-02   8.07920E-05   1.17060E-05   5.05685E+00   5.81997E-01   6.74765E-02   9.77672E-03   5.12382E-02   9.85223E-03
 7.04000E+00               1.92190E+00   1.53861E-01   9.61850E-02   1.72388E-02   8.07920E-05   1.17060E-05   5.05685E+00   5.81997E-01   6.74765E-02   9.77672E-03   5.12382E-02   9.85223E-03
 7.20000E+00               1.92190E+00   1.53861E-01   9.61850E-02   1.72388E-02   8.07920E-05   1.17060E-05   5.05685E+00   5.81997E-01   6.74765E-02   9.77672E-03   5.12382E-02   9.85223E-03
 7.36000E+00               1.92190E+00   1.53861E-01   9.61850E-02   1.72388E-02   8.07920E-05   1.17060E-05   5.05685E+00   5.81997E-01   6.74765E-02   9.77672E-03   5.12382E-02   9.85223E-03
 7.52000E+00               1.92190E+00   1.53861E-01   9.61850E-02   1.72388E-02   8.07920E-05   1.17060E-05   5.05685E+00   5.81997E-01   6.74765E-02   9.77672E-03   5.12382E-02   9.85223E-03
 7.68000E+00               1.92190E+00   1.53861E-01   9.61850E-02   1.72388E-02   8.07920E-05   1.17060E-05   5.05685E+00   5.81997E-01   6.74765E-02   9.77672E-03   5.12382E-02   9.85223E-03
 7.84000E+00               1.92190E+00   1.53861E-01   9.61850E-02   1.72388E-02   8.07920E-05   1.17060E-05   5.05685E+00   5.81997E-01   6.74765E-02   9.77672E-03   5.12382E-02   9.85223E-03
 8.00000E+00               8.54177E-01   9.23167E-01   4.27489E-02   1.03433E-01   3.59075E-05   7.02360E-05   2.24749E+00   3.49198E+00   2.99896E-02   5.86603E-02   2.27725E-02   5.91134E-02
 8.16000E+00               8.54177E-01   9.23167E-01   4.27489E-02   1.03433E-01   3.59075E-05   7.02360E-05   2.24749E+00   3.49198E+00   2.99896E-02   5.86603E-02   2.27725E-02   5.91134E-02
 8.32000E+00               8.54177E-01   9.23167E-01   4.27489E-02   1.03433E-01   3.59075E-05   7.02360E-05   2.24749E+00   3.49198E+00   2.99896E-02   5.86603E-02   2.27725E-02   5.91134E-02
 8.48000E+00               8.54177E-01   9.23167E-01   4.27489E-02   1.03433E-01   3.59075E-05   7.02360E-05   2.24749E+00   3.49198E+00   2.99896E-02   5.86603E-02   2.27725E-02   5.91134E-02
 8.64000E+00               8.54177E-01   9.23167E-01   4.27489E-02   1.03433E-01   3.59075E-05   7.02360E-05   2.24749E+00   3.49198E+00   2.99896E-02   5.86603E-02   2.27725E-02   5.91134E-02
 8.80000E+00               8.54177E-01   9.23167E-01   4.27489E-02   1.03433E-01   3.59075E-05   7.02360E-05   2.24749E+00   3.49198E+00   2.99896E-02   5.86603E-02   2.27725E-02   5.91134E-02
 8.96000E+00               8.54177E-01   9.23167E-01   4.27489E-02   1.03433E-01   3.59075E-05   7.02360E-05   2.24749E+00   3.49198E+00   2.99896E-02   5.86603E-02   2.27725E-02   5.91134E-02
 9.12000E+00               8.54177E-01   9.23167E-01   4.27489E-02   1.03433E-01   3.59075E-05   7.02360E-05   2.24749E+00   3.49198E+00   2.99896E-02   5.86603E-02   2.27725E-02   5.91134E-02
 9.28000E+00               8.54177E-01   9.23167E-01   4.27489E-02   1.03433E-01   3.59075E-05   7.02360E-05   2.24749E+00   3.49198E+00   2.99896E-02   5.86603E-02   2.27725E-02   5.91134E-02
 9.44000E+00               8.54177E-01   9.23167E-01   4.27489E-02   1.03433E-01   3.59075E-05   7.02360E-05   2.24749E+00   3.49198E+00   2.99896E-02   5.86603E-02   2.27725E-02   5.91134E-02
 9.60000E+00               8.54177E-01   9.23167E-01   4.27489E-02   1.03433E-01   3.59075E-05   7.02360E-05   2.24749E+00   3.49198E+00   2.99896E-02   5.86603E-02   2.27725E-02   5.91134E-02
 9.76000E+00               8.54177E-01   9.23167E-01   4.27489E-02   1.03433E-01   3.59075E-05   7.02360E-05   2.24749E+00   3.49198E+00   2.99896E-02   5.86603E-02   2.27725E-02   5.91134E-02
 9.92000E+00               8.54177E-01   9.23167E-01   4.27489E-02   1.03433E-01   3.59075E-05   7.02360E-05   2.24749E+00   3.49198E+00   2.99896E-02   5.86603E-02   2.27725E-02   5.91134E-02
 1.00800E+01               8.54177E-01   9.23167E-01   4.27489E-02   1.03433E-01   3.59075E-05   7.02360E-05   2.24749E+00   3.49198E+00   2.99896E-02   5.86603E-02   2.27725E-02   5.91134E-02
 1.02400E+01               8.54177E-01   9.23167E-01   4.27489E-02   1.03433E-01   3.59075E-05   7.02360E-05   2.24749E+00   3.49198E+00   2.99896E-02   5.86603E-02   2.27725E-02   5.91134E-02
 1.04000E+01               8.54177E-01   9.23167E-01   4.27489E-02   1.03433E-01   3.59075E-05   7.02360E-05   2.24749E+00   3.49198E+00   2.99896E-02   5.86603E-02   2.27725E-02   5.91134E-02
 1.05600E+01               8.54177E-01   9.23167E-01   4.27489E-02   1.03433E-01   3.59075E-05   7.02360E-05   2.24749E+00   3.49198E+00   2.99896E-02   5.86603E-02   2.27725E-02   5.91134E-02
 1.07200E+01               8.54177E-01   9.23167E-01   4.27489E-02   1.03433E-01   3.59075E-05   7.02360E-05   2.24749E+00   3.49198E+00   2.99896E-02   5.86603E-02   2.27725E-02   5.91134E-02
 1.08800E+01               8.54177E-01   9.23167E-01   4.27489E-02   1.03433E-01   3.59075E-05   7.02360E-05   2.24749E+00   3.49198E+00   2.99896E-02   5.86603E-02   2.27725E-02   5.91134E-02
 1.10400E+01               8.54177E-01   9.23167E-01   4.27489E-02   1.03433E-01   3.59075E-05   7.02360E-05   2.24749E+00   3.49198E+00   2.99896E-02   5.86603E-02   2.27725E-02   5.91134E-02
 1.12000E+01               8.54177E-01   9.23167E-01   4.27489E-02   1.03433E-01   3.59075E-05   7.02360E-05   2.24749E+00   3.49198E+00   2.99896E-02   5.86603E-02   2.27725E-02   5.91134E-02
 1.13600E+01               8.54177E-01   9.23167E-01   4.27489E-02   1.03433E-01   3.59075E-05   7.02360E-05   2.24749E+00   3.49198E+00   2.99896E-02   5.86603E-02   2.27725E-02   5.91134E-02
 1.15200E+01               8.54177E-01   9.23167E-01   4.27489E-02   1.03433E-01   3.59075E-05   7.02360E-05   2.24749E+00   3.49198E+00   2.99896E-02   5.86603E-02   2.27725E-02   5.91134E-02
 1.16800E+01               8.54177E-01   9.23167E-01   4.27489E-02   1.03433E-01   3.59075E-05   7.02360E-05   2.24749E+00   3.49198E+00   2.99896E-02   5.86603E-02   2.27725E-02   5.91134E-02
 1.18400E+01               8.54177E-01   9.23167E-01   4.27489E-02   1.03433E-01   3.59075E-05   7.02360E-05   2.24749E+00   3.49198E+00   2.99896E-02   5.86603E-02   2.27725E-02   5.91134E-02
 1.20000E+01               8.54177E-01   9.23167E-01   4.27489E-02   1.03433E-01   3.59075E-05   7.02360E-05   2.24749E+00   3.49198E+00   2.99896E-02   5.86603E-02   2.27725E-02   5.91134E-02
 1.21600E+01               8.54177E-01   9.23167E-01   4.27489E-02   1.03433E-01   3.59075E-05   7.02360E-05   2.24749E+00   3.49198E+00   2.99896E-02   5.86603E-02   2.27725E-02   5.91134E-02
 1.23200E+01               8.54177E-01   9.23167E-01   4.27489E-02   1.03433E-01   3.59075E-05   7.02360E-05   2.24749E+00   3.49198E+00   2.99896E-02   5.86603E-02   2.27725E-02   5.91134E-02
 1.24800E+01               8.54177E-01   9.23167E-01   4.27489E-02   1.03433E-01   3.59075E-05   7.02360E-05   2.24749E+00   3.49198E+00   2.99896E-02   5.86603E-02   2.27725E-02   5.91134E-02
 1.26400E+01               8.54177E-01   9.23167E-01   4.27489E-02   1.03433E-01   3.59075E-05   7.02360E-05   2.24749E+00   3.49198E+00   2.99896E-02   5.86603E-02   2.27725E-02   5.91134E-02
 1.28000E+01               8.54177E-01   9.23167E-01   4.27489E-02   1.03433E-01   3.59075E-05   7.02360E-05   2.24749E+00   3.49198E+00   2.99896E-02   5.86603E-02   2.27725E-02   5.91134E-02
 1.29600E+01               8.54177E-01   9.23167E-01   4.27489E-02   1.03433E-01   3.59075E-05   7.02360E-05   2.24749E+00   3.49198E+00   2.99896E-02   5.86603E-02   2.27725E-02   5.91134E-02
 1.31200E+01               8.54177E-01   9.23167E-01   4.27489E-02   1.03433E-01   3.59075E-05   7.02360E-05   2.24749E+00   3.49198E+00   2.99896E-02   5.86603E-02   2.27725E-02   5.91134E-02
 1.32800E+01               8.54177E-01   9.23167E-01   4.27489E-02   1.03433E-01   3.59075E-05   7.02360E-05   2.24749E+00   3.49198E+00   2.99896E-02   5.86603E-02   2.27725E-02   5.91134E-02
 1.34400E+01               8.54177E-01   9.23167E-01   4.27489E-02   1.03433E-01   3.59075E-05   7.02360E-05   2.24749E+00   3.49198E+00   2.99896E-02   5.86603E-02   2.27725E-02   5.91134E-02
 1.36000E+01               8.54177E-01   9.23167E-01   4.27489E-02   1.03433E-01   3.59075E-05   7.02360E-05   2.24749E+00   3.49198E+00   2.99896E-02   5.86603E-02   2.27725E-02   5.91134E-02
 1.37600E+01               8.54177E-01   9.23167E-01   4.27489E-02   1.03433E-01   3.59075E-05   7.02360E-05   2.24749E+00   3.49198E+00   2.99896E-02   5.86603E-02   2.27725E-02   5.91134E-02
 1.39200E+01               8.54177E-01   9.23167E-01   4.27489E-02   1.03433E-01   3.59075E-05   7.02360E-05   2.24749E+00   3.49198E+00   2.99896E-02   5.86603E-02   2.27725E-02   5.91134E-02
 1.40800E+01               8.54177E-01   9.23167E-01   4.27489E-02   1.03433E-01   3.59075E-05   7.02360E-05   2.24749E+00   3.49198E+00   2.99896E-02   5.86603E-02   2.27725E-02   5.91134E-02
 1.42400E+01               8.54177E-01   9.23167E-01   4.27489E-02   1.03433E-01   3.59075E-05   7.02360E-05   2.24749E+00   3.49198E+00   2.99896E-02   5.86603E-02   2.27725E-02   5.91134E-02
 1.44000E+01               8.54177E-01   9.23167E-01   4.27489E-02   1.03433E-01   3.59075E-05   7.02360E-05   2.24749E+00   3.49198E+00   2.99896E-02   5.86603E-02   2.27725E-02   5.91134E-02
 1.45600E+01               8.54177E-01   9.23167E-01   4.27489E-02   1.03433E-01   3.59075E-05   7.02360E-05   2.24749E+00   3.49198E+00   2.99896E-02   5.86603E-02   2.27725E-02   5.91134E-02
 1.47200E+01               8.54177E-01   9.23167E-01   4.27489E-02   1.03433E-01   3.59075E-05   7.02360E-05   2.24749E+00   3.49198E+00   2.99896E-02   5.86603E-02   2.27725E-02   5.91134E-02
 1.48800E+01               8.54177E-01   9.23167E-01   4.27489E-02   1.03433E-01   3.59075E-05   7.02360E-05   2.24749E+00   3.49198E+00   2.99896E-02   5.86603E-02   2.27725E-02   5.91134E-02
 1.50400E+01               8.54177E-01   9.23167E-01   4.27489E-02   1.03433E-01   3.59075E-05   7.02360E-05   2.24749E+00   3.49198E+00   2.99896E-02   5.86603E-02   2.27725E-02   5.91134E-02
 1.52000E+01               8.54177E-01   9.23167E-01   4.27489E-02   1.03433E-01   3.59075E-05   7.02360E-05   2.24749E+00   3.49198E+00   2.99896E-02   5.86603E-02   2.27725E-02   5.91134E-02
 1.53600E+01               8.54177E-01   9.23167E-01   4.27489E-02   1.03433E-01   3.59075E-05   7.02360E-05   2.24749E+00   3.49198E+00   2.99896E-02   5.86603E-02   2.27725E-02   5.91134E-02
 1.55200E+01               8.54177E-01   9.23167E-01   4.27489E-02   1.03433E-01   3.59075E-05   7.02360E-05   2.24749E+00   3.49198E+00   2.99896E-02   5.86603E-02   2.27725E-02   5.91134E-02
 1.56800E+01               8.54177E-01   9.23167E-01   4.27489E-02   1.03433E-01   3.59075E-05   7.02360E-05   2.24749E+00   3.49198E+00   2.99896E-02   5.86603E-02   2.27725E-02   5.91134E-02
 1.58400E+01               8.54177E-01   9.23167E-01   4.27489E-02   1.03433E-01   3.59075E-05   7.02360E-05   2.24749E+00   3.49198E+00   2.99896E-02   5.86603E-02   2.27725E-02   5.91134E-02
 1.59600E+01               8.54177E-01   9.23167E-01   4.27489E-02   1.03433E-01   3.59075E-05   7.02360E-05   2.24749E+00   3.49198E+00   2.99896E-02   5.86603E-02   2.27725E-02   5.91134E-02
