 TITLE = " Years"
 VARIABLES = "X (meters)", "pH "
 ZONE F=POINT,I=         101
 4.00000E-02               7.99873E+00
 1.60000E-01               7.99873E+00
 3.20000E-01               7.99873E+00
 4.80000E-01               7.99873E+00
 6.40000E-01               7.99873E+00
 8.00000E-01               7.99873E+00
 9.60000E-01               7.99873E+00
 1.12000E+00               7.99873E+00
 1.28000E+00               7.99873E+00
 1.44000E+00               7.99873E+00
 1.60000E+00               7.99873E+00
 1.76000E+00               7.99873E+00
 1.92000E+00               7.99873E+00
 2.08000E+00               7.99873E+00
 2.24000E+00               7.99873E+00
 2.40000E+00               7.99873E+00
 2.56000E+00               7.99873E+00
 2.72000E+00               7.99873E+00
 2.88000E+00               7.99873E+00
 3.04000E+00               7.99873E+00
 3.20000E+00               7.99873E+00
 3.36000E+00               7.99873E+00
 3.52000E+00               7.99873E+00
 3.68000E+00               7.99873E+00
 3.84000E+00               7.99873E+00
 4.00000E+00               7.99873E+00
 4.16000E+00               7.99873E+00
 4.32000E+00               7.99873E+00
 4.48000E+00               7.99873E+00
 4.64000E+00               7.99873E+00
 4.80000E+00               7.99873E+00
 4.96000E+00               7.99873E+00
 5.12000E+00               7.99873E+00
 5.28000E+00               7.99873E+00
 5.44000E+00               7.99873E+00
 5.60000E+00               7.99873E+00
 5.76000E+00               7.99873E+00
 5.92000E+00               7.99873E+00
 6.08000E+00               7.99873E+00
 6.24000E+00               7.99873E+00
 6.40000E+00               7.99873E+00
 6.56000E+00               7.99873E+00
 6.72000E+00               7.99873E+00
 6.88000E+00               7.99873E+00
 7.04000E+00               7.99873E+00
 7.20000E+00               7.99873E+00
 7.36000E+00               7.99873E+00
 7.52000E+00               7.99873E+00
 7.68000E+00               7.99873E+00
 7.84000E+00               7.99873E+00
 8.00000E+00               7.99873E+00
 8.16000E+00               7.99873E+00
 8.32000E+00               7.99873E+00
 8.48000E+00               7.99873E+00
 8.64000E+00               7.99873E+00
 8.80000E+00               7.99873E+00
 8.96000E+00               7.99873E+00
 9.12000E+00               7.99873E+00
 9.28000E+00               7.99873E+00
 9.44000E+00               7.99873E+00
 9.60000E+00               7.99873E+00
 9.76000E+00               7.99873E+00
 9.92000E+00               7.99873E+00
 1.00800E+01               7.99873E+00
 1.02400E+01               7.99873E+00
 1.04000E+01               7.99873E+00
 1.05600E+01               7.99873E+00
 1.07200E+01               7.99873E+00
 1.08800E+01               7.99873E+00
 1.10400E+01               7.99873E+00
 1.12000E+01               7.99873E+00
 1.13600E+01               7.99873E+00
 1.15200E+01               7.99873E+00
 1.16800E+01               7.99873E+00
 1.18400E+01               7.99873E+00
 1.20000E+01               7.99873E+00
 1.21600E+01               7.99873E+00
 1.23200E+01               7.99873E+00
 1.24800E+01               7.99873E+00
 1.26400E+01               7.99873E+00
 1.28000E+01               7.99873E+00
 1.29600E+01               7.99873E+00
 1.31200E+01               7.99873E+00
 1.32800E+01               7.99873E+00
 1.34400E+01               7.99873E+00
 1.36000E+01               7.99873E+00
 1.37600E+01               7.99873E+00
 1.39200E+01               7.99873E+00
 1.40800E+01               7.99873E+00
 1.42400E+01               7.99873E+00
 1.44000E+01               7.99873E+00
 1.45600E+01               7.99873E+00
 1.47200E+01               7.99873E+00
 1.48800E+01               7.99873E+00
 1.50400E+01               7.99873E+00
 1.52000E+01               7.99873E+00
 1.53600E+01               7.99873E+00
 1.55200E+01               7.99873E+00
 1.56800E+01               7.99873E+00
 1.58400E+01               7.99873E+00
 1.59600E+01               7.99873E+00
