 TITLE = " Years"
 VARIABLES = "X (meters)", "pH "
 ZONE F=POINT,I=         101
 4.00000E-02               2.99873E+00
 1.60000E-01               2.99873E+00
 3.20000E-01               2.99876E+00
 4.80000E-01               2.99886E+00
 6.40000E-01               2.99910E+00
 8.00000E-01               2.99957E+00
 9.60000E-01               3.00024E+00
 1.12000E+00               3.00093E+00
 1.28000E+00               3.00137E+00
 1.44000E+00               3.00151E+00
 1.60000E+00               3.00154E+00
 1.76000E+00               3.00154E+00
 1.92000E+00               3.00155E+00
 2.08000E+00               3.00156E+00
 2.24000E+00               3.00157E+00
 2.40000E+00               3.00160E+00
 2.56000E+00               3.00163E+00
 2.72000E+00               3.00166E+00
 2.88000E+00               3.00170E+00
 3.04000E+00               3.00174E+00
 3.20000E+00               3.00178E+00
 3.36000E+00               3.00181E+00
 3.52000E+00               3.00184E+00
 3.68000E+00               3.00187E+00
 3.84000E+00               3.00189E+00
 4.00000E+00               3.00194E+00
 4.16000E+00               3.00202E+00
 4.32000E+00               3.00224E+00
 4.48000E+00               3.00277E+00
 4.64000E+00               3.00407E+00
 4.80000E+00               3.00680E+00
 4.96000E+00               3.01043E+00
 5.12000E+00               3.01242E+00
 5.28000E+00               3.01293E+00
 5.44000E+00               3.01302E+00
 5.60000E+00               3.01304E+00
 5.76000E+00               3.01304E+00
 5.92000E+00               3.01304E+00
 6.08000E+00               3.01304E+00
 6.24000E+00               3.01304E+00
 6.40000E+00               3.01305E+00
 6.56000E+00               3.01305E+00
 6.72000E+00               3.01305E+00
 6.88000E+00               3.01305E+00
 7.04000E+00               3.01306E+00
 7.20000E+00               3.01307E+00
 7.36000E+00               3.01308E+00
 7.52000E+00               3.01310E+00
 7.68000E+00               3.01313E+00
 7.84000E+00               3.01319E+00
 8.00000E+00               3.01327E+00
 8.16000E+00               3.01338E+00
 8.32000E+00               3.01355E+00
 8.48000E+00               3.01380E+00
 8.64000E+00               3.01415E+00
 8.80000E+00               3.01462E+00
 8.96000E+00               3.01528E+00
 9.12000E+00               3.01616E+00
 9.28000E+00               3.01732E+00
 9.44000E+00               3.01884E+00
 9.60000E+00               3.02079E+00
 9.76000E+00               3.02326E+00
 9.92000E+00               3.02635E+00
 1.00800E+01               3.03018E+00
 1.02400E+01               3.03485E+00
 1.04000E+01               3.04049E+00
 1.05600E+01               3.04723E+00
 1.07200E+01               3.05521E+00
 1.08800E+01               3.06455E+00
 1.10400E+01               3.07539E+00
 1.12000E+01               3.08788E+00
 1.13600E+01               3.10214E+00
 1.15200E+01               3.11830E+00
 1.16800E+01               3.13651E+00
 1.18400E+01               3.15688E+00
 1.20000E+01               3.17954E+00
 1.21600E+01               3.20460E+00
 1.23200E+01               3.23220E+00
 1.24800E+01               3.26243E+00
 1.26400E+01               3.29540E+00
 1.28000E+01               3.33121E+00
 1.29600E+01               3.36997E+00
 1.31200E+01               3.41176E+00
 1.32800E+01               3.45667E+00
 1.34400E+01               3.50477E+00
 1.36000E+01               3.55614E+00
 1.37600E+01               3.61085E+00
 1.39200E+01               3.66895E+00
 1.40800E+01               3.73049E+00
 1.42400E+01               3.79553E+00
 1.44000E+01               3.86410E+00
 1.45600E+01               3.93623E+00
 1.47200E+01               4.01198E+00
 1.48800E+01               4.09136E+00
 1.50400E+01               4.17443E+00
 1.52000E+01               4.26124E+00
 1.53600E+01               4.35186E+00
 1.55200E+01               4.44639E+00
 1.56800E+01               4.54498E+00
 1.58400E+01               4.64784E+00
 1.59600E+01               4.70373E+00
