# Units: Mol/kgw
 TITLE = " Years"
VARIABLES = "X (meters)", "H+        ", "SO4--     ", "Zn++      ", "Pb++      ", "Ca++      ", "Mg++      ", "K+        ", "Na+       ", "
 ZONE F=POINT,I=         101
 4.00000E-02               1.28842E-03   3.65419E-03   1.00293E-03   1.00293E-03   1.00293E-03   1.00386E-10   1.00293E-10   1.00293E-10
 1.60000E-01               1.28842E-03   3.65419E-03   1.00342E-03   1.00194E-03   1.00338E-03   6.59902E-08   1.00420E-10   1.00294E-10
 3.20000E-01               1.28842E-03   3.65419E-03   1.00650E-03   9.95264E-04   1.00607E-03   9.65457E-07   1.03560E-10   1.00296E-10
 4.80000E-01               1.28842E-03   3.65419E-03   1.01625E-03   9.71451E-04   1.01366E-03   7.44092E-06   1.45030E-10   1.00307E-10
 6.40000E-01               1.28842E-03   3.65419E-03   1.03371E-03   9.11102E-04   1.02393E-03   4.00590E-05   5.34380E-10   1.00343E-10
 8.00000E-01               1.28842E-03   3.65419E-03   1.04014E-03   7.89399E-04   1.01364E-03   1.65621E-04   3.43256E-09   1.00449E-10
 9.60000E-01               1.28842E-03   3.65419E-03   9.71706E-04   5.90054E-04   9.19513E-04   5.27518E-04   2.09557E-08   1.00705E-10
 1.12000E+00               1.28842E-03   3.65419E-03   7.55534E-04   3.47976E-04   6.83993E-04   1.22125E-03   1.03370E-07   1.01128E-10
 1.28000E+00               1.28842E-03   3.65419E-03   4.57204E-04   1.58037E-04   3.88615E-04   2.00475E-03   3.89975E-07   1.01553E-10
 1.44000E+00               1.28842E-03   3.65419E-03   2.28230E-04   6.28561E-05   1.75720E-04   2.54142E-03   1.14459E-06   1.01850E-10
 1.60000E+00               1.28842E-03   3.65419E-03   1.07107E-04   2.80171E-05   6.87445E-05   2.80355E-03   2.76549E-06   1.02170E-10
 1.76000E+00               1.28842E-03   3.65419E-03   5.47347E-05   1.72684E-05   2.45898E-05   2.90932E-03   5.78212E-06   1.03264E-10
 1.92000E+00               1.28842E-03   3.65419E-03   3.44719E-05   1.42307E-05   8.24521E-06   2.94645E-03   1.08107E-05   1.08220E-10
 2.08000E+00               1.28842E-03   3.65419E-03   2.71843E-05   1.34100E-05   2.62232E-06   2.95636E-03   1.84541E-05   1.29368E-10
 2.24000E+00               1.28842E-03   3.65419E-03   2.47016E-05   1.31862E-05   8.02534E-07   2.95553E-03   2.91617E-05   2.12817E-10
 2.40000E+00               1.28842E-03   3.65419E-03   2.38781E-05   1.31133E-05   2.46484E-07   2.95002E-03   4.30886E-05   5.20152E-10
 2.56000E+00               1.28842E-03   3.65419E-03   2.35894E-05   1.30746E-05   8.58993E-08   2.94205E-03   5.99981E-05   1.58645E-09
 2.72000E+00               1.28842E-03   3.65419E-03   2.34604E-05   1.30415E-05   4.20210E-08   2.93263E-03   7.92478E-05   5.09925E-09
 2.88000E+00               1.28842E-03   3.65419E-03   2.33754E-05   1.30084E-05   3.06392E-08   2.92244E-03   9.98685E-05   1.61641E-08
 3.04000E+00               1.28842E-03   3.65419E-03   2.33027E-05   1.29753E-05   2.78005E-08   2.91211E-03   1.20720E-04   4.96995E-08
 3.20000E+00               1.28842E-03   3.65419E-03   2.32361E-05   1.29435E-05   2.70868E-08   2.90218E-03   1.40677E-04   1.48079E-07
 3.36000E+00               1.28842E-03   3.65419E-03   2.31755E-05   1.29143E-05   2.68773E-08   2.89307E-03   1.58800E-04   4.28998E-07
 3.52000E+00               1.28842E-03   3.65419E-03   2.31213E-05   1.28879E-05   2.67856E-08   2.88494E-03   1.74444E-04   1.21387E-06
 3.68000E+00               1.28842E-03   3.65419E-03   2.30710E-05   1.28632E-05   2.67216E-08   2.87751E-03   1.87286E-04   3.36968E-06
 3.84000E+00               1.28842E-03   3.65419E-03   2.30157E-05   1.28354E-05   2.66564E-08   2.86967E-03   1.97283E-04   9.21430E-06
 4.00000E+00               1.28842E-03   3.65419E-03   2.29315E-05   1.27918E-05   2.65584E-08   2.85833E-03   2.04536E-04   2.48989E-05
 4.16000E+00               1.28842E-03   3.65419E-03   2.27557E-05   1.26992E-05   2.63540E-08   2.83549E-03   2.09068E-04   6.65979E-05
 4.32000E+00               1.28842E-03   3.65419E-03   2.23291E-05   1.24729E-05   2.58576E-08   2.78076E-03   2.10381E-04   1.76054E-04
 4.48000E+00               1.28842E-03   3.65419E-03   2.12611E-05   1.19038E-05   2.46155E-08   2.64439E-03   2.06529E-04   4.55909E-04
 4.64000E+00               1.28842E-03   3.65419E-03   1.87191E-05   1.05396E-05   2.16611E-08   2.32071E-03   1.92404E-04   1.12521E-03
 4.80000E+00               1.28842E-03   3.65419E-03   1.36522E-05   7.77984E-06   1.57819E-08   1.67853E-03   1.59031E-04   2.45861E-03
 4.96000E+00               1.28842E-03   3.65419E-03   7.38515E-06   4.28515E-06   8.52922E-09   8.91791E-04   1.07344E-04   4.10332E-03
 5.12000E+00               1.28842E-03   3.65419E-03   4.11978E-06   2.42307E-06   4.75838E-09   4.87389E-04   6.97018E-05   4.96003E-03
 5.28000E+00               1.28842E-03   3.65419E-03   3.30956E-06   1.95567E-06   3.82345E-09   3.88107E-04   5.66573E-05   5.17419E-03
 5.44000E+00               1.28842E-03   3.65419E-03   3.15520E-06   1.86632E-06   3.64536E-09   3.69272E-04   5.35363E-05   5.21547E-03
 5.60000E+00               1.28842E-03   3.65419E-03   3.12691E-06   1.84993E-06   3.61273E-09   3.65826E-04   5.28860E-05   5.22310E-03
 5.76000E+00               1.28842E-03   3.65419E-03   3.12151E-06   1.84679E-06   3.60649E-09   3.65168E-04   5.27562E-05   5.22456E-03
 5.92000E+00               1.28842E-03   3.65419E-03   3.12025E-06   1.84606E-06   3.60504E-09   3.65015E-04   5.27291E-05   5.22490E-03
 6.08000E+00               1.28842E-03   3.65419E-03   3.11976E-06   1.84578E-06   3.60448E-09   3.64956E-04   5.27218E-05   5.22503E-03
 6.24000E+00               1.28842E-03   3.65418E-03   3.11943E-06   1.84558E-06   3.60410E-09   3.64915E-04   5.27182E-05   5.22511E-03
 6.40000E+00               1.28842E-03   3.65418E-03   3.11913E-06   1.84541E-06   3.60376E-09   3.64879E-04   5.27155E-05   5.22518E-03
 6.56000E+00               1.28842E-03   3.65417E-03   3.11885E-06   1.84524E-06   3.60343E-09   3.64845E-04   5.27131E-05   5.22524E-03
 6.72000E+00               1.28841E-03   3.65416E-03   3.11857E-06   1.84508E-06   3.60311E-09   3.64811E-04   5.27107E-05   5.22528E-03
 6.88000E+00               1.28840E-03   3.65413E-03   3.11829E-06   1.84491E-06   3.60279E-09   3.64777E-04   5.27084E-05   5.22532E-03
 7.04000E+00               1.28838E-03   3.65409E-03   3.11799E-06   1.84474E-06   3.60245E-09   3.64741E-04   5.27059E-05   5.22533E-03
 7.20000E+00               1.28836E-03   3.65402E-03   3.11766E-06   1.84454E-06   3.60207E-09   3.64702E-04   5.27032E-05   5.22530E-03
 7.36000E+00               1.28831E-03   3.65391E-03   3.11727E-06   1.84430E-06   3.60162E-09   3.64655E-04   5.27001E-05   5.22522E-03
 7.52000E+00               1.28823E-03   3.65373E-03   3.11678E-06   1.84400E-06   3.60105E-09   3.64597E-04   5.26963E-05   5.22505E-03
 7.68000E+00               1.28812E-03   3.65344E-03   3.11613E-06   1.84360E-06   3.60031E-09   3.64520E-04   5.26913E-05   5.22476E-03
 7.84000E+00               1.28794E-03   3.65301E-03   3.11524E-06   1.84305E-06   3.59929E-09   3.64417E-04   5.26844E-05   5.22428E-03
 8.00000E+00               1.28767E-03   3.65235E-03   3.11408E-06   1.84228E-06   3.59798E-09   3.64281E-04   5.26741E-05   5.22352E-03
 8.16000E+00               1.28726E-03   3.65136E-03   3.11252E-06   1.84130E-06   3.59620E-09   3.64101E-04   5.26607E-05   5.22234E-03
 8.32000E+00               1.28667E-03   3.64993E-03   3.11038E-06   1.83995E-06   3.59377E-09   3.63854E-04   5.26445E-05   5.22058E-03
 8.48000E+00               1.28583E-03   3.64788E-03   3.10733E-06   1.83802E-06   3.59028E-09   3.63501E-04   5.26232E-05   5.21806E-03
 8.64000E+00               1.28464E-03   3.64499E-03   3.10292E-06   1.83523E-06   3.58524E-09   3.62991E-04   5.25925E-05   5.21453E-03
 8.80000E+00               1.28300E-03   3.64099E-03   3.09664E-06   1.83128E-06   3.57807E-09   3.62264E-04   5.25471E-05   5.20970E-03
 8.96000E+00               1.28076E-03   3.63554E-03   3.08795E-06   1.82582E-06   3.56813E-09   3.61256E-04   5.24826E-05   5.20315E-03
 9.12000E+00               1.27776E-03   3.62823E-03   3.07623E-06   1.81846E-06   3.55474E-09   3.59896E-04   5.23940E-05   5.19439E-03
 9.28000E+00               1.27379E-03   3.61859E-03   3.06076E-06   1.80876E-06   3.53705E-09   3.58102E-04   5.22760E-05   5.18283E-03
 9.44000E+00               1.26865E-03   3.60607E-03   3.04073E-06   1.79619E-06   3.51415E-09   3.55778E-04   5.21223E-05   5.16781E-03
 9.60000E+00               1.26207E-03   3.59005E-03   3.01521E-06   1.78019E-06   3.48498E-09   3.52817E-04   5.19255E-05   5.14858E-03
 9.76000E+00               1.25377E-03   3.56987E-03   2.98323E-06   1.76014E-06   3.44841E-09   3.49105E-04   5.16774E-05   5.12430E-03
 9.92000E+00               1.24348E-03   3.54481E-03   2.94375E-06   1.73542E-06   3.40326E-09   3.44524E-04   5.13692E-05   5.09409E-03
 1.00800E+01               1.23087E-03   3.51414E-03   2.89578E-06   1.70539E-06   3.34839E-09   3.38955E-04   5.09914E-05   5.05704E-03
 1.02400E+01               1.21566E-03   3.47712E-03   2.83838E-06   1.66951E-06   3.28271E-09   3.32291E-04   5.05349E-05   5.01222E-03
 1.04000E+01               1.19756E-03   3.43307E-03   2.77075E-06   1.62729E-06   3.20532E-09   3.24438E-04   4.99902E-05   4.95873E-03
 1.05600E+01               1.17631E-03   3.38137E-03   2.69231E-06   1.57840E-06   3.11551E-09   3.15326E-04   4.93491E-05   4.89573E-03
 1.07200E+01               1.15170E-03   3.32149E-03   2.60274E-06   1.52267E-06   3.01292E-09   3.04915E-04   4.86039E-05   4.82247E-03
 1.08800E+01               1.12358E-03   3.25306E-03   2.50202E-06   1.46015E-06   2.89751E-09   2.93206E-04   4.77486E-05   4.73838E-03
 1.10400E+01               1.09185E-03   3.17586E-03   2.39056E-06   1.39113E-06   2.76972E-09   2.80240E-04   4.67791E-05   4.64302E-03
 1.12000E+01               1.05652E-03   3.08988E-03   2.26912E-06   1.31617E-06   2.63039E-09   2.66105E-04   4.56935E-05   4.53620E-03
 1.13600E+01               1.01766E-03   2.99532E-03   2.13887E-06   1.23605E-06   2.48087E-09   2.50936E-04   4.44922E-05   4.41797E-03
 1.15200E+01               9.75451E-04   2.89260E-03   2.00138E-06   1.15179E-06   2.32290E-09   2.34912E-04   4.31785E-05   4.28863E-03
 1.16800E+01               9.30158E-04   2.78239E-03   1.85851E-06   1.06463E-06   2.15862E-09   2.18250E-04   4.17586E-05   4.14878E-03
 1.18400E+01               8.82138E-04   2.66554E-03   1.71239E-06   9.75915E-07   1.99044E-09   2.01194E-04   4.02414E-05   3.99927E-03
 1.20000E+01               8.31825E-04   2.54310E-03   1.56528E-06   8.87081E-07   1.82095E-09   1.84009E-04   3.86387E-05   3.84126E-03
 1.21600E+01               7.79721E-04   2.41631E-03   1.41948E-06   7.99558E-07   1.65279E-09   1.66963E-04   3.69645E-05   3.67610E-03
 1.23200E+01               7.26377E-04   2.28651E-03   1.27721E-06   7.14705E-07   1.48853E-09   1.50315E-04   3.52351E-05   3.50541E-03
 1.24800E+01               6.72380E-04   2.15511E-03   1.14052E-06   6.33740E-07   1.33051E-09   1.34305E-04   3.34687E-05   3.33093E-03
 1.26400E+01               6.18327E-04   2.02358E-03   1.01115E-06   5.57681E-07   1.18078E-09   1.19139E-04   3.16841E-05   3.15454E-03
 1.28000E+01               5.64809E-04   1.89335E-03   8.90517E-07   4.87315E-07   1.04098E-09   1.04985E-04   2.99011E-05   2.97816E-03
 1.29600E+01               5.12392E-04   1.76580E-03   7.79633E-07   4.23172E-07   9.12319E-10   9.19631E-05   2.81390E-05   2.80372E-03
 1.31200E+01               4.61599E-04   1.64220E-03   6.79116E-07   3.65529E-07   7.95534E-10   8.01491E-05   2.64164E-05   2.63307E-03
 1.32800E+01               4.12894E-04   1.52368E-03   5.89197E-07   3.14424E-07   6.90926E-10   6.95723E-05   2.47508E-05   2.46793E-03
 1.34400E+01               3.66675E-04   1.41121E-03   5.09763E-07   2.69690E-07   5.98397E-10   6.02216E-05   2.31574E-05   2.30983E-03
 1.36000E+01               3.23261E-04   1.30557E-03   4.40410E-07   2.30994E-07   5.17509E-10   5.20518E-05   2.16494E-05   2.16010E-03
 1.37600E+01               2.82892E-04   1.20734E-03   3.80515E-07   1.97884E-07   4.47565E-10   4.49913E-05   2.02372E-05   2.01979E-03
 1.39200E+01               2.45728E-04   1.11690E-03   3.29297E-07   1.69830E-07   3.87685E-10   3.89501E-05   1.89287E-05   1.88970E-03
 1.40800E+01               2.11848E-04   1.03446E-03   2.85890E-07   1.46267E-07   3.36878E-10   3.38273E-05   1.77287E-05   1.77033E-03
 1.42400E+01               1.81261E-04   9.60026E-04   2.49393E-07   1.26626E-07   2.94115E-10   2.95179E-05   1.66395E-05   1.66193E-03
 1.44000E+01               1.53910E-04   8.93471E-04   2.18921E-07   1.10362E-07   2.58376E-10   2.59183E-05   1.56609E-05   1.56448E-03
 1.45600E+01               1.29683E-04   8.34517E-04   1.93634E-07   9.69701E-08   2.28690E-10   2.29299E-05   1.47904E-05   1.47777E-03
 1.47200E+01               1.08423E-04   7.82782E-04   1.72759E-07   8.59946E-08   2.04164E-10   2.04622E-05   1.40237E-05   1.40137E-03
 1.48800E+01               8.99372E-05   7.37800E-04   1.55608E-07   7.70358E-08   1.83998E-10   1.84339E-05   1.33548E-05   1.33470E-03
 1.50400E+01               7.40100E-05   6.99043E-04   1.41573E-07   6.97490E-08   1.67485E-10   1.67739E-05   1.27770E-05   1.27708E-03
 1.52000E+01               6.04100E-05   6.65949E-04   1.30133E-07   6.38408E-08   1.54017E-10   1.54203E-05   1.22823E-05   1.22775E-03
 1.53600E+01               4.88998E-05   6.37940E-04   1.20841E-07   5.90651E-08   1.43072E-10   1.43207E-05   1.18629E-05   1.18591E-03
 1.55200E+01               3.92435E-05   6.14442E-04   1.13321E-07   5.52167E-08   1.34210E-10   1.34307E-05   1.15104E-05   1.15074E-03
 1.56800E+01               3.12124E-05   5.94899E-04   1.07258E-07   5.21260E-08   1.27062E-10   1.27130E-05   1.12168E-05   1.12145E-03
 1.58400E+01               2.45899E-05   5.78784E-04   1.02388E-07   4.96531E-08   1.21320E-10   1.21365E-05   1.09744E-05   1.09726E-03
 1.59600E+01               2.16047E-05   5.71520E-04   1.00231E-07   4.85603E-08   1.18776E-10   1.18811E-05   1.08650E-05   1.08635E-03
