# Units: Mol/kgw
 TITLE = " Years"
VARIABLES = "X (meters)", "H+        ", "SO4--     ", "Zn++      ", "Pb++      ", "Ca++      ", "Mg++      ", "K+        ", "Na+       ", "
 ZONE F=POINT,I=         101
 4.00000E-02               1.28842E-03   3.65419E-03   1.00293E-03   1.00293E-03   1.00293E-03   1.00293E-10   1.00293E-10   1.00293E-10
 1.60000E-01               1.28842E-03   3.65419E-03   1.00293E-03   1.00293E-03   1.00293E-03   1.00293E-10   1.00293E-10   1.00293E-10
 3.20000E-01               1.28842E-03   3.65419E-03   1.00293E-03   1.00293E-03   1.00293E-03   1.00293E-10   1.00293E-10   1.00293E-10
 4.80000E-01               1.28842E-03   3.65419E-03   1.00293E-03   1.00293E-03   1.00293E-03   1.00293E-10   1.00293E-10   1.00293E-10
 6.40000E-01               1.28842E-03   3.65419E-03   1.00293E-03   1.00293E-03   1.00293E-03   1.00293E-10   1.00293E-10   1.00293E-10
 8.00000E-01               1.28842E-03   3.65419E-03   1.00293E-03   1.00293E-03   1.00293E-03   1.00293E-10   1.00293E-10   1.00293E-10
 9.60000E-01               1.28842E-03   3.65419E-03   1.00293E-03   1.00293E-03   1.00293E-03   1.00293E-10   1.00293E-10   1.00293E-10
 1.12000E+00               1.28842E-03   3.65419E-03   1.00293E-03   1.00293E-03   1.00293E-03   1.00293E-10   1.00293E-10   1.00293E-10
 1.28000E+00               1.28842E-03   3.65419E-03   1.00293E-03   1.00293E-03   1.00293E-03   1.00293E-10   1.00293E-10   1.00293E-10
 1.44000E+00               1.28842E-03   3.65419E-03   1.00293E-03   1.00293E-03   1.00293E-03   1.00293E-10   1.00293E-10   1.00293E-10
 1.60000E+00               1.28842E-03   3.65419E-03   1.00293E-03   1.00293E-03   1.00293E-03   1.00293E-10   1.00293E-10   1.00293E-10
 1.76000E+00               1.28842E-03   3.65419E-03   1.00293E-03   1.00293E-03   1.00293E-03   1.00293E-10   1.00293E-10   1.00293E-10
 1.92000E+00               1.28842E-03   3.65419E-03   1.00293E-03   1.00293E-03   1.00293E-03   1.00293E-10   1.00293E-10   1.00293E-10
 2.08000E+00               1.28842E-03   3.65419E-03   1.00293E-03   1.00293E-03   1.00293E-03   1.00293E-10   1.00293E-10   1.00293E-10
 2.24000E+00               1.28842E-03   3.65419E-03   1.00293E-03   1.00293E-03   1.00293E-03   1.00293E-10   1.00293E-10   1.00293E-10
 2.40000E+00               1.28842E-03   3.65419E-03   1.00293E-03   1.00293E-03   1.00293E-03   1.00293E-10   1.00293E-10   1.00293E-10
 2.56000E+00               1.28842E-03   3.65419E-03   1.00293E-03   1.00293E-03   1.00293E-03   1.00293E-10   1.00293E-10   1.00293E-10
 2.72000E+00               1.28842E-03   3.65419E-03   1.00293E-03   1.00293E-03   1.00293E-03   1.00293E-10   1.00293E-10   1.00293E-10
 2.88000E+00               1.28842E-03   3.65419E-03   1.00293E-03   1.00293E-03   1.00293E-03   1.00293E-10   1.00293E-10   1.00293E-10
 3.04000E+00               1.28842E-03   3.65419E-03   1.00293E-03   1.00293E-03   1.00293E-03   1.00293E-10   1.00293E-10   1.00293E-10
 3.20000E+00               1.28842E-03   3.65419E-03   1.00293E-03   1.00293E-03   1.00293E-03   1.00293E-10   1.00293E-10   1.00293E-10
 3.36000E+00               1.28842E-03   3.65419E-03   1.00293E-03   1.00293E-03   1.00293E-03   1.00293E-10   1.00293E-10   1.00293E-10
 3.52000E+00               1.28842E-03   3.65419E-03   1.00293E-03   1.00293E-03   1.00293E-03   1.00293E-10   1.00293E-10   1.00293E-10
 3.68000E+00               1.28842E-03   3.65419E-03   1.00293E-03   1.00293E-03   1.00293E-03   1.00293E-10   1.00293E-10   1.00293E-10
 3.84000E+00               1.28842E-03   3.65419E-03   1.00293E-03   1.00293E-03   1.00293E-03   1.00293E-10   1.00293E-10   1.00293E-10
 4.00000E+00               1.28842E-03   3.65419E-03   1.00293E-03   1.00293E-03   1.00293E-03   1.00293E-10   1.00293E-10   1.00293E-10
 4.16000E+00               1.28842E-03   3.65419E-03   1.00293E-03   1.00293E-03   1.00293E-03   1.00293E-10   1.00293E-10   1.00293E-10
 4.32000E+00               1.28842E-03   3.65419E-03   1.00293E-03   1.00293E-03   1.00293E-03   1.00293E-10   1.00293E-10   1.00293E-10
 4.48000E+00               1.28842E-03   3.65419E-03   1.00293E-03   1.00293E-03   1.00293E-03   1.00293E-10   1.00293E-10   1.00293E-10
 4.64000E+00               1.28842E-03   3.65419E-03   1.00293E-03   1.00293E-03   1.00293E-03   1.00293E-10   1.00293E-10   1.00293E-10
 4.80000E+00               1.28842E-03   3.65419E-03   1.00293E-03   1.00293E-03   1.00293E-03   1.00293E-10   1.00293E-10   1.00293E-10
 4.96000E+00               1.28842E-03   3.65419E-03   1.00293E-03   1.00293E-03   1.00293E-03   1.00293E-10   1.00293E-10   1.00293E-10
 5.12000E+00               1.28842E-03   3.65419E-03   1.00293E-03   1.00293E-03   1.00293E-03   1.00293E-10   1.00293E-10   1.00293E-10
 5.28000E+00               1.28842E-03   3.65419E-03   1.00293E-03   1.00293E-03   1.00293E-03   1.00293E-10   1.00293E-10   1.00293E-10
 5.44000E+00               1.28842E-03   3.65419E-03   1.00293E-03   1.00293E-03   1.00293E-03   1.00293E-10   1.00293E-10   1.00293E-10
 5.60000E+00               1.28842E-03   3.65419E-03   1.00293E-03   1.00293E-03   1.00293E-03   1.00293E-10   1.00293E-10   1.00293E-10
 5.76000E+00               1.28842E-03   3.65419E-03   1.00293E-03   1.00293E-03   1.00293E-03   1.00293E-10   1.00293E-10   1.00293E-10
 5.92000E+00               1.28842E-03   3.65419E-03   1.00293E-03   1.00293E-03   1.00293E-03   1.00293E-10   1.00293E-10   1.00293E-10
 6.08000E+00               1.28842E-03   3.65419E-03   1.00293E-03   1.00293E-03   1.00293E-03   1.00293E-10   1.00293E-10   1.00293E-10
 6.24000E+00               1.28842E-03   3.65419E-03   1.00293E-03   1.00293E-03   1.00293E-03   1.00293E-10   1.00293E-10   1.00293E-10
 6.40000E+00               1.28842E-03   3.65419E-03   1.00293E-03   1.00293E-03   1.00293E-03   1.00293E-10   1.00293E-10   1.00293E-10
 6.56000E+00               1.28842E-03   3.65419E-03   1.00293E-03   1.00293E-03   1.00293E-03   1.00293E-10   1.00293E-10   1.00293E-10
 6.72000E+00               1.28842E-03   3.65419E-03   1.00293E-03   1.00293E-03   1.00293E-03   1.00293E-10   1.00293E-10   1.00293E-10
 6.88000E+00               1.28842E-03   3.65419E-03   1.00293E-03   1.00293E-03   1.00293E-03   1.00293E-10   1.00293E-10   1.00293E-10
 7.04000E+00               1.28842E-03   3.65419E-03   1.00293E-03   1.00293E-03   1.00293E-03   1.00293E-10   1.00293E-10   1.00293E-10
 7.20000E+00               1.28842E-03   3.65419E-03   1.00293E-03   1.00293E-03   1.00293E-03   1.00293E-10   1.00293E-10   1.00293E-10
 7.36000E+00               1.28842E-03   3.65419E-03   1.00293E-03   1.00293E-03   1.00293E-03   1.00293E-10   1.00293E-10   1.00293E-10
 7.52000E+00               1.28842E-03   3.65419E-03   1.00293E-03   1.00293E-03   1.00293E-03   1.00293E-10   1.00293E-10   1.00293E-10
 7.68000E+00               1.28842E-03   3.65419E-03   1.00293E-03   1.00293E-03   1.00293E-03   1.00293E-10   1.00293E-10   1.00293E-10
 7.84000E+00               1.28842E-03   3.65419E-03   1.00293E-03   1.00293E-03   1.00293E-03   1.00293E-10   1.00293E-10   1.00293E-10
 8.00000E+00               1.28842E-03   3.65419E-03   1.00293E-03   1.00293E-03   1.00293E-03   1.00293E-10   1.00293E-10   1.00293E-10
 8.16000E+00               1.28842E-03   3.65419E-03   1.00293E-03   1.00293E-03   1.00293E-03   1.00293E-10   1.00293E-10   1.00293E-10
 8.32000E+00               1.28842E-03   3.65419E-03   1.00293E-03   1.00293E-03   1.00293E-03   1.00293E-10   1.00293E-10   1.00293E-10
 8.48000E+00               1.28842E-03   3.65419E-03   1.00293E-03   1.00293E-03   1.00293E-03   1.00293E-10   1.00293E-10   1.00293E-10
 8.64000E+00               1.28842E-03   3.65419E-03   1.00293E-03   1.00293E-03   1.00293E-03   1.00293E-10   1.00293E-10   1.00293E-10
 8.80000E+00               1.28842E-03   3.65419E-03   1.00293E-03   1.00293E-03   1.00293E-03   1.00293E-10   1.00293E-10   1.00293E-10
 8.96000E+00               1.28842E-03   3.65419E-03   1.00293E-03   1.00293E-03   1.00293E-03   1.00293E-10   1.00293E-10   1.00293E-10
 9.12000E+00               1.28842E-03   3.65419E-03   1.00293E-03   1.00293E-03   1.00293E-03   1.00293E-10   1.00293E-10   1.00293E-10
 9.28000E+00               1.28842E-03   3.65419E-03   1.00293E-03   1.00293E-03   1.00293E-03   1.00293E-10   1.00293E-10   1.00293E-10
 9.44000E+00               1.28842E-03   3.65419E-03   1.00293E-03   1.00293E-03   1.00293E-03   1.00293E-10   1.00293E-10   1.00293E-10
 9.60000E+00               1.28842E-03   3.65419E-03   1.00293E-03   1.00293E-03   1.00293E-03   1.00293E-10   1.00293E-10   1.00293E-10
 9.76000E+00               1.28842E-03   3.65419E-03   1.00293E-03   1.00293E-03   1.00293E-03   1.00293E-10   1.00293E-10   1.00293E-10
 9.92000E+00               1.28842E-03   3.65419E-03   1.00293E-03   1.00293E-03   1.00293E-03   1.00293E-10   1.00293E-10   1.00293E-10
 1.00800E+01               1.28842E-03   3.65419E-03   1.00293E-03   1.00293E-03   1.00293E-03   1.00293E-10   1.00293E-10   1.00293E-10
 1.02400E+01               1.28842E-03   3.65419E-03   1.00293E-03   1.00293E-03   1.00293E-03   1.00293E-10   1.00293E-10   1.00293E-10
 1.04000E+01               1.28842E-03   3.65419E-03   1.00293E-03   1.00293E-03   1.00293E-03   1.00293E-10   1.00293E-10   1.00293E-10
 1.05600E+01               1.28842E-03   3.65419E-03   1.00293E-03   1.00293E-03   1.00293E-03   1.00293E-10   1.00293E-10   1.00293E-10
 1.07200E+01               1.28842E-03   3.65419E-03   1.00293E-03   1.00293E-03   1.00293E-03   1.00293E-10   1.00293E-10   1.00293E-10
 1.08800E+01               1.28842E-03   3.65419E-03   1.00293E-03   1.00293E-03   1.00293E-03   1.00293E-10   1.00293E-10   1.00293E-10
 1.10400E+01               1.28842E-03   3.65419E-03   1.00293E-03   1.00293E-03   1.00293E-03   1.00293E-10   1.00293E-10   1.00293E-10
 1.12000E+01               1.28842E-03   3.65419E-03   1.00293E-03   1.00293E-03   1.00293E-03   1.00293E-10   1.00293E-10   1.00293E-10
 1.13600E+01               1.28842E-03   3.65419E-03   1.00293E-03   1.00293E-03   1.00293E-03   1.00293E-10   1.00293E-10   1.00293E-10
 1.15200E+01               1.28842E-03   3.65419E-03   1.00293E-03   1.00293E-03   1.00293E-03   1.00293E-10   1.00293E-10   1.00293E-10
 1.16800E+01               1.28842E-03   3.65419E-03   1.00293E-03   1.00293E-03   1.00293E-03   1.00293E-10   1.00293E-10   1.00293E-10
 1.18400E+01               1.28842E-03   3.65419E-03   1.00293E-03   1.00293E-03   1.00293E-03   1.00293E-10   1.00293E-10   1.00293E-10
 1.20000E+01               1.28842E-03   3.65419E-03   1.00293E-03   1.00293E-03   1.00293E-03   1.00293E-10   1.00293E-10   1.00293E-10
 1.21600E+01               1.28842E-03   3.65419E-03   1.00293E-03   1.00293E-03   1.00293E-03   1.00293E-10   1.00293E-10   1.00293E-10
 1.23200E+01               1.28842E-03   3.65419E-03   1.00293E-03   1.00293E-03   1.00293E-03   1.00293E-10   1.00293E-10   1.00293E-10
 1.24800E+01               1.28842E-03   3.65419E-03   1.00293E-03   1.00293E-03   1.00293E-03   1.00293E-10   1.00293E-10   1.00293E-10
 1.26400E+01               1.28842E-03   3.65419E-03   1.00293E-03   1.00293E-03   1.00293E-03   1.00293E-10   1.00293E-10   1.00293E-10
 1.28000E+01               1.28842E-03   3.65419E-03   1.00293E-03   1.00293E-03   1.00293E-03   1.00293E-10   1.00293E-10   1.00293E-10
 1.29600E+01               1.28842E-03   3.65419E-03   1.00293E-03   1.00293E-03   1.00293E-03   1.00293E-10   1.00293E-10   1.00293E-10
 1.31200E+01               1.28842E-03   3.65419E-03   1.00293E-03   1.00293E-03   1.00293E-03   1.00293E-10   1.00293E-10   1.00293E-10
 1.32800E+01               1.28842E-03   3.65419E-03   1.00293E-03   1.00293E-03   1.00293E-03   1.00293E-10   1.00293E-10   1.00293E-10
 1.34400E+01               1.28842E-03   3.65419E-03   1.00293E-03   1.00293E-03   1.00293E-03   1.00293E-10   1.00293E-10   1.00293E-10
 1.36000E+01               1.28842E-03   3.65419E-03   1.00293E-03   1.00293E-03   1.00293E-03   1.00293E-10   1.00293E-10   1.00293E-10
 1.37600E+01               1.28842E-03   3.65419E-03   1.00293E-03   1.00293E-03   1.00293E-03   1.00293E-10   1.00293E-10   1.00293E-10
 1.39200E+01               1.28842E-03   3.65419E-03   1.00293E-03   1.00293E-03   1.00293E-03   1.00293E-10   1.00293E-10   1.00293E-10
 1.40800E+01               1.28842E-03   3.65419E-03   1.00293E-03   1.00293E-03   1.00293E-03   1.00293E-10   1.00293E-10   1.00293E-10
 1.42400E+01               1.28842E-03   3.65419E-03   1.00293E-03   1.00293E-03   1.00293E-03   1.00293E-10   1.00293E-10   1.00293E-10
 1.44000E+01               1.28842E-03   3.65419E-03   1.00293E-03   1.00293E-03   1.00293E-03   1.00293E-10   1.00293E-10   1.00293E-10
 1.45600E+01               1.28842E-03   3.65419E-03   1.00293E-03   1.00293E-03   1.00294E-03   1.00293E-10   1.00293E-10   1.00293E-10
 1.47200E+01               1.28842E-03   3.65419E-03   1.00294E-03   1.00293E-03   1.00294E-03   1.00293E-10   1.00293E-10   1.00293E-10
 1.48800E+01               1.28842E-03   3.65419E-03   1.00294E-03   1.00293E-03   1.00294E-03   1.00293E-10   1.00293E-10   1.00293E-10
 1.50400E+01               1.28842E-03   3.65419E-03   1.00294E-03   1.00292E-03   1.00294E-03   1.00293E-10   1.00293E-10   1.00293E-10
 1.52000E+01               1.28842E-03   3.65419E-03   1.00294E-03   1.00291E-03   1.00294E-03   1.00294E-10   1.00293E-10   1.00293E-10
 1.53600E+01               1.28842E-03   3.65419E-03   1.00295E-03   1.00290E-03   1.00295E-03   1.00294E-10   1.00293E-10   1.00293E-10
 1.55200E+01               1.28842E-03   3.65419E-03   1.00296E-03   1.00288E-03   1.00296E-03   1.00294E-10   1.00294E-10   1.00293E-10
 1.56800E+01               1.28842E-03   3.65419E-03   1.00297E-03   1.00286E-03   1.00297E-03   1.00294E-10   1.00294E-10   1.00293E-10
 1.58400E+01               1.28842E-03   3.65419E-03   1.00299E-03   1.00282E-03   1.00300E-03   1.00295E-10   1.00294E-10   1.00293E-10
 1.59600E+01               1.28842E-03   3.65419E-03   1.00300E-03   1.00279E-03   1.00301E-03   1.00295E-10   1.00294E-10   1.00293E-10
