# Units: Mol/kgw
 TITLE = " Years"
VARIABLES = "X (meters)", "H+        ", "SO4--     ", "Zn++      ", "Pb++      ", "Ca++      ", "Mg++      ", "K+        ", "Na+       ", "
 ZONE F=POINT,I=         101
 4.00000E-02               1.28842E-03   3.65419E-03   1.00293E-03   1.00293E-03   1.00293E-03   1.00293E-10   1.00293E-10   1.00293E-10
 1.60000E-01               1.28842E-03   3.65419E-03   1.00293E-03   1.00293E-03   1.00293E-03   1.00293E-10   1.00293E-10   1.00293E-10
 3.20000E-01               1.28842E-03   3.65419E-03   1.00293E-03   1.00293E-03   1.00293E-03   1.00293E-10   1.00293E-10   1.00293E-10
 4.80000E-01               1.28842E-03   3.65419E-03   1.00293E-03   1.00293E-03   1.00293E-03   1.00293E-10   1.00293E-10   1.00293E-10
 6.40000E-01               1.28842E-03   3.65419E-03   1.00293E-03   1.00293E-03   1.00293E-03   1.00293E-10   1.00293E-10   1.00293E-10
 8.00000E-01               1.28842E-03   3.65419E-03   1.00293E-03   1.00293E-03   1.00293E-03   1.00293E-10   1.00293E-10   1.00293E-10
 9.60000E-01               1.28842E-03   3.65419E-03   1.00293E-03   1.00293E-03   1.00293E-03   1.00293E-10   1.00293E-10   1.00293E-10
 1.12000E+00               1.28842E-03   3.65419E-03   1.00293E-03   1.00293E-03   1.00293E-03   1.00293E-10   1.00293E-10   1.00293E-10
 1.28000E+00               1.28842E-03   3.65419E-03   1.00293E-03   1.00293E-03   1.00293E-03   1.00293E-10   1.00293E-10   1.00293E-10
 1.44000E+00               1.28842E-03   3.65419E-03   1.00293E-03   1.00293E-03   1.00293E-03   1.00293E-10   1.00293E-10   1.00293E-10
 1.60000E+00               1.28842E-03   3.65419E-03   1.00293E-03   1.00293E-03   1.00293E-03   1.00293E-10   1.00293E-10   1.00293E-10
 1.76000E+00               1.28842E-03   3.65419E-03   1.00293E-03   1.00293E-03   1.00293E-03   1.00293E-10   1.00293E-10   1.00293E-10
 1.92000E+00               1.28842E-03   3.65419E-03   1.00293E-03   1.00293E-03   1.00293E-03   1.00293E-10   1.00293E-10   1.00293E-10
 2.08000E+00               1.28842E-03   3.65419E-03   1.00294E-03   1.00293E-03   1.00294E-03   1.00293E-10   1.00293E-10   1.00293E-10
 2.24000E+00               1.28842E-03   3.65419E-03   1.00294E-03   1.00292E-03   1.00294E-03   1.00294E-10   1.00293E-10   1.00293E-10
 2.40000E+00               1.28842E-03   3.65419E-03   1.00295E-03   1.00290E-03   1.00295E-03   1.00295E-10   1.00293E-10   1.00293E-10
 2.56000E+00               1.28842E-03   3.65419E-03   1.00298E-03   1.00284E-03   1.00298E-03   1.00303E-10   1.00294E-10   1.00293E-10
 2.72000E+00               1.28842E-03   3.65419E-03   1.00303E-03   1.00272E-03   1.00305E-03   1.00333E-10   1.00294E-10   1.00293E-10
 2.88000E+00               1.28842E-03   3.65419E-03   1.00316E-03   1.00245E-03   1.00319E-03   1.00459E-10   1.00294E-10   1.00293E-10
 3.04000E+00               1.28842E-03   3.65419E-03   1.00340E-03   1.00191E-03   1.00348E-03   1.00964E-10   1.00295E-10   1.00294E-10
 3.20000E+00               1.28842E-03   3.65419E-03   1.00389E-03   1.00088E-03   1.00404E-03   1.02931E-10   1.00297E-10   1.00294E-10
 3.36000E+00               1.28842E-03   3.65419E-03   1.00478E-03   9.98962E-04   1.00505E-03   1.10363E-10   1.00301E-10   1.00294E-10
 3.52000E+00               1.28842E-03   3.65419E-03   1.00637E-03   9.95596E-04   1.00684E-03   1.37702E-10   1.00308E-10   1.00295E-10
 3.68000E+00               1.28842E-03   3.65419E-03   1.00905E-03   9.89922E-04   1.00983E-03   2.35855E-10   1.00319E-10   1.00297E-10
 3.84000E+00               1.28842E-03   3.65419E-03   1.01343E-03   9.80748E-04   1.01462E-03   5.80553E-10   1.00336E-10   1.00299E-10
 4.00000E+00               1.28842E-03   3.65419E-03   1.02029E-03   9.66513E-04   1.02199E-03   1.76655E-09   1.00364E-10   1.00303E-10
 4.16000E+00               1.28842E-03   3.65419E-03   1.03066E-03   9.45309E-04   1.03283E-03   5.76710E-09   1.00405E-10   1.00309E-10
 4.32000E+00               1.28842E-03   3.65419E-03   1.04570E-03   9.15023E-04   1.04806E-03   1.89914E-08   1.00463E-10   1.00317E-10
 4.48000E+00               1.28842E-03   3.65419E-03   1.06670E-03   8.73616E-04   1.06843E-03   6.17676E-08   1.00543E-10   1.00328E-10
 4.64000E+00               1.28842E-03   3.65419E-03   1.09480E-03   8.19581E-04   1.09422E-03   1.96838E-07   1.00646E-10   1.00343E-10
 4.80000E+00               1.28842E-03   3.65419E-03   1.13080E-03   7.52484E-04   1.12491E-03   6.11932E-07   1.00776E-10   1.00361E-10
 4.96000E+00               1.28842E-03   3.65419E-03   1.17471E-03   6.73465E-04   1.15878E-03   1.84960E-06   1.00932E-10   1.00383E-10
 5.12000E+00               1.28842E-03   3.65419E-03   1.22535E-03   5.85398E-04   1.19264E-03   5.41966E-06   1.01116E-10   1.00408E-10
 5.28000E+00               1.28842E-03   3.65419E-03   1.27953E-03   4.92539E-04   1.22138E-03   1.53540E-05   1.01344E-10   1.00439E-10
 5.44000E+00               1.28842E-03   3.65419E-03   1.33033E-03   3.99618E-04   1.23695E-03   4.19095E-05   1.01659E-10   1.00478E-10
 5.60000E+00               1.28842E-03   3.65419E-03   1.36302E-03   3.10717E-04   1.22565E-03   1.09408E-04   1.02178E-10   1.00540E-10
 5.76000E+00               1.28842E-03   3.65419E-03   1.34794E-03   2.28602E-04   1.16385E-03   2.68405E-04   1.03131E-10   1.00651E-10
 5.92000E+00               1.28842E-03   3.65419E-03   1.23777E-03   1.55485E-04   1.01913E-03   5.96416E-04   1.04812E-10   1.00848E-10
 6.08000E+00               1.28842E-03   3.65419E-03   9.98950E-04   9.53603E-05   7.78921E-04   1.13557E-03   1.07255E-10   1.01143E-10
 6.24000E+00               1.28842E-03   3.65419E-03   6.81001E-04   5.35701E-05   4.98549E-04   1.77568E-03   1.09873E-10   1.01467E-10
 6.40000E+00               1.28842E-03   3.65419E-03   3.98699E-04   3.04702E-05   2.70010E-04   2.30962E-03   1.11908E-10   1.01721E-10
 6.56000E+00               1.28842E-03   3.65419E-03   2.14082E-04   2.00163E-05   1.30190E-04   2.64451E-03   1.13162E-10   1.01874E-10
 6.72000E+00               1.28842E-03   3.65419E-03   1.14144E-04   1.58113E-05   5.87895E-05   2.82006E-03   1.13900E-10   1.01953E-10
 6.88000E+00               1.28842E-03   3.65419E-03   6.52167E-05   1.41935E-05   2.56817E-05   2.90371E-03   1.14491E-10   1.01990E-10
 7.04000E+00               1.28842E-03   3.65419E-03   4.24191E-05   1.35720E-05   1.10391E-05   2.94177E-03   1.15334E-10   1.02007E-10
 7.20000E+00               1.28842E-03   3.65419E-03   3.20519E-05   1.33290E-05   4.70971E-06   2.95871E-03   1.17002E-10   1.02014E-10
 7.36000E+00               1.28842E-03   3.65419E-03   2.73978E-05   1.32319E-05   2.00586E-06   2.96616E-03   1.20531E-10   1.02017E-10
 7.52000E+00               1.28842E-03   3.65419E-03   2.53254E-05   1.31923E-05   8.59005E-07   2.96942E-03   1.27904E-10   1.02019E-10
 7.68000E+00               1.28842E-03   3.65419E-03   2.44083E-05   1.31759E-05   3.75166E-07   2.97084E-03   1.42904E-10   1.02019E-10
 7.84000E+00               1.28842E-03   3.65419E-03   2.40049E-05   1.31691E-05   1.72054E-07   2.97145E-03   1.72581E-10   1.02020E-10
 8.00000E+00               1.28842E-03   3.65419E-03   2.38206E-05   1.31659E-05   8.34898E-08   2.97173E-03   2.56799E-10   1.02020E-10
 8.16000E+00               1.28842E-03   3.65419E-03   2.37452E-05   1.31639E-05   4.90104E-08   2.97184E-03   4.44805E-10   1.02020E-10
 8.32000E+00               1.28842E-03   3.65419E-03   2.37143E-05   1.31614E-05   3.56776E-08   2.97189E-03   8.45873E-10   1.02020E-10
 8.48000E+00               1.28842E-03   3.65419E-03   2.37012E-05   1.31573E-05   3.05594E-08   2.97191E-03   1.66670E-09   1.02020E-10
 8.64000E+00               1.28842E-03   3.65419E-03   2.36945E-05   1.31518E-05   2.86089E-08   2.97192E-03   3.28347E-09   1.02020E-10
 8.80000E+00               1.28842E-03   3.65419E-03   2.36894E-05   1.31456E-05   2.78696E-08   2.97193E-03   6.35623E-09   1.02020E-10
 8.96000E+00               1.28842E-03   3.65419E-03   2.36837E-05   1.31401E-05   2.75886E-08   2.97194E-03   1.20035E-08   1.02020E-10
 9.12000E+00               1.28842E-03   3.65419E-03   2.36769E-05   1.31365E-05   2.74790E-08   2.97195E-03   2.20586E-08   1.02020E-10
 9.28000E+00               1.28842E-03   3.65419E-03   2.36691E-05   1.31354E-05   2.74330E-08   2.97195E-03   3.94314E-08   1.02020E-10
 9.44000E+00               1.28842E-03   3.65419E-03   2.36610E-05   1.31365E-05   2.74110E-08   2.97194E-03   6.85996E-08   1.02020E-10
 9.60000E+00               1.28842E-03   3.65419E-03   2.36536E-05   1.31391E-05   2.73992E-08   2.97192E-03   1.16247E-07   1.02020E-10
 9.76000E+00               1.28842E-03   3.65419E-03   2.36478E-05   1.31424E-05   2.73930E-08   2.97189E-03   1.92064E-07   1.02020E-10
 9.92000E+00               1.28842E-03   3.65419E-03   2.36442E-05   1.31456E-05   2.73911E-08   2.97183E-03   3.09692E-07   1.02020E-10
 1.00800E+01               1.28842E-03   3.65419E-03   2.36429E-05   1.31482E-05   2.73924E-08   2.97174E-03   4.87799E-07   1.02020E-10
 1.02400E+01               1.28842E-03   3.65419E-03   2.36436E-05   1.31501E-05   2.73962E-08   2.97160E-03   7.51210E-07   1.02020E-10
 1.04000E+01               1.28842E-03   3.65419E-03   2.36456E-05   1.31511E-05   2.74013E-08   2.97141E-03   1.13202E-06   1.02021E-10
 1.05600E+01               1.28842E-03   3.65419E-03   2.36483E-05   1.31514E-05   2.74067E-08   2.97114E-03   1.67053E-06   1.02021E-10
 1.07200E+01               1.28842E-03   3.65419E-03   2.36506E-05   1.31510E-05   2.74112E-08   2.97076E-03   2.41593E-06   1.02021E-10
 1.08800E+01               1.28842E-03   3.65419E-03   2.36520E-05   1.31501E-05   2.74140E-08   2.97026E-03   3.42643E-06   1.02022E-10
 1.10400E+01               1.28842E-03   3.65419E-03   2.36520E-05   1.31486E-05   2.74148E-08   2.96959E-03   4.76880E-06   1.02023E-10
 1.12000E+01               1.28842E-03   3.65419E-03   2.36501E-05   1.31464E-05   2.74130E-08   2.96872E-03   6.51710E-06   1.02024E-10
 1.13600E+01               1.28842E-03   3.65419E-03   2.36461E-05   1.31437E-05   2.74086E-08   2.96761E-03   8.75044E-06   1.02026E-10
 1.15200E+01               1.28842E-03   3.65419E-03   2.36398E-05   1.31401E-05   2.74014E-08   2.96622E-03   1.15499E-05   1.02028E-10
 1.16800E+01               1.28842E-03   3.65419E-03   2.36312E-05   1.31358E-05   2.73914E-08   2.96451E-03   1.49945E-05   1.02030E-10
 1.18400E+01               1.28842E-03   3.65419E-03   2.36201E-05   1.31305E-05   2.73786E-08   2.96244E-03   1.91564E-05   1.02033E-10
 1.20000E+01               1.28842E-03   3.65419E-03   2.36066E-05   1.31242E-05   2.73629E-08   2.95999E-03   2.40955E-05   1.02037E-10
 1.21600E+01               1.28842E-03   3.65419E-03   2.35906E-05   1.31169E-05   2.73443E-08   2.95714E-03   2.98546E-05   1.02041E-10
 1.23200E+01               1.28842E-03   3.65419E-03   2.35721E-05   1.31085E-05   2.73228E-08   2.95387E-03   3.64538E-05   1.02046E-10
 1.24800E+01               1.28842E-03   3.65419E-03   2.35511E-05   1.30990E-05   2.72985E-08   2.95018E-03   4.38867E-05   1.02051E-10
 1.26400E+01               1.28842E-03   3.65419E-03   2.35278E-05   1.30885E-05   2.72715E-08   2.94610E-03   5.21172E-05   1.02057E-10
 1.28000E+01               1.28842E-03   3.65419E-03   2.35024E-05   1.30771E-05   2.72420E-08   2.94165E-03   6.10785E-05   1.02063E-10
 1.29600E+01               1.28842E-03   3.65419E-03   2.34752E-05   1.30648E-05   2.72105E-08   2.93690E-03   7.06732E-05   1.02070E-10
 1.31200E+01               1.28842E-03   3.65419E-03   2.34466E-05   1.30519E-05   2.71773E-08   2.93189E-03   8.07763E-05   1.02077E-10
 1.32800E+01               1.28842E-03   3.65419E-03   2.34169E-05   1.30386E-05   2.71428E-08   2.92670E-03   9.12391E-05   1.02085E-10
 1.34400E+01               1.28842E-03   3.65419E-03   2.33866E-05   1.30249E-05   2.71078E-08   2.92141E-03   1.01896E-04   1.02093E-10
 1.36000E+01               1.28842E-03   3.65419E-03   2.33563E-05   1.30113E-05   2.70726E-08   2.91612E-03   1.12569E-04   1.02100E-10
 1.37600E+01               1.28842E-03   3.65419E-03   2.33264E-05   1.29978E-05   2.70379E-08   2.91091E-03   1.23081E-04   1.02108E-10
 1.39200E+01               1.28842E-03   3.65419E-03   2.32975E-05   1.29848E-05   2.70044E-08   2.90586E-03   1.33257E-04   1.02115E-10
 1.40800E+01               1.28842E-03   3.65419E-03   2.32699E-05   1.29723E-05   2.69725E-08   2.90106E-03   1.42936E-04   1.02122E-10
 1.42400E+01               1.28842E-03   3.65419E-03   2.32442E-05   1.29607E-05   2.69426E-08   2.89658E-03   1.51976E-04   1.02129E-10
 1.44000E+01               1.28842E-03   3.65419E-03   2.32206E-05   1.29501E-05   2.69153E-08   2.89247E-03   1.60257E-04   1.02135E-10
 1.45600E+01               1.28842E-03   3.65419E-03   2.31994E-05   1.29405E-05   2.68907E-08   2.88879E-03   1.67691E-04   1.02140E-10
 1.47200E+01               1.28842E-03   3.65419E-03   2.31808E-05   1.29321E-05   2.68692E-08   2.88555E-03   1.74215E-04   1.02145E-10
 1.48800E+01               1.28842E-03   3.65419E-03   2.31649E-05   1.29249E-05   2.68507E-08   2.88278E-03   1.79800E-04   1.02149E-10
 1.50400E+01               1.28842E-03   3.65419E-03   2.31517E-05   1.29190E-05   2.68354E-08   2.88048E-03   1.84444E-04   1.02152E-10
 1.52000E+01               1.28842E-03   3.65419E-03   2.31410E-05   1.29142E-05   2.68230E-08   2.87863E-03   1.88173E-04   1.02155E-10
 1.53600E+01               1.28842E-03   3.65419E-03   2.31329E-05   1.29105E-05   2.68136E-08   2.87721E-03   1.91037E-04   1.02157E-10
 1.55200E+01               1.28842E-03   3.65419E-03   2.31270E-05   1.29078E-05   2.68067E-08   2.87619E-03   1.93103E-04   1.02159E-10
 1.56800E+01               1.28842E-03   3.65419E-03   2.31231E-05   1.29060E-05   2.68023E-08   2.87552E-03   1.94458E-04   1.02160E-10
 1.58400E+01               1.28842E-03   3.65419E-03   2.31210E-05   1.29051E-05   2.67998E-08   2.87515E-03   1.95193E-04   1.02160E-10
 1.59600E+01               1.28842E-03   3.65419E-03   2.31203E-05   1.29048E-05   2.67991E-08   2.87504E-03   1.95419E-04   1.02160E-10
