# Units: Mol/kgw
 TITLE = " Years"
VARIABLES = "X (meters)", "H+        ", "SO4--     ", "Zn++      ", "Pb++      ", "Ca++      ", "Mg++      ", "K+        ", "Na+       ", "
 ZONE F=POINT,I=         101
 4.00000E-02               1.28842E-03   3.65419E-03   1.00293E-03   1.00293E-03   1.00293E-03   1.00293E-10   1.00293E-10   1.00293E-10
 1.60000E-01               1.28842E-03   3.65419E-03   1.00293E-03   1.00293E-03   1.00293E-03   1.00477E-10   1.00293E-10   1.00293E-10
 3.20000E-01               1.28842E-03   3.65419E-03   1.00294E-03   1.00292E-03   1.00294E-03   1.05297E-10   1.00293E-10   1.00293E-10
 4.80000E-01               1.28842E-03   3.65419E-03   1.00297E-03   1.00285E-03   1.00298E-03   1.69842E-10   1.00294E-10   1.00293E-10
 6.40000E-01               1.28842E-03   3.65419E-03   1.00314E-03   1.00250E-03   1.00316E-03   7.57818E-10   1.00294E-10   1.00293E-10
 8.00000E-01               1.28842E-03   3.65419E-03   1.00374E-03   1.00127E-03   1.00378E-03   4.87152E-09   1.00297E-10   1.00294E-10
 9.60000E-01               1.28842E-03   3.65419E-03   1.00549E-03   9.97745E-04   1.00554E-03   2.85372E-08   1.00304E-10   1.00295E-10
 1.12000E+00               1.28842E-03   3.65419E-03   1.00979E-03   9.89172E-04   1.00970E-03   1.45567E-07   1.00321E-10   1.00297E-10
 1.28000E+00               1.28842E-03   3.65419E-03   1.01892E-03   9.71106E-04   1.01811E-03   6.58584E-07   1.00363E-10   1.00302E-10
 1.44000E+00               1.28842E-03   3.65419E-03   1.03592E-03   9.37426E-04   1.03276E-03   2.69470E-06   1.00463E-10   1.00313E-10
 1.60000E+00               1.28842E-03   3.65419E-03   1.06336E-03   8.81084E-04   1.05425E-03   1.01044E-05   1.00779E-10   1.00333E-10
 1.76000E+00               1.28842E-03   3.65419E-03   1.10005E-03   7.95533E-04   1.07831E-03   3.49094E-05   1.02184E-10   1.00371E-10
 1.92000E+00               1.28842E-03   3.65419E-03   1.13301E-03   6.76411E-04   1.08891E-03   1.10470E-04   1.09793E-10   1.00447E-10
 2.08000E+00               1.28842E-03   3.65419E-03   1.12403E-03   5.24110E-04   1.04846E-03   3.12205E-04   1.52203E-10   1.00602E-10
 2.24000E+00               1.28842E-03   3.65419E-03   1.00796E-03   3.51528E-04   9.02788E-04   7.46525E-04   3.70241E-10   1.00882E-10
 2.40000E+00               1.28842E-03   3.65419E-03   7.57273E-04   1.94453E-04   6.44137E-04   1.41294E-03   1.31853E-09   1.01259E-10
 2.56000E+00               1.28842E-03   3.65419E-03   4.65135E-04   9.09314E-05   3.70252E-04   2.08248E-03   4.63826E-09   1.01602E-10
 2.72000E+00               1.28842E-03   3.65419E-03   2.47597E-04   4.15066E-05   1.79382E-04   2.54031E-03   1.41370E-08   1.01822E-10
 2.88000E+00               1.28842E-03   3.65419E-03   1.25869E-04   2.26298E-05   7.82731E-05   2.78201E-03   3.74823E-08   1.01933E-10
 3.04000E+00               1.28842E-03   3.65419E-03   6.75701E-05   1.62137E-05   3.21890E-05   2.89278E-03   8.88956E-08   1.01983E-10
 3.20000E+00               1.28842E-03   3.65419E-03   4.18203E-05   1.41369E-05   1.27610E-05   2.93999E-03   1.93012E-07   1.02004E-10
 3.36000E+00               1.28842E-03   3.65419E-03   3.09624E-05   1.34746E-05   4.92685E-06   2.95924E-03   3.89838E-07   1.02013E-10
 3.52000E+00               1.28842E-03   3.65419E-03   2.65301E-05   1.32632E-05   1.86447E-06   2.96677E-03   7.40441E-07   1.02017E-10
 3.68000E+00               1.28842E-03   3.65419E-03   2.47694E-05   1.31947E-05   6.98896E-07   2.96947E-03   1.33262E-06   1.02019E-10
 3.84000E+00               1.28842E-03   3.65419E-03   2.40867E-05   1.31715E-05   2.66561E-07   2.97013E-03   2.28536E-06   1.02021E-10
 4.00000E+00               1.28842E-03   3.65419E-03   2.38264E-05   1.31621E-05   1.10345E-07   2.96983E-03   3.75051E-06   1.02023E-10
 4.16000E+00               1.28842E-03   3.65419E-03   2.37258E-05   1.31564E-05   5.53952E-08   2.96891E-03   5.91013E-06   1.02026E-10
 4.32000E+00               1.28842E-03   3.65419E-03   2.36826E-05   1.31509E-05   3.65872E-08   2.96745E-03   8.96814E-06   1.02030E-10
 4.48000E+00               1.28842E-03   3.65419E-03   2.36575E-05   1.31441E-05   3.03203E-08   2.96540E-03   1.31358E-05   1.02035E-10
 4.64000E+00               1.28842E-03   3.65419E-03   2.36358E-05   1.31354E-05   2.82797E-08   2.96270E-03   1.86110E-05   1.02042E-10
 4.80000E+00               1.28842E-03   3.65419E-03   2.36120E-05   1.31244E-05   2.76195E-08   2.95926E-03   2.55545E-05   1.02051E-10
 4.96000E+00               1.28842E-03   3.65419E-03   2.35838E-05   1.31110E-05   2.73942E-08   2.95505E-03   3.40640E-05   1.02063E-10
 5.12000E+00               1.28842E-03   3.65419E-03   2.35508E-05   1.30952E-05   2.72990E-08   2.95005E-03   4.41526E-05   1.02077E-10
 5.28000E+00               1.28842E-03   3.65419E-03   2.35131E-05   1.30770E-05   2.72388E-08   2.94432E-03   5.57335E-05   1.02094E-10
 5.44000E+00               1.28842E-03   3.65419E-03   2.34711E-05   1.30567E-05   2.71856E-08   2.93794E-03   6.86157E-05   1.02117E-10
 5.60000E+00               1.28842E-03   3.65419E-03   2.34257E-05   1.30348E-05   2.71319E-08   2.93106E-03   8.25121E-05   1.02154E-10
 5.76000E+00               1.28842E-03   3.65419E-03   2.33783E-05   1.30119E-05   2.70766E-08   2.92385E-03   9.70599E-05   1.02229E-10
 5.92000E+00               1.28842E-03   3.65419E-03   2.33300E-05   1.29886E-05   2.70207E-08   2.91653E-03   1.11850E-04   1.02414E-10
 6.08000E+00               1.28842E-03   3.65419E-03   2.32823E-05   1.29656E-05   2.69654E-08   2.90929E-03   1.26464E-04   1.02911E-10
 6.24000E+00               1.28842E-03   3.65419E-03   2.32365E-05   1.29434E-05   2.69123E-08   2.90234E-03   1.40506E-04   1.04291E-10
 6.40000E+00               1.28842E-03   3.65419E-03   2.31936E-05   1.29227E-05   2.68626E-08   2.89584E-03   1.53639E-04   1.08139E-10
 6.56000E+00               1.28842E-03   3.65419E-03   2.31545E-05   1.29038E-05   2.68173E-08   2.88992E-03   1.65600E-04   1.18807E-10
 6.72000E+00               1.28842E-03   3.65419E-03   2.31198E-05   1.28870E-05   2.67772E-08   2.88466E-03   1.76217E-04   1.48155E-10
 6.88000E+00               1.28842E-03   3.65419E-03   2.30897E-05   1.28724E-05   2.67424E-08   2.88011E-03   1.85408E-04   2.28273E-10
 7.04000E+00               1.28842E-03   3.65419E-03   2.30643E-05   1.28601E-05   2.67129E-08   2.87626E-03   1.93172E-04   4.45536E-10
 7.20000E+00               1.28842E-03   3.65419E-03   2.30434E-05   1.28500E-05   2.66887E-08   2.87309E-03   1.99576E-04   1.03147E-09
 7.36000E+00               1.28842E-03   3.65419E-03   2.30265E-05   1.28418E-05   2.66691E-08   2.87054E-03   2.04737E-04   2.60473E-09
 7.52000E+00               1.28842E-03   3.65419E-03   2.30132E-05   1.28353E-05   2.66537E-08   2.86852E-03   2.08800E-04   6.81471E-09
 7.68000E+00               1.28842E-03   3.65419E-03   2.30029E-05   1.28303E-05   2.66418E-08   2.86697E-03   2.11929E-04   1.80518E-08
 7.84000E+00               1.28842E-03   3.65419E-03   2.29950E-05   1.28265E-05   2.66327E-08   2.86579E-03   2.14285E-04   4.79897E-08
 8.00000E+00               1.28842E-03   3.65419E-03   2.30012E-05   1.28417E-05   2.66448E-08   2.86479E-03   2.16163E-04   1.16472E-07
 8.16000E+00               1.28842E-03   3.65419E-03   2.30207E-05   1.28605E-05   2.66746E-08   2.86428E-03   2.16936E-04   2.82565E-07
 8.32000E+00               1.28842E-03   3.65419E-03   2.30406E-05   1.28715E-05   2.67029E-08   2.86443E-03   2.16178E-04   6.84960E-07
 8.48000E+00               1.28842E-03   3.65419E-03   2.30554E-05   1.28769E-05   2.67226E-08   2.86526E-03   2.13512E-04   1.65879E-06
 8.64000E+00               1.28842E-03   3.65419E-03   2.30639E-05   1.28790E-05   2.67331E-08   2.86631E-03   2.09022E-04   4.01383E-06
 8.80000E+00               1.28842E-03   3.65419E-03   2.30597E-05   1.28749E-05   2.67284E-08   2.86631E-03   2.03351E-04   9.70894E-06
 8.96000E+00               1.28842E-03   3.65419E-03   2.30239E-05   1.28544E-05   2.66867E-08   2.86245E-03   1.97406E-04   2.34895E-05
 9.12000E+00               1.28842E-03   3.65419E-03   2.29111E-05   1.27932E-05   2.65551E-08   2.84872E-03   1.91859E-04   5.68409E-05
 9.28000E+00               1.28842E-03   3.65419E-03   2.26150E-05   1.26348E-05   2.62102E-08   2.81151E-03   1.86703E-04   1.37327E-04
 9.44000E+00               1.28842E-03   3.65419E-03   2.18902E-05   1.22479E-05   2.53661E-08   2.71959E-03   1.80831E-04   3.29269E-04
 9.60000E+00               1.28842E-03   3.65419E-03   2.02078E-05   1.13470E-05   2.34079E-08   2.50587E-03   1.71387E-04   7.71315E-04
 9.76000E+00               1.28842E-03   3.65419E-03   1.66709E-05   9.43517E-06   1.92959E-08   2.05747E-03   1.52876E-04   1.69753E-03
 9.92000E+00               1.28842E-03   3.65419E-03   1.08967E-05   6.25661E-06   1.25973E-08   1.32975E-03   1.19393E-04   3.20439E-03
 1.00800E+01               1.28842E-03   3.65419E-03   5.69098E-06   3.32304E-06   6.57422E-09   6.80856E-04   8.07194E-05   4.55713E-03
 1.02400E+01               1.28842E-03   3.65419E-03   3.67763E-06   2.16817E-06   4.24858E-09   4.33063E-04   6.01677E-05   5.07961E-03
 1.04000E+01               1.28842E-03   3.65419E-03   3.22450E-06   1.90634E-06   3.72543E-09   3.77716E-04   5.42943E-05   5.19761E-03
 1.05600E+01               1.28842E-03   3.65419E-03   3.13744E-06   1.85594E-06   3.62493E-09   3.67109E-04   5.30194E-05   5.22037E-03
 1.07200E+01               1.28842E-03   3.65419E-03   3.12120E-06   1.84654E-06   3.60618E-09   3.65132E-04   5.27694E-05   5.22462E-03
 1.08800E+01               1.28842E-03   3.65419E-03   3.11818E-06   1.84479E-06   3.60269E-09   3.64764E-04   5.27228E-05   5.22542E-03
 1.10400E+01               1.28842E-03   3.65419E-03   3.11760E-06   1.84445E-06   3.60202E-09   3.64693E-04   5.27146E-05   5.22557E-03
 1.12000E+01               1.28842E-03   3.65419E-03   3.11745E-06   1.84436E-06   3.60185E-09   3.64675E-04   5.27133E-05   5.22561E-03
 1.13600E+01               1.28842E-03   3.65419E-03   3.11736E-06   1.84431E-06   3.60175E-09   3.64665E-04   5.27129E-05   5.22563E-03
 1.15200E+01               1.28842E-03   3.65419E-03   3.11727E-06   1.84426E-06   3.60164E-09   3.64654E-04   5.27125E-05   5.22565E-03
 1.16800E+01               1.28842E-03   3.65419E-03   3.11717E-06   1.84420E-06   3.60153E-09   3.64641E-04   5.27119E-05   5.22568E-03
 1.18400E+01               1.28842E-03   3.65419E-03   3.11706E-06   1.84413E-06   3.60140E-09   3.64628E-04   5.27111E-05   5.22570E-03
 1.20000E+01               1.28842E-03   3.65419E-03   3.11694E-06   1.84406E-06   3.60126E-09   3.64613E-04   5.27102E-05   5.22573E-03
 1.21600E+01               1.28842E-03   3.65419E-03   3.11682E-06   1.84399E-06   3.60112E-09   3.64599E-04   5.27092E-05   5.22577E-03
 1.23200E+01               1.28842E-03   3.65419E-03   3.11670E-06   1.84392E-06   3.60098E-09   3.64584E-04   5.27081E-05   5.22580E-03
 1.24800E+01               1.28842E-03   3.65419E-03   3.11657E-06   1.84385E-06   3.60084E-09   3.64569E-04   5.27071E-05   5.22583E-03
 1.26400E+01               1.28842E-03   3.65419E-03   3.11645E-06   1.84378E-06   3.60070E-09   3.64554E-04   5.27060E-05   5.22586E-03
 1.28000E+01               1.28842E-03   3.65419E-03   3.11634E-06   1.84371E-06   3.60057E-09   3.64540E-04   5.27050E-05   5.22589E-03
 1.29600E+01               1.28842E-03   3.65419E-03   3.11622E-06   1.84365E-06   3.60044E-09   3.64526E-04   5.27040E-05   5.22592E-03
 1.31200E+01               1.28842E-03   3.65419E-03   3.11611E-06   1.84358E-06   3.60031E-09   3.64513E-04   5.27030E-05   5.22595E-03
 1.32800E+01               1.28842E-03   3.65419E-03   3.11600E-06   1.84352E-06   3.60018E-09   3.64499E-04   5.27021E-05   5.22597E-03
 1.34400E+01               1.28842E-03   3.65419E-03   3.11589E-06   1.84345E-06   3.60006E-09   3.64486E-04   5.27011E-05   5.22600E-03
 1.36000E+01               1.28842E-03   3.65419E-03   3.11579E-06   1.84339E-06   3.59994E-09   3.64474E-04   5.27002E-05   5.22603E-03
 1.37600E+01               1.28842E-03   3.65419E-03   3.11569E-06   1.84333E-06   3.59982E-09   3.64461E-04   5.26994E-05   5.22605E-03
 1.39200E+01               1.28842E-03   3.65419E-03   3.11559E-06   1.84328E-06   3.59971E-09   3.64449E-04   5.26985E-05   5.22608E-03
 1.40800E+01               1.28842E-03   3.65419E-03   3.11549E-06   1.84322E-06   3.59960E-09   3.64437E-04   5.26977E-05   5.22610E-03
 1.42400E+01               1.28842E-03   3.65419E-03   3.11540E-06   1.84317E-06   3.59949E-09   3.64426E-04   5.26968E-05   5.22613E-03
 1.44000E+01               1.28842E-03   3.65419E-03   3.11530E-06   1.84311E-06   3.59938E-09   3.64415E-04   5.26961E-05   5.22615E-03
 1.45600E+01               1.28842E-03   3.65419E-03   3.11522E-06   1.84306E-06   3.59928E-09   3.64404E-04   5.26953E-05   5.22617E-03
 1.47200E+01               1.28842E-03   3.65419E-03   3.11513E-06   1.84301E-06   3.59918E-09   3.64393E-04   5.26945E-05   5.22620E-03
 1.48800E+01               1.28842E-03   3.65419E-03   3.11504E-06   1.84296E-06   3.59908E-09   3.64383E-04   5.26938E-05   5.22622E-03
 1.50400E+01               1.28842E-03   3.65419E-03   3.11496E-06   1.84291E-06   3.59898E-09   3.64373E-04   5.26931E-05   5.22624E-03
 1.52000E+01               1.28842E-03   3.65419E-03   3.11488E-06   1.84286E-06   3.59889E-09   3.64363E-04   5.26924E-05   5.22626E-03
 1.53600E+01               1.28842E-03   3.65419E-03   3.11480E-06   1.84281E-06   3.59880E-09   3.64353E-04   5.26917E-05   5.22628E-03
 1.55200E+01               1.28842E-03   3.65419E-03   3.11472E-06   1.84277E-06   3.59870E-09   3.64343E-04   5.26911E-05   5.22630E-03
 1.56800E+01               1.28842E-03   3.65419E-03   3.11464E-06   1.84272E-06   3.59861E-09   3.64334E-04   5.26904E-05   5.22632E-03
 1.58400E+01               1.28842E-03   3.65418E-03   3.11456E-06   1.84268E-06   3.59853E-09   3.64325E-04   5.26898E-05   5.22633E-03
 1.59600E+01               1.28842E-03   3.65418E-03   3.11451E-06   1.84263E-06   3.59848E-09   3.64320E-04   5.26895E-05   5.22634E-03
