# Units: Mol/m^3 porous medium
 TITLE = " Years"
VARIABLES = "X (meters)", "H+        ", "SO4--     ", "Zn++      ", "Pb++      ", "Ca++      ", "Mg++      ", "K+        ", "Na+       ", "
 ZONE F=POINT,I=         101
 4.00000E-02               0.00000E+00   0.00000E+00   2.01881E+00   2.77479E+00   2.07828E+00   1.27050E-07   5.97218E-08   1.11423E-08
 1.60000E-01               0.00000E+00   0.00000E+00   2.02001E+00   2.77234E+00   2.07944E+00   8.35277E-05   5.98011E-08   1.11430E-08
 3.20000E-01               0.00000E+00   0.00000E+00   2.02788E+00   2.75604E+00   2.08673E+00   1.22303E-03   6.16993E-08   1.11482E-08
 4.80000E-01               0.00000E+00   0.00000E+00   2.05426E+00   2.69868E+00   2.10948E+00   9.45693E-03   8.65651E-08   1.11689E-08
 6.40000E-01               0.00000E+00   0.00000E+00   2.11107E+00   2.55644E+00   2.15294E+00   5.14330E-02   3.20751E-07   1.12332E-08
 8.00000E-01               0.00000E+00   0.00000E+00   2.18442E+00   2.27681E+00   2.19201E+00   2.18635E-01   2.09137E-06   1.14087E-08
 9.60000E-01               0.00000E+00   0.00000E+00   2.18200E+00   1.81901E+00   2.12661E+00   7.44250E-01   1.32245E-05   1.18335E-08
 1.12000E+00               0.00000E+00   0.00000E+00   1.91968E+00   1.21415E+00   1.79036E+00   1.94764E+00   6.95487E-05   1.26422E-08
 1.28000E+00               0.00000E+00   0.00000E+00   1.34762E+00   6.40581E-01   1.18022E+00   3.70331E+00   2.83224E-04   1.36639E-08
 1.44000E+00               0.00000E+00   0.00000E+00   7.51659E-01   2.85168E-01   5.96335E-01   5.23827E+00   8.79965E-04   1.44695E-08
 1.60000E+00               0.00000E+00   0.00000E+00   3.73617E-01   1.34778E-01   2.47103E-01   6.11528E+00   2.18958E-03   1.49265E-08
 1.76000E+00               0.00000E+00   0.00000E+00   1.95582E-01   8.51374E-02   9.05433E-02   6.49829E+00   4.63465E-03   1.52636E-08
 1.92000E+00               0.00000E+00   0.00000E+00   1.24326E-01   7.08266E-02   3.06435E-02   6.64173E+00   8.70651E-03   1.60685E-08
 2.08000E+00               0.00000E+00   0.00000E+00   9.84173E-02   6.69976E-02   9.78319E-03   6.68923E+00   1.48912E-02   1.92448E-08
 2.24000E+00               0.00000E+00   0.00000E+00   8.96185E-02   6.60156E-02   3.00042E-03   6.70146E+00   2.35573E-02   3.16930E-08
 2.40000E+00               0.00000E+00   0.00000E+00   8.67862E-02   6.57624E-02   9.23190E-04   6.70098E+00   3.48400E-02   7.75348E-08
 2.56000E+00               0.00000E+00   0.00000E+00   8.59005E-02   6.56856E-02   3.22349E-04   6.69569E+00   4.85608E-02   2.36720E-07
 2.72000E+00               0.00000E+00   0.00000E+00   8.56105E-02   6.56483E-02   1.58024E-04   6.68835E+00   6.42115E-02   7.61730E-07
 2.88000E+00               0.00000E+00   0.00000E+00   8.54914E-02   6.56189E-02   1.15482E-04   6.68014E+00   8.10144E-02   2.41750E-06
 3.04000E+00               0.00000E+00   0.00000E+00   8.54194E-02   6.55913E-02   1.05023E-04   6.67173E+00   9.80454E-02   7.44208E-06
 3.20000E+00               0.00000E+00   0.00000E+00   8.53620E-02   6.55651E-02   1.02553E-04   6.66364E+00   1.14385E-01   2.21996E-05
 3.36000E+00               0.00000E+00   0.00000E+00   8.53123E-02   6.55412E-02   1.01969E-04   6.65626E+00   1.29258E-01   6.43838E-05
 3.52000E+00               0.00000E+00   0.00000E+00   8.52695E-02   6.55203E-02   1.01809E-04   6.64983E+00   1.42128E-01   1.82356E-04
 3.68000E+00               0.00000E+00   0.00000E+00   8.52334E-02   6.55026E-02   1.01746E-04   6.64442E+00   1.52731E-01   5.06690E-04
 3.84000E+00               0.00000E+00   0.00000E+00   8.52026E-02   6.54874E-02   1.01707E-04   6.63986E+00   1.61054E-01   1.38702E-03
 4.00000E+00               0.00000E+00   0.00000E+00   8.51731E-02   6.54725E-02   1.01672E-04   6.63562E+00   1.67263E-01   3.75451E-03
 4.16000E+00               0.00000E+00   0.00000E+00   8.51343E-02   6.54524E-02   1.01627E-04   6.63034E+00   1.71614E-01   1.00802E-02
 4.32000E+00               0.00000E+00   0.00000E+00   8.50605E-02   6.54135E-02   1.01541E-04   6.62069E+00   1.74317E-01   2.68983E-02
 4.48000E+00               0.00000E+00   0.00000E+00   8.48855E-02   6.53207E-02   1.01337E-04   6.59821E+00   1.75342E-01   7.13706E-02
 4.64000E+00               0.00000E+00   0.00000E+00   8.44411E-02   6.50844E-02   1.00820E-04   6.54144E+00   1.73998E-01   1.87621E-01
 4.80000E+00               0.00000E+00   0.00000E+00   8.33347E-02   6.44917E-02   9.95341E-05   6.40046E+00   1.68040E-01   4.78941E-01
 4.96000E+00               0.00000E+00   0.00000E+00   8.10581E-02   6.32486E-02   9.68934E-05   6.11208E+00   1.52995E-01   1.07779E+00
 5.12000E+00               0.00000E+00   0.00000E+00   7.85999E-02   6.18695E-02   9.40505E-05   5.80439E+00   1.31412E-01   1.72244E+00
 5.28000E+00               0.00000E+00   0.00000E+00   7.75705E-02   6.12801E-02   9.28620E-05   5.67730E+00   1.18499E-01   1.99277E+00
 5.44000E+00               0.00000E+00   0.00000E+00   7.73380E-02   6.11457E-02   9.25939E-05   5.64886E+00   1.14525E-01   2.05436E+00
 5.60000E+00               0.00000E+00   0.00000E+00   7.72941E-02   6.11202E-02   9.25433E-05   5.64351E+00   1.13616E-01   2.06610E+00
 5.76000E+00               0.00000E+00   0.00000E+00   7.72857E-02   6.11152E-02   9.25335E-05   5.64249E+00   1.13429E-01   2.06836E+00
 5.92000E+00               0.00000E+00   0.00000E+00   7.72837E-02   6.11140E-02   9.25312E-05   5.64225E+00   1.13393E-01   2.06889E+00
 6.08000E+00               0.00000E+00   0.00000E+00   7.72829E-02   6.11134E-02   9.25303E-05   5.64215E+00   1.13385E-01   2.06909E+00
 6.24000E+00               0.00000E+00   0.00000E+00   7.72823E-02   6.11130E-02   9.25297E-05   5.64208E+00   1.13383E-01   2.06922E+00
 6.40000E+00               0.00000E+00   0.00000E+00   7.72818E-02   6.11127E-02   9.25291E-05   5.64203E+00   1.13382E-01   2.06934E+00
 6.56000E+00               0.00000E+00   0.00000E+00   7.72813E-02   6.11123E-02   9.25286E-05   5.64197E+00   1.13382E-01   2.06945E+00
 6.72000E+00               0.00000E+00   0.00000E+00   7.72809E-02   6.11120E-02   9.25281E-05   5.64192E+00   1.13382E-01   2.06956E+00
 6.88000E+00               0.00000E+00   0.00000E+00   7.72804E-02   6.11117E-02   9.25276E-05   5.64187E+00   1.13381E-01   2.06966E+00
 7.04000E+00               0.00000E+00   0.00000E+00   7.72800E-02   6.11114E-02   9.25272E-05   5.64182E+00   1.13381E-01   2.06975E+00
 7.20000E+00               0.00000E+00   0.00000E+00   7.72796E-02   6.11111E-02   9.25267E-05   5.64178E+00   1.13381E-01   2.06984E+00
 7.36000E+00               0.00000E+00   0.00000E+00   7.72792E-02   6.11108E-02   9.25263E-05   5.64174E+00   1.13381E-01   2.06993E+00
 7.52000E+00               0.00000E+00   0.00000E+00   7.72789E-02   6.11105E-02   9.25259E-05   5.64170E+00   1.13381E-01   2.07001E+00
 7.68000E+00               0.00000E+00   0.00000E+00   7.72785E-02   6.11103E-02   9.25255E-05   5.64166E+00   1.13381E-01   2.07009E+00
 7.84000E+00               0.00000E+00   0.00000E+00   7.72782E-02   6.11100E-02   9.25252E-05   5.64162E+00   1.13381E-01   2.07017E+00
 8.00000E+00               0.00000E+00   0.00000E+00   8.86717E-02   8.19039E-02   1.06167E-04   5.74187E+00   1.46116E-01   1.77254E+00
 8.16000E+00               0.00000E+00   0.00000E+00   8.86718E-02   8.19036E-02   1.06167E-04   5.74187E+00   1.46111E-01   1.77253E+00
 8.32000E+00               0.00000E+00   0.00000E+00   8.86720E-02   8.19037E-02   1.06167E-04   5.74190E+00   1.46111E-01   1.77248E+00
 8.48000E+00               0.00000E+00   0.00000E+00   8.86723E-02   8.19038E-02   1.06168E-04   5.74194E+00   1.46116E-01   1.77239E+00
 8.64000E+00               0.00000E+00   0.00000E+00   8.86725E-02   8.19039E-02   1.06168E-04   5.74197E+00   1.46124E-01   1.77231E+00
 8.80000E+00               0.00000E+00   0.00000E+00   8.86727E-02   8.19040E-02   1.06168E-04   5.74199E+00   1.46130E-01   1.77227E+00
 8.96000E+00               0.00000E+00   0.00000E+00   8.86727E-02   8.19039E-02   1.06168E-04   5.74200E+00   1.46135E-01   1.77226E+00
 9.12000E+00               0.00000E+00   0.00000E+00   8.86726E-02   8.19038E-02   1.06168E-04   5.74199E+00   1.46138E-01   1.77227E+00
 9.28000E+00               0.00000E+00   0.00000E+00   8.86724E-02   8.19037E-02   1.06168E-04   5.74197E+00   1.46139E-01   1.77231E+00
 9.44000E+00               0.00000E+00   0.00000E+00   8.86722E-02   8.19035E-02   1.06168E-04   5.74194E+00   1.46140E-01   1.77236E+00
 9.60000E+00               0.00000E+00   0.00000E+00   8.86720E-02   8.19033E-02   1.06168E-04   5.74192E+00   1.46140E-01   1.77241E+00
 9.76000E+00               0.00000E+00   0.00000E+00   8.86717E-02   8.19032E-02   1.06167E-04   5.74189E+00   1.46140E-01   1.77247E+00
 9.92000E+00               0.00000E+00   0.00000E+00   8.86715E-02   8.19030E-02   1.06167E-04   5.74186E+00   1.46140E-01   1.77252E+00
 1.00800E+01               0.00000E+00   0.00000E+00   8.86712E-02   8.19028E-02   1.06167E-04   5.74183E+00   1.46140E-01   1.77258E+00
 1.02400E+01               0.00000E+00   0.00000E+00   8.86709E-02   8.19026E-02   1.06166E-04   5.74180E+00   1.46140E-01   1.77264E+00
 1.04000E+01               0.00000E+00   0.00000E+00   8.86707E-02   8.19024E-02   1.06166E-04   5.74177E+00   1.46141E-01   1.77271E+00
 1.05600E+01               0.00000E+00   0.00000E+00   8.86703E-02   8.19022E-02   1.06166E-04   5.74174E+00   1.46141E-01   1.77278E+00
 1.07200E+01               0.00000E+00   0.00000E+00   8.86700E-02   8.19019E-02   1.06165E-04   5.74170E+00   1.46142E-01   1.77286E+00
 1.08800E+01               0.00000E+00   0.00000E+00   8.86696E-02   8.19016E-02   1.06165E-04   5.74165E+00   1.46142E-01   1.77295E+00
 1.10400E+01               0.00000E+00   0.00000E+00   8.86691E-02   8.19013E-02   1.06164E-04   5.74160E+00   1.46143E-01   1.77306E+00
 1.12000E+01               0.00000E+00   0.00000E+00   8.86685E-02   8.19009E-02   1.06164E-04   5.74154E+00   1.46144E-01   1.77318E+00
 1.13600E+01               0.00000E+00   0.00000E+00   8.86679E-02   8.19004E-02   1.06163E-04   5.74146E+00   1.46145E-01   1.77333E+00
 1.15200E+01               0.00000E+00   0.00000E+00   8.86672E-02   8.18999E-02   1.06162E-04   5.74138E+00   1.46147E-01   1.77349E+00
 1.16800E+01               0.00000E+00   0.00000E+00   8.86664E-02   8.18994E-02   1.06161E-04   5.74129E+00   1.46148E-01   1.77367E+00
 1.18400E+01               0.00000E+00   0.00000E+00   8.86655E-02   8.18987E-02   1.06160E-04   5.74119E+00   1.46150E-01   1.77388E+00
 1.20000E+01               0.00000E+00   0.00000E+00   8.86645E-02   8.18980E-02   1.06159E-04   5.74108E+00   1.46152E-01   1.77410E+00
 1.21600E+01               0.00000E+00   0.00000E+00   8.86635E-02   8.18973E-02   1.06158E-04   5.74096E+00   1.46154E-01   1.77435E+00
 1.23200E+01               0.00000E+00   0.00000E+00   8.86624E-02   8.18965E-02   1.06157E-04   5.74083E+00   1.46156E-01   1.77460E+00
 1.24800E+01               0.00000E+00   0.00000E+00   8.86612E-02   8.18957E-02   1.06156E-04   5.74070E+00   1.46159E-01   1.77487E+00
 1.26400E+01               0.00000E+00   0.00000E+00   8.86601E-02   8.18950E-02   1.06154E-04   5.74057E+00   1.46161E-01   1.77513E+00
 1.28000E+01               0.00000E+00   0.00000E+00   8.86589E-02   8.18942E-02   1.06153E-04   5.74043E+00   1.46164E-01   1.77540E+00
 1.29600E+01               0.00000E+00   0.00000E+00   8.86578E-02   8.18934E-02   1.06152E-04   5.74031E+00   1.46166E-01   1.77566E+00
 1.31200E+01               0.00000E+00   0.00000E+00   8.86567E-02   8.18927E-02   1.06151E-04   5.74018E+00   1.46168E-01   1.77590E+00
 1.32800E+01               0.00000E+00   0.00000E+00   8.86558E-02   8.18921E-02   1.06149E-04   5.74007E+00   1.46170E-01   1.77613E+00
 1.34400E+01               0.00000E+00   0.00000E+00   8.86549E-02   8.18915E-02   1.06148E-04   5.73997E+00   1.46172E-01   1.77634E+00
 1.36000E+01               0.00000E+00   0.00000E+00   8.86541E-02   8.18910E-02   1.06148E-04   5.73987E+00   1.46174E-01   1.77652E+00
 1.37600E+01               0.00000E+00   0.00000E+00   8.86534E-02   8.18905E-02   1.06147E-04   5.73979E+00   1.46176E-01   1.77669E+00
 1.39200E+01               0.00000E+00   0.00000E+00   8.86528E-02   8.18901E-02   1.06146E-04   5.73973E+00   1.46177E-01   1.77682E+00
 1.40800E+01               0.00000E+00   0.00000E+00   8.86523E-02   8.18898E-02   1.06146E-04   5.73967E+00   1.46178E-01   1.77694E+00
 1.42400E+01               0.00000E+00   0.00000E+00   8.86519E-02   8.18896E-02   1.06145E-04   5.73962E+00   1.46179E-01   1.77703E+00
 1.44000E+01               0.00000E+00   0.00000E+00   8.86516E-02   8.18894E-02   1.06145E-04   5.73958E+00   1.46179E-01   1.77711E+00
 1.45600E+01               0.00000E+00   0.00000E+00   8.86513E-02   8.18892E-02   1.06144E-04   5.73955E+00   1.46180E-01   1.77717E+00
 1.47200E+01               0.00000E+00   0.00000E+00   8.86511E-02   8.18891E-02   1.06144E-04   5.73953E+00   1.46180E-01   1.77721E+00
 1.48800E+01               0.00000E+00   0.00000E+00   8.86510E-02   8.18890E-02   1.06144E-04   5.73951E+00   1.46181E-01   1.77725E+00
 1.50400E+01               0.00000E+00   0.00000E+00   8.86509E-02   8.18889E-02   1.06144E-04   5.73950E+00   1.46181E-01   1.77728E+00
 1.52000E+01               0.00000E+00   0.00000E+00   8.86508E-02   8.18888E-02   1.06144E-04   5.73949E+00   1.46181E-01   1.77729E+00
 1.53600E+01               0.00000E+00   0.00000E+00   8.86507E-02   8.18888E-02   1.06144E-04   5.73948E+00   1.46181E-01   1.77731E+00
 1.55200E+01               0.00000E+00   0.00000E+00   8.86507E-02   8.18887E-02   1.06144E-04   5.73948E+00   1.46181E-01   1.77732E+00
 1.56800E+01               0.00000E+00   0.00000E+00   8.86506E-02   8.18887E-02   1.06144E-04   5.73948E+00   1.46181E-01   1.77732E+00
 1.58400E+01               0.00000E+00   0.00000E+00   8.86506E-02   8.18887E-02   1.06144E-04   5.73947E+00   1.46181E-01   1.77733E+00
 1.59600E+01               0.00000E+00   0.00000E+00   8.86503E-02   8.18876E-02   1.06144E-04   5.73947E+00   1.46182E-01   1.77734E+00
