# Units: Mol/m^3 porous medium
 TITLE = " Years"
VARIABLES = "X (meters)", "H+        ", "SO4--     ", "Zn++      ", "Pb++      ", "Ca++      ", "Mg++      ", "K+        ", "Na+       ", "
 ZONE F=POINT,I=         101
 4.00000E-02               0.00000E+00   0.00000E+00   2.01881E+00   2.77479E+00   2.07828E+00   1.26933E-07   5.97218E-08   1.11423E-08
 1.60000E-01               0.00000E+00   0.00000E+00   2.01881E+00   2.77479E+00   2.07828E+00   1.27165E-07   5.97218E-08   1.11423E-08
 3.20000E-01               0.00000E+00   0.00000E+00   2.01882E+00   2.77477E+00   2.07829E+00   1.33266E-07   5.97218E-08   1.11423E-08
 4.80000E-01               0.00000E+00   0.00000E+00   2.01891E+00   2.77458E+00   2.07839E+00   2.14956E-07   5.97222E-08   1.11424E-08
 6.40000E-01               0.00000E+00   0.00000E+00   2.01932E+00   2.77372E+00   2.07883E+00   9.59150E-07   5.97239E-08   1.11426E-08
 8.00000E-01               0.00000E+00   0.00000E+00   2.02079E+00   2.77068E+00   2.08040E+00   6.16656E-06   5.97298E-08   1.11434E-08
 9.60000E-01               0.00000E+00   0.00000E+00   2.02508E+00   2.76191E+00   2.08485E+00   3.61371E-05   5.97470E-08   1.11458E-08
 1.12000E+00               0.00000E+00   0.00000E+00   2.03563E+00   2.74062E+00   2.09544E+00   1.84504E-04   5.97895E-08   1.11518E-08
 1.28000E+00               0.00000E+00   0.00000E+00   2.05815E+00   2.69571E+00   2.11718E+00   8.36403E-04   5.98824E-08   1.11644E-08
 1.44000E+00               0.00000E+00   0.00000E+00   2.10056E+00   2.61185E+00   2.15603E+00   3.43540E-03   6.00740E-08   1.11889E-08
 1.60000E+00               0.00000E+00   0.00000E+00   2.17123E+00   2.47132E+00   2.21635E+00   1.29708E-02   6.04994E-08   1.12329E-08
 1.76000E+00               0.00000E+00   0.00000E+00   2.27367E+00   2.25789E+00   2.29496E+00   4.53576E-02   6.17596E-08   1.13100E-08
 1.92000E+00               0.00000E+00   0.00000E+00   2.39396E+00   1.96171E+00   2.36949E+00   1.46706E-01   6.71584E-08   1.14494E-08
 2.08000E+00               0.00000E+00   0.00000E+00   2.47629E+00   1.58426E+00   2.37916E+00   4.32167E-01   9.51843E-08   1.17145E-08
 2.24000E+00               0.00000E+00   0.00000E+00   2.39744E+00   1.14726E+00   2.21217E+00   1.11501E+00   2.40958E-07   1.22088E-08
 2.40000E+00               0.00000E+00   0.00000E+00   2.02143E+00   7.12821E-01   1.77163E+00   2.36599E+00   9.10600E-07   1.29774E-08
 2.56000E+00               0.00000E+00   0.00000E+00   1.40414E+00   3.77561E-01   1.15172E+00   3.93845E+00   3.41141E-06   1.38341E-08
 2.72000E+00               0.00000E+00   0.00000E+00   8.18288E-01   1.88971E-01   6.10903E-01   5.25371E+00   1.08897E-05   1.44907E-08
 2.88000E+00               0.00000E+00   0.00000E+00   4.37415E-01   1.08446E-01   2.80299E-01   6.04570E+00   2.96213E-05   1.48648E-08
 3.04000E+00               0.00000E+00   0.00000E+00   2.40406E-01   7.95894E-02   1.18014E-01   6.43383E+00   7.10983E-05   1.50424E-08
 3.20000E+00               0.00000E+00   0.00000E+00   1.50300E-01   7.01145E-02   4.72600E-02   6.60412E+00   1.55165E-04   1.51191E-08
 3.36000E+00               0.00000E+00   0.00000E+00   1.11739E-01   6.71132E-02   1.83221E-02   6.67454E+00   3.14055E-04   1.51507E-08
 3.52000E+00               0.00000E+00   0.00000E+00   9.59038E-02   6.61728E-02   6.94524E-03   6.70255E+00   5.97010E-04   1.51635E-08
 3.68000E+00               0.00000E+00   0.00000E+00   8.96014E-02   6.58777E-02   2.60523E-03   6.71325E+00   1.07486E-03   1.51689E-08
 3.84000E+00               0.00000E+00   0.00000E+00   8.71615E-02   6.57840E-02   9.93982E-04   6.71701E+00   1.84364E-03   1.51718E-08
 4.00000E+00               0.00000E+00   0.00000E+00   8.62404E-02   6.57528E-02   4.11568E-04   6.71796E+00   3.02598E-03   1.51740E-08
 4.16000E+00               0.00000E+00   0.00000E+00   8.58990E-02   6.57407E-02   2.06669E-04   6.71764E+00   4.76905E-03   1.51765E-08
 4.32000E+00               0.00000E+00   0.00000E+00   8.57715E-02   6.57337E-02   1.36546E-04   6.71661E+00   7.23793E-03   1.51798E-08
 4.48000E+00               0.00000E+00   0.00000E+00   8.57191E-02   6.57272E-02   1.13209E-04   6.71501E+00   1.06040E-02   1.51843E-08
 4.64000E+00               0.00000E+00   0.00000E+00   8.56908E-02   6.57198E-02   1.05652E-04   6.71284E+00   1.50285E-02   1.51901E-08
 4.80000E+00               0.00000E+00   0.00000E+00   8.56678E-02   6.57107E-02   1.03263E-04   6.71007E+00   2.06435E-02   1.51975E-08
 4.96000E+00               0.00000E+00   0.00000E+00   8.56439E-02   6.56996E-02   1.02515E-04   6.70666E+00   2.75308E-02   1.52066E-08
 5.12000E+00               0.00000E+00   0.00000E+00   8.56167E-02   6.56866E-02   1.02270E-04   6.70262E+00   3.57047E-02   1.52175E-08
 5.28000E+00               0.00000E+00   0.00000E+00   8.55859E-02   6.56717E-02   1.02173E-04   6.69797E+00   4.50991E-02   1.52302E-08
 5.44000E+00               0.00000E+00   0.00000E+00   8.55517E-02   6.56550E-02   1.02117E-04   6.69278E+00   5.55635E-02   1.52450E-08
 5.60000E+00               0.00000E+00   0.00000E+00   8.55148E-02   6.56371E-02   1.02069E-04   6.68719E+00   6.68690E-02   1.52628E-08
 5.76000E+00               0.00000E+00   0.00000E+00   8.54761E-02   6.56183E-02   1.02023E-04   6.68132E+00   7.87235E-02   1.52869E-08
 5.92000E+00               0.00000E+00   0.00000E+00   8.54366E-02   6.55991E-02   1.01977E-04   6.67534E+00   9.07958E-02   1.53277E-08
 6.08000E+00               0.00000E+00   0.00000E+00   8.53976E-02   6.55802E-02   1.01932E-04   6.66942E+00   1.02744E-01   1.54152E-08
 6.24000E+00               0.00000E+00   0.00000E+00   8.53600E-02   6.55619E-02   1.01889E-04   6.66373E+00   1.14244E-01   1.56347E-08
 6.40000E+00               0.00000E+00   0.00000E+00   8.53247E-02   6.55448E-02   1.01848E-04   6.65840E+00   1.25015E-01   1.62240E-08
 6.56000E+00               0.00000E+00   0.00000E+00   8.52926E-02   6.55291E-02   1.01811E-04   6.65353E+00   1.34840E-01   1.78370E-08
 6.72000E+00               0.00000E+00   0.00000E+00   8.52640E-02   6.55152E-02   1.01777E-04   6.64921E+00   1.43573E-01   2.22569E-08
 6.88000E+00               0.00000E+00   0.00000E+00   8.52392E-02   6.55031E-02   1.01749E-04   6.64546E+00   1.51141E-01   3.43114E-08
 7.04000E+00               0.00000E+00   0.00000E+00   8.52183E-02   6.54929E-02   1.01725E-04   6.64229E+00   1.57540E-01   6.69986E-08
 7.20000E+00               0.00000E+00   0.00000E+00   8.52009E-02   6.54844E-02   1.01705E-04   6.63968E+00   1.62823E-01   1.55168E-07
 7.36000E+00               0.00000E+00   0.00000E+00   8.51869E-02   6.54776E-02   1.01688E-04   6.63757E+00   1.67083E-01   3.91959E-07
 7.52000E+00               0.00000E+00   0.00000E+00   8.51759E-02   6.54722E-02   1.01676E-04   6.63591E+00   1.70439E-01   1.02572E-06
 7.68000E+00               0.00000E+00   0.00000E+00   8.51674E-02   6.54680E-02   1.01666E-04   6.63462E+00   1.73024E-01   2.71759E-06
 7.84000E+00               0.00000E+00   0.00000E+00   8.51610E-02   6.54648E-02   1.01658E-04   6.63366E+00   1.74972E-01   7.22558E-06
 8.00000E+00               0.00000E+00   0.00000E+00   9.51292E-02   8.53789E-02   1.13579E-04   6.57910E+00   2.24282E-01   1.48470E-05
 8.16000E+00               0.00000E+00   0.00000E+00   9.52171E-02   8.55096E-02   1.13715E-04   6.57847E+00   2.25094E-01   3.60209E-05
 8.32000E+00               0.00000E+00   0.00000E+00   9.52978E-02   8.55819E-02   1.13834E-04   6.57869E+00   2.24305E-01   8.73166E-05
 8.48000E+00               0.00000E+00   0.00000E+00   9.53502E-02   8.56110E-02   1.13906E-04   6.57993E+00   2.21528E-01   2.11446E-04
 8.64000E+00               0.00000E+00   0.00000E+00   9.53816E-02   8.56235E-02   1.13947E-04   6.58207E+00   2.16865E-01   5.11624E-04
 8.80000E+00               0.00000E+00   0.00000E+00   9.54021E-02   8.56311E-02   1.13972E-04   6.58460E+00   2.11025E-01   1.23778E-03
 8.96000E+00               0.00000E+00   0.00000E+00   9.54144E-02   8.56355E-02   1.13986E-04   6.58670E+00   2.05034E-01   2.99718E-03
 9.12000E+00               0.00000E+00   0.00000E+00   9.54134E-02   8.56335E-02   1.13985E-04   6.58719E+00   1.99780E-01   7.27102E-03
 9.28000E+00               0.00000E+00   0.00000E+00   9.53850E-02   8.56174E-02   1.13952E-04   6.58407E+00   1.95697E-01   1.76823E-02
 9.44000E+00               0.00000E+00   0.00000E+00   9.52955E-02   8.55692E-02   1.13848E-04   6.57301E+00   1.92678E-01   4.30960E-02
 9.60000E+00               0.00000E+00   0.00000E+00   9.50635E-02   8.54455E-02   1.13578E-04   6.54367E+00   1.90098E-01   1.05076E-01
 9.76000E+00               0.00000E+00   0.00000E+00   9.44957E-02   8.51424E-02   1.12917E-04   6.47150E+00   1.86698E-01   2.54543E-01
 9.92000E+00               0.00000E+00   0.00000E+00   9.32042E-02   8.44460E-02   1.11415E-04   6.30760E+00   1.80063E-01   5.92958E-01
 1.00800E+01               0.00000E+00   0.00000E+00   9.10388E-02   8.32500E-02   1.08904E-04   6.03494E+00   1.67355E-01   1.15771E+00
 1.02400E+01               0.00000E+00   0.00000E+00   8.93655E-02   8.23025E-02   1.06969E-04   5.82697E+00   1.54088E-01   1.59217E+00
 1.04000E+01               0.00000E+00   0.00000E+00   8.88163E-02   8.19866E-02   1.06334E-04   5.75953E+00   1.48118E-01   1.73475E+00
 1.05600E+01               0.00000E+00   0.00000E+00   8.86993E-02   8.19190E-02   1.06199E-04   5.74526E+00   1.46551E-01   1.76522E+00
 1.07200E+01               0.00000E+00   0.00000E+00   8.86771E-02   8.19061E-02   1.06174E-04   5.74256E+00   1.46224E-01   1.77103E+00
 1.08800E+01               0.00000E+00   0.00000E+00   8.86729E-02   8.19036E-02   1.06169E-04   5.74205E+00   1.46163E-01   1.77212E+00
 1.10400E+01               0.00000E+00   0.00000E+00   8.86721E-02   8.19031E-02   1.06168E-04   5.74195E+00   1.46153E-01   1.77233E+00
 1.12000E+01               0.00000E+00   0.00000E+00   8.86719E-02   8.19030E-02   1.06168E-04   5.74193E+00   1.46153E-01   1.77238E+00
 1.13600E+01               0.00000E+00   0.00000E+00   8.86717E-02   8.19028E-02   1.06167E-04   5.74191E+00   1.46154E-01   1.77241E+00
 1.15200E+01               0.00000E+00   0.00000E+00   8.86716E-02   8.19027E-02   1.06167E-04   5.74189E+00   1.46155E-01   1.77244E+00
 1.16800E+01               0.00000E+00   0.00000E+00   8.86714E-02   8.19026E-02   1.06167E-04   5.74188E+00   1.46155E-01   1.77248E+00
 1.18400E+01               0.00000E+00   0.00000E+00   8.86713E-02   8.19025E-02   1.06167E-04   5.74186E+00   1.46155E-01   1.77252E+00
 1.20000E+01               0.00000E+00   0.00000E+00   8.86711E-02   8.19023E-02   1.06167E-04   5.74184E+00   1.46156E-01   1.77256E+00
 1.21600E+01               0.00000E+00   0.00000E+00   8.86709E-02   8.19022E-02   1.06167E-04   5.74182E+00   1.46155E-01   1.77261E+00
 1.23200E+01               0.00000E+00   0.00000E+00   8.86707E-02   8.19021E-02   1.06166E-04   5.74179E+00   1.46155E-01   1.77265E+00
 1.24800E+01               0.00000E+00   0.00000E+00   8.86705E-02   8.19019E-02   1.06166E-04   5.74177E+00   1.46155E-01   1.77269E+00
 1.26400E+01               0.00000E+00   0.00000E+00   8.86703E-02   8.19018E-02   1.06166E-04   5.74175E+00   1.46155E-01   1.77274E+00
 1.28000E+01               0.00000E+00   0.00000E+00   8.86702E-02   8.19017E-02   1.06166E-04   5.74173E+00   1.46155E-01   1.77278E+00
 1.29600E+01               0.00000E+00   0.00000E+00   8.86700E-02   8.19016E-02   1.06166E-04   5.74171E+00   1.46154E-01   1.77282E+00
 1.31200E+01               0.00000E+00   0.00000E+00   8.86698E-02   8.19014E-02   1.06165E-04   5.74169E+00   1.46154E-01   1.77286E+00
 1.32800E+01               0.00000E+00   0.00000E+00   8.86696E-02   8.19013E-02   1.06165E-04   5.74167E+00   1.46154E-01   1.77290E+00
 1.34400E+01               0.00000E+00   0.00000E+00   8.86695E-02   8.19012E-02   1.06165E-04   5.74165E+00   1.46154E-01   1.77294E+00
 1.36000E+01               0.00000E+00   0.00000E+00   8.86693E-02   8.19011E-02   1.06165E-04   5.74164E+00   1.46154E-01   1.77297E+00
 1.37600E+01               0.00000E+00   0.00000E+00   8.86692E-02   8.19010E-02   1.06165E-04   5.74162E+00   1.46154E-01   1.77301E+00
 1.39200E+01               0.00000E+00   0.00000E+00   8.86690E-02   8.19009E-02   1.06164E-04   5.74160E+00   1.46153E-01   1.77304E+00
 1.40800E+01               0.00000E+00   0.00000E+00   8.86689E-02   8.19007E-02   1.06164E-04   5.74158E+00   1.46153E-01   1.77308E+00
 1.42400E+01               0.00000E+00   0.00000E+00   8.86687E-02   8.19006E-02   1.06164E-04   5.74157E+00   1.46153E-01   1.77311E+00
 1.44000E+01               0.00000E+00   0.00000E+00   8.86686E-02   8.19005E-02   1.06164E-04   5.74155E+00   1.46153E-01   1.77314E+00
 1.45600E+01               0.00000E+00   0.00000E+00   8.86684E-02   8.19004E-02   1.06164E-04   5.74154E+00   1.46153E-01   1.77318E+00
 1.47200E+01               0.00000E+00   0.00000E+00   8.86683E-02   8.19003E-02   1.06164E-04   5.74152E+00   1.46153E-01   1.77321E+00
 1.48800E+01               0.00000E+00   0.00000E+00   8.86682E-02   8.19002E-02   1.06164E-04   5.74151E+00   1.46153E-01   1.77324E+00
 1.50400E+01               0.00000E+00   0.00000E+00   8.86681E-02   8.19001E-02   1.06163E-04   5.74149E+00   1.46152E-01   1.77327E+00
 1.52000E+01               0.00000E+00   0.00000E+00   8.86679E-02   8.19001E-02   1.06163E-04   5.74148E+00   1.46152E-01   1.77330E+00
 1.53600E+01               0.00000E+00   0.00000E+00   8.86678E-02   8.19000E-02   1.06163E-04   5.74146E+00   1.46152E-01   1.77332E+00
 1.55200E+01               0.00000E+00   0.00000E+00   8.86677E-02   8.18999E-02   1.06163E-04   5.74145E+00   1.46152E-01   1.77335E+00
 1.56800E+01               0.00000E+00   0.00000E+00   8.86676E-02   8.18998E-02   1.06163E-04   5.74144E+00   1.46152E-01   1.77338E+00
 1.58400E+01               0.00000E+00   0.00000E+00   8.86675E-02   8.18997E-02   1.06163E-04   5.74142E+00   1.46152E-01   1.77341E+00
 1.59600E+01               0.00000E+00   0.00000E+00   8.86671E-02   8.18986E-02   1.06163E-04   5.74142E+00   1.46152E-01   1.77342E+00
