# Units: Mol/m^3 porous medium
 TITLE = " Years"
VARIABLES = "X (meters)", "H+        ", "SO4--     ", "Zn++      ", "Pb++      ", "Ca++      ", "Mg++      ", "K+        ", "Na+       ", "
 ZONE F=POINT,I=         101
 4.00000E-02               0.00000E+00   0.00000E+00   2.01881E+00   2.77479E+00   2.07828E+00   1.26933E-07   5.97218E-08   1.11423E-08
 1.60000E-01               0.00000E+00   0.00000E+00   2.01881E+00   2.77479E+00   2.07828E+00   1.26933E-07   5.97218E-08   1.11423E-08
 3.20000E-01               0.00000E+00   0.00000E+00   2.01881E+00   2.77479E+00   2.07828E+00   1.26933E-07   5.97218E-08   1.11423E-08
 4.80000E-01               0.00000E+00   0.00000E+00   2.01881E+00   2.77479E+00   2.07828E+00   1.26933E-07   5.97218E-08   1.11423E-08
 6.40000E-01               0.00000E+00   0.00000E+00   2.01881E+00   2.77479E+00   2.07828E+00   1.26933E-07   5.97218E-08   1.11423E-08
 8.00000E-01               0.00000E+00   0.00000E+00   2.01881E+00   2.77479E+00   2.07828E+00   1.26933E-07   5.97218E-08   1.11423E-08
 9.60000E-01               0.00000E+00   0.00000E+00   2.01881E+00   2.77479E+00   2.07828E+00   1.26933E-07   5.97218E-08   1.11423E-08
 1.12000E+00               0.00000E+00   0.00000E+00   2.01881E+00   2.77479E+00   2.07828E+00   1.26933E-07   5.97218E-08   1.11423E-08
 1.28000E+00               0.00000E+00   0.00000E+00   2.01881E+00   2.77479E+00   2.07828E+00   1.26933E-07   5.97218E-08   1.11423E-08
 1.44000E+00               0.00000E+00   0.00000E+00   2.01881E+00   2.77479E+00   2.07828E+00   1.26933E-07   5.97218E-08   1.11423E-08
 1.60000E+00               0.00000E+00   0.00000E+00   2.01881E+00   2.77479E+00   2.07828E+00   1.26933E-07   5.97218E-08   1.11423E-08
 1.76000E+00               0.00000E+00   0.00000E+00   2.01881E+00   2.77479E+00   2.07828E+00   1.26933E-07   5.97218E-08   1.11423E-08
 1.92000E+00               0.00000E+00   0.00000E+00   2.01881E+00   2.77479E+00   2.07828E+00   1.26933E-07   5.97218E-08   1.11423E-08
 2.08000E+00               0.00000E+00   0.00000E+00   2.01881E+00   2.77479E+00   2.07828E+00   1.26933E-07   5.97218E-08   1.11423E-08
 2.24000E+00               0.00000E+00   0.00000E+00   2.01881E+00   2.77479E+00   2.07828E+00   1.26933E-07   5.97218E-08   1.11423E-08
 2.40000E+00               0.00000E+00   0.00000E+00   2.01881E+00   2.77479E+00   2.07828E+00   1.26933E-07   5.97218E-08   1.11423E-08
 2.56000E+00               0.00000E+00   0.00000E+00   2.01881E+00   2.77479E+00   2.07828E+00   1.26933E-07   5.97218E-08   1.11423E-08
 2.72000E+00               0.00000E+00   0.00000E+00   2.01881E+00   2.77479E+00   2.07828E+00   1.26933E-07   5.97218E-08   1.11423E-08
 2.88000E+00               0.00000E+00   0.00000E+00   2.01881E+00   2.77479E+00   2.07828E+00   1.26933E-07   5.97218E-08   1.11423E-08
 3.04000E+00               0.00000E+00   0.00000E+00   2.01881E+00   2.77479E+00   2.07828E+00   1.26933E-07   5.97218E-08   1.11423E-08
 3.20000E+00               0.00000E+00   0.00000E+00   2.01881E+00   2.77479E+00   2.07828E+00   1.26933E-07   5.97218E-08   1.11423E-08
 3.36000E+00               0.00000E+00   0.00000E+00   2.01881E+00   2.77479E+00   2.07828E+00   1.26933E-07   5.97218E-08   1.11423E-08
 3.52000E+00               0.00000E+00   0.00000E+00   2.01881E+00   2.77479E+00   2.07828E+00   1.26933E-07   5.97218E-08   1.11423E-08
 3.68000E+00               0.00000E+00   0.00000E+00   2.01881E+00   2.77479E+00   2.07828E+00   1.26933E-07   5.97218E-08   1.11423E-08
 3.84000E+00               0.00000E+00   0.00000E+00   2.01881E+00   2.77479E+00   2.07828E+00   1.26933E-07   5.97218E-08   1.11423E-08
 4.00000E+00               0.00000E+00   0.00000E+00   2.01881E+00   2.77479E+00   2.07828E+00   1.26933E-07   5.97218E-08   1.11423E-08
 4.16000E+00               0.00000E+00   0.00000E+00   2.01881E+00   2.77479E+00   2.07828E+00   1.26933E-07   5.97218E-08   1.11423E-08
 4.32000E+00               0.00000E+00   0.00000E+00   2.01881E+00   2.77479E+00   2.07828E+00   1.26933E-07   5.97218E-08   1.11423E-08
 4.48000E+00               0.00000E+00   0.00000E+00   2.01881E+00   2.77479E+00   2.07828E+00   1.26933E-07   5.97218E-08   1.11423E-08
 4.64000E+00               0.00000E+00   0.00000E+00   2.01881E+00   2.77479E+00   2.07828E+00   1.26933E-07   5.97218E-08   1.11423E-08
 4.80000E+00               0.00000E+00   0.00000E+00   2.01881E+00   2.77479E+00   2.07828E+00   1.26933E-07   5.97218E-08   1.11423E-08
 4.96000E+00               0.00000E+00   0.00000E+00   2.01881E+00   2.77479E+00   2.07828E+00   1.26933E-07   5.97218E-08   1.11423E-08
 5.12000E+00               0.00000E+00   0.00000E+00   2.01881E+00   2.77479E+00   2.07828E+00   1.26933E-07   5.97218E-08   1.11423E-08
 5.28000E+00               0.00000E+00   0.00000E+00   2.01881E+00   2.77479E+00   2.07828E+00   1.26933E-07   5.97218E-08   1.11423E-08
 5.44000E+00               0.00000E+00   0.00000E+00   2.01881E+00   2.77479E+00   2.07828E+00   1.26933E-07   5.97218E-08   1.11423E-08
 5.60000E+00               0.00000E+00   0.00000E+00   2.01881E+00   2.77479E+00   2.07828E+00   1.26933E-07   5.97218E-08   1.11423E-08
 5.76000E+00               0.00000E+00   0.00000E+00   2.01881E+00   2.77479E+00   2.07828E+00   1.26933E-07   5.97218E-08   1.11423E-08
 5.92000E+00               0.00000E+00   0.00000E+00   2.01881E+00   2.77479E+00   2.07828E+00   1.26933E-07   5.97218E-08   1.11423E-08
 6.08000E+00               0.00000E+00   0.00000E+00   2.01881E+00   2.77479E+00   2.07828E+00   1.26933E-07   5.97218E-08   1.11423E-08
 6.24000E+00               0.00000E+00   0.00000E+00   2.01881E+00   2.77479E+00   2.07828E+00   1.26933E-07   5.97218E-08   1.11423E-08
 6.40000E+00               0.00000E+00   0.00000E+00   2.01881E+00   2.77479E+00   2.07828E+00   1.26933E-07   5.97218E-08   1.11423E-08
 6.56000E+00               0.00000E+00   0.00000E+00   2.01881E+00   2.77479E+00   2.07828E+00   1.26933E-07   5.97218E-08   1.11423E-08
 6.72000E+00               0.00000E+00   0.00000E+00   2.01881E+00   2.77479E+00   2.07828E+00   1.26933E-07   5.97218E-08   1.11423E-08
 6.88000E+00               0.00000E+00   0.00000E+00   2.01881E+00   2.77479E+00   2.07828E+00   1.26933E-07   5.97218E-08   1.11423E-08
 7.04000E+00               0.00000E+00   0.00000E+00   2.01881E+00   2.77479E+00   2.07828E+00   1.26933E-07   5.97218E-08   1.11423E-08
 7.20000E+00               0.00000E+00   0.00000E+00   2.01881E+00   2.77479E+00   2.07828E+00   1.26933E-07   5.97218E-08   1.11423E-08
 7.36000E+00               0.00000E+00   0.00000E+00   2.01881E+00   2.77479E+00   2.07828E+00   1.26933E-07   5.97218E-08   1.11423E-08
 7.52000E+00               0.00000E+00   0.00000E+00   2.01881E+00   2.77479E+00   2.07828E+00   1.26933E-07   5.97218E-08   1.11423E-08
 7.68000E+00               0.00000E+00   0.00000E+00   2.01881E+00   2.77479E+00   2.07828E+00   1.26933E-07   5.97218E-08   1.11423E-08
 7.84000E+00               0.00000E+00   0.00000E+00   2.01881E+00   2.77479E+00   2.07828E+00   1.26933E-07   5.97218E-08   1.11423E-08
 8.00000E+00               0.00000E+00   0.00000E+00   1.90148E+00   3.01290E+00   1.95750E+00   1.07511E-07   6.92307E-08   8.78230E-09
 8.16000E+00               0.00000E+00   0.00000E+00   1.90148E+00   3.01290E+00   1.95750E+00   1.07511E-07   6.92307E-08   8.78230E-09
 8.32000E+00               0.00000E+00   0.00000E+00   1.90148E+00   3.01290E+00   1.95750E+00   1.07511E-07   6.92307E-08   8.78230E-09
 8.48000E+00               0.00000E+00   0.00000E+00   1.90148E+00   3.01290E+00   1.95750E+00   1.07511E-07   6.92307E-08   8.78230E-09
 8.64000E+00               0.00000E+00   0.00000E+00   1.90148E+00   3.01290E+00   1.95750E+00   1.07511E-07   6.92307E-08   8.78230E-09
 8.80000E+00               0.00000E+00   0.00000E+00   1.90148E+00   3.01290E+00   1.95750E+00   1.07511E-07   6.92307E-08   8.78230E-09
 8.96000E+00               0.00000E+00   0.00000E+00   1.90148E+00   3.01290E+00   1.95750E+00   1.07511E-07   6.92307E-08   8.78230E-09
 9.12000E+00               0.00000E+00   0.00000E+00   1.90148E+00   3.01290E+00   1.95750E+00   1.07511E-07   6.92307E-08   8.78230E-09
 9.28000E+00               0.00000E+00   0.00000E+00   1.90148E+00   3.01290E+00   1.95750E+00   1.07511E-07   6.92307E-08   8.78230E-09
 9.44000E+00               0.00000E+00   0.00000E+00   1.90148E+00   3.01290E+00   1.95750E+00   1.07511E-07   6.92307E-08   8.78230E-09
 9.60000E+00               0.00000E+00   0.00000E+00   1.90148E+00   3.01290E+00   1.95750E+00   1.07511E-07   6.92307E-08   8.78230E-09
 9.76000E+00               0.00000E+00   0.00000E+00   1.90148E+00   3.01290E+00   1.95750E+00   1.07511E-07   6.92307E-08   8.78230E-09
 9.92000E+00               0.00000E+00   0.00000E+00   1.90148E+00   3.01290E+00   1.95750E+00   1.07511E-07   6.92307E-08   8.78230E-09
 1.00800E+01               0.00000E+00   0.00000E+00   1.90148E+00   3.01290E+00   1.95750E+00   1.07511E-07   6.92307E-08   8.78230E-09
 1.02400E+01               0.00000E+00   0.00000E+00   1.90148E+00   3.01290E+00   1.95750E+00   1.07511E-07   6.92307E-08   8.78230E-09
 1.04000E+01               0.00000E+00   0.00000E+00   1.90148E+00   3.01290E+00   1.95750E+00   1.07511E-07   6.92307E-08   8.78230E-09
 1.05600E+01               0.00000E+00   0.00000E+00   1.90148E+00   3.01290E+00   1.95750E+00   1.07511E-07   6.92307E-08   8.78230E-09
 1.07200E+01               0.00000E+00   0.00000E+00   1.90148E+00   3.01290E+00   1.95750E+00   1.07511E-07   6.92307E-08   8.78230E-09
 1.08800E+01               0.00000E+00   0.00000E+00   1.90148E+00   3.01290E+00   1.95750E+00   1.07511E-07   6.92307E-08   8.78230E-09
 1.10400E+01               0.00000E+00   0.00000E+00   1.90148E+00   3.01290E+00   1.95750E+00   1.07511E-07   6.92307E-08   8.78230E-09
 1.12000E+01               0.00000E+00   0.00000E+00   1.90148E+00   3.01290E+00   1.95750E+00   1.07511E-07   6.92307E-08   8.78230E-09
 1.13600E+01               0.00000E+00   0.00000E+00   1.90148E+00   3.01290E+00   1.95750E+00   1.07511E-07   6.92307E-08   8.78230E-09
 1.15200E+01               0.00000E+00   0.00000E+00   1.90148E+00   3.01290E+00   1.95750E+00   1.07511E-07   6.92307E-08   8.78230E-09
 1.16800E+01               0.00000E+00   0.00000E+00   1.90148E+00   3.01290E+00   1.95750E+00   1.07511E-07   6.92307E-08   8.78230E-09
 1.18400E+01               0.00000E+00   0.00000E+00   1.90148E+00   3.01290E+00   1.95750E+00   1.07511E-07   6.92307E-08   8.78230E-09
 1.20000E+01               0.00000E+00   0.00000E+00   1.90148E+00   3.01290E+00   1.95750E+00   1.07511E-07   6.92307E-08   8.78230E-09
 1.21600E+01               0.00000E+00   0.00000E+00   1.90148E+00   3.01289E+00   1.95750E+00   1.07511E-07   6.92307E-08   8.78230E-09
 1.23200E+01               0.00000E+00   0.00000E+00   1.90148E+00   3.01289E+00   1.95750E+00   1.07511E-07   6.92307E-08   8.78230E-09
 1.24800E+01               0.00000E+00   0.00000E+00   1.90148E+00   3.01289E+00   1.95750E+00   1.07511E-07   6.92307E-08   8.78230E-09
 1.26400E+01               0.00000E+00   0.00000E+00   1.90148E+00   3.01289E+00   1.95750E+00   1.07511E-07   6.92307E-08   8.78230E-09
 1.28000E+01               0.00000E+00   0.00000E+00   1.90148E+00   3.01289E+00   1.95750E+00   1.07511E-07   6.92307E-08   8.78230E-09
 1.29600E+01               0.00000E+00   0.00000E+00   1.90148E+00   3.01289E+00   1.95750E+00   1.07511E-07   6.92307E-08   8.78230E-09
 1.31200E+01               0.00000E+00   0.00000E+00   1.90148E+00   3.01289E+00   1.95750E+00   1.07511E-07   6.92307E-08   8.78230E-09
 1.32800E+01               0.00000E+00   0.00000E+00   1.90148E+00   3.01289E+00   1.95750E+00   1.07511E-07   6.92307E-08   8.78230E-09
 1.34400E+01               0.00000E+00   0.00000E+00   1.90148E+00   3.01289E+00   1.95750E+00   1.07511E-07   6.92307E-08   8.78230E-09
 1.36000E+01               0.00000E+00   0.00000E+00   1.90148E+00   3.01289E+00   1.95750E+00   1.07511E-07   6.92307E-08   8.78230E-09
 1.37600E+01               0.00000E+00   0.00000E+00   1.90148E+00   3.01289E+00   1.95750E+00   1.07511E-07   6.92307E-08   8.78230E-09
 1.39200E+01               0.00000E+00   0.00000E+00   1.90148E+00   3.01289E+00   1.95750E+00   1.07511E-07   6.92307E-08   8.78230E-09
 1.40800E+01               0.00000E+00   0.00000E+00   1.90148E+00   3.01289E+00   1.95750E+00   1.07511E-07   6.92307E-08   8.78230E-09
 1.42400E+01               0.00000E+00   0.00000E+00   1.90148E+00   3.01289E+00   1.95750E+00   1.07511E-07   6.92307E-08   8.78230E-09
 1.44000E+01               0.00000E+00   0.00000E+00   1.90149E+00   3.01289E+00   1.95750E+00   1.07511E-07   6.92307E-08   8.78230E-09
 1.45600E+01               0.00000E+00   0.00000E+00   1.90149E+00   3.01289E+00   1.95750E+00   1.07511E-07   6.92308E-08   8.78230E-09
 1.47200E+01               0.00000E+00   0.00000E+00   1.90149E+00   3.01288E+00   1.95750E+00   1.07511E-07   6.92308E-08   8.78231E-09
 1.48800E+01               0.00000E+00   0.00000E+00   1.90149E+00   3.01287E+00   1.95751E+00   1.07511E-07   6.92308E-08   8.78231E-09
 1.50400E+01               0.00000E+00   0.00000E+00   1.90150E+00   3.01286E+00   1.95751E+00   1.07511E-07   6.92308E-08   8.78231E-09
 1.52000E+01               0.00000E+00   0.00000E+00   1.90151E+00   3.01284E+00   1.95752E+00   1.07511E-07   6.92309E-08   8.78232E-09
 1.53600E+01               0.00000E+00   0.00000E+00   1.90152E+00   3.01281E+00   1.95754E+00   1.07512E-07   6.92310E-08   8.78233E-09
 1.55200E+01               0.00000E+00   0.00000E+00   1.90154E+00   3.01277E+00   1.95756E+00   1.07512E-07   6.92312E-08   8.78234E-09
 1.56800E+01               0.00000E+00   0.00000E+00   1.90157E+00   3.01270E+00   1.95760E+00   1.07513E-07   6.92314E-08   8.78236E-09
 1.58400E+01               0.00000E+00   0.00000E+00   1.90162E+00   3.01260E+00   1.95765E+00   1.07514E-07   6.92317E-08   8.78239E-09
 1.59600E+01               0.00000E+00   0.00000E+00   1.90165E+00   3.01254E+00   1.95769E+00   1.07515E-07   6.92319E-08   8.78240E-09
