# Units: Mol/m^3 porous medium
 TITLE = " Years"
VARIABLES = "X (meters)", "H+        ", "SO4--     ", "Zn++      ", "Pb++      ", "Ca++      ", "Mg++      ", "K+        ", "Na+       ", "
 ZONE F=POINT,I=         101
 4.00000E-02               0.00000E+00   0.00000E+00   2.01881E+00   2.77479E+00   2.07828E+00   1.26933E-07   5.97218E-08   1.11423E-08
 1.60000E-01               0.00000E+00   0.00000E+00   2.01881E+00   2.77479E+00   2.07828E+00   1.26933E-07   5.97218E-08   1.11423E-08
 3.20000E-01               0.00000E+00   0.00000E+00   2.01881E+00   2.77479E+00   2.07828E+00   1.26933E-07   5.97218E-08   1.11423E-08
 4.80000E-01               0.00000E+00   0.00000E+00   2.01881E+00   2.77479E+00   2.07828E+00   1.26933E-07   5.97218E-08   1.11423E-08
 6.40000E-01               0.00000E+00   0.00000E+00   2.01881E+00   2.77479E+00   2.07828E+00   1.26933E-07   5.97218E-08   1.11423E-08
 8.00000E-01               0.00000E+00   0.00000E+00   2.01881E+00   2.77479E+00   2.07828E+00   1.26933E-07   5.97218E-08   1.11423E-08
 9.60000E-01               0.00000E+00   0.00000E+00   2.01881E+00   2.77479E+00   2.07828E+00   1.26933E-07   5.97218E-08   1.11423E-08
 1.12000E+00               0.00000E+00   0.00000E+00   2.01881E+00   2.77479E+00   2.07828E+00   1.26933E-07   5.97218E-08   1.11423E-08
 1.28000E+00               0.00000E+00   0.00000E+00   2.01881E+00   2.77479E+00   2.07828E+00   1.26933E-07   5.97218E-08   1.11423E-08
 1.44000E+00               0.00000E+00   0.00000E+00   2.01881E+00   2.77479E+00   2.07828E+00   1.26933E-07   5.97218E-08   1.11423E-08
 1.60000E+00               0.00000E+00   0.00000E+00   2.01881E+00   2.77479E+00   2.07828E+00   1.26933E-07   5.97218E-08   1.11423E-08
 1.76000E+00               0.00000E+00   0.00000E+00   2.01881E+00   2.77479E+00   2.07828E+00   1.26933E-07   5.97218E-08   1.11423E-08
 1.92000E+00               0.00000E+00   0.00000E+00   2.01881E+00   2.77479E+00   2.07828E+00   1.26933E-07   5.97218E-08   1.11423E-08
 2.08000E+00               0.00000E+00   0.00000E+00   2.01881E+00   2.77478E+00   2.07828E+00   1.26933E-07   5.97218E-08   1.11423E-08
 2.24000E+00               0.00000E+00   0.00000E+00   2.01882E+00   2.77476E+00   2.07829E+00   1.26934E-07   5.97218E-08   1.11423E-08
 2.40000E+00               0.00000E+00   0.00000E+00   2.01885E+00   2.77470E+00   2.07832E+00   1.26936E-07   5.97219E-08   1.11423E-08
 2.56000E+00               0.00000E+00   0.00000E+00   2.01891E+00   2.77457E+00   2.07840E+00   1.26946E-07   5.97222E-08   1.11424E-08
 2.72000E+00               0.00000E+00   0.00000E+00   2.01905E+00   2.77426E+00   2.07856E+00   1.26986E-07   5.97228E-08   1.11424E-08
 2.88000E+00               0.00000E+00   0.00000E+00   2.01936E+00   2.77360E+00   2.07892E+00   1.27149E-07   5.97241E-08   1.11426E-08
 3.04000E+00               0.00000E+00   0.00000E+00   2.01997E+00   2.77226E+00   2.07964E+00   1.27796E-07   5.97267E-08   1.11430E-08
 3.20000E+00               0.00000E+00   0.00000E+00   2.02117E+00   2.76968E+00   2.08102E+00   1.30299E-07   5.97317E-08   1.11437E-08
 3.36000E+00               0.00000E+00   0.00000E+00   2.02339E+00   2.76492E+00   2.08356E+00   1.39736E-07   5.97409E-08   1.11450E-08
 3.52000E+00               0.00000E+00   0.00000E+00   2.02730E+00   2.75655E+00   2.08802E+00   1.74414E-07   5.97571E-08   1.11473E-08
 3.68000E+00               0.00000E+00   0.00000E+00   2.03394E+00   2.74243E+00   2.09550E+00   2.98914E-07   5.97845E-08   1.11511E-08
 3.84000E+00               0.00000E+00   0.00000E+00   2.04477E+00   2.71956E+00   2.10754E+00   7.36488E-07   5.98288E-08   1.11574E-08
 4.00000E+00               0.00000E+00   0.00000E+00   2.06177E+00   2.68398E+00   2.12612E+00   2.24443E-06   5.98976E-08   1.11671E-08
 4.16000E+00               0.00000E+00   0.00000E+00   2.08744E+00   2.63080E+00   2.15362E+00   7.34374E-06   6.00003E-08   1.11816E-08
 4.32000E+00               0.00000E+00   0.00000E+00   2.12482E+00   2.55445E+00   2.19258E+00   2.42617E-05   6.01475E-08   1.12023E-08
 4.48000E+00               0.00000E+00   0.00000E+00   2.17719E+00   2.44929E+00   2.24531E+00   7.92589E-05   6.03497E-08   1.12308E-08
 4.64000E+00               0.00000E+00   0.00000E+00   2.24770E+00   2.31072E+00   2.31320E+00   2.54051E-04   6.06155E-08   1.12683E-08
 4.80000E+00               0.00000E+00   0.00000E+00   2.33873E+00   2.13655E+00   2.39581E+00   7.95572E-04   6.09497E-08   1.13153E-08
 4.96000E+00               0.00000E+00   0.00000E+00   2.45102E+00   1.92841E+00   2.49001E+00   2.42573E-03   6.13520E-08   1.13717E-08
 5.12000E+00               0.00000E+00   0.00000E+00   2.58278E+00   1.69271E+00   2.58920E+00   7.17969E-03   6.18208E-08   1.14369E-08
 5.28000E+00               0.00000E+00   0.00000E+00   2.72834E+00   1.44023E+00   2.68273E+00   2.05744E-02   6.23654E-08   1.15111E-08
 5.44000E+00               0.00000E+00   0.00000E+00   2.87587E+00   1.18428E+00   2.75479E+00   5.69275E-02   6.30378E-08   1.15992E-08
 5.60000E+00               0.00000E+00   0.00000E+00   3.00168E+00   9.37835E-01   2.78099E+00   1.51369E-01   6.39964E-08   1.17177E-08
 5.76000E+00               0.00000E+00   0.00000E+00   3.05800E+00   7.10775E-01   2.72065E+00   3.82449E-01   6.56063E-08   1.19078E-08
 5.92000E+00               0.00000E+00   0.00000E+00   2.95796E+00   5.09416E-01   2.50968E+00   8.94819E-01   6.84817E-08   1.22439E-08
 6.08000E+00               0.00000E+00   0.00000E+00   2.59543E+00   3.39983E-01   2.08548E+00   1.85098E+00   7.31270E-08   1.27970E-08
 6.24000E+00               0.00000E+00   0.00000E+00   1.96525E+00   2.12451E-01   1.48261E+00   3.21156E+00   7.90156E-08   1.35168E-08
 6.40000E+00               0.00000E+00   0.00000E+00   1.26559E+00   1.33135E-01   8.83223E-01   4.58993E+00   8.44677E-08   1.41958E-08
 6.56000E+00               0.00000E+00   0.00000E+00   7.24666E-01   9.33807E-02   4.54122E-01   5.59971E+00   8.82473E-08   1.46682E-08
 6.72000E+00               0.00000E+00   0.00000E+00   4.00246E-01   7.64681E-02   2.12426E-01   6.18273E+00   9.04276E-08   1.49325E-08
 6.88000E+00               0.00000E+00   0.00000E+00   2.32648E-01   6.98615E-02   9.44058E-02   6.47496E+00   9.16937E-08   1.50626E-08
 7.04000E+00               0.00000E+00   0.00000E+00   1.52523E-01   6.73443E-02   4.09016E-02   6.61111E+00   9.27399E-08   1.51227E-08
 7.20000E+00               0.00000E+00   0.00000E+00   1.15653E-01   6.63779E-02   1.75119E-02   6.67233E+00   9.42501E-08   1.51496E-08
 7.36000E+00               0.00000E+00   0.00000E+00   9.90139E-02   6.59992E-02   7.46990E-03   6.69939E+00   9.71694E-08   1.51615E-08
 7.52000E+00               0.00000E+00   0.00000E+00   9.15864E-02   6.58474E-02   3.20114E-03   6.71124E+00   1.03149E-07   1.51667E-08
 7.68000E+00               0.00000E+00   0.00000E+00   8.82961E-02   6.57855E-02   1.39849E-03   6.71639E+00   1.15263E-07   1.51689E-08
 7.84000E+00               0.00000E+00   0.00000E+00   8.68478E-02   6.57598E-02   6.41442E-04   6.71863E+00   1.39209E-07   1.51699E-08
 8.00000E+00               0.00000E+00   0.00000E+00   9.65915E-02   8.59700E-02   3.48862E-04   6.68896E+00   2.63710E-07   1.28624E-08
 8.16000E+00               0.00000E+00   0.00000E+00   9.62887E-02   8.59600E-02   2.04796E-04   6.68942E+00   4.56783E-07   1.28626E-08
 8.32000E+00               0.00000E+00   0.00000E+00   9.61649E-02   8.59447E-02   1.49086E-04   6.68962E+00   8.68658E-07   1.28627E-08
 8.48000E+00               0.00000E+00   0.00000E+00   9.61125E-02   8.59189E-02   1.27699E-04   6.68972E+00   1.71160E-06   1.28627E-08
 8.64000E+00               0.00000E+00   0.00000E+00   9.60860E-02   8.58830E-02   1.19549E-04   6.68978E+00   3.37194E-06   1.28627E-08
 8.80000E+00               0.00000E+00   0.00000E+00   9.60658E-02   8.58430E-02   1.16461E-04   6.68985E+00   6.52751E-06   1.28628E-08
 8.96000E+00               0.00000E+00   0.00000E+00   9.60433E-02   8.58077E-02   1.15287E-04   6.68990E+00   1.23270E-05   1.28628E-08
 9.12000E+00               0.00000E+00   0.00000E+00   9.60161E-02   8.57848E-02   1.14830E-04   6.68995E+00   2.26531E-05   1.28628E-08
 9.28000E+00               0.00000E+00   0.00000E+00   9.59847E-02   8.57778E-02   1.14638E-04   6.68998E+00   4.04943E-05   1.28629E-08
 9.44000E+00               0.00000E+00   0.00000E+00   9.59523E-02   8.57855E-02   1.14546E-04   6.68999E+00   7.04488E-05   1.28629E-08
 9.60000E+00               0.00000E+00   0.00000E+00   9.59228E-02   8.58031E-02   1.14497E-04   6.68997E+00   1.19381E-04   1.28629E-08
 9.76000E+00               0.00000E+00   0.00000E+00   9.59000E-02   8.58251E-02   1.14472E-04   6.68994E+00   1.97243E-04   1.28630E-08
 9.92000E+00               0.00000E+00   0.00000E+00   9.58862E-02   8.58466E-02   1.14465E-04   6.68987E+00   3.18044E-04   1.28631E-08
 1.00800E+01               0.00000E+00   0.00000E+00   9.58823E-02   8.58648E-02   1.14473E-04   6.68976E+00   5.00957E-04   1.28632E-08
 1.02400E+01               0.00000E+00   0.00000E+00   9.58872E-02   8.58783E-02   1.14491E-04   6.68961E+00   7.71483E-04   1.28634E-08
 1.04000E+01               0.00000E+00   0.00000E+00   9.58986E-02   8.58875E-02   1.14516E-04   6.68939E+00   1.16259E-03   1.28636E-08
 1.05600E+01               0.00000E+00   0.00000E+00   9.59136E-02   8.58930E-02   1.14544E-04   6.68910E+00   1.71569E-03   1.28640E-08
 1.07200E+01               0.00000E+00   0.00000E+00   9.59294E-02   8.58957E-02   1.14570E-04   6.68869E+00   2.48132E-03   1.28645E-08
 1.08800E+01               0.00000E+00   0.00000E+00   9.59437E-02   8.58965E-02   1.14592E-04   6.68816E+00   3.51933E-03   1.28653E-08
 1.10400E+01               0.00000E+00   0.00000E+00   9.59549E-02   8.58959E-02   1.14609E-04   6.68746E+00   4.89840E-03   1.28663E-08
 1.12000E+01               0.00000E+00   0.00000E+00   9.59620E-02   8.58942E-02   1.14620E-04   6.68656E+00   6.69474E-03   1.28675E-08
 1.13600E+01               0.00000E+00   0.00000E+00   9.59648E-02   8.58916E-02   1.14624E-04   6.68541E+00   8.98990E-03   1.28692E-08
 1.15200E+01               0.00000E+00   0.00000E+00   9.59633E-02   8.58881E-02   1.14623E-04   6.68398E+00   1.18675E-02   1.28712E-08
 1.16800E+01               0.00000E+00   0.00000E+00   9.59579E-02   8.58836E-02   1.14617E-04   6.68221E+00   1.54093E-02   1.28737E-08
 1.18400E+01               0.00000E+00   0.00000E+00   9.59487E-02   8.58781E-02   1.14607E-04   6.68009E+00   1.96902E-02   1.28768E-08
 1.20000E+01               0.00000E+00   0.00000E+00   9.59362E-02   8.58717E-02   1.14592E-04   6.67757E+00   2.47727E-02   1.28804E-08
 1.21600E+01               0.00000E+00   0.00000E+00   9.59205E-02   8.58641E-02   1.14574E-04   6.67462E+00   3.07019E-02   1.28846E-08
 1.23200E+01               0.00000E+00   0.00000E+00   9.59019E-02   8.58554E-02   1.14552E-04   6.67125E+00   3.75000E-02   1.28895E-08
 1.24800E+01               0.00000E+00   0.00000E+00   9.58805E-02   8.58456E-02   1.14527E-04   6.66745E+00   4.51619E-02   1.28949E-08
 1.26400E+01               0.00000E+00   0.00000E+00   9.58567E-02   8.58347E-02   1.14500E-04   6.66324E+00   5.36524E-02   1.29010E-08
 1.28000E+01               0.00000E+00   0.00000E+00   9.58305E-02   8.58229E-02   1.14469E-04   6.65866E+00   6.29041E-02   1.29076E-08
 1.29600E+01               0.00000E+00   0.00000E+00   9.58024E-02   8.58102E-02   1.14437E-04   6.65374E+00   7.28185E-02   1.29147E-08
 1.31200E+01               0.00000E+00   0.00000E+00   9.57728E-02   8.57969E-02   1.14402E-04   6.64856E+00   8.32679E-02   1.29222E-08
 1.32800E+01               0.00000E+00   0.00000E+00   9.57421E-02   8.57830E-02   1.14367E-04   6.64319E+00   9.41000E-02   1.29300E-08
 1.34400E+01               0.00000E+00   0.00000E+00   9.57107E-02   8.57688E-02   1.14330E-04   6.63771E+00   1.05144E-01   1.29379E-08
 1.36000E+01               0.00000E+00   0.00000E+00   9.56792E-02   8.57546E-02   1.14294E-04   6.63222E+00   1.16217E-01   1.29459E-08
 1.37600E+01               0.00000E+00   0.00000E+00   9.56482E-02   8.57406E-02   1.14258E-04   6.62681E+00   1.27132E-01   1.29538E-08
 1.39200E+01               0.00000E+00   0.00000E+00   9.56181E-02   8.57270E-02   1.14223E-04   6.62156E+00   1.37710E-01   1.29614E-08
 1.40800E+01               0.00000E+00   0.00000E+00   9.55895E-02   8.57141E-02   1.14190E-04   6.61657E+00   1.47781E-01   1.29687E-08
 1.42400E+01               0.00000E+00   0.00000E+00   9.55627E-02   8.57020E-02   1.14159E-04   6.61190E+00   1.57194E-01   1.29755E-08
 1.44000E+01               0.00000E+00   0.00000E+00   9.55381E-02   8.56908E-02   1.14130E-04   6.60762E+00   1.65826E-01   1.29817E-08
 1.45600E+01               0.00000E+00   0.00000E+00   9.55160E-02   8.56808E-02   1.14105E-04   6.60377E+00   1.73579E-01   1.29873E-08
 1.47200E+01               0.00000E+00   0.00000E+00   9.54966E-02   8.56720E-02   1.14082E-04   6.60040E+00   1.80389E-01   1.29923E-08
 1.48800E+01               0.00000E+00   0.00000E+00   9.54799E-02   8.56645E-02   1.14063E-04   6.59751E+00   1.86222E-01   1.29965E-08
 1.50400E+01               0.00000E+00   0.00000E+00   9.54661E-02   8.56582E-02   1.14047E-04   6.59510E+00   1.91074E-01   1.30000E-08
 1.52000E+01               0.00000E+00   0.00000E+00   9.54549E-02   8.56532E-02   1.14034E-04   6.59317E+00   1.94972E-01   1.30029E-08
 1.53600E+01               0.00000E+00   0.00000E+00   9.54464E-02   8.56493E-02   1.14024E-04   6.59168E+00   1.97967E-01   1.30050E-08
 1.55200E+01               0.00000E+00   0.00000E+00   9.54402E-02   8.56465E-02   1.14017E-04   6.59061E+00   2.00128E-01   1.30066E-08
 1.56800E+01               0.00000E+00   0.00000E+00   9.54361E-02   8.56446E-02   1.14012E-04   6.58991E+00   2.01545E-01   1.30077E-08
 1.58400E+01               0.00000E+00   0.00000E+00   9.54339E-02   8.56436E-02   1.14010E-04   6.58953E+00   2.02314E-01   1.30082E-08
 1.59600E+01               0.00000E+00   0.00000E+00   9.54333E-02   8.56433E-02   1.14009E-04   6.58941E+00   2.02550E-01   1.30084E-08
