# Units: Log10 mol/kgw
 TITLE = " Years"
VARIABLES = "X (meters)", "H+        ", "Cl-       ", "Na+       ", "NO3-      ", "OH-       ", "
 ZONE F=POINT,I=         100
 5.00000E-01              -9.99968E+00  -3.99978E+00  -4.00010E+00  -9.34717E+00  -3.99142E+00
 1.50000E+00              -9.99927E+00  -3.99950E+00  -4.00024E+00  -9.01956E+00  -3.99183E+00
 2.50000E+00              -9.99876E+00  -3.99916E+00  -4.00042E+00  -8.77923E+00  -3.99235E+00
 3.50000E+00              -9.99812E+00  -3.99873E+00  -4.00064E+00  -8.58161E+00  -3.99298E+00
 4.50000E+00              -9.99734E+00  -3.99823E+00  -4.00091E+00  -8.41013E+00  -3.99376E+00
 5.50000E+00              -9.99640E+00  -3.99762E+00  -4.00125E+00  -8.25675E+00  -3.99471E+00
 6.50000E+00              -9.99527E+00  -3.99691E+00  -4.00167E+00  -8.11695E+00  -3.99583E+00
 7.50000E+00              -9.99395E+00  -3.99609E+00  -4.00216E+00  -7.98794E+00  -3.99715E+00
 8.50000E+00              -9.99239E+00  -3.99514E+00  -4.00276E+00  -7.86785E+00  -3.99871E+00
 9.50000E+00              -9.99059E+00  -3.99407E+00  -4.00346E+00  -7.75540E+00  -4.00052E+00
 1.05000E+01              -9.98850E+00  -3.99287E+00  -4.00428E+00  -7.64963E+00  -4.00260E+00
 1.15000E+01              -9.98611E+00  -3.99153E+00  -4.00522E+00  -7.54982E+00  -4.00499E+00
 1.25000E+01              -9.98337E+00  -3.99006E+00  -4.00631E+00  -7.45544E+00  -4.00773E+00
 1.35000E+01              -9.98026E+00  -3.98847E+00  -4.00753E+00  -7.36604E+00  -4.01084E+00
 1.45000E+01              -9.97673E+00  -3.98677E+00  -4.00888E+00  -7.28128E+00  -4.01437E+00
 1.55000E+01              -9.97272E+00  -3.98500E+00  -4.01036E+00  -7.20087E+00  -4.01838E+00
 1.65000E+01              -9.96818E+00  -3.98320E+00  -4.01195E+00  -7.12460E+00  -4.02292E+00
 1.75000E+01              -9.96304E+00  -3.98140E+00  -4.01359E+00  -7.05226E+00  -4.02806E+00
 1.85000E+01              -9.95721E+00  -3.97968E+00  -4.01526E+00  -6.98372E+00  -4.03389E+00
 1.95000E+01              -9.95060E+00  -3.97812E+00  -4.01688E+00  -6.91883E+00  -4.04050E+00
 2.05000E+01              -9.94312E+00  -3.97678E+00  -4.01838E+00  -6.85751E+00  -4.04798E+00
 2.15000E+01              -9.93465E+00  -3.97578E+00  -4.01969E+00  -6.79964E+00  -4.05645E+00
 2.25000E+01              -9.92509E+00  -3.97518E+00  -4.02071E+00  -6.74515E+00  -4.06601E+00
 2.35000E+01              -9.91435E+00  -3.97507E+00  -4.02137E+00  -6.69396E+00  -4.07676E+00
 2.45000E+01              -9.90232E+00  -3.97553E+00  -4.02158E+00  -6.64599E+00  -4.08878E+00
 2.55000E+01              -9.88894E+00  -3.97660E+00  -4.02129E+00  -6.60113E+00  -4.10216E+00
 2.65000E+01              -9.87415E+00  -3.97833E+00  -4.02044E+00  -6.55928E+00  -4.11696E+00
 2.75000E+01              -9.85791E+00  -3.98071E+00  -4.01901E+00  -6.52033E+00  -4.13319E+00
 2.85000E+01              -9.84023E+00  -3.98372E+00  -4.01701E+00  -6.48414E+00  -4.15088E+00
 2.95000E+01              -9.82111E+00  -3.98732E+00  -4.01446E+00  -6.45056E+00  -4.16999E+00
 3.05000E+01              -9.80062E+00  -3.99142E+00  -4.01141E+00  -6.41944E+00  -4.19049E+00
 3.15000E+01              -9.77881E+00  -3.99594E+00  -4.00795E+00  -6.39059E+00  -4.21229E+00
 3.25000E+01              -9.75579E+00  -4.00075E+00  -4.00416E+00  -6.36385E+00  -4.23531E+00
 3.35000E+01              -9.73166E+00  -4.00574E+00  -4.00016E+00  -6.33904E+00  -4.25944E+00
 3.45000E+01              -9.70653E+00  -4.01076E+00  -3.99606E+00  -6.31597E+00  -4.28458E+00
 3.55000E+01              -9.68052E+00  -4.01568E+00  -3.99198E+00  -6.29447E+00  -4.31059E+00
 3.65000E+01              -9.65375E+00  -4.02040E+00  -3.98802E+00  -6.27440E+00  -4.33736E+00
 3.75000E+01              -9.62632E+00  -4.02479E+00  -3.98429E+00  -6.25560E+00  -4.36478E+00
 3.85000E+01              -9.59834E+00  -4.02877E+00  -3.98087E+00  -6.23795E+00  -4.39276E+00
 3.95000E+01              -9.56988E+00  -4.03226E+00  -3.97783E+00  -6.22134E+00  -4.42122E+00
 4.05000E+01              -9.54101E+00  -4.03523E+00  -3.97521E+00  -6.20567E+00  -4.45009E+00
 4.15000E+01              -9.51178E+00  -4.03765E+00  -3.97305E+00  -6.19088E+00  -4.47932E+00
 4.25000E+01              -9.48222E+00  -4.03951E+00  -3.97135E+00  -6.17690E+00  -4.50888E+00
 4.35000E+01              -9.45234E+00  -4.04082E+00  -3.97011E+00  -6.16369E+00  -4.53876E+00
 4.45000E+01              -9.42214E+00  -4.04161E+00  -3.96932E+00  -6.15121E+00  -4.56896E+00
 4.55000E+01              -9.39161E+00  -4.04193E+00  -3.96893E+00  -6.13943E+00  -4.59949E+00
 4.65000E+01              -9.36073E+00  -4.04181E+00  -3.96892E+00  -6.12833E+00  -4.63037E+00
 4.75000E+01              -9.32947E+00  -4.04132E+00  -3.96925E+00  -6.11789E+00  -4.66163E+00
 4.85000E+01              -9.29779E+00  -4.04050E+00  -3.96985E+00  -6.10810E+00  -4.69331E+00
 4.95000E+01              -9.26566E+00  -4.03941E+00  -3.97070E+00  -6.09894E+00  -4.72544E+00
 5.05000E+01              -9.23304E+00  -4.03810E+00  -3.97174E+00  -6.09039E+00  -4.75807E+00
 5.15000E+01              -9.19987E+00  -4.03663E+00  -3.97293E+00  -6.08244E+00  -4.79123E+00
 5.25000E+01              -9.16613E+00  -4.03502E+00  -3.97423E+00  -6.07505E+00  -4.82498E+00
 5.35000E+01              -9.13175E+00  -4.03333E+00  -3.97561E+00  -6.06822E+00  -4.85935E+00
 5.45000E+01              -9.09671E+00  -4.03159E+00  -3.97702E+00  -6.06191E+00  -4.89440E+00
 5.55000E+01              -9.06094E+00  -4.02983E+00  -3.97846E+00  -6.05611E+00  -4.93016E+00
 5.65000E+01              -9.02440E+00  -4.02807E+00  -3.97989E+00  -6.05078E+00  -4.96670E+00
 5.75000E+01              -8.98705E+00  -4.02632E+00  -3.98130E+00  -6.04590E+00  -5.00405E+00
 5.85000E+01              -8.94883E+00  -4.02462E+00  -3.98266E+00  -6.04143E+00  -5.04228E+00
 5.95000E+01              -8.90967E+00  -4.02296E+00  -3.98398E+00  -6.03736E+00  -5.08143E+00
 6.05000E+01              -8.86952E+00  -4.02136E+00  -3.98524E+00  -6.03366E+00  -5.12159E+00
 6.15000E+01              -8.82830E+00  -4.01983E+00  -3.98644E+00  -6.03029E+00  -5.16281E+00
 6.25000E+01              -8.78592E+00  -4.01837E+00  -3.98757E+00  -6.02724E+00  -5.20518E+00
 6.35000E+01              -8.74231E+00  -4.01697E+00  -3.98863E+00  -6.02447E+00  -5.24879E+00
 6.45000E+01              -8.69734E+00  -4.01566E+00  -3.98962E+00  -6.02196E+00  -5.29376E+00
 6.55000E+01              -8.65088E+00  -4.01442E+00  -3.99054E+00  -6.01970E+00  -5.34022E+00
 6.65000E+01              -8.60279E+00  -4.01325E+00  -3.99140E+00  -6.01766E+00  -5.38831E+00
 6.75000E+01              -8.55288E+00  -4.01215E+00  -3.99219E+00  -6.01581E+00  -5.43822E+00
 6.85000E+01              -8.50093E+00  -4.01113E+00  -3.99292E+00  -6.01415E+00  -5.49018E+00
 6.95000E+01              -8.44665E+00  -4.01017E+00  -3.99359E+00  -6.01266E+00  -5.54445E+00
 7.05000E+01              -8.38972E+00  -4.00928E+00  -3.99421E+00  -6.01131E+00  -5.60139E+00
 7.15000E+01              -8.32969E+00  -4.00845E+00  -3.99478E+00  -6.01010E+00  -5.66142E+00
 7.25000E+01              -8.26601E+00  -4.00768E+00  -3.99529E+00  -6.00901E+00  -5.72509E+00
 7.35000E+01              -8.19797E+00  -4.00697E+00  -3.99577E+00  -6.00804E+00  -5.79313E+00
 7.45000E+01              -8.12458E+00  -4.00632E+00  -3.99620E+00  -6.00716E+00  -5.86653E+00
 7.55000E+01              -8.04450E+00  -4.00571E+00  -3.99659E+00  -6.00637E+00  -5.94660E+00
 7.65000E+01              -7.95586E+00  -4.00516E+00  -3.99695E+00  -6.00567E+00  -6.03525E+00
 7.75000E+01              -7.85588E+00  -4.00465E+00  -3.99727E+00  -6.00504E+00  -6.13522E+00
 7.85000E+01              -7.74046E+00  -4.00418E+00  -3.99756E+00  -6.00447E+00  -6.25064E+00
 7.95000E+01              -7.60349E+00  -4.00376E+00  -3.99782E+00  -6.00397E+00  -6.38761E+00
 8.05000E+01              -7.43705E+00  -4.00338E+00  -3.99805E+00  -6.00352E+00  -6.55405E+00
 8.15000E+01              -7.23781E+00  -4.00304E+00  -3.99825E+00  -6.00314E+00  -6.75329E+00
 8.25000E+01              -7.02631E+00  -4.00276E+00  -3.99842E+00  -6.00281E+00  -6.96479E+00
 8.35000E+01              -6.84196E+00  -4.00252E+00  -3.99855E+00  -6.00254E+00  -7.14915E+00
 8.45000E+01              -6.69899E+00  -4.00230E+00  -3.99867E+00  -6.00230E+00  -7.29212E+00
 8.55000E+01              -6.58949E+00  -4.00211E+00  -3.99878E+00  -6.00209E+00  -7.40161E+00
 8.65000E+01              -6.50349E+00  -4.00193E+00  -3.99887E+00  -6.00190E+00  -7.48761E+00
 8.75000E+01              -6.43393E+00  -4.00177E+00  -3.99896E+00  -6.00173E+00  -7.55718E+00
 8.85000E+01              -6.37615E+00  -4.00162E+00  -3.99905E+00  -6.00156E+00  -7.61495E+00
 8.95000E+01              -6.32709E+00  -4.00147E+00  -3.99913E+00  -6.00142E+00  -7.66401E+00
 9.05000E+01              -6.28461E+00  -4.00133E+00  -3.99921E+00  -6.00128E+00  -7.70649E+00
 9.15000E+01              -6.24716E+00  -4.00120E+00  -3.99929E+00  -6.00114E+00  -7.74394E+00
 9.25000E+01              -6.21359E+00  -4.00107E+00  -3.99937E+00  -6.00102E+00  -7.77751E+00
 9.35000E+01              -6.18298E+00  -4.00095E+00  -3.99944E+00  -6.00090E+00  -7.80812E+00
 9.45000E+01              -6.15460E+00  -4.00082E+00  -3.99951E+00  -6.00078E+00  -7.83650E+00
 9.55000E+01              -6.12782E+00  -4.00070E+00  -3.99958E+00  -6.00066E+00  -7.86328E+00
 9.65000E+01              -6.10208E+00  -4.00057E+00  -3.99966E+00  -6.00054E+00  -7.88902E+00
 9.75000E+01              -6.07689E+00  -4.00044E+00  -3.99973E+00  -6.00042E+00  -7.91422E+00
 9.85000E+01              -6.05177E+00  -4.00031E+00  -3.99982E+00  -6.00029E+00  -7.93934E+00
 9.95000E+01              -6.02628E+00  -4.00016E+00  -3.99990E+00  -6.00015E+00  -7.96482E+00
