# Units: Log10 mol/kgw
 TITLE = " Years"
VARIABLES = "X (meters)", "H+        ", "Cl-       ", "Na+       ", "NO3-      ", "OH-       ", "
 ZONE F=POINT,I=         100
 5.00000E-01              -9.99999E+00  -3.99999E+00  -4.00000E+00  -9.98153E+00  -3.99112E+00
 1.50000E+00              -9.99997E+00  -3.99998E+00  -4.00001E+00  -9.95591E+00  -3.99113E+00
 2.50000E+00              -9.99995E+00  -3.99996E+00  -4.00002E+00  -9.92210E+00  -3.99116E+00
 3.50000E+00              -9.99992E+00  -3.99994E+00  -4.00002E+00  -9.87939E+00  -3.99118E+00
 4.50000E+00              -9.99989E+00  -3.99992E+00  -4.00003E+00  -9.82756E+00  -3.99122E+00
 5.50000E+00              -9.99985E+00  -3.99989E+00  -4.00005E+00  -9.76691E+00  -3.99126E+00
 6.50000E+00              -9.99980E+00  -3.99986E+00  -4.00006E+00  -9.69823E+00  -3.99131E+00
 7.50000E+00              -9.99974E+00  -3.99981E+00  -4.00008E+00  -9.62267E+00  -3.99136E+00
 8.50000E+00              -9.99967E+00  -3.99976E+00  -4.00010E+00  -9.54154E+00  -3.99144E+00
 9.50000E+00              -9.99958E+00  -3.99970E+00  -4.00013E+00  -9.45622E+00  -3.99152E+00
 1.05000E+01              -9.99948E+00  -3.99963E+00  -4.00016E+00  -9.36795E+00  -3.99162E+00
 1.15000E+01              -9.99937E+00  -3.99955E+00  -4.00020E+00  -9.27784E+00  -3.99174E+00
 1.25000E+01              -9.99923E+00  -3.99946E+00  -4.00024E+00  -9.18680E+00  -3.99187E+00
 1.35000E+01              -9.99907E+00  -3.99935E+00  -4.00029E+00  -9.09555E+00  -3.99203E+00
 1.45000E+01              -9.99889E+00  -3.99922E+00  -4.00035E+00  -9.00466E+00  -3.99221E+00
 1.55000E+01              -9.99868E+00  -3.99908E+00  -4.00042E+00  -8.91456E+00  -3.99242E+00
 1.65000E+01              -9.99844E+00  -3.99891E+00  -4.00050E+00  -8.82555E+00  -3.99267E+00
 1.75000E+01              -9.99816E+00  -3.99872E+00  -4.00059E+00  -8.73788E+00  -3.99294E+00
 1.85000E+01              -9.99785E+00  -3.99851E+00  -4.00069E+00  -8.65169E+00  -3.99326E+00
 1.95000E+01              -9.99749E+00  -3.99827E+00  -4.00081E+00  -8.56710E+00  -3.99362E+00
 2.05000E+01              -9.99708E+00  -3.99800E+00  -4.00095E+00  -8.48418E+00  -3.99402E+00
 2.15000E+01              -9.99663E+00  -3.99770E+00  -4.00111E+00  -8.40299E+00  -3.99448E+00
 2.25000E+01              -9.99611E+00  -3.99736E+00  -4.00129E+00  -8.32353E+00  -3.99499E+00
 2.35000E+01              -9.99554E+00  -3.99699E+00  -4.00149E+00  -8.24584E+00  -3.99557E+00
 2.45000E+01              -9.99489E+00  -3.99657E+00  -4.00171E+00  -8.16989E+00  -3.99621E+00
 2.55000E+01              -9.99418E+00  -3.99612E+00  -4.00197E+00  -8.09569E+00  -3.99693E+00
 2.65000E+01              -9.99338E+00  -3.99561E+00  -4.00226E+00  -8.02322E+00  -3.99772E+00
 2.75000E+01              -9.99250E+00  -3.99506E+00  -4.00258E+00  -7.95247E+00  -3.99860E+00
 2.85000E+01              -9.99152E+00  -3.99446E+00  -4.00294E+00  -7.88341E+00  -3.99958E+00
 2.95000E+01              -9.99045E+00  -3.99380E+00  -4.00334E+00  -7.81603E+00  -4.00065E+00
 3.05000E+01              -9.98927E+00  -3.99310E+00  -4.00379E+00  -7.75030E+00  -4.00183E+00
 3.15000E+01              -9.98797E+00  -3.99233E+00  -4.00428E+00  -7.68620E+00  -4.00313E+00
 3.25000E+01              -9.98655E+00  -3.99150E+00  -4.00482E+00  -7.62370E+00  -4.00455E+00
 3.35000E+01              -9.98500E+00  -3.99062E+00  -4.00542E+00  -7.56279E+00  -4.00610E+00
 3.45000E+01              -9.98331E+00  -3.98968E+00  -4.00607E+00  -7.50345E+00  -4.00779E+00
 3.55000E+01              -9.98147E+00  -3.98867E+00  -4.00679E+00  -7.44564E+00  -4.00964E+00
 3.65000E+01              -9.97946E+00  -3.98761E+00  -4.00756E+00  -7.38936E+00  -4.01164E+00
 3.75000E+01              -9.97729E+00  -3.98650E+00  -4.00840E+00  -7.33459E+00  -4.01382E+00
 3.85000E+01              -9.97493E+00  -3.98534E+00  -4.00930E+00  -7.28129E+00  -4.01618E+00
 3.95000E+01              -9.97237E+00  -3.98413E+00  -4.01026E+00  -7.22947E+00  -4.01874E+00
 4.05000E+01              -9.96959E+00  -3.98289E+00  -4.01128E+00  -7.17910E+00  -4.02151E+00
 4.15000E+01              -9.96659E+00  -3.98162E+00  -4.01235E+00  -7.13017E+00  -4.02452E+00
 4.25000E+01              -9.96333E+00  -3.98033E+00  -4.01347E+00  -7.08267E+00  -4.02777E+00
 4.35000E+01              -9.95980E+00  -3.97905E+00  -4.01462E+00  -7.03658E+00  -4.03130E+00
 4.45000E+01              -9.95597E+00  -3.97779E+00  -4.01579E+00  -6.99189E+00  -4.03513E+00
 4.55000E+01              -9.95183E+00  -3.97656E+00  -4.01698E+00  -6.94860E+00  -4.03928E+00
 4.65000E+01              -9.94733E+00  -3.97540E+00  -4.01815E+00  -6.90671E+00  -4.04377E+00
 4.75000E+01              -9.94246E+00  -3.97432E+00  -4.01929E+00  -6.86619E+00  -4.04864E+00
 4.85000E+01              -9.93717E+00  -3.97335E+00  -4.02038E+00  -6.82706E+00  -4.05393E+00
 4.95000E+01              -9.93145E+00  -3.97252E+00  -4.02140E+00  -6.78929E+00  -4.05966E+00
 5.05000E+01              -9.92524E+00  -3.97185E+00  -4.02231E+00  -6.75290E+00  -4.06586E+00
 5.15000E+01              -9.91853E+00  -3.97138E+00  -4.02309E+00  -6.71786E+00  -4.07258E+00
 5.25000E+01              -9.91127E+00  -3.97112E+00  -4.02371E+00  -6.68418E+00  -4.07984E+00
 5.35000E+01              -9.90343E+00  -3.97112E+00  -4.02415E+00  -6.65185E+00  -4.08767E+00
 5.45000E+01              -9.89499E+00  -3.97138E+00  -4.02438E+00  -6.62085E+00  -4.09611E+00
 5.55000E+01              -9.88591E+00  -3.97193E+00  -4.02437E+00  -6.59117E+00  -4.10519E+00
 5.65000E+01              -9.87618E+00  -3.97278E+00  -4.02412E+00  -6.56280E+00  -4.11492E+00
 5.75000E+01              -9.86577E+00  -3.97395E+00  -4.02359E+00  -6.53570E+00  -4.12533E+00
 5.85000E+01              -9.85467E+00  -3.97544E+00  -4.02279E+00  -6.50987E+00  -4.13643E+00
 5.95000E+01              -9.84287E+00  -3.97724E+00  -4.02170E+00  -6.48527E+00  -4.14823E+00
 6.05000E+01              -9.83037E+00  -3.97936E+00  -4.02032E+00  -6.46185E+00  -4.16073E+00
 6.15000E+01              -9.81717E+00  -3.98177E+00  -4.01867E+00  -6.43960E+00  -4.17393E+00
 6.25000E+01              -9.80328E+00  -3.98446E+00  -4.01676E+00  -6.41846E+00  -4.18782E+00
 6.35000E+01              -9.78872E+00  -3.98740E+00  -4.01460E+00  -6.39839E+00  -4.20238E+00
 6.45000E+01              -9.77350E+00  -3.99055E+00  -4.01222E+00  -6.37934E+00  -4.21760E+00
 6.55000E+01              -9.75766E+00  -3.99389E+00  -4.00965E+00  -6.36126E+00  -4.23344E+00
 6.65000E+01              -9.74122E+00  -3.99737E+00  -4.00692E+00  -6.34409E+00  -4.24988E+00
 6.75000E+01              -9.72422E+00  -4.00095E+00  -4.00407E+00  -6.32779E+00  -4.26688E+00
 6.85000E+01              -9.70670E+00  -4.00457E+00  -4.00114E+00  -6.31228E+00  -4.28441E+00
 6.95000E+01              -9.68869E+00  -4.00821E+00  -3.99817E+00  -6.29752E+00  -4.30242E+00
 7.05000E+01              -9.67023E+00  -4.01180E+00  -3.99520E+00  -6.28346E+00  -4.32087E+00
 7.15000E+01              -9.65137E+00  -4.01530E+00  -3.99228E+00  -6.27004E+00  -4.33973E+00
 7.25000E+01              -9.63214E+00  -4.01868E+00  -3.98943E+00  -6.25722E+00  -4.35897E+00
 7.35000E+01              -9.61257E+00  -4.02189E+00  -3.98671E+00  -6.24494E+00  -4.37853E+00
 7.45000E+01              -9.59270E+00  -4.02490E+00  -3.98413E+00  -6.23317E+00  -4.39841E+00
 7.55000E+01              -9.57254E+00  -4.02768E+00  -3.98172E+00  -6.22187E+00  -4.41856E+00
 7.65000E+01              -9.55213E+00  -4.03021E+00  -3.97952E+00  -6.21100E+00  -4.43897E+00
 7.75000E+01              -9.53147E+00  -4.03246E+00  -3.97753E+00  -6.20053E+00  -4.45963E+00
 7.85000E+01              -9.51057E+00  -4.03442E+00  -3.97578E+00  -6.19044E+00  -4.48054E+00
 7.95000E+01              -9.48942E+00  -4.03608E+00  -3.97427E+00  -6.18071E+00  -4.50169E+00
 8.05000E+01              -9.46800E+00  -4.03744E+00  -3.97300E+00  -6.17131E+00  -4.52310E+00
 8.15000E+01              -9.44630E+00  -4.03850E+00  -3.97199E+00  -6.16223E+00  -4.54481E+00
 8.25000E+01              -9.42426E+00  -4.03925E+00  -3.97122E+00  -6.15345E+00  -4.56685E+00
 8.35000E+01              -9.40182E+00  -4.03971E+00  -3.97069E+00  -6.14496E+00  -4.58929E+00
 8.45000E+01              -9.37889E+00  -4.03988E+00  -3.97040E+00  -6.13674E+00  -4.61221E+00
 8.55000E+01              -9.35536E+00  -4.03977E+00  -3.97033E+00  -6.12878E+00  -4.63575E+00
 8.65000E+01              -9.33105E+00  -4.03938E+00  -3.97049E+00  -6.12106E+00  -4.66005E+00
 8.75000E+01              -9.30575E+00  -4.03871E+00  -3.97085E+00  -6.11356E+00  -4.68536E+00
 8.85000E+01              -9.27915E+00  -4.03777E+00  -3.97142E+00  -6.10626E+00  -4.71196E+00
 8.95000E+01              -9.25084E+00  -4.03655E+00  -3.97219E+00  -6.09912E+00  -4.74026E+00
 9.05000E+01              -9.22025E+00  -4.03503E+00  -3.97317E+00  -6.09209E+00  -4.77085E+00
 9.15000E+01              -9.18657E+00  -4.03320E+00  -3.97434E+00  -6.08513E+00  -4.80453E+00
 9.25000E+01              -9.14865E+00  -4.03103E+00  -3.97574E+00  -6.07816E+00  -4.84245E+00
 9.35000E+01              -9.10477E+00  -4.02849E+00  -3.97737E+00  -6.07107E+00  -4.88633E+00
 9.45000E+01              -9.05229E+00  -4.02552E+00  -3.97928E+00  -6.06373E+00  -4.93881E+00
 9.55000E+01              -8.98690E+00  -4.02208E+00  -3.98152E+00  -6.05596E+00  -5.00421E+00
 9.65000E+01              -8.90090E+00  -4.01812E+00  -3.98417E+00  -6.04749E+00  -5.09020E+00
 9.75000E+01              -8.77858E+00  -4.01361E+00  -3.98735E+00  -6.03796E+00  -5.21252E+00
 9.85000E+01              -8.57877E+00  -4.00856E+00  -3.99125E+00  -6.02691E+00  -5.41233E+00
 9.95000E+01              -8.10243E+00  -4.00306E+00  -3.99620E+00  -6.01368E+00  -5.88867E+00
