# Units: Log10 mol/kgw
 TITLE = " Years"
VARIABLES = "X (meters)", "H+        ", "Cl-       ", "Na+       ", "NO3-      ", "OH-       ", "
 ZONE F=POINT,I=         100
 5.00000E-01              -1.00000E+01  -4.00000E+00  -4.00000E+00  -1.00000E+01  -3.99110E+00
 1.50000E+00              -1.00000E+01  -4.00000E+00  -4.00000E+00  -1.00000E+01  -3.99110E+00
 2.50000E+00              -1.00000E+01  -4.00000E+00  -4.00000E+00  -1.00000E+01  -3.99110E+00
 3.50000E+00              -1.00000E+01  -4.00000E+00  -4.00000E+00  -1.00000E+01  -3.99110E+00
 4.50000E+00              -1.00000E+01  -4.00000E+00  -4.00000E+00  -1.00000E+01  -3.99110E+00
 5.50000E+00              -1.00000E+01  -4.00000E+00  -4.00000E+00  -1.00000E+01  -3.99110E+00
 6.50000E+00              -1.00000E+01  -4.00000E+00  -4.00000E+00  -1.00000E+01  -3.99110E+00
 7.50000E+00              -1.00000E+01  -4.00000E+00  -4.00000E+00  -1.00000E+01  -3.99110E+00
 8.50000E+00              -1.00000E+01  -4.00000E+00  -4.00000E+00  -1.00000E+01  -3.99110E+00
 9.50000E+00              -1.00000E+01  -4.00000E+00  -4.00000E+00  -1.00000E+01  -3.99110E+00
 1.05000E+01              -1.00000E+01  -4.00000E+00  -4.00000E+00  -1.00000E+01  -3.99110E+00
 1.15000E+01              -1.00000E+01  -4.00000E+00  -4.00000E+00  -1.00000E+01  -3.99110E+00
 1.25000E+01              -1.00000E+01  -4.00000E+00  -4.00000E+00  -1.00000E+01  -3.99110E+00
 1.35000E+01              -1.00000E+01  -4.00000E+00  -4.00000E+00  -1.00000E+01  -3.99110E+00
 1.45000E+01              -1.00000E+01  -4.00000E+00  -4.00000E+00  -1.00000E+01  -3.99110E+00
 1.55000E+01              -1.00000E+01  -4.00000E+00  -4.00000E+00  -1.00000E+01  -3.99110E+00
 1.65000E+01              -1.00000E+01  -4.00000E+00  -4.00000E+00  -1.00000E+01  -3.99110E+00
 1.75000E+01              -1.00000E+01  -4.00000E+00  -4.00000E+00  -1.00000E+01  -3.99110E+00
 1.85000E+01              -1.00000E+01  -4.00000E+00  -4.00000E+00  -1.00000E+01  -3.99110E+00
 1.95000E+01              -1.00000E+01  -4.00000E+00  -4.00000E+00  -1.00000E+01  -3.99110E+00
 2.05000E+01              -1.00000E+01  -4.00000E+00  -4.00000E+00  -1.00000E+01  -3.99110E+00
 2.15000E+01              -1.00000E+01  -4.00000E+00  -4.00000E+00  -1.00000E+01  -3.99110E+00
 2.25000E+01              -1.00000E+01  -4.00000E+00  -4.00000E+00  -1.00000E+01  -3.99110E+00
 2.35000E+01              -1.00000E+01  -4.00000E+00  -4.00000E+00  -1.00000E+01  -3.99110E+00
 2.45000E+01              -1.00000E+01  -4.00000E+00  -4.00000E+00  -1.00000E+01  -3.99110E+00
 2.55000E+01              -1.00000E+01  -4.00000E+00  -4.00000E+00  -1.00000E+01  -3.99110E+00
 2.65000E+01              -1.00000E+01  -4.00000E+00  -4.00000E+00  -1.00000E+01  -3.99110E+00
 2.75000E+01              -1.00000E+01  -4.00000E+00  -4.00000E+00  -1.00000E+01  -3.99110E+00
 2.85000E+01              -1.00000E+01  -4.00000E+00  -4.00000E+00  -1.00000E+01  -3.99110E+00
 2.95000E+01              -1.00000E+01  -4.00000E+00  -4.00000E+00  -1.00000E+01  -3.99110E+00
 3.05000E+01              -1.00000E+01  -4.00000E+00  -4.00000E+00  -1.00000E+01  -3.99110E+00
 3.15000E+01              -1.00000E+01  -4.00000E+00  -4.00000E+00  -1.00000E+01  -3.99110E+00
 3.25000E+01              -1.00000E+01  -4.00000E+00  -4.00000E+00  -1.00000E+01  -3.99110E+00
 3.35000E+01              -1.00000E+01  -4.00000E+00  -4.00000E+00  -1.00000E+01  -3.99110E+00
 3.45000E+01              -1.00000E+01  -4.00000E+00  -4.00000E+00  -1.00000E+01  -3.99110E+00
 3.55000E+01              -1.00000E+01  -4.00000E+00  -4.00000E+00  -1.00000E+01  -3.99110E+00
 3.65000E+01              -1.00000E+01  -4.00000E+00  -4.00000E+00  -1.00000E+01  -3.99110E+00
 3.75000E+01              -1.00000E+01  -4.00000E+00  -4.00000E+00  -1.00000E+01  -3.99110E+00
 3.85000E+01              -1.00000E+01  -4.00000E+00  -4.00000E+00  -1.00000E+01  -3.99110E+00
 3.95000E+01              -1.00000E+01  -4.00000E+00  -4.00000E+00  -1.00000E+01  -3.99110E+00
 4.05000E+01              -1.00000E+01  -4.00000E+00  -4.00000E+00  -1.00000E+01  -3.99110E+00
 4.15000E+01              -1.00000E+01  -4.00000E+00  -4.00000E+00  -1.00000E+01  -3.99110E+00
 4.25000E+01              -1.00000E+01  -4.00000E+00  -4.00000E+00  -1.00000E+01  -3.99110E+00
 4.35000E+01              -1.00000E+01  -4.00000E+00  -4.00000E+00  -1.00000E+01  -3.99110E+00
 4.45000E+01              -1.00000E+01  -4.00000E+00  -4.00000E+00  -1.00000E+01  -3.99110E+00
 4.55000E+01              -1.00000E+01  -4.00000E+00  -4.00000E+00  -1.00000E+01  -3.99110E+00
 4.65000E+01              -1.00000E+01  -4.00000E+00  -4.00000E+00  -1.00000E+01  -3.99110E+00
 4.75000E+01              -1.00000E+01  -4.00000E+00  -4.00000E+00  -1.00000E+01  -3.99110E+00
 4.85000E+01              -1.00000E+01  -4.00000E+00  -4.00000E+00  -1.00000E+01  -3.99110E+00
 4.95000E+01              -1.00000E+01  -4.00000E+00  -4.00000E+00  -1.00000E+01  -3.99110E+00
 5.05000E+01              -1.00000E+01  -4.00000E+00  -4.00000E+00  -9.99999E+00  -3.99110E+00
 5.15000E+01              -1.00000E+01  -4.00000E+00  -4.00000E+00  -9.99999E+00  -3.99110E+00
 5.25000E+01              -1.00000E+01  -4.00000E+00  -4.00000E+00  -9.99998E+00  -3.99110E+00
 5.35000E+01              -1.00000E+01  -4.00000E+00  -4.00000E+00  -9.99998E+00  -3.99110E+00
 5.45000E+01              -1.00000E+01  -4.00000E+00  -4.00000E+00  -9.99996E+00  -3.99111E+00
 5.55000E+01              -1.00000E+01  -4.00000E+00  -4.00000E+00  -9.99994E+00  -3.99111E+00
 5.65000E+01              -1.00000E+01  -4.00000E+00  -4.00000E+00  -9.99991E+00  -3.99111E+00
 5.75000E+01              -1.00000E+01  -4.00000E+00  -4.00000E+00  -9.99987E+00  -3.99111E+00
 5.85000E+01              -9.99999E+00  -4.00000E+00  -4.00000E+00  -9.99980E+00  -3.99111E+00
 5.95000E+01              -9.99999E+00  -3.99999E+00  -4.00000E+00  -9.99970E+00  -3.99111E+00
 6.05000E+01              -9.99999E+00  -3.99999E+00  -4.00000E+00  -9.99954E+00  -3.99111E+00
 6.15000E+01              -9.99999E+00  -3.99999E+00  -4.00000E+00  -9.99930E+00  -3.99112E+00
 6.25000E+01              -9.99998E+00  -3.99999E+00  -4.00001E+00  -9.99893E+00  -3.99112E+00
 6.35000E+01              -9.99998E+00  -3.99998E+00  -4.00001E+00  -9.99837E+00  -3.99113E+00
 6.45000E+01              -9.99997E+00  -3.99998E+00  -4.00001E+00  -9.99752E+00  -3.99113E+00
 6.55000E+01              -9.99996E+00  -3.99997E+00  -4.00001E+00  -9.99622E+00  -3.99114E+00
 6.65000E+01              -9.99995E+00  -3.99996E+00  -4.00002E+00  -9.99425E+00  -3.99116E+00
 6.75000E+01              -9.99993E+00  -3.99995E+00  -4.00002E+00  -9.99127E+00  -3.99117E+00
 6.85000E+01              -9.99991E+00  -3.99993E+00  -4.00003E+00  -9.98675E+00  -3.99120E+00
 6.95000E+01              -9.99988E+00  -3.99991E+00  -4.00004E+00  -9.97996E+00  -3.99123E+00
 7.05000E+01              -9.99984E+00  -3.99988E+00  -4.00005E+00  -9.96980E+00  -3.99126E+00
 7.15000E+01              -9.99979E+00  -3.99985E+00  -4.00006E+00  -9.95475E+00  -3.99131E+00
 7.25000E+01              -9.99972E+00  -3.99980E+00  -4.00008E+00  -9.93275E+00  -3.99138E+00
 7.35000E+01              -9.99963E+00  -3.99973E+00  -4.00011E+00  -9.90120E+00  -3.99147E+00
 7.45000E+01              -9.99952E+00  -3.99965E+00  -4.00014E+00  -9.85711E+00  -3.99159E+00
 7.55000E+01              -9.99936E+00  -3.99954E+00  -4.00019E+00  -9.79745E+00  -3.99174E+00
 7.65000E+01              -9.99916E+00  -3.99939E+00  -4.00024E+00  -9.71980E+00  -3.99194E+00
 7.75000E+01              -9.99890E+00  -3.99920E+00  -4.00032E+00  -9.62300E+00  -3.99221E+00
 7.85000E+01              -9.99855E+00  -3.99894E+00  -4.00042E+00  -9.50749E+00  -3.99256E+00
 7.95000E+01              -9.99809E+00  -3.99861E+00  -4.00056E+00  -9.37519E+00  -3.99302E+00
 8.05000E+01              -9.99748E+00  -3.99817E+00  -4.00073E+00  -9.22895E+00  -3.99362E+00
 8.15000E+01              -9.99668E+00  -3.99759E+00  -4.00096E+00  -9.07186E+00  -3.99442E+00
 8.25000E+01              -9.99563E+00  -3.99683E+00  -4.00126E+00  -8.90676E+00  -3.99548E+00
 8.35000E+01              -9.99424E+00  -3.99583E+00  -4.00165E+00  -8.73598E+00  -3.99686E+00
 8.45000E+01              -9.99241E+00  -3.99452E+00  -4.00215E+00  -8.56132E+00  -3.99869E+00
 8.55000E+01              -9.99000E+00  -3.99280E+00  -4.00282E+00  -8.38411E+00  -4.00110E+00
 8.65000E+01              -9.98682E+00  -3.99055E+00  -4.00369E+00  -8.20531E+00  -4.00429E+00
 8.75000E+01              -9.98262E+00  -3.98761E+00  -4.00481E+00  -8.02560E+00  -4.00849E+00
 8.85000E+01              -9.97706E+00  -3.98380E+00  -4.00628E+00  -7.84550E+00  -4.01404E+00
 8.95000E+01              -9.96971E+00  -3.97886E+00  -4.00818E+00  -7.66542E+00  -4.02139E+00
 9.05000E+01              -9.95996E+00  -3.97251E+00  -4.01066E+00  -7.48572E+00  -4.03114E+00
 9.15000E+01              -9.94699E+00  -3.96443E+00  -4.01387E+00  -7.30674E+00  -4.04412E+00
 9.25000E+01              -9.92966E+00  -3.95424E+00  -4.01807E+00  -7.12887E+00  -4.06144E+00
 9.35000E+01              -9.90637E+00  -3.94158E+00  -4.02358E+00  -6.95253E+00  -4.08473E+00
 9.45000E+01              -9.87481E+00  -3.92617E+00  -4.03089E+00  -6.77828E+00  -4.11629E+00
 9.55000E+01              -9.83146E+00  -3.90788E+00  -4.04074E+00  -6.60678E+00  -4.15964E+00
 9.65000E+01              -9.77069E+00  -3.88692E+00  -4.05436E+00  -6.43895E+00  -4.22042E+00
 9.75000E+01              -9.68246E+00  -3.86405E+00  -4.07392E+00  -6.27596E+00  -4.30864E+00
 9.85000E+01              -9.54592E+00  -3.84097E+00  -4.10354E+00  -6.11953E+00  -4.44518E+00
 9.95000E+01              -9.30211E+00  -3.82102E+00  -4.15205E+00  -5.97225E+00  -4.68899E+00
