 TITLE = " Years"
 VARIABLES = "X (meters)", "pH "
 ZONE F=POINT,I=         100
 5.00000E-01               9.99968E+00
 1.50000E+00               9.99927E+00
 2.50000E+00               9.99876E+00
 3.50000E+00               9.99812E+00
 4.50000E+00               9.99734E+00
 5.50000E+00               9.99640E+00
 6.50000E+00               9.99527E+00
 7.50000E+00               9.99395E+00
 8.50000E+00               9.99239E+00
 9.50000E+00               9.99059E+00
 1.05000E+01               9.98850E+00
 1.15000E+01               9.98611E+00
 1.25000E+01               9.98337E+00
 1.35000E+01               9.98026E+00
 1.45000E+01               9.97673E+00
 1.55000E+01               9.97272E+00
 1.65000E+01               9.96818E+00
 1.75000E+01               9.96304E+00
 1.85000E+01               9.95721E+00
 1.95000E+01               9.95060E+00
 2.05000E+01               9.94312E+00
 2.15000E+01               9.93465E+00
 2.25000E+01               9.92509E+00
 2.35000E+01               9.91435E+00
 2.45000E+01               9.90232E+00
 2.55000E+01               9.88894E+00
 2.65000E+01               9.87415E+00
 2.75000E+01               9.85791E+00
 2.85000E+01               9.84023E+00
 2.95000E+01               9.82111E+00
 3.05000E+01               9.80062E+00
 3.15000E+01               9.77881E+00
 3.25000E+01               9.75579E+00
 3.35000E+01               9.73166E+00
 3.45000E+01               9.70653E+00
 3.55000E+01               9.68052E+00
 3.65000E+01               9.65375E+00
 3.75000E+01               9.62632E+00
 3.85000E+01               9.59834E+00
 3.95000E+01               9.56988E+00
 4.05000E+01               9.54101E+00
 4.15000E+01               9.51178E+00
 4.25000E+01               9.48222E+00
 4.35000E+01               9.45234E+00
 4.45000E+01               9.42214E+00
 4.55000E+01               9.39161E+00
 4.65000E+01               9.36073E+00
 4.75000E+01               9.32947E+00
 4.85000E+01               9.29779E+00
 4.95000E+01               9.26566E+00
 5.05000E+01               9.23304E+00
 5.15000E+01               9.19987E+00
 5.25000E+01               9.16613E+00
 5.35000E+01               9.13175E+00
 5.45000E+01               9.09671E+00
 5.55000E+01               9.06094E+00
 5.65000E+01               9.02440E+00
 5.75000E+01               8.98705E+00
 5.85000E+01               8.94883E+00
 5.95000E+01               8.90967E+00
 6.05000E+01               8.86952E+00
 6.15000E+01               8.82830E+00
 6.25000E+01               8.78592E+00
 6.35000E+01               8.74231E+00
 6.45000E+01               8.69734E+00
 6.55000E+01               8.65088E+00
 6.65000E+01               8.60279E+00
 6.75000E+01               8.55288E+00
 6.85000E+01               8.50093E+00
 6.95000E+01               8.44665E+00
 7.05000E+01               8.38972E+00
 7.15000E+01               8.32969E+00
 7.25000E+01               8.26601E+00
 7.35000E+01               8.19797E+00
 7.45000E+01               8.12458E+00
 7.55000E+01               8.04450E+00
 7.65000E+01               7.95586E+00
 7.75000E+01               7.85588E+00
 7.85000E+01               7.74046E+00
 7.95000E+01               7.60349E+00
 8.05000E+01               7.43705E+00
 8.15000E+01               7.23781E+00
 8.25000E+01               7.02631E+00
 8.35000E+01               6.84196E+00
 8.45000E+01               6.69899E+00
 8.55000E+01               6.58949E+00
 8.65000E+01               6.50349E+00
 8.75000E+01               6.43393E+00
 8.85000E+01               6.37615E+00
 8.95000E+01               6.32709E+00
 9.05000E+01               6.28461E+00
 9.15000E+01               6.24716E+00
 9.25000E+01               6.21359E+00
 9.35000E+01               6.18298E+00
 9.45000E+01               6.15460E+00
 9.55000E+01               6.12782E+00
 9.65000E+01               6.10208E+00
 9.75000E+01               6.07689E+00
 9.85000E+01               6.05177E+00
 9.95000E+01               6.02628E+00
