 TITLE = " Years"
 VARIABLES = "X (meters)", "pH "
 ZONE F=POINT,I=         100
 5.00000E-01               9.99999E+00
 1.50000E+00               9.99997E+00
 2.50000E+00               9.99995E+00
 3.50000E+00               9.99992E+00
 4.50000E+00               9.99989E+00
 5.50000E+00               9.99985E+00
 6.50000E+00               9.99980E+00
 7.50000E+00               9.99974E+00
 8.50000E+00               9.99967E+00
 9.50000E+00               9.99958E+00
 1.05000E+01               9.99948E+00
 1.15000E+01               9.99937E+00
 1.25000E+01               9.99923E+00
 1.35000E+01               9.99907E+00
 1.45000E+01               9.99889E+00
 1.55000E+01               9.99868E+00
 1.65000E+01               9.99844E+00
 1.75000E+01               9.99816E+00
 1.85000E+01               9.99785E+00
 1.95000E+01               9.99749E+00
 2.05000E+01               9.99708E+00
 2.15000E+01               9.99663E+00
 2.25000E+01               9.99611E+00
 2.35000E+01               9.99554E+00
 2.45000E+01               9.99489E+00
 2.55000E+01               9.99418E+00
 2.65000E+01               9.99338E+00
 2.75000E+01               9.99250E+00
 2.85000E+01               9.99152E+00
 2.95000E+01               9.99045E+00
 3.05000E+01               9.98927E+00
 3.15000E+01               9.98797E+00
 3.25000E+01               9.98655E+00
 3.35000E+01               9.98500E+00
 3.45000E+01               9.98331E+00
 3.55000E+01               9.98147E+00
 3.65000E+01               9.97946E+00
 3.75000E+01               9.97729E+00
 3.85000E+01               9.97493E+00
 3.95000E+01               9.97237E+00
 4.05000E+01               9.96959E+00
 4.15000E+01               9.96659E+00
 4.25000E+01               9.96333E+00
 4.35000E+01               9.95980E+00
 4.45000E+01               9.95597E+00
 4.55000E+01               9.95183E+00
 4.65000E+01               9.94733E+00
 4.75000E+01               9.94246E+00
 4.85000E+01               9.93717E+00
 4.95000E+01               9.93145E+00
 5.05000E+01               9.92524E+00
 5.15000E+01               9.91853E+00
 5.25000E+01               9.91127E+00
 5.35000E+01               9.90343E+00
 5.45000E+01               9.89499E+00
 5.55000E+01               9.88591E+00
 5.65000E+01               9.87618E+00
 5.75000E+01               9.86577E+00
 5.85000E+01               9.85467E+00
 5.95000E+01               9.84287E+00
 6.05000E+01               9.83037E+00
 6.15000E+01               9.81717E+00
 6.25000E+01               9.80328E+00
 6.35000E+01               9.78872E+00
 6.45000E+01               9.77350E+00
 6.55000E+01               9.75766E+00
 6.65000E+01               9.74122E+00
 6.75000E+01               9.72422E+00
 6.85000E+01               9.70670E+00
 6.95000E+01               9.68869E+00
 7.05000E+01               9.67023E+00
 7.15000E+01               9.65137E+00
 7.25000E+01               9.63214E+00
 7.35000E+01               9.61257E+00
 7.45000E+01               9.59270E+00
 7.55000E+01               9.57254E+00
 7.65000E+01               9.55213E+00
 7.75000E+01               9.53147E+00
 7.85000E+01               9.51057E+00
 7.95000E+01               9.48942E+00
 8.05000E+01               9.46800E+00
 8.15000E+01               9.44630E+00
 8.25000E+01               9.42426E+00
 8.35000E+01               9.40182E+00
 8.45000E+01               9.37889E+00
 8.55000E+01               9.35536E+00
 8.65000E+01               9.33105E+00
 8.75000E+01               9.30575E+00
 8.85000E+01               9.27915E+00
 8.95000E+01               9.25084E+00
 9.05000E+01               9.22025E+00
 9.15000E+01               9.18657E+00
 9.25000E+01               9.14865E+00
 9.35000E+01               9.10477E+00
 9.45000E+01               9.05229E+00
 9.55000E+01               8.98690E+00
 9.65000E+01               8.90090E+00
 9.75000E+01               8.77858E+00
 9.85000E+01               8.57877E+00
 9.95000E+01               8.10243E+00
