 TITLE = " Years"
 VARIABLES = "X (meters)", "pH "
 ZONE F=POINT,I=         100
 5.00000E-01               1.00000E+01
 1.50000E+00               1.00000E+01
 2.50000E+00               1.00000E+01
 3.50000E+00               1.00000E+01
 4.50000E+00               1.00000E+01
 5.50000E+00               1.00000E+01
 6.50000E+00               1.00000E+01
 7.50000E+00               1.00000E+01
 8.50000E+00               1.00000E+01
 9.50000E+00               1.00000E+01
 1.05000E+01               1.00000E+01
 1.15000E+01               1.00000E+01
 1.25000E+01               1.00000E+01
 1.35000E+01               1.00000E+01
 1.45000E+01               1.00000E+01
 1.55000E+01               1.00000E+01
 1.65000E+01               1.00000E+01
 1.75000E+01               1.00000E+01
 1.85000E+01               1.00000E+01
 1.95000E+01               1.00000E+01
 2.05000E+01               1.00000E+01
 2.15000E+01               1.00000E+01
 2.25000E+01               1.00000E+01
 2.35000E+01               1.00000E+01
 2.45000E+01               1.00000E+01
 2.55000E+01               1.00000E+01
 2.65000E+01               1.00000E+01
 2.75000E+01               1.00000E+01
 2.85000E+01               1.00000E+01
 2.95000E+01               1.00000E+01
 3.05000E+01               1.00000E+01
 3.15000E+01               1.00000E+01
 3.25000E+01               1.00000E+01
 3.35000E+01               1.00000E+01
 3.45000E+01               1.00000E+01
 3.55000E+01               1.00000E+01
 3.65000E+01               1.00000E+01
 3.75000E+01               1.00000E+01
 3.85000E+01               1.00000E+01
 3.95000E+01               1.00000E+01
 4.05000E+01               1.00000E+01
 4.15000E+01               1.00000E+01
 4.25000E+01               1.00000E+01
 4.35000E+01               1.00000E+01
 4.45000E+01               1.00000E+01
 4.55000E+01               1.00000E+01
 4.65000E+01               1.00000E+01
 4.75000E+01               1.00000E+01
 4.85000E+01               1.00000E+01
 4.95000E+01               1.00000E+01
 5.05000E+01               1.00000E+01
 5.15000E+01               1.00000E+01
 5.25000E+01               1.00000E+01
 5.35000E+01               1.00000E+01
 5.45000E+01               1.00000E+01
 5.55000E+01               1.00000E+01
 5.65000E+01               1.00000E+01
 5.75000E+01               1.00000E+01
 5.85000E+01               9.99999E+00
 5.95000E+01               9.99999E+00
 6.05000E+01               9.99999E+00
 6.15000E+01               9.99999E+00
 6.25000E+01               9.99998E+00
 6.35000E+01               9.99998E+00
 6.45000E+01               9.99997E+00
 6.55000E+01               9.99996E+00
 6.65000E+01               9.99995E+00
 6.75000E+01               9.99993E+00
 6.85000E+01               9.99991E+00
 6.95000E+01               9.99988E+00
 7.05000E+01               9.99984E+00
 7.15000E+01               9.99979E+00
 7.25000E+01               9.99972E+00
 7.35000E+01               9.99963E+00
 7.45000E+01               9.99952E+00
 7.55000E+01               9.99936E+00
 7.65000E+01               9.99916E+00
 7.75000E+01               9.99890E+00
 7.85000E+01               9.99855E+00
 7.95000E+01               9.99809E+00
 8.05000E+01               9.99748E+00
 8.15000E+01               9.99668E+00
 8.25000E+01               9.99563E+00
 8.35000E+01               9.99424E+00
 8.45000E+01               9.99241E+00
 8.55000E+01               9.99000E+00
 8.65000E+01               9.98682E+00
 8.75000E+01               9.98262E+00
 8.85000E+01               9.97706E+00
 8.95000E+01               9.96971E+00
 9.05000E+01               9.95996E+00
 9.15000E+01               9.94699E+00
 9.25000E+01               9.92966E+00
 9.35000E+01               9.90637E+00
 9.45000E+01               9.87481E+00
 9.55000E+01               9.83146E+00
 9.65000E+01               9.77069E+00
 9.75000E+01               9.68246E+00
 9.85000E+01               9.54592E+00
 9.95000E+01               9.30211E+00
