# Units: Mol/kgw
 TITLE = " Years"
VARIABLES = "X (meters)", "H+        ", "Cl-       ", "Na+       ", "NO3-      ", "
 ZONE F=POINT,I=         100
 5.00000E-01              -1.01995E-04   1.00050E-04   9.99760E-05   4.49601E-10
 1.50000E+00              -1.01899E-04   1.00114E-04   9.99445E-05   9.55958E-10
 2.50000E+00              -1.01778E-04   1.00194E-04   9.99041E-05   1.66253E-09
 3.50000E+00              -1.01628E-04   1.00292E-04   9.98531E-05   2.62052E-09
 4.50000E+00              -1.01446E-04   1.00409E-04   9.97896E-05   3.88929E-09
 5.50000E+00              -1.01226E-04   1.00549E-04   9.97117E-05   5.53674E-09
 6.50000E+00              -1.00965E-04   1.00714E-04   9.96169E-05   7.63928E-09
 7.50000E+00              -1.00657E-04   1.00905E-04   9.95030E-05   1.02817E-08
 8.50000E+00              -1.00298E-04   1.01124E-04   9.93673E-05   1.35565E-08
 9.50000E+00              -9.98813E-05   1.01374E-04   9.92072E-05   1.75631E-08
 1.05000E+01              -9.94028E-05   1.01656E-04   9.90205E-05   2.24065E-08
 1.15000E+01              -9.88564E-05   1.01970E-04   9.88048E-05   2.81953E-08
 1.25000E+01              -9.82360E-05   1.02316E-04   9.85587E-05   3.50397E-08
 1.35000E+01              -9.75345E-05   1.02691E-04   9.82818E-05   4.30486E-08
 1.45000E+01              -9.67442E-05   1.03092E-04   9.79751E-05   5.23264E-08
 1.55000E+01              -9.58560E-05   1.03513E-04   9.76416E-05   6.29687E-08
 1.65000E+01              -9.48594E-05   1.03945E-04   9.72867E-05   7.50587E-08
 1.75000E+01              -9.37426E-05   1.04375E-04   9.69185E-05   8.86616E-08
 1.85000E+01              -9.24928E-05   1.04789E-04   9.65478E-05   1.03820E-07
 1.95000E+01              -9.10962E-05   1.05168E-04   9.61883E-05   1.20550E-07
 2.05000E+01              -8.95395E-05   1.05491E-04   9.58558E-05   1.38834E-07
 2.15000E+01              -8.78105E-05   1.05736E-04   9.55679E-05   1.58621E-07
 2.25000E+01              -8.58994E-05   1.05882E-04   9.53428E-05   1.79823E-07
 2.35000E+01              -8.38000E-05   1.05908E-04   9.51986E-05   2.02319E-07
 2.45000E+01              -8.15114E-05   1.05796E-04   9.51517E-05   2.25951E-07
 2.55000E+01              -7.90381E-05   1.05535E-04   9.52162E-05   2.50539E-07
 2.65000E+01              -7.63912E-05   1.05116E-04   9.54024E-05   2.75881E-07
 2.75000E+01              -7.35879E-05   1.04542E-04   9.57163E-05   3.01768E-07
 2.85000E+01              -7.06514E-05   1.03820E-04   9.61588E-05   3.27993E-07
 2.95000E+01              -6.76094E-05   1.02963E-04   9.67253E-05   3.54357E-07
 3.05000E+01              -6.44931E-05   1.01995E-04   9.74060E-05   3.80684E-07
 3.15000E+01              -6.13352E-05   1.00939E-04   9.81859E-05   4.06825E-07
 3.25000E+01              -5.81685E-05   9.98267E-05   9.90457E-05   4.32661E-07
 3.35000E+01              -5.50242E-05   9.86879E-05   9.99623E-05   4.58104E-07
 3.45000E+01              -5.19305E-05   9.75537E-05   1.00910E-04   4.83096E-07
 3.55000E+01              -4.89117E-05   9.64531E-05   1.01864E-04   5.07604E-07
 3.65000E+01              -4.59876E-05   9.54119E-05   1.02796E-04   5.31617E-07
 3.75000E+01              -4.31733E-05   9.44521E-05   1.03683E-04   5.55134E-07
 3.85000E+01              -4.04793E-05   9.35907E-05   1.04503E-04   5.78160E-07
 3.95000E+01              -3.79118E-05   9.28400E-05   1.05238E-04   6.00704E-07
 4.05000E+01              -3.54737E-05   9.22074E-05   1.05874E-04   6.22768E-07
 4.15000E+01              -3.31647E-05   9.16960E-05   1.06403E-04   6.44346E-07
 4.25000E+01              -3.09822E-05   9.13048E-05   1.06820E-04   6.65425E-07
 4.35000E+01              -2.89221E-05   9.10295E-05   1.07124E-04   6.85981E-07
 4.45000E+01              -2.69792E-05   9.08633E-05   1.07321E-04   7.05983E-07
 4.55000E+01              -2.51478E-05   9.07974E-05   1.07416E-04   7.25393E-07
 4.65000E+01              -2.34217E-05   9.08217E-05   1.07418E-04   7.44169E-07
 4.75000E+01              -2.17950E-05   9.09251E-05   1.07338E-04   7.62267E-07
 4.85000E+01              -2.02618E-05   9.10967E-05   1.07188E-04   7.79646E-07
 4.95000E+01              -1.88169E-05   9.13254E-05   1.06980E-04   7.96267E-07
 5.05000E+01              -1.74550E-05   9.16006E-05   1.06724E-04   8.12098E-07
 5.15000E+01              -1.61716E-05   9.19126E-05   1.06432E-04   8.27113E-07
 5.25000E+01              -1.49625E-05   9.22523E-05   1.06113E-04   8.41295E-07
 5.35000E+01              -1.38237E-05   9.26116E-05   1.05778E-04   8.54637E-07
 5.45000E+01              -1.27519E-05   9.29836E-05   1.05433E-04   8.67137E-07
 5.55000E+01              -1.17437E-05   9.33621E-05   1.05085E-04   8.78805E-07
 5.65000E+01              -1.07960E-05   9.37419E-05   1.04739E-04   8.89656E-07
 5.75000E+01              -9.90611E-06   9.41188E-05   1.04401E-04   8.99714E-07
 5.85000E+01              -9.07129E-06   9.44892E-05   1.04073E-04   9.09005E-07
 5.95000E+01              -8.28899E-06   9.48504E-05   1.03757E-04   9.17564E-07
 6.05000E+01              -7.55677E-06   9.52001E-05   1.03457E-04   9.25425E-07
 6.15000E+01              -6.87225E-06   9.55369E-05   1.03172E-04   9.32628E-07
 6.25000E+01              -6.23315E-06   9.58594E-05   1.02904E-04   9.39211E-07
 6.35000E+01              -5.63724E-06   9.61669E-05   1.02653E-04   9.45217E-07
 6.45000E+01              -5.08234E-06   9.64589E-05   1.02419E-04   9.50683E-07
 6.55000E+01              -4.56634E-06   9.67353E-05   1.02202E-04   9.55651E-07
 6.65000E+01              -4.08719E-06   9.69959E-05   1.02000E-04   9.60159E-07
 6.75000E+01              -3.64288E-06   9.72409E-05   1.01815E-04   9.64242E-07
 6.85000E+01              -3.23145E-06   9.74707E-05   1.01643E-04   9.67937E-07
 6.95000E+01              -2.85104E-06   9.76857E-05   1.01486E-04   9.71277E-07
 7.05000E+01              -2.49979E-06   9.78862E-05   1.01342E-04   9.74291E-07
 7.15000E+01              -2.17596E-06   9.80729E-05   1.01210E-04   9.77010E-07
 7.25000E+01              -1.87784E-06   9.82463E-05   1.01089E-04   9.79460E-07
 7.35000E+01              -1.60381E-06   9.84070E-05   1.00979E-04   9.81666E-07
 7.45000E+01              -1.35229E-06   9.85556E-05   1.00879E-04   9.83650E-07
 7.55000E+01              -1.12181E-06   9.86927E-05   1.00788E-04   9.85434E-07
 7.65000E+01              -9.10977E-07   9.88190E-05   1.00706E-04   9.87035E-07
 7.75000E+01              -7.18516E-07   9.89350E-05   1.00631E-04   9.88472E-07
 7.85000E+01              -5.43337E-07   9.90412E-05   1.00564E-04   9.89758E-07
 7.95000E+01              -3.84706E-07   9.91379E-05   1.00503E-04   9.90906E-07
 8.05000E+01              -2.42664E-07   9.92250E-05   1.00449E-04   9.91922E-07
 8.15000E+01              -1.18651E-07   9.93017E-05   1.00403E-04   9.92804E-07
 8.25000E+01              -1.43248E-08   9.93671E-05   1.00365E-04   9.93549E-07
 8.35000E+01               7.29596E-08   9.94225E-05   1.00333E-04   9.94175E-07
 8.45000E+01               1.48955E-07   9.94711E-05   1.00307E-04   9.94717E-07
 8.55000E+01               2.17678E-07   9.95150E-05   1.00282E-04   9.95199E-07
 8.65000E+01               2.81156E-07   9.95555E-05   1.00260E-04   9.95635E-07
 8.75000E+01               3.40470E-07   9.95933E-05   1.00239E-04   9.96035E-07
 8.85000E+01               3.96308E-07   9.96287E-05   1.00219E-04   9.96403E-07
 8.95000E+01               4.49199E-07   9.96621E-05   1.00199E-04   9.96745E-07
 9.05000E+01               4.99610E-07   9.96939E-05   1.00181E-04   9.97066E-07
 9.15000E+01               5.47997E-07   9.97243E-05   1.00163E-04   9.97369E-07
 9.25000E+01               5.94830E-07   9.97537E-05   1.00146E-04   9.97658E-07
 9.35000E+01               6.40615E-07   9.97824E-05   1.00129E-04   9.97937E-07
 9.45000E+01               6.85909E-07   9.98107E-05   1.00113E-04   9.98210E-07
 9.55000E+01               7.31339E-07   9.98390E-05   1.00096E-04   9.98481E-07
 9.65000E+01               7.77617E-07   9.98679E-05   1.00079E-04   9.98754E-07
 9.75000E+01               8.25564E-07   9.98978E-05   1.00061E-04   9.99037E-07
 9.85000E+01               8.76134E-07   9.99293E-05   1.00042E-04   9.99333E-07
 9.95000E+01               9.30440E-07   9.99631E-05   1.00022E-04   9.99651E-07
