# Units: Mol/kgw
 TITLE = " Years"
VARIABLES = "X (meters)", "H+        ", "Cl-       ", "Na+       ", "NO3-      ", "
 ZONE F=POINT,I=         100
 5.00000E-01              -1.02066E-04   1.00002E-04   9.99991E-05   1.04346E-10
 1.50000E+00              -1.02062E-04   1.00005E-04   9.99979E-05   1.10686E-10
 2.50000E+00              -1.02057E-04   1.00009E-04   9.99964E-05   1.19647E-10
 3.50000E+00              -1.02051E-04   1.00013E-04   9.99945E-05   1.32010E-10
 4.50000E+00              -1.02043E-04   1.00018E-04   9.99922E-05   1.48743E-10
 5.50000E+00              -1.02034E-04   1.00025E-04   9.99893E-05   1.71036E-10
 6.50000E+00              -1.02022E-04   1.00033E-04   9.99859E-05   2.00340E-10
 7.50000E+00              -1.02008E-04   1.00043E-04   9.99816E-05   2.38415E-10
 8.50000E+00              -1.01992E-04   1.00054E-04   9.99766E-05   2.87379E-10
 9.50000E+00              -1.01972E-04   1.00068E-04   9.99705E-05   3.49768E-10
 1.05000E+01              -1.01948E-04   1.00084E-04   9.99634E-05   4.28594E-10
 1.15000E+01              -1.01921E-04   1.00103E-04   9.99549E-05   5.27420E-10
 1.25000E+01              -1.01889E-04   1.00125E-04   9.99449E-05   6.50427E-10
 1.35000E+01              -1.01852E-04   1.00150E-04   9.99333E-05   8.02502E-10
 1.45000E+01              -1.01809E-04   1.00179E-04   9.99197E-05   9.89317E-10
 1.55000E+01              -1.01760E-04   1.00213E-04   9.99039E-05   1.21742E-09
 1.65000E+01              -1.01703E-04   1.00251E-04   9.98857E-05   1.49433E-09
 1.75000E+01              -1.01638E-04   1.00294E-04   9.98647E-05   1.82862E-09
 1.85000E+01              -1.01565E-04   1.00343E-04   9.98405E-05   2.23004E-09
 1.95000E+01              -1.01481E-04   1.00399E-04   9.98128E-05   2.70958E-09
 2.05000E+01              -1.01386E-04   1.00461E-04   9.97812E-05   3.27957E-09
 2.15000E+01              -1.01280E-04   1.00531E-04   9.97452E-05   3.95379E-09
 2.25000E+01              -1.01160E-04   1.00609E-04   9.97044E-05   4.74751E-09
 2.35000E+01              -1.01026E-04   1.00696E-04   9.96582E-05   5.67759E-09
 2.45000E+01              -1.00877E-04   1.00792E-04   9.96060E-05   6.76253E-09
 2.55000E+01              -1.00710E-04   1.00898E-04   9.95473E-05   8.02247E-09
 2.65000E+01              -1.00526E-04   1.01015E-04   9.94813E-05   9.47928E-09
 2.75000E+01              -1.00322E-04   1.01144E-04   9.94076E-05   1.11565E-08
 2.85000E+01              -1.00097E-04   1.01284E-04   9.93253E-05   1.30793E-08
 2.95000E+01              -9.98496E-05   1.01437E-04   9.92337E-05   1.52746E-08
 3.05000E+01              -9.95783E-05   1.01603E-04   9.91320E-05   1.77706E-08
 3.15000E+01              -9.92814E-05   1.01782E-04   9.90196E-05   2.05970E-08
 3.25000E+01              -9.89574E-05   1.01976E-04   9.88958E-05   2.37847E-08
 3.35000E+01              -9.86046E-05   1.02183E-04   9.87598E-05   2.73658E-08
 3.45000E+01              -9.82212E-05   1.02406E-04   9.86110E-05   3.13728E-08
 3.55000E+01              -9.78054E-05   1.02642E-04   9.84490E-05   3.58391E-08
 3.65000E+01              -9.73553E-05   1.02893E-04   9.82733E-05   4.07978E-08
 3.75000E+01              -9.68688E-05   1.03157E-04   9.80840E-05   4.62822E-08
 3.85000E+01              -9.63436E-05   1.03434E-04   9.78810E-05   5.23246E-08
 3.95000E+01              -9.57774E-05   1.03722E-04   9.76647E-05   5.89560E-08
 4.05000E+01              -9.51675E-05   1.04019E-04   9.74361E-05   6.62061E-08
 4.15000E+01              -9.45110E-05   1.04324E-04   9.71962E-05   7.41018E-08
 4.25000E+01              -9.38048E-05   1.04632E-04   9.69468E-05   8.26673E-08
 4.35000E+01              -9.30456E-05   1.04942E-04   9.66902E-05   9.19228E-08
 4.45000E+01              -9.22297E-05   1.05247E-04   9.64290E-05   1.01884E-07
 4.55000E+01              -9.13533E-05   1.05545E-04   9.61667E-05   1.12563E-07
 4.65000E+01              -9.04126E-05   1.05828E-04   9.59073E-05   1.23963E-07
 4.75000E+01              -8.94035E-05   1.06092E-04   9.56550E-05   1.36084E-07
 4.85000E+01              -8.83222E-05   1.06329E-04   9.54149E-05   1.48917E-07
 4.95000E+01              -8.71649E-05   1.06533E-04   9.51923E-05   1.62445E-07
 5.05000E+01              -8.59285E-05   1.06697E-04   9.49928E-05   1.76646E-07
 5.15000E+01              -8.46100E-05   1.06813E-04   9.48223E-05   1.91486E-07
 5.25000E+01              -8.32075E-05   1.06875E-04   9.46864E-05   2.06927E-07
 5.35000E+01              -8.17197E-05   1.06877E-04   9.45910E-05   2.22921E-07
 5.45000E+01              -8.01466E-05   1.06813E-04   9.45413E-05   2.39415E-07
 5.55000E+01              -7.84892E-05   1.06677E-04   9.45424E-05   2.56348E-07
 5.65000E+01              -7.67498E-05   1.06468E-04   9.45985E-05   2.73655E-07
 5.75000E+01              -7.49322E-05   1.06182E-04   9.47131E-05   2.91270E-07
 5.85000E+01              -7.30414E-05   1.05819E-04   9.48888E-05   3.09122E-07
 5.95000E+01              -7.10838E-05   1.05380E-04   9.51271E-05   3.27141E-07
 6.05000E+01              -6.90668E-05   1.04868E-04   9.54283E-05   3.45259E-07
 6.15000E+01              -6.69991E-05   1.04287E-04   9.57916E-05   3.63412E-07
 6.25000E+01              -6.48902E-05   1.03644E-04   9.62148E-05   3.81538E-07
 6.35000E+01              -6.27502E-05   1.02945E-04   9.66945E-05   3.99583E-07
 6.45000E+01              -6.05896E-05   1.02199E-04   9.72260E-05   4.17500E-07
 6.55000E+01              -5.84191E-05   1.01417E-04   9.78035E-05   4.35250E-07
 6.65000E+01              -5.62491E-05   1.00608E-04   9.84200E-05   4.52799E-07
 6.75000E+01              -5.40898E-05   9.97824E-05   9.90677E-05   4.70126E-07
 6.85000E+01              -5.19506E-05   9.89524E-05   9.97382E-05   4.87214E-07
 6.95000E+01              -4.98404E-05   9.81281E-05   1.00422E-04   5.04053E-07
 7.05000E+01              -4.77668E-05   9.73198E-05   1.01111E-04   5.20641E-07
 7.15000E+01              -4.57365E-05   9.65374E-05   1.01794E-04   5.36979E-07
 7.25000E+01              -4.37553E-05   9.57894E-05   1.02463E-04   5.53073E-07
 7.35000E+01              -4.18276E-05   9.50838E-05   1.03108E-04   5.68931E-07
 7.45000E+01              -3.99567E-05   9.44270E-05   1.03723E-04   5.84562E-07
 7.55000E+01              -3.81449E-05   9.38247E-05   1.04298E-04   5.99976E-07
 7.65000E+01              -3.63934E-05   9.32810E-05   1.04829E-04   6.15182E-07
 7.75000E+01              -3.47026E-05   9.27992E-05   1.05310E-04   6.30187E-07
 7.85000E+01              -3.30718E-05   9.23812E-05   1.05736E-04   6.44997E-07
 7.95000E+01              -3.14998E-05   9.20283E-05   1.06104E-04   6.59616E-07
 8.05000E+01              -2.99843E-05   9.17405E-05   1.06414E-04   6.74046E-07
 8.15000E+01              -2.85226E-05   9.15174E-05   1.06663E-04   6.88288E-07
 8.25000E+01              -2.71111E-05   9.13581E-05   1.06852E-04   7.02343E-07
 8.35000E+01              -2.57459E-05   9.12613E-05   1.06982E-04   7.16209E-07
 8.45000E+01              -2.44220E-05   9.12254E-05   1.07054E-04   7.29891E-07
 8.55000E+01              -2.31337E-05   9.12490E-05   1.07070E-04   7.43391E-07
 8.65000E+01              -2.18744E-05   9.13313E-05   1.07032E-04   7.56722E-07
 8.75000E+01              -2.06363E-05   9.14715E-05   1.06942E-04   7.69902E-07
 8.85000E+01              -1.94103E-05   9.16703E-05   1.06802E-04   7.82962E-07
 8.95000E+01              -1.81854E-05   9.19289E-05   1.06612E-04   7.95946E-07
 9.05000E+01              -1.69485E-05   9.22505E-05   1.06374E-04   8.08925E-07
 9.15000E+01              -1.56838E-05   9.26398E-05   1.06086E-04   8.21997E-07
 9.25000E+01              -1.43723E-05   9.31035E-05   1.05745E-04   8.35303E-07
 9.35000E+01              -1.29910E-05   9.36507E-05   1.05348E-04   8.49045E-07
 9.45000E+01              -1.15121E-05   9.42926E-05   1.04886E-04   8.63511E-07
 9.55000E+01              -9.90259E-06   9.50421E-05   1.04347E-04   8.79109E-07
 9.65000E+01              -8.12328E-06   9.59126E-05   1.03713E-04   8.96425E-07
 9.75000E+01              -6.12860E-06   9.69144E-05   1.02957E-04   9.16296E-07
 9.85000E+01              -3.86696E-06   9.80492E-05   1.02034E-04   9.39923E-07
 9.95000E+01              -1.28430E-06   9.92969E-05   1.00879E-04   9.68996E-07
