# Units: Mol/kgw
 TITLE = " Years"
VARIABLES = "X (meters)", "H+        ", "Cl-       ", "Na+       ", "NO3-      ", "
 ZONE F=POINT,I=         100
 5.00000E-01              -1.02070E-04   1.00000E-04   1.00000E-04   1.00000E-10
 1.50000E+00              -1.02070E-04   1.00000E-04   1.00000E-04   1.00000E-10
 2.50000E+00              -1.02070E-04   1.00000E-04   1.00000E-04   1.00000E-10
 3.50000E+00              -1.02070E-04   1.00000E-04   1.00000E-04   1.00000E-10
 4.50000E+00              -1.02070E-04   1.00000E-04   1.00000E-04   1.00000E-10
 5.50000E+00              -1.02070E-04   1.00000E-04   1.00000E-04   1.00000E-10
 6.50000E+00              -1.02070E-04   1.00000E-04   1.00000E-04   1.00000E-10
 7.50000E+00              -1.02070E-04   1.00000E-04   1.00000E-04   1.00000E-10
 8.50000E+00              -1.02070E-04   1.00000E-04   1.00000E-04   1.00000E-10
 9.50000E+00              -1.02070E-04   1.00000E-04   1.00000E-04   1.00000E-10
 1.05000E+01              -1.02070E-04   1.00000E-04   1.00000E-04   1.00000E-10
 1.15000E+01              -1.02070E-04   1.00000E-04   1.00000E-04   1.00000E-10
 1.25000E+01              -1.02070E-04   1.00000E-04   1.00000E-04   1.00000E-10
 1.35000E+01              -1.02070E-04   1.00000E-04   1.00000E-04   1.00000E-10
 1.45000E+01              -1.02070E-04   1.00000E-04   1.00000E-04   1.00000E-10
 1.55000E+01              -1.02070E-04   1.00000E-04   1.00000E-04   1.00000E-10
 1.65000E+01              -1.02070E-04   1.00000E-04   1.00000E-04   1.00000E-10
 1.75000E+01              -1.02070E-04   1.00000E-04   1.00000E-04   1.00000E-10
 1.85000E+01              -1.02070E-04   1.00000E-04   1.00000E-04   1.00000E-10
 1.95000E+01              -1.02070E-04   1.00000E-04   1.00000E-04   1.00000E-10
 2.05000E+01              -1.02070E-04   1.00000E-04   1.00000E-04   1.00000E-10
 2.15000E+01              -1.02070E-04   1.00000E-04   1.00000E-04   1.00000E-10
 2.25000E+01              -1.02070E-04   1.00000E-04   1.00000E-04   1.00000E-10
 2.35000E+01              -1.02070E-04   1.00000E-04   1.00000E-04   1.00000E-10
 2.45000E+01              -1.02070E-04   1.00000E-04   1.00000E-04   1.00000E-10
 2.55000E+01              -1.02070E-04   1.00000E-04   1.00000E-04   1.00000E-10
 2.65000E+01              -1.02070E-04   1.00000E-04   1.00000E-04   1.00000E-10
 2.75000E+01              -1.02070E-04   1.00000E-04   1.00000E-04   1.00000E-10
 2.85000E+01              -1.02070E-04   1.00000E-04   1.00000E-04   1.00000E-10
 2.95000E+01              -1.02070E-04   1.00000E-04   1.00000E-04   1.00000E-10
 3.05000E+01              -1.02070E-04   1.00000E-04   1.00000E-04   1.00000E-10
 3.15000E+01              -1.02070E-04   1.00000E-04   1.00000E-04   1.00000E-10
 3.25000E+01              -1.02070E-04   1.00000E-04   1.00000E-04   1.00000E-10
 3.35000E+01              -1.02070E-04   1.00000E-04   1.00000E-04   1.00000E-10
 3.45000E+01              -1.02070E-04   1.00000E-04   1.00000E-04   1.00000E-10
 3.55000E+01              -1.02070E-04   1.00000E-04   1.00000E-04   1.00000E-10
 3.65000E+01              -1.02070E-04   1.00000E-04   1.00000E-04   1.00000E-10
 3.75000E+01              -1.02070E-04   1.00000E-04   1.00000E-04   1.00000E-10
 3.85000E+01              -1.02070E-04   1.00000E-04   1.00000E-04   1.00000E-10
 3.95000E+01              -1.02070E-04   1.00000E-04   1.00000E-04   1.00000E-10
 4.05000E+01              -1.02070E-04   1.00000E-04   1.00000E-04   1.00000E-10
 4.15000E+01              -1.02070E-04   1.00000E-04   1.00000E-04   1.00000E-10
 4.25000E+01              -1.02070E-04   1.00000E-04   1.00000E-04   1.00000E-10
 4.35000E+01              -1.02070E-04   1.00000E-04   1.00000E-04   1.00000E-10
 4.45000E+01              -1.02070E-04   1.00000E-04   1.00000E-04   1.00000E-10
 4.55000E+01              -1.02069E-04   1.00000E-04   1.00000E-04   1.00000E-10
 4.65000E+01              -1.02069E-04   1.00000E-04   1.00000E-04   1.00000E-10
 4.75000E+01              -1.02069E-04   1.00000E-04   1.00000E-04   1.00000E-10
 4.85000E+01              -1.02069E-04   1.00000E-04   1.00000E-04   1.00001E-10
 4.95000E+01              -1.02069E-04   1.00000E-04   1.00000E-04   1.00001E-10
 5.05000E+01              -1.02069E-04   1.00000E-04   1.00000E-04   1.00002E-10
 5.15000E+01              -1.02069E-04   1.00000E-04   9.99999E-05   1.00002E-10
 5.25000E+01              -1.02069E-04   1.00000E-04   9.99999E-05   1.00004E-10
 5.35000E+01              -1.02069E-04   1.00000E-04   9.99999E-05   1.00006E-10
 5.45000E+01              -1.02069E-04   1.00000E-04   9.99999E-05   1.00009E-10
 5.55000E+01              -1.02069E-04   1.00000E-04   9.99998E-05   1.00013E-10
 5.65000E+01              -1.02069E-04   1.00001E-04   9.99998E-05   1.00020E-10
 5.75000E+01              -1.02068E-04   1.00001E-04   9.99997E-05   1.00030E-10
 5.85000E+01              -1.02068E-04   1.00001E-04   9.99996E-05   1.00046E-10
 5.95000E+01              -1.02068E-04   1.00001E-04   9.99995E-05   1.00070E-10
 6.05000E+01              -1.02067E-04   1.00002E-04   9.99993E-05   1.00106E-10
 6.15000E+01              -1.02066E-04   1.00002E-04   9.99991E-05   1.00162E-10
 6.25000E+01              -1.02065E-04   1.00003E-04   9.99988E-05   1.00247E-10
 6.35000E+01              -1.02064E-04   1.00004E-04   9.99984E-05   1.00376E-10
 6.45000E+01              -1.02062E-04   1.00005E-04   9.99979E-05   1.00573E-10
 6.55000E+01              -1.02060E-04   1.00007E-04   9.99973E-05   1.00874E-10
 6.65000E+01              -1.02057E-04   1.00009E-04   9.99964E-05   1.01332E-10
 6.75000E+01              -1.02053E-04   1.00012E-04   9.99952E-05   1.02031E-10
 6.85000E+01              -1.02048E-04   1.00015E-04   9.99937E-05   1.03097E-10
 6.95000E+01              -1.02041E-04   1.00020E-04   9.99918E-05   1.04722E-10
 7.05000E+01              -1.02032E-04   1.00027E-04   9.99891E-05   1.07201E-10
 7.15000E+01              -1.02020E-04   1.00035E-04   9.99857E-05   1.10982E-10
 7.25000E+01              -1.02004E-04   1.00047E-04   9.99812E-05   1.16749E-10
 7.35000E+01              -1.01983E-04   1.00061E-04   9.99753E-05   1.25544E-10
 7.45000E+01              -1.01956E-04   1.00081E-04   9.99674E-05   1.38961E-10
 7.55000E+01              -1.01920E-04   1.00107E-04   9.99572E-05   1.59423E-10
 7.65000E+01              -1.01873E-04   1.00140E-04   9.99437E-05   1.90634E-10
 7.75000E+01              -1.01811E-04   1.00185E-04   9.99260E-05   2.38233E-10
 7.85000E+01              -1.01729E-04   1.00243E-04   9.99027E-05   3.10822E-10
 7.95000E+01              -1.01621E-04   1.00321E-04   9.98722E-05   4.21508E-10
 8.05000E+01              -1.01479E-04   1.00422E-04   9.98322E-05   5.90263E-10
 8.15000E+01              -1.01292E-04   1.00556E-04   9.97799E-05   8.47495E-10
 8.25000E+01              -1.01047E-04   1.00733E-04   9.97114E-05   1.23949E-09
 8.35000E+01              -1.00725E-04   1.00965E-04   9.96219E-05   1.83663E-09
 8.45000E+01              -1.00302E-04   1.01270E-04   9.95051E-05   2.74586E-09
 8.55000E+01              -9.97461E-05   1.01672E-04   9.93529E-05   4.12938E-09
 8.65000E+01              -9.90180E-05   1.02200E-04   9.91550E-05   6.23289E-09
 8.75000E+01              -9.80647E-05   1.02894E-04   9.88980E-05   9.42757E-09
 8.85000E+01              -9.68187E-05   1.03802E-04   9.85649E-05   1.42725E-08
 8.95000E+01              -9.51936E-05   1.04988E-04   9.81337E-05   2.16063E-08
 9.05000E+01              -9.30800E-05   1.06533E-04   9.75763E-05   3.26800E-08
 9.15000E+01              -9.03408E-05   1.08535E-04   9.68559E-05   4.93467E-08
 9.25000E+01              -8.68070E-05   1.11112E-04   9.59241E-05   7.43247E-08
 9.35000E+01              -8.22753E-05   1.14397E-04   9.47146E-05   1.11549E-07
 9.45000E+01              -7.65081E-05   1.18529E-04   9.31344E-05   1.66618E-07
 9.55000E+01              -6.92406E-05   1.23628E-04   9.10458E-05   2.47295E-07
 9.65000E+01              -6.01982E-05   1.29742E-04   8.82345E-05   3.63960E-07
 9.75000E+01              -4.91312E-05   1.36758E-04   8.43498E-05   5.29710E-07
 9.85000E+01              -3.58767E-05   1.44221E-04   7.87879E-05   7.59404E-07
 9.95000E+01              -2.04642E-05   1.51001E-04   7.04614E-05   1.06598E-06
