# Units: Log10 mol/kgw
 TITLE = " Years"
VARIABLES = "X (meters) ", "H+           ", "Cl-          ", "Na+          ", "NO3-         ", "OH-          ", "
 ZONE F=POINT,I=         100
 5.00000E-01              -6.99555163E+00  -2.11122393E+01  -2.83771167E+01  -2.40784466E+01  -6.99555163E+00
 1.50000E+00              -6.99555163E+00  -2.09384338E+01  -2.81341716E+01  -2.38949598E+01  -6.99555163E+00
 2.50000E+00              -6.99555163E+00  -2.07646283E+01  -2.78912266E+01  -2.37114729E+01  -6.99555163E+00
 3.50000E+00              -6.99555163E+00  -2.05908228E+01  -2.76482816E+01  -2.35279860E+01  -6.99555163E+00
 4.50000E+00              -6.99555163E+00  -2.04170173E+01  -2.74053366E+01  -2.33444991E+01  -6.99555163E+00
 5.50000E+00              -6.99555163E+00  -2.02432118E+01  -2.71623916E+01  -2.31610122E+01  -6.99555163E+00
 6.50000E+00              -6.99555163E+00  -2.00694064E+01  -2.69194465E+01  -2.29775253E+01  -6.99555163E+00
 7.50000E+00              -6.99555163E+00  -1.98956009E+01  -2.66765015E+01  -2.27940384E+01  -6.99555163E+00
 8.50000E+00              -6.99555163E+00  -1.97217954E+01  -2.64335565E+01  -2.26105515E+01  -6.99555163E+00
 9.50000E+00              -6.99555163E+00  -1.95479899E+01  -2.61906115E+01  -2.24270646E+01  -6.99555163E+00
 1.05000E+01              -6.99555163E+00  -1.93741844E+01  -2.59476665E+01  -2.22435777E+01  -6.99555163E+00
 1.15000E+01              -6.99555163E+00  -1.92003789E+01  -2.57047214E+01  -2.20600908E+01  -6.99555163E+00
 1.25000E+01              -6.99555163E+00  -1.90265734E+01  -2.54617764E+01  -2.18766039E+01  -6.99555163E+00
 1.35000E+01              -6.99555163E+00  -1.88527679E+01  -2.52188314E+01  -2.16931170E+01  -6.99555163E+00
 1.45000E+01              -6.99555163E+00  -1.86789624E+01  -2.49758864E+01  -2.15096301E+01  -6.99555163E+00
 1.55000E+01              -6.99555163E+00  -1.85051569E+01  -2.47329414E+01  -2.13261433E+01  -6.99555163E+00
 1.65000E+01              -6.99555163E+00  -1.83313514E+01  -2.44899964E+01  -2.11426564E+01  -6.99555163E+00
 1.75000E+01              -6.99555163E+00  -1.81575460E+01  -2.42470513E+01  -2.09591695E+01  -6.99555163E+00
 1.85000E+01              -6.99555163E+00  -1.79837405E+01  -2.40041063E+01  -2.07756826E+01  -6.99555163E+00
 1.95000E+01              -6.99555163E+00  -1.78099350E+01  -2.37611613E+01  -2.05921957E+01  -6.99555163E+00
 2.05000E+01              -6.99555163E+00  -1.76361295E+01  -2.35182163E+01  -2.04087088E+01  -6.99555163E+00
 2.15000E+01              -6.99555163E+00  -1.74623240E+01  -2.32752713E+01  -2.02252219E+01  -6.99555163E+00
 2.25000E+01              -6.99555163E+00  -1.72885185E+01  -2.30323262E+01  -2.00417350E+01  -6.99555163E+00
 2.35000E+01              -6.99555163E+00  -1.71147130E+01  -2.27893812E+01  -1.98582481E+01  -6.99555163E+00
 2.45000E+01              -6.99555163E+00  -1.69409075E+01  -2.25464362E+01  -1.96747612E+01  -6.99555163E+00
 2.55000E+01              -6.99555163E+00  -1.67671020E+01  -2.23034912E+01  -1.94912743E+01  -6.99555163E+00
 2.65000E+01              -6.99555163E+00  -1.65932965E+01  -2.20605462E+01  -1.93077874E+01  -6.99555163E+00
 2.75000E+01              -6.99555163E+00  -1.64194910E+01  -2.18176011E+01  -1.91243005E+01  -6.99555163E+00
 2.85000E+01              -6.99555163E+00  -1.62456856E+01  -2.15746561E+01  -1.89408136E+01  -6.99555163E+00
 2.95000E+01              -6.99555163E+00  -1.60718801E+01  -2.13317111E+01  -1.87573268E+01  -6.99555163E+00
 3.05000E+01              -6.99555163E+00  -1.58980746E+01  -2.10887661E+01  -1.85738399E+01  -6.99555163E+00
 3.15000E+01              -6.99555163E+00  -1.57242691E+01  -2.08458211E+01  -1.83903530E+01  -6.99555163E+00
 3.25000E+01              -6.99555163E+00  -1.55504636E+01  -2.06028761E+01  -1.82068661E+01  -6.99555163E+00
 3.35000E+01              -6.99555163E+00  -1.53766581E+01  -2.03599310E+01  -1.80233792E+01  -6.99555163E+00
 3.45000E+01              -6.99555163E+00  -1.52028526E+01  -2.01169860E+01  -1.78398923E+01  -6.99555163E+00
 3.55000E+01              -6.99555163E+00  -1.50290471E+01  -1.98740410E+01  -1.76564054E+01  -6.99555163E+00
 3.65000E+01              -6.99555162E+00  -1.48552416E+01  -1.96310960E+01  -1.74729185E+01  -6.99555163E+00
 3.75000E+01              -6.99555162E+00  -1.46814361E+01  -1.93881510E+01  -1.72894316E+01  -6.99555163E+00
 3.85000E+01              -6.99555162E+00  -1.45076306E+01  -1.91452059E+01  -1.71059447E+01  -6.99555163E+00
 3.95000E+01              -6.99555162E+00  -1.43338252E+01  -1.89022609E+01  -1.69224578E+01  -6.99555164E+00
 4.05000E+01              -6.99555161E+00  -1.41600197E+01  -1.86593159E+01  -1.67389709E+01  -6.99555164E+00
 4.15000E+01              -6.99555161E+00  -1.39862142E+01  -1.84163709E+01  -1.65554841E+01  -6.99555165E+00
 4.25000E+01              -6.99555159E+00  -1.38124087E+01  -1.81734258E+01  -1.63719972E+01  -6.99555166E+00
 4.35000E+01              -6.99555158E+00  -1.36386032E+01  -1.79304808E+01  -1.61885103E+01  -6.99555168E+00
 4.45000E+01              -6.99555155E+00  -1.34647977E+01  -1.76875358E+01  -1.60050234E+01  -6.99555170E+00
 4.55000E+01              -6.99555152E+00  -1.32909923E+01  -1.74445907E+01  -1.58215365E+01  -6.99555174E+00
 4.65000E+01              -6.99555146E+00  -1.31171868E+01  -1.72016457E+01  -1.56380497E+01  -6.99555179E+00
 4.75000E+01              -6.99555138E+00  -1.29433814E+01  -1.69587006E+01  -1.54545628E+01  -6.99555187E+00
 4.85000E+01              -6.99555126E+00  -1.27695760E+01  -1.67157555E+01  -1.52710760E+01  -6.99555199E+00
 4.95000E+01              -6.99555108E+00  -1.25957706E+01  -1.64728104E+01  -1.50875892E+01  -6.99555217E+00
 5.05000E+01              -6.99555081E+00  -1.24219652E+01  -1.62298653E+01  -1.49041025E+01  -6.99555244E+00
 5.15000E+01              -6.99555041E+00  -1.22481600E+01  -1.59869200E+01  -1.47206158E+01  -6.99555285E+00
 5.25000E+01              -6.99554981E+00  -1.20743549E+01  -1.57439746E+01  -1.45371293E+01  -6.99555344E+00
 5.35000E+01              -6.99554892E+00  -1.19005499E+01  -1.55010291E+01  -1.43536429E+01  -6.99555434E+00
 5.45000E+01              -6.99554758E+00  -1.17267452E+01  -1.52580833E+01  -1.41701568E+01  -6.99555567E+00
 5.55000E+01              -6.99554559E+00  -1.15529409E+01  -1.50151372E+01  -1.39866711E+01  -6.99555766E+00
 5.65000E+01              -6.99554262E+00  -1.13791372E+01  -1.47721905E+01  -1.38031860E+01  -6.99556064E+00
 5.75000E+01              -6.99553819E+00  -1.12053344E+01  -1.45292430E+01  -1.36197018E+01  -6.99556507E+00
 5.85000E+01              -6.99553157E+00  -1.10315329E+01  -1.42862942E+01  -1.34362188E+01  -6.99557168E+00
 5.95000E+01              -6.99552170E+00  -1.08577334E+01  -1.40433436E+01  -1.32527378E+01  -6.99558155E+00
 6.05000E+01              -6.99550698E+00  -1.06839367E+01  -1.38003902E+01  -1.30692597E+01  -6.99559628E+00
 6.15000E+01              -6.99548501E+00  -1.05101445E+01  -1.35574328E+01  -1.28857860E+01  -6.99561825E+00
 6.25000E+01              -6.99545223E+00  -1.03363587E+01  -1.33144692E+01  -1.27023186E+01  -6.99565102E+00
 6.35000E+01              -6.99540334E+00  -1.01625827E+01  -1.30714964E+01  -1.25188609E+01  -6.99569991E+00
 6.45000E+01              -6.99533042E+00  -9.98882112E+00  -1.28285101E+01  -1.23354176E+01  -6.99577284E+00
 6.55000E+01              -6.99522165E+00  -9.81508112E+00  -1.25855034E+01  -1.21519956E+01  -6.99588161E+00
 6.65000E+01              -6.99505946E+00  -9.64137329E+00  -1.23424665E+01  -1.19686055E+01  -6.99604379E+00
 6.75000E+01              -6.99481768E+00  -9.46771337E+00  -1.20993845E+01  -1.17852629E+01  -6.99628558E+00
 6.85000E+01              -6.99445735E+00  -9.29412477E+00  -1.18562354E+01  -1.16019910E+01  -6.99664590E+00
 6.95000E+01              -6.99392064E+00  -9.12064224E+00  -1.16129864E+01  -1.14188242E+01  -6.99718261E+00
 7.05000E+01              -6.99312178E+00  -8.94731728E+00  -1.13695891E+01  -1.12358136E+01  -6.99798147E+00
 7.15000E+01              -6.99193396E+00  -8.77422588E+00  -1.11259720E+01  -1.10530344E+01  -6.99916929E+00
 7.25000E+01              -6.99017047E+00  -8.60147972E+00  -1.08820296E+01  -1.08705975E+01  -7.00093279E+00
 7.35000E+01              -6.98755805E+00  -8.42924170E+00  -1.06376085E+01  -1.06886642E+01  -7.00354521E+00
 7.45000E+01              -6.98370039E+00  -8.25774698E+00  -1.03924865E+01  -1.05074676E+01  -7.00740286E+00
 7.55000E+01              -6.97803041E+00  -8.08732978E+00  -1.01463477E+01  -1.03273389E+01  -7.01307285E+00
 7.65000E+01              -6.96975262E+00  -7.91845408E+00  -9.89875200E+00  -1.01487379E+01  -7.02135064E+00
 7.75000E+01              -6.95778397E+00  -7.75174193E+00  -9.64910773E+00  -9.97228109E+00  -7.03331928E+00
 7.85000E+01              -6.94071445E+00  -7.58798433E+00  -9.39665833E+00  -9.79875217E+00  -7.05038880E+00
 7.95000E+01              -6.91682945E+00  -7.42810838E+00  -9.14051038E+00  -9.62906963E+00  -7.07427381E+00
 8.05000E+01              -6.88425624E+00  -7.27306614E+00  -8.87973562E+00  -9.46417639E+00  -7.10684701E+00
 8.15000E+01              -6.84129297E+00  -7.12362206E+00  -8.61357285E+00  -9.30482931E+00  -7.14981028E+00
 8.25000E+01              -6.78690974E+00  -6.98006637E+00  -8.34170838E+00  -9.15131517E+00  -7.20419352E+00
 8.35000E+01              -6.72126757E+00  -6.84195827E+00  -8.06453737E+00  -9.00319667E+00  -7.26983568E+00
 8.45000E+01              -6.64598269E+00  -6.70803620E+00  -7.78326792E+00  -8.85922384E+00  -7.34512057E+00
 8.55000E+01              -6.56395338E+00  -6.57634591E+00  -7.49980594E+00  -8.71746110E+00  -7.42714988E+00
 8.65000E+01              -6.47886039E+00  -6.44449119E+00  -7.21650568E+00  -8.57553554E+00  -7.51224287E+00
 8.75000E+01              -6.39463428E+00  -6.30987174E+00  -6.93592028E+00  -8.43087207E+00  -7.59646898E+00
 8.85000E+01              -6.31505356E+00  -6.16987904E+00  -6.66058853E+00  -8.28088701E+00  -7.67604970E+00
 8.95000E+01              -6.24340723E+00  -6.02213356E+00  -6.39278464E+00  -8.12322262E+00  -7.74769602E+00
 9.05000E+01              -6.18211038E+00  -5.86483017E+00  -6.13417718E+00  -7.95608906E+00  -7.80899287E+00
 9.15000E+01              -6.13232680E+00  -5.69711298E+00  -5.88548512E+00  -7.77863624E+00  -7.85877645E+00
 9.25000E+01              -6.09382204E+00  -5.51926282E+00  -5.64633788E+00  -7.59114028E+00  -7.89728121E+00
 9.35000E+01              -6.06521165E+00  -5.33253221E+00  -5.41547296E+00  -7.39484094E+00  -7.92589161E+00
 9.45000E+01              -6.04450240E+00  -5.13870151E+00  -5.19117497E+00  -7.19150200E+00  -7.94660085E+00
 9.55000E+01              -6.02964299E+00  -4.93960418E+00  -4.97171684E+00  -6.98294066E+00  -7.96146026E+00
 9.65000E+01              -6.01887382E+00  -4.73681697E+00  -4.75563382E+00  -6.77072013E+00  -7.97222944E+00
 9.75000E+01              -6.01084942E+00  -4.53154830E+00  -4.54181329E+00  -6.55603863E+00  -7.98025383E+00
 9.85000E+01              -6.00461516E+00  -4.32465709E+00  -4.32946898E+00  -6.33974792E+00  -7.98648809E+00
 9.95000E+01              -5.99952575E+00  -4.11672460E+00  -4.11807074E+00  -6.12242445E+00  -7.99157750E+00
