# Units: Log10 mol/kgw
 TITLE = " Years"
VARIABLES = "X (meters) ", "H+           ", "Cl-          ", "Na+          ", "NO3-         ", "OH-          ", "
 ZONE F=POINT,I=         100
 5.00000E-01              -6.96425467E+00  -7.73330891E+00  -8.39292935E+00  -9.85184877E+00  -7.02684858E+00
 1.50000E+00              -6.95306724E+00  -7.57815255E+00  -8.16608013E+00  -9.68809440E+00  -7.03803601E+00
 2.50000E+00              -6.93981667E+00  -7.43463975E+00  -7.95676357E+00  -9.53688951E+00  -7.05128659E+00
 3.50000E+00              -6.92467720E+00  -7.30069092E+00  -7.76146639E+00  -9.39593261E+00  -7.06642606E+00
 4.50000E+00              -6.90799899E+00  -7.17466406E+00  -7.57806320E+00  -9.26344504E+00  -7.08310427E+00
 5.50000E+00              -6.89028117E+00  -7.05519474E+00  -7.40522925E+00  -9.13797426E+00  -7.10082209E+00
 6.50000E+00              -6.87211032E+00  -6.94113571E+00  -7.24210555E+00  -9.01831392E+00  -7.11899294E+00
 7.50000E+00              -6.85407860E+00  -6.83154622E+00  -7.08808507E+00  -8.90348181E+00  -7.13702466E+00
 8.50000E+00              -6.83670398E+00  -6.72569623E+00  -6.94267327E+00  -8.79271709E+00  -7.15439927E+00
 9.50000E+00              -6.82037313E+00  -6.62306304E+00  -6.80540494E+00  -8.68547248E+00  -7.17073012E+00
 1.05000E+01              -6.80531731E+00  -6.52331146E+00  -6.67580532E+00  -8.58139191E+00  -7.18578594E+00
 1.15000E+01              -6.79161931E+00  -6.42625930E+00  -6.55338258E+00  -8.48027448E+00  -7.19948394E+00
 1.25000E+01              -6.77924137E+00  -6.33183577E+00  -6.43763795E+00  -8.38203226E+00  -7.21186189E+00
 1.35000E+01              -6.76806176E+00  -6.24004101E+00  -6.32808230E+00  -8.28664948E+00  -7.22304150E+00
 1.45000E+01              -6.75791049E+00  -6.15091232E+00  -6.22425160E+00  -8.19414882E+00  -7.23319276E+00
 1.55000E+01              -6.74859844E+00  -6.06449949E+00  -6.12571782E+00  -8.10456662E+00  -7.24250482E+00
 1.65000E+01              -6.73993807E+00  -5.98084879E+00  -6.03209444E+00  -8.01793688E+00  -7.25116519E+00
 1.75000E+01              -6.73175642E+00  -5.89999412E+00  -5.94303747E+00  -7.93428236E+00  -7.25934683E+00
 1.85000E+01              -6.72390183E+00  -5.82195317E+00  -5.85824333E+00  -7.85361060E+00  -7.26720142E+00
 1.95000E+01              -6.71624639E+00  -5.74672682E+00  -5.77744505E+00  -7.77591326E+00  -7.27485686E+00
 2.05000E+01              -6.70868564E+00  -5.67430031E+00  -5.70040758E+00  -7.70116718E+00  -7.28241761E+00
 2.15000E+01              -6.70113678E+00  -5.60464534E+00  -5.62692312E+00  -7.62933627E+00  -7.28996648E+00
 2.25000E+01              -6.69353614E+00  -5.53772230E+00  -5.55680675E+00  -7.56037375E+00  -7.29756712E+00
 2.35000E+01              -6.68583648E+00  -5.47348249E+00  -5.48989253E+00  -7.49422424E+00  -7.30526678E+00
 2.45000E+01              -6.67800436E+00  -5.41187013E+00  -5.42603026E+00  -7.43082569E+00  -7.31309890E+00
 2.55000E+01              -6.67001775E+00  -5.35282399E+00  -5.36508266E+00  -7.37011092E+00  -7.32108550E+00
 2.65000E+01              -6.66186395E+00  -5.29627880E+00  -5.30692316E+00  -7.31200904E+00  -7.32923931E+00
 2.75000E+01              -6.65353774E+00  -5.24216637E+00  -5.25143401E+00  -7.25644645E+00  -7.33756552E+00
 2.85000E+01              -6.64503990E+00  -5.19041645E+00  -5.19850488E+00  -7.20334776E+00  -7.34606335E+00
 2.95000E+01              -6.63637594E+00  -5.14095747E+00  -5.14803159E+00  -7.15263641E+00  -7.35472732E+00
 3.05000E+01              -6.62755497E+00  -5.09371708E+00  -5.09991519E+00  -7.10423524E+00  -7.36354828E+00
 3.15000E+01              -6.61858893E+00  -5.04862257E+00  -5.05406123E+00  -7.05806689E+00  -7.37251432E+00
 3.25000E+01              -6.60949177E+00  -5.00560122E+00  -5.01037910E+00  -7.01405415E+00  -7.38161148E+00
 3.35000E+01              -6.60027890E+00  -4.96458059E+00  -4.96878162E+00  -6.97212019E+00  -7.39082436E+00
 3.45000E+01              -6.59096669E+00  -4.92548873E+00  -4.92918458E+00  -6.93218882E+00  -7.40013657E+00
 3.55000E+01              -6.58157206E+00  -4.88825434E+00  -4.89150652E+00  -6.89418459E+00  -7.40953119E+00
 3.65000E+01              -6.57211219E+00  -4.85280693E+00  -4.85566843E+00  -6.85803302E+00  -7.41899106E+00
 3.75000E+01              -6.56260420E+00  -4.81907693E+00  -4.82159361E+00  -6.82366064E+00  -7.42849906E+00
 3.85000E+01              -6.55306496E+00  -4.78699582E+00  -4.78920751E+00  -6.79099515E+00  -7.43803830E+00
 3.95000E+01              -6.54351093E+00  -4.75649621E+00  -4.75843764E+00  -6.75996549E+00  -7.44759232E+00
 4.05000E+01              -6.53395802E+00  -4.72751190E+00  -4.72921348E+00  -6.73050191E+00  -7.45714524E+00
 4.15000E+01              -6.52442144E+00  -4.69997799E+00  -4.70146643E+00  -6.70253610E+00  -7.46668182E+00
 4.25000E+01              -6.51491568E+00  -4.67383095E+00  -4.67512976E+00  -6.67600118E+00  -7.47618757E+00
 4.35000E+01              -6.50545442E+00  -4.64900863E+00  -4.65013863E+00  -6.65083184E+00  -7.48564884E+00
 4.45000E+01              -6.49605044E+00  -4.62545039E+00  -4.62643002E+00  -6.62696436E+00  -7.49505281E+00
 4.55000E+01              -6.48671568E+00  -4.60309712E+00  -4.60394278E+00  -6.60433670E+00  -7.50438757E+00
 4.65000E+01              -6.47746112E+00  -4.58189129E+00  -4.58261759E+00  -6.58288851E+00  -7.51364213E+00
 4.75000E+01              -6.46829683E+00  -4.56177702E+00  -4.56239702E+00  -6.56256122E+00  -7.52280643E+00
 4.85000E+01              -6.45923193E+00  -4.54270009E+00  -4.54322549E+00  -6.54329808E+00  -7.53187132E+00
 4.95000E+01              -6.45027462E+00  -4.52460800E+00  -4.52504930E+00  -6.52504416E+00  -7.54082864E+00
 5.05000E+01              -6.44143213E+00  -4.50745003E+00  -4.50781664E+00  -6.50774645E+00  -7.54967113E+00
 5.15000E+01              -6.43271078E+00  -4.49117721E+00  -4.49147761E+00  -6.49135383E+00  -7.55839248E+00
 5.25000E+01              -6.42411594E+00  -4.47574238E+00  -4.47598423E+00  -6.47581712E+00  -7.56698731E+00
 5.35000E+01              -6.41565208E+00  -4.46110019E+00  -4.46129040E+00  -6.46108910E+00  -7.57545117E+00
 5.45000E+01              -6.40732273E+00  -4.44720713E+00  -4.44735194E+00  -6.44712450E+00  -7.58378052E+00
 5.55000E+01              -6.39913051E+00  -4.43402151E+00  -4.43412657E+00  -6.43387999E+00  -7.59197274E+00
 5.65000E+01              -6.39107713E+00  -4.42150347E+00  -4.42157391E+00  -6.42131423E+00  -7.60002612E+00
 5.75000E+01              -6.38316338E+00  -4.40961497E+00  -4.40965542E+00  -6.40938778E+00  -7.60793987E+00
 5.85000E+01              -6.37538914E+00  -4.39831974E+00  -4.39833445E+00  -6.39806313E+00  -7.61571411E+00
 5.95000E+01              -6.36775336E+00  -4.38758331E+00  -4.38757612E+00  -6.38730466E+00  -7.62334990E+00
 6.05000E+01              -6.36025403E+00  -4.37737295E+00  -4.37734738E+00  -6.37707858E+00  -7.63084922E+00
 6.15000E+01              -6.35288821E+00  -4.36765761E+00  -4.36761688E+00  -6.36735294E+00  -7.63821505E+00
 6.25000E+01              -6.34565194E+00  -4.35840792E+00  -4.35835502E+00  -6.35809754E+00  -7.64545132E+00
 6.35000E+01              -6.33854025E+00  -4.34959615E+00  -4.34953380E+00  -6.34928387E+00  -7.65256300E+00
 6.45000E+01              -6.33154712E+00  -4.34119610E+00  -4.34112685E+00  -6.34088509E+00  -7.65955614E+00
 6.55000E+01              -6.32466536E+00  -4.33318310E+00  -4.33310935E+00  -6.33287597E+00  -7.66643789E+00
 6.65000E+01              -6.31788666E+00  -4.32553394E+00  -4.32545793E+00  -6.32523276E+00  -7.67321660E+00
 6.75000E+01              -6.31120139E+00  -4.31822679E+00  -4.31815069E+00  -6.31793323E+00  -7.67990187E+00
 6.85000E+01              -6.30459860E+00  -4.31124117E+00  -4.31116706E+00  -6.31095651E+00  -7.68650465E+00
 6.95000E+01              -6.29806590E+00  -4.30455786E+00  -4.30448778E+00  -6.30428306E+00  -7.69303735E+00
 7.05000E+01              -6.29158932E+00  -4.29815884E+00  -4.29809481E+00  -6.29789461E+00  -7.69951394E+00
 7.15000E+01              -6.28515317E+00  -4.29202725E+00  -4.29197131E+00  -6.29177406E+00  -7.70595008E+00
 7.25000E+01              -6.27873996E+00  -4.28614727E+00  -4.28610151E+00  -6.28590543E+00  -7.71236329E+00
 7.35000E+01              -6.27233016E+00  -4.28050413E+00  -4.28047072E+00  -6.28027382E+00  -7.71877309E+00
 7.45000E+01              -6.26590206E+00  -4.27508397E+00  -4.27506520E+00  -6.27486527E+00  -7.72520119E+00
 7.55000E+01              -6.25943157E+00  -4.26987381E+00  -4.26987212E+00  -6.26966676E+00  -7.73167168E+00
 7.65000E+01              -6.25289201E+00  -4.26486149E+00  -4.26487950E+00  -6.26466611E+00  -7.73821125E+00
 7.75000E+01              -6.24625388E+00  -4.26003553E+00  -4.26007612E+00  -6.25985191E+00  -7.74484938E+00
 7.85000E+01              -6.23948468E+00  -4.25538512E+00  -4.25545143E+00  -6.25521346E+00  -7.75161858E+00
 7.95000E+01              -6.23254862E+00  -4.25089994E+00  -4.25099544E+00  -6.25074063E+00  -7.75855464E+00
 8.05000E+01              -6.22540647E+00  -4.24657000E+00  -4.24669858E+00  -6.24642381E+00  -7.76569679E+00
 8.15000E+01              -6.21801533E+00  -4.24238546E+00  -4.24255142E+00  -6.24225365E+00  -7.77308793E+00
 8.25000E+01              -6.21032850E+00  -4.23833623E+00  -4.23854441E+00  -6.23822087E+00  -7.78077475E+00
 8.35000E+01              -6.20229542E+00  -4.23441145E+00  -4.23466725E+00  -6.23431579E+00  -7.78880783E+00
 8.45000E+01              -6.19386171E+00  -4.23059860E+00  -4.23090805E+00  -6.23052761E+00  -7.79724154E+00
 8.55000E+01              -6.18496943E+00  -4.22688203E+00  -4.22725186E+00  -6.22684320E+00  -7.80613383E+00
 8.65000E+01              -6.17555760E+00  -4.22324060E+00  -4.22367827E+00  -6.22324505E+00  -7.81554566E+00
 8.75000E+01              -6.16556323E+00  -4.21964376E+00  -4.22015743E+00  -6.21970776E+00  -7.82554003E+00
 8.85000E+01              -6.15492301E+00  -4.21604506E+00  -4.21664350E+00  -6.21619201E+00  -7.83618025E+00
 8.95000E+01              -6.14357615E+00  -4.21237140E+00  -4.21306374E+00  -6.21263444E+00  -7.84752710E+00
 9.05000E+01              -6.13146898E+00  -4.20850551E+00  -4.20930067E+00  -6.20893043E+00  -7.85963428E+00
 9.15000E+01              -6.11856226E+00  -4.20425709E+00  -4.20516274E+00  -6.20490527E+00  -7.87254100E+00
 9.25000E+01              -6.10484280E+00  -4.19931626E+00  -4.20033692E+00  -6.20026633E+00  -7.88626045E+00
 9.35000E+01              -6.09034157E+00  -4.19317947E+00  -4.19431313E+00  -6.19452502E+00  -7.90076168E+00
 9.45000E+01              -6.07516123E+00  -4.18503485E+00  -4.18626748E+00  -6.18687307E+00  -7.91594203E+00
 9.55000E+01              -6.05951627E+00  -4.17359393E+00  -4.17489078E+00  -6.17599571E+00  -7.93158699E+00
 9.65000E+01              -6.04378688E+00  -4.15686590E+00  -4.15815930E+00  -6.15981335E+00  -7.94731638E+00
 9.75000E+01              -6.02857982E+00  -4.13190760E+00  -4.13308297E+00  -6.13518301E+00  -7.96252344E+00
 9.85000E+01              -6.01477148E+00  -4.09466579E+00  -4.09555271E+00  -6.09768953E+00  -7.97633178E+00
 9.95000E+01              -6.00348028E+00  -4.04015433E+00  -4.04053644E+00  -6.04181420E+00  -7.98762298E+00
