# Units: Log10 mol/kgw
 TITLE = " Years"
VARIABLES = "X (meters) ", "H+           ", "Cl-          ", "Na+          ", "NO3-         ", "OH-          ", "
 ZONE F=POINT,I=         100
 5.00000E-01              -6.99532680E+00  -9.96046337E+00  -1.12513143E+01  -1.21694984E+01  -6.99577645E+00
 1.50000E+00              -6.99522701E+00  -9.79742400E+00  -1.10266843E+01  -1.19977680E+01  -6.99587625E+00
 2.50000E+00              -6.99509295E+00  -9.64363358E+00  -1.08172571E+01  -1.18360794E+01  -6.99601031E+00
 3.50000E+00              -6.99491514E+00  -9.49749608E+00  -1.06197478E+01  -1.16826339E+01  -6.99618811E+00
 4.50000E+00              -6.99468203E+00  -9.35787041E+00  -1.04319903E+01  -1.15361616E+01  -6.99642123E+00
 5.50000E+00              -6.99437967E+00  -9.22391085E+00  -1.02524719E+01  -1.13957305E+01  -6.99672358E+00
 6.50000E+00              -6.99399141E+00  -9.09497242E+00  -1.00800877E+01  -1.12606348E+01  -6.99711184E+00
 7.50000E+00              -6.99349758E+00  -8.97055166E+00  -9.91400168E+00  -1.11303273E+01  -6.99760568E+00
 8.50000E+00              -6.99287516E+00  -8.85024807E+00  -9.75356198E+00  -1.10043745E+01  -6.99822809E+00
 9.50000E+00              -6.99209760E+00  -8.73373801E+00  -9.59824748E+00  -1.08824274E+01  -6.99900566E+00
 1.05000E+01              -6.99113455E+00  -8.62075658E+00  -9.44763261E+00  -1.07642011E+01  -6.99996870E+00
 1.15000E+01              -6.98995191E+00  -8.51108446E+00  -9.30136330E+00  -1.06494604E+01  -7.00115135E+00
 1.25000E+01              -6.98851185E+00  -8.40453824E+00  -9.15914026E+00  -1.05380086E+01  -7.00259141E+00
 1.35000E+01              -6.98677320E+00  -8.30096302E+00  -9.02070708E+00  -1.04296799E+01  -7.00433005E+00
 1.45000E+01              -6.98469206E+00  -8.20022648E+00  -8.88584176E+00  -1.03243327E+01  -7.00641119E+00
 1.55000E+01              -6.98222276E+00  -8.10221402E+00  -8.75435061E+00  -1.02218446E+01  -7.00888049E+00
 1.65000E+01              -6.97931925E+00  -8.00682457E+00  -8.62606398E+00  -1.01221076E+01  -7.01178401E+00
 1.75000E+01              -6.97593691E+00  -7.91396684E+00  -8.50083337E+00  -1.00250245E+01  -7.01516635E+00
 1.85000E+01              -6.97203487E+00  -7.82355583E+00  -8.37852955E+00  -9.93050513E+00  -7.01906839E+00
 1.95000E+01              -6.96757869E+00  -7.73550956E+00  -8.25904148E+00  -9.83846289E+00  -7.02352457E+00
 2.05000E+01              -6.96254343E+00  -7.64974607E+00  -8.14227583E+00  -9.74881189E+00  -7.02855982E+00
 2.15000E+01              -6.95691679E+00  -7.56618069E+00  -8.02815674E+00  -9.66146405E+00  -7.03418647E+00
 2.25000E+01              -6.95070208E+00  -7.48472382E+00  -7.91662560E+00  -9.57632683E+00  -7.04040118E+00
 2.35000E+01              -6.94392075E+00  -7.40527931E+00  -7.80764073E+00  -9.49330169E+00  -7.04718250E+00
 2.45000E+01              -6.93661394E+00  -7.32774384E+00  -7.70117638E+00  -9.41228329E+00  -7.05448931E+00
 2.55000E+01              -6.92884270E+00  -7.25200723E+00  -7.59722115E+00  -9.33315991E+00  -7.06226056E+00
 2.65000E+01              -6.92068664E+00  -7.17795404E+00  -7.49577554E+00  -9.25581489E+00  -7.07041661E+00
 2.75000E+01              -6.91224091E+00  -7.10546624E+00  -7.39684863E+00  -9.18012927E+00  -7.07886234E+00
 2.85000E+01              -6.90361154E+00  -7.03442674E+00  -7.30045413E+00  -9.10598526E+00  -7.08749172E+00
 2.95000E+01              -6.89490966E+00  -6.96472352E+00  -7.20660609E+00  -9.03327024E+00  -7.09619360E+00
 3.05000E+01              -6.88624515E+00  -6.89625375E+00  -7.11531468E+00  -8.96188078E+00  -7.10485810E+00
 3.15000E+01              -6.87772045E+00  -6.82892740E+00  -7.02658247E+00  -8.89172621E+00  -7.11338281E+00
 3.25000E+01              -6.86942511E+00  -6.76267002E+00  -6.94040155E+00  -8.82273128E+00  -7.12167815E+00
 3.35000E+01              -6.86143183E+00  -6.69742427E+00  -6.85675186E+00  -8.75483765E+00  -7.12967143E+00
 3.45000E+01              -6.85379401E+00  -6.63315022E+00  -6.77560061E+00  -8.68800415E+00  -7.13730925E+00
 3.55000E+01              -6.84654506E+00  -6.56982436E+00  -6.69690287E+00  -8.62220585E+00  -7.14455819E+00
 3.65000E+01              -6.83969920E+00  -6.50743781E+00  -6.62060301E+00  -8.55743219E+00  -7.15140406E+00
 3.75000E+01              -6.83325334E+00  -6.44599379E+00  -6.54663672E+00  -8.49368453E+00  -7.15784992E+00
 3.85000E+01              -6.82718985E+00  -6.38550482E+00  -6.47493330E+00  -8.43097341E+00  -7.16391341E+00
 3.95000E+01              -6.82147957E+00  -6.32598994E+00  -6.40541803E+00  -8.36931575E+00  -7.16962368E+00
 4.05000E+01              -6.81608492E+00  -6.26747210E+00  -6.33801436E+00  -8.30873238E+00  -7.17501834E+00
 4.15000E+01              -6.81096272E+00  -6.20997598E+00  -6.27264566E+00  -8.24924577E+00  -7.18014053E+00
 4.25000E+01              -6.80606674E+00  -6.15352612E+00  -6.20923683E+00  -8.19087833E+00  -7.18503652E+00
 4.35000E+01              -6.80134967E+00  -6.09814563E+00  -6.14771530E+00  -8.13365104E+00  -7.18975358E+00
 4.45000E+01              -6.79676475E+00  -6.04385521E+00  -6.08801181E+00  -8.07758251E+00  -7.19433850E+00
 4.55000E+01              -6.79226689E+00  -5.99067249E+00  -6.03006087E+00  -8.02268840E+00  -7.19883637E+00
 4.65000E+01              -6.78781342E+00  -5.93861180E+00  -5.97380094E+00  -7.96898107E+00  -7.20328983E+00
 4.75000E+01              -6.78336461E+00  -5.88768394E+00  -5.91917442E+00  -7.91646950E+00  -7.20773865E+00
 4.85000E+01              -6.77888379E+00  -5.83789635E+00  -5.86612757E+00  -7.86515932E+00  -7.21221947E+00
 4.95000E+01              -6.77433744E+00  -5.78925315E+00  -5.81461024E+00  -7.81505296E+00  -7.21676581E+00
 5.05000E+01              -6.76969506E+00  -5.74175546E+00  -5.76457566E+00  -7.76614988E+00  -7.22140820E+00
 5.15000E+01              -6.76492891E+00  -5.69540157E+00  -5.71598008E+00  -7.71844681E+00  -7.22617435E+00
 5.25000E+01              -6.76001378E+00  -5.65018730E+00  -5.66878253E+00  -7.67193802E+00  -7.23108948E+00
 5.35000E+01              -6.75492666E+00  -5.60610620E+00  -5.62294447E+00  -7.62661558E+00  -7.23617659E+00
 5.45000E+01              -6.74964639E+00  -5.56314983E+00  -5.57842957E+00  -7.58246965E+00  -7.24145686E+00
 5.55000E+01              -6.74415331E+00  -5.52130804E+00  -5.53520340E+00  -7.53948865E+00  -7.24694995E+00
 5.65000E+01              -6.73842891E+00  -5.48056915E+00  -5.49323321E+00  -7.49765956E+00  -7.25267434E+00
 5.75000E+01              -6.73245551E+00  -5.44092014E+00  -5.45248775E+00  -7.45696805E+00  -7.25864774E+00
 5.85000E+01              -6.72621590E+00  -5.40234689E+00  -5.41293705E+00  -7.41739867E+00  -7.26488736E+00
 5.95000E+01              -6.71969301E+00  -5.36483427E+00  -5.37455228E+00  -7.37893503E+00  -7.27141025E+00
 6.05000E+01              -6.71286963E+00  -5.32836632E+00  -5.33730559E+00  -7.34155991E+00  -7.27823363E+00
 6.15000E+01              -6.70572809E+00  -5.29292634E+00  -5.30116999E+00  -7.30525540E+00  -7.28537516E+00
 6.25000E+01              -6.69825000E+00  -5.25849703E+00  -5.26611925E+00  -7.27000295E+00  -7.29285325E+00
 6.35000E+01              -6.69041595E+00  -5.22506054E+00  -5.23212783E+00  -7.23578355E+00  -7.30068731E+00
 6.45000E+01              -6.68220528E+00  -5.19259861E+00  -5.19917077E+00  -7.20257773E+00  -7.30889797E+00
 6.55000E+01              -6.67359588E+00  -5.16109255E+00  -5.16722361E+00  -7.17036565E+00  -7.31750738E+00
 6.65000E+01              -6.66456391E+00  -5.13052339E+00  -5.13626240E+00  -7.13912718E+00  -7.32653935E+00
 6.75000E+01              -6.65508369E+00  -5.10087185E+00  -5.10626359E+00  -7.10884194E+00  -7.33601957E+00
 6.85000E+01              -6.64512752E+00  -5.07211847E+00  -5.07720401E+00  -7.07948932E+00  -7.34597573E+00
 6.95000E+01              -6.63466557E+00  -5.04424354E+00  -5.04906085E+00  -7.05104856E+00  -7.35643769E+00
 7.05000E+01              -6.62366578E+00  -5.01722723E+00  -5.02181159E+00  -7.02349877E+00  -7.36743748E+00
 7.15000E+01              -6.61209388E+00  -4.99104954E+00  -4.99543403E+00  -6.99681893E+00  -7.37900938E+00
 7.25000E+01              -6.59991337E+00  -4.96569034E+00  -4.96990619E+00  -6.97098796E+00  -7.39118988E+00
 7.35000E+01              -6.58708569E+00  -4.94112935E+00  -4.94520631E+00  -6.94598469E+00  -7.40401757E+00
 7.45000E+01              -6.57357028E+00  -4.91734614E+00  -4.92131280E+00  -6.92178791E+00  -7.41753298E+00
 7.55000E+01              -6.55932492E+00  -4.89432005E+00  -4.89820415E+00  -6.89837629E+00  -7.43177833E+00
 7.65000E+01              -6.54430603E+00  -4.87203013E+00  -4.87585883E+00  -6.87572841E+00  -7.44679723E+00
 7.75000E+01              -6.52846905E+00  -4.85045491E+00  -4.85425507E+00  -6.85382262E+00  -7.46263420E+00
 7.85000E+01              -6.51176906E+00  -4.82957221E+00  -4.83337065E+00  -6.83263690E+00  -7.47933419E+00
 7.95000E+01              -6.49416132E+00  -4.80935864E+00  -4.81318238E+00  -6.81214856E+00  -7.49694193E+00
 8.05000E+01              -6.47560210E+00  -4.78978891E+00  -4.79366538E+00  -6.79233375E+00  -7.51550116E+00
 8.15000E+01              -6.45604952E+00  -4.77083468E+00  -4.77479195E+00  -6.77316661E+00  -7.53505373E+00
 8.25000E+01              -6.43546469E+00  -4.75246270E+00  -4.75652964E+00  -6.75461784E+00  -7.55563856E+00
 8.35000E+01              -6.41381301E+00  -4.73463195E+00  -4.73883831E+00  -6.73665234E+00  -7.57729025E+00
 8.45000E+01              -6.39106586E+00  -4.71728888E+00  -4.72166530E+00  -6.71922523E+00  -7.60003739E+00
 8.55000E+01              -6.36720292E+00  -4.70036001E+00  -4.70493774E+00  -6.70227533E+00  -7.62390033E+00
 8.65000E+01              -6.34221531E+00  -4.68374009E+00  -4.68855042E+00  -6.68571442E+00  -7.64888795E+00
 8.75000E+01              -6.31611023E+00  -4.66727334E+00  -4.67234633E+00  -6.66940968E+00  -7.67499303E+00
 8.85000E+01              -6.28891788E+00  -4.65072401E+00  -4.65608619E+00  -6.65315518E+00  -7.70218537E+00
 8.95000E+01              -6.26070191E+00  -4.63373070E+00  -4.63940100E+00  -6.63662625E+00  -7.73040135E+00
 9.05000E+01              -6.23157508E+00  -4.61573678E+00  -4.62171967E+00  -6.61930783E+00  -7.75952817E+00
 9.15000E+01              -6.20172238E+00  -4.59588813E+00  -4.60216262E+00  -6.60038516E+00  -7.78938088E+00
 9.25000E+01              -6.17143308E+00  -4.57289123E+00  -4.57939442E+00  -6.57858617E+00  -7.81967018E+00
 9.35000E+01              -6.14114125E+00  -4.54483645E+00  -4.55144147E+00  -6.55197446E+00  -7.84996201E+00
 9.45000E+01              -6.11146675E+00  -4.50902346E+00  -4.51551579E+00  -6.51772617E+00  -7.87963651E+00
 9.55000E+01              -6.08323497E+00  -4.46188795E+00  -4.46795241E+00  -6.47199700E+00  -7.90786829E+00
 9.65000E+01              -6.05743534E+00  -4.39920632E+00  -4.40444688E+00  -6.41008987E+00  -7.93366792E+00
 9.75000E+01              -6.03507610E+00  -4.31676065E+00  -4.32077336E+00  -6.32717005E+00  -7.95602715E+00
 9.85000E+01              -6.01694004E+00  -4.21143378E+00  -4.21392101E+00  -6.21954404E+00  -7.97416322E+00
 9.95000E+01              -6.00334296E+00  -4.08227870E+00  -4.08314427E+00  -6.08597779E+00  -7.98776030E+00
