 TITLE = " Years"
 VARIABLES = "X (meters)", "pH "
 ZONE F=POINT,I=         100
 5.00000E-01               6.96425467E+00
 1.50000E+00               6.95306724E+00
 2.50000E+00               6.93981667E+00
 3.50000E+00               6.92467720E+00
 4.50000E+00               6.90799899E+00
 5.50000E+00               6.89028117E+00
 6.50000E+00               6.87211032E+00
 7.50000E+00               6.85407860E+00
 8.50000E+00               6.83670398E+00
 9.50000E+00               6.82037313E+00
 1.05000E+01               6.80531731E+00
 1.15000E+01               6.79161931E+00
 1.25000E+01               6.77924137E+00
 1.35000E+01               6.76806176E+00
 1.45000E+01               6.75791049E+00
 1.55000E+01               6.74859844E+00
 1.65000E+01               6.73993807E+00
 1.75000E+01               6.73175642E+00
 1.85000E+01               6.72390183E+00
 1.95000E+01               6.71624639E+00
 2.05000E+01               6.70868564E+00
 2.15000E+01               6.70113678E+00
 2.25000E+01               6.69353614E+00
 2.35000E+01               6.68583648E+00
 2.45000E+01               6.67800436E+00
 2.55000E+01               6.67001775E+00
 2.65000E+01               6.66186395E+00
 2.75000E+01               6.65353774E+00
 2.85000E+01               6.64503990E+00
 2.95000E+01               6.63637594E+00
 3.05000E+01               6.62755497E+00
 3.15000E+01               6.61858893E+00
 3.25000E+01               6.60949177E+00
 3.35000E+01               6.60027890E+00
 3.45000E+01               6.59096669E+00
 3.55000E+01               6.58157206E+00
 3.65000E+01               6.57211219E+00
 3.75000E+01               6.56260420E+00
 3.85000E+01               6.55306496E+00
 3.95000E+01               6.54351093E+00
 4.05000E+01               6.53395802E+00
 4.15000E+01               6.52442144E+00
 4.25000E+01               6.51491568E+00
 4.35000E+01               6.50545442E+00
 4.45000E+01               6.49605044E+00
 4.55000E+01               6.48671568E+00
 4.65000E+01               6.47746112E+00
 4.75000E+01               6.46829683E+00
 4.85000E+01               6.45923193E+00
 4.95000E+01               6.45027462E+00
 5.05000E+01               6.44143213E+00
 5.15000E+01               6.43271078E+00
 5.25000E+01               6.42411594E+00
 5.35000E+01               6.41565208E+00
 5.45000E+01               6.40732273E+00
 5.55000E+01               6.39913051E+00
 5.65000E+01               6.39107713E+00
 5.75000E+01               6.38316338E+00
 5.85000E+01               6.37538914E+00
 5.95000E+01               6.36775336E+00
 6.05000E+01               6.36025403E+00
 6.15000E+01               6.35288821E+00
 6.25000E+01               6.34565194E+00
 6.35000E+01               6.33854025E+00
 6.45000E+01               6.33154712E+00
 6.55000E+01               6.32466536E+00
 6.65000E+01               6.31788666E+00
 6.75000E+01               6.31120139E+00
 6.85000E+01               6.30459860E+00
 6.95000E+01               6.29806590E+00
 7.05000E+01               6.29158932E+00
 7.15000E+01               6.28515317E+00
 7.25000E+01               6.27873996E+00
 7.35000E+01               6.27233016E+00
 7.45000E+01               6.26590206E+00
 7.55000E+01               6.25943157E+00
 7.65000E+01               6.25289201E+00
 7.75000E+01               6.24625388E+00
 7.85000E+01               6.23948468E+00
 7.95000E+01               6.23254862E+00
 8.05000E+01               6.22540647E+00
 8.15000E+01               6.21801533E+00
 8.25000E+01               6.21032850E+00
 8.35000E+01               6.20229542E+00
 8.45000E+01               6.19386171E+00
 8.55000E+01               6.18496943E+00
 8.65000E+01               6.17555760E+00
 8.75000E+01               6.16556323E+00
 8.85000E+01               6.15492301E+00
 8.95000E+01               6.14357615E+00
 9.05000E+01               6.13146898E+00
 9.15000E+01               6.11856226E+00
 9.25000E+01               6.10484280E+00
 9.35000E+01               6.09034157E+00
 9.45000E+01               6.07516123E+00
 9.55000E+01               6.05951627E+00
 9.65000E+01               6.04378688E+00
 9.75000E+01               6.02857982E+00
 9.85000E+01               6.01477148E+00
 9.95000E+01               6.00348028E+00
