 TITLE = " Years"
 VARIABLES = "X (meters)", "pH "
 ZONE F=POINT,I=         100
 5.00000E-01               6.99532680E+00
 1.50000E+00               6.99522701E+00
 2.50000E+00               6.99509295E+00
 3.50000E+00               6.99491514E+00
 4.50000E+00               6.99468203E+00
 5.50000E+00               6.99437967E+00
 6.50000E+00               6.99399141E+00
 7.50000E+00               6.99349758E+00
 8.50000E+00               6.99287516E+00
 9.50000E+00               6.99209760E+00
 1.05000E+01               6.99113455E+00
 1.15000E+01               6.98995191E+00
 1.25000E+01               6.98851185E+00
 1.35000E+01               6.98677320E+00
 1.45000E+01               6.98469206E+00
 1.55000E+01               6.98222276E+00
 1.65000E+01               6.97931925E+00
 1.75000E+01               6.97593691E+00
 1.85000E+01               6.97203487E+00
 1.95000E+01               6.96757869E+00
 2.05000E+01               6.96254343E+00
 2.15000E+01               6.95691679E+00
 2.25000E+01               6.95070208E+00
 2.35000E+01               6.94392075E+00
 2.45000E+01               6.93661394E+00
 2.55000E+01               6.92884270E+00
 2.65000E+01               6.92068664E+00
 2.75000E+01               6.91224091E+00
 2.85000E+01               6.90361154E+00
 2.95000E+01               6.89490966E+00
 3.05000E+01               6.88624515E+00
 3.15000E+01               6.87772045E+00
 3.25000E+01               6.86942511E+00
 3.35000E+01               6.86143183E+00
 3.45000E+01               6.85379401E+00
 3.55000E+01               6.84654506E+00
 3.65000E+01               6.83969920E+00
 3.75000E+01               6.83325334E+00
 3.85000E+01               6.82718985E+00
 3.95000E+01               6.82147957E+00
 4.05000E+01               6.81608492E+00
 4.15000E+01               6.81096272E+00
 4.25000E+01               6.80606674E+00
 4.35000E+01               6.80134967E+00
 4.45000E+01               6.79676475E+00
 4.55000E+01               6.79226689E+00
 4.65000E+01               6.78781342E+00
 4.75000E+01               6.78336461E+00
 4.85000E+01               6.77888379E+00
 4.95000E+01               6.77433744E+00
 5.05000E+01               6.76969506E+00
 5.15000E+01               6.76492891E+00
 5.25000E+01               6.76001378E+00
 5.35000E+01               6.75492666E+00
 5.45000E+01               6.74964639E+00
 5.55000E+01               6.74415331E+00
 5.65000E+01               6.73842891E+00
 5.75000E+01               6.73245551E+00
 5.85000E+01               6.72621590E+00
 5.95000E+01               6.71969301E+00
 6.05000E+01               6.71286963E+00
 6.15000E+01               6.70572809E+00
 6.25000E+01               6.69825000E+00
 6.35000E+01               6.69041595E+00
 6.45000E+01               6.68220528E+00
 6.55000E+01               6.67359588E+00
 6.65000E+01               6.66456391E+00
 6.75000E+01               6.65508369E+00
 6.85000E+01               6.64512752E+00
 6.95000E+01               6.63466557E+00
 7.05000E+01               6.62366578E+00
 7.15000E+01               6.61209388E+00
 7.25000E+01               6.59991337E+00
 7.35000E+01               6.58708569E+00
 7.45000E+01               6.57357028E+00
 7.55000E+01               6.55932492E+00
 7.65000E+01               6.54430603E+00
 7.75000E+01               6.52846905E+00
 7.85000E+01               6.51176906E+00
 7.95000E+01               6.49416132E+00
 8.05000E+01               6.47560210E+00
 8.15000E+01               6.45604952E+00
 8.25000E+01               6.43546469E+00
 8.35000E+01               6.41381301E+00
 8.45000E+01               6.39106586E+00
 8.55000E+01               6.36720292E+00
 8.65000E+01               6.34221531E+00
 8.75000E+01               6.31611023E+00
 8.85000E+01               6.28891788E+00
 8.95000E+01               6.26070191E+00
 9.05000E+01               6.23157508E+00
 9.15000E+01               6.20172238E+00
 9.25000E+01               6.17143308E+00
 9.35000E+01               6.14114125E+00
 9.45000E+01               6.11146675E+00
 9.55000E+01               6.08323497E+00
 9.65000E+01               6.05743534E+00
 9.75000E+01               6.03507610E+00
 9.85000E+01               6.01694004E+00
 9.95000E+01               6.00334296E+00
