 TITLE = " Years"
 VARIABLES = "X (meters)", "pH "
 ZONE F=POINT,I=         100
 5.00000E-01               6.99555163E+00
 1.50000E+00               6.99555163E+00
 2.50000E+00               6.99555163E+00
 3.50000E+00               6.99555163E+00
 4.50000E+00               6.99555163E+00
 5.50000E+00               6.99555163E+00
 6.50000E+00               6.99555163E+00
 7.50000E+00               6.99555163E+00
 8.50000E+00               6.99555163E+00
 9.50000E+00               6.99555163E+00
 1.05000E+01               6.99555163E+00
 1.15000E+01               6.99555163E+00
 1.25000E+01               6.99555163E+00
 1.35000E+01               6.99555163E+00
 1.45000E+01               6.99555163E+00
 1.55000E+01               6.99555163E+00
 1.65000E+01               6.99555163E+00
 1.75000E+01               6.99555163E+00
 1.85000E+01               6.99555163E+00
 1.95000E+01               6.99555163E+00
 2.05000E+01               6.99555163E+00
 2.15000E+01               6.99555163E+00
 2.25000E+01               6.99555163E+00
 2.35000E+01               6.99555163E+00
 2.45000E+01               6.99555163E+00
 2.55000E+01               6.99555163E+00
 2.65000E+01               6.99555163E+00
 2.75000E+01               6.99555163E+00
 2.85000E+01               6.99555163E+00
 2.95000E+01               6.99555163E+00
 3.05000E+01               6.99555163E+00
 3.15000E+01               6.99555163E+00
 3.25000E+01               6.99555163E+00
 3.35000E+01               6.99555163E+00
 3.45000E+01               6.99555163E+00
 3.55000E+01               6.99555163E+00
 3.65000E+01               6.99555162E+00
 3.75000E+01               6.99555162E+00
 3.85000E+01               6.99555162E+00
 3.95000E+01               6.99555162E+00
 4.05000E+01               6.99555161E+00
 4.15000E+01               6.99555161E+00
 4.25000E+01               6.99555159E+00
 4.35000E+01               6.99555158E+00
 4.45000E+01               6.99555155E+00
 4.55000E+01               6.99555152E+00
 4.65000E+01               6.99555146E+00
 4.75000E+01               6.99555138E+00
 4.85000E+01               6.99555126E+00
 4.95000E+01               6.99555108E+00
 5.05000E+01               6.99555081E+00
 5.15000E+01               6.99555041E+00
 5.25000E+01               6.99554981E+00
 5.35000E+01               6.99554892E+00
 5.45000E+01               6.99554758E+00
 5.55000E+01               6.99554559E+00
 5.65000E+01               6.99554262E+00
 5.75000E+01               6.99553819E+00
 5.85000E+01               6.99553157E+00
 5.95000E+01               6.99552170E+00
 6.05000E+01               6.99550698E+00
 6.15000E+01               6.99548501E+00
 6.25000E+01               6.99545223E+00
 6.35000E+01               6.99540334E+00
 6.45000E+01               6.99533042E+00
 6.55000E+01               6.99522165E+00
 6.65000E+01               6.99505946E+00
 6.75000E+01               6.99481768E+00
 6.85000E+01               6.99445735E+00
 6.95000E+01               6.99392064E+00
 7.05000E+01               6.99312178E+00
 7.15000E+01               6.99193396E+00
 7.25000E+01               6.99017047E+00
 7.35000E+01               6.98755805E+00
 7.45000E+01               6.98370039E+00
 7.55000E+01               6.97803041E+00
 7.65000E+01               6.96975262E+00
 7.75000E+01               6.95778397E+00
 7.85000E+01               6.94071445E+00
 7.95000E+01               6.91682945E+00
 8.05000E+01               6.88425624E+00
 8.15000E+01               6.84129297E+00
 8.25000E+01               6.78690974E+00
 8.35000E+01               6.72126757E+00
 8.45000E+01               6.64598269E+00
 8.55000E+01               6.56395338E+00
 8.65000E+01               6.47886039E+00
 8.75000E+01               6.39463428E+00
 8.85000E+01               6.31505356E+00
 8.95000E+01               6.24340723E+00
 9.05000E+01               6.18211038E+00
 9.15000E+01               6.13232680E+00
 9.25000E+01               6.09382204E+00
 9.35000E+01               6.06521165E+00
 9.45000E+01               6.04450240E+00
 9.55000E+01               6.02964299E+00
 9.65000E+01               6.01887382E+00
 9.75000E+01               6.01084942E+00
 9.85000E+01               6.00461516E+00
 9.95000E+01               5.99952575E+00
