# Units: Mol/kgw
 TITLE = " Years"
VARIABLES = "X (meters) ", "H+           ", "Cl-          ", "Na+          ", "NO3-         ", "
 ZONE F=POINT,I=         100
 5.00000E-01               1.04601304E-10   1.09530972E-10   5.60643531E-12   6.76864913E-13
 1.50000E+00               1.51033223E-10   1.59432299E-10   9.40409053E-12   1.00515348E-12
 2.50000E+00               2.13405053E-10   2.27178242E-10   1.52315473E-11   1.45854893E-12
 3.50000E+00               2.96130550E-10   3.18056466E-10   2.40023239E-11   2.07666511E-12
 4.50000E+00               4.04587449E-10   4.38661887E-10   3.69837337E-11   2.90963643E-12
 5.50000E+00               5.45263124E-10   5.97158274E-10   5.59151142E-11   4.02040592E-12
 6.50000E+00               7.25904734E-10   8.03577702E-10   8.31597899E-11   5.48738624E-12
 7.50000E+00               9.55667828E-10   1.07015980E-09   1.21898785E-10   7.40752343E-12
 8.50000E+00               1.24525497E-09   1.41173189E-09   1.76375831E-10   9.89978711E-12
 9.50000E+00               1.60703308E-09   1.84612996E-09   2.52204921E-10   1.31091022E-11
 1.05000E+01               2.05511491E-09   2.39465909E-09   3.56753637E-10   1.72107259E-11
 1.15000E+01               2.60538634E-09   3.08259033E-09   4.99617568E-10   2.24150614E-11
 1.25000E+01               3.27545744E-09   3.93968972E-09   6.93203469E-10   2.89728835E-11
 1.35000E+01               4.08451196E-09   5.00077405E-09   9.53441143E-10   3.71809434E-11
 1.45000E+01               5.05302715E-09   6.30628753E-09   1.30064625E-09   4.73879095E-11
 1.55000E+01               6.20233570E-09   7.90289516E-09   1.76055795E-09   6.00006090E-11
 1.65000E+01               7.55400415E-09   9.84409181E-09   2.36557615E-09   7.54905564E-11
 1.75000E+01               9.12900979E-09   1.21908327E-08   3.15622186E-09   9.44008063E-11
 1.85000E+01               1.09467123E-08   1.50122011E-08   4.18284074E-09   1.17353244E-10
 1.95000E+01               1.30236373E-08   1.83861431E-08   5.50756174E-09   1.45056544E-10
 2.05000E+01               1.53721203E-08   2.24003146E-08   7.20651009E-09   1.78315180E-10
 2.15000E+01               1.79988919E-08   2.71531041E-08   9.37225452E-09   2.18039988E-10
 2.25000E+01               2.09037268E-08   3.27549054E-08   1.21164441E-08   2.65260968E-10
 2.35000E+01               2.40783088E-08   3.93297189E-08   1.55725606E-08   3.21143017E-10
 2.45000E+01               2.75054832E-08   4.70171509E-08   1.98986840E-08   3.87005262E-10
 2.55000E+01               3.11590622E-08   5.59748468E-08   2.52801444E-08   4.64344437E-10
 2.65000E+01               3.50043080E-08   6.63813522E-08   3.19319269E-08   5.54862355E-10
 2.75000E+01               3.89991513E-08   7.84393333E-08   4.01007048E-08   6.60497037E-10
 2.85000E+01               4.30961031E-08   9.23790278E-08   5.00664124E-08   7.83456477E-10
 2.95000E+01               4.72447145E-08   1.08461747E-07   6.21433231E-08   9.26253559E-10
 3.05000E+01               5.13943508E-08   1.26983230E-07   7.66806597E-08   1.09174031E-09
 3.15000E+01               5.54969910E-08   1.48276634E-07   9.40628249E-08   1.28313961E-09
 3.25000E+01               5.95097578E-08   1.72715016E-07   1.14709371E-07   1.50407275E-09
 3.35000E+01               6.33969324E-08   2.00713155E-07   1.39074836E-07   1.75858137E-09
 3.45000E+01               6.71312909E-08   2.32728674E-07   1.67648539E-07   2.05114309E-09
 3.55000E+01               7.06947036E-08   2.69262424E-07   2.00954380E-07   2.38668034E-09
 3.65000E+01               7.40780399E-08   3.10858177E-07   2.39550621E-07   2.77056226E-09
 3.75000E+01               7.72804953E-08   3.58101643E-07   2.84029578E-07   3.20859992E-09
 3.85000E+01               8.03085071E-08   4.11618873E-07   3.35017091E-07   3.70703504E-09
 3.95000E+01               8.31744330E-08   4.72074083E-07   3.93171654E-07   4.27252232E-09
 4.05000E+01               8.58951524E-08   5.40166926E-07   4.59183057E-07   4.91210577E-09
 4.15000E+01               8.84907204E-08   6.16629237E-07   5.33770447E-07   5.63318886E-09
 4.25000E+01               9.09831616E-08   7.02221247E-07   6.17679713E-07   6.44349870E-09
 4.35000E+01               9.33954539E-08   7.97727282E-07   7.11680154E-07   7.35104414E-09
 4.45000E+01               9.57507227E-08   9.03950951E-07   8.16560425E-07   8.36406796E-09
 4.55000E+01               9.80716403E-08   1.02170983E-06   9.33123766E-07   9.49099314E-09
 4.65000E+01               1.00380010E-07   1.15182968E-06   1.06218257E-06   1.07403635E-08
 4.75000E+01               1.02696510E-07   1.29513819E-06   1.20455233E-06   1.21207793E-08
 4.85000E+01               1.05040568E-07   1.45245839E-06   1.36104509E-06   1.36408275E-08
 4.95000E+01               1.07430333E-07   1.62460165E-06   1.53246239E-06   1.53090086E-08
 5.05000E+01               1.09882732E-07   1.81236046E-06   1.71958797E-06   1.71336598E-08
 5.15000E+01               1.12413577E-07   2.01650107E-06   1.92318015E-06   1.91228757E-08
 5.25000E+01               1.15037712E-07   2.23775596E-06   2.14396411E-06   2.12844283E-08
 5.35000E+01               1.17769193E-07   2.47681644E-06   2.38262425E-06   2.36256854E-08
 5.45000E+01               1.20621482E-07   2.73432530E-06   2.63979652E-06   2.61535319E-08
 5.55000E+01               1.23607657E-07   3.01086972E-06   2.91606111E-06   2.88742913E-08
 5.65000E+01               1.26740628E-07   3.30697456E-06   3.21193539E-06   3.17936521E-08
 5.75000E+01               1.30033365E-07   3.62309609E-06   3.52786740E-06   3.49165984E-08
 5.85000E+01               1.33499127E-07   3.95961625E-06   3.86422978E-06   3.82473457E-08
 5.95000E+01               1.37151707E-07   4.31683762E-06   4.22131450E-06   4.17892845E-08
 6.05000E+01               1.41005674E-07   4.69497910E-06   4.59932818E-06   4.55449309E-08
 6.15000E+01               1.45076637E-07   5.09417241E-06   4.99838837E-06   4.95158867E-08
 6.25000E+01               1.49381517E-07   5.51445946E-06   5.41852057E-06   5.37028085E-08
 6.35000E+01               1.53938838E-07   5.95579070E-06   5.85965627E-06   5.81053866E-08
 6.45000E+01               1.58769033E-07   6.41802436E-06   6.32163191E-06   6.27223347E-08
 6.55000E+01               1.63894784E-07   6.90092671E-06   6.80418881E-06   6.75513901E-08
 6.65000E+01               1.69341379E-07   7.40417333E-06   7.30697402E-06   7.25893246E-08
 6.75000E+01               1.75137112E-07   7.92735134E-06   7.82954226E-06   7.78319655E-08
 6.85000E+01               1.81313715E-07   8.46996258E-06   8.37135864E-06   8.32742279E-08
 6.95000E+01               1.87906838E-07   9.03142781E-06   8.93180246E-06   8.89101554E-08
 7.05000E+01               1.94956577E-07   9.61109176E-06   9.51017176E-06   9.47329719E-08
 7.15000E+01               2.02508069E-07   1.02082292E-05   1.01056888E-05   1.00735141E-07
 7.25000E+01               2.10612141E-07   1.08220519E-05   1.07175067E-05   1.06908433E-07
 7.35000E+01               2.19326052E-07   1.14517168E-05   1.13447163E-05   1.13244007E-07
 7.45000E+01               2.28714306E-07   1.20963350E-05   1.19863553E-05   1.19732489E-07
 7.55000E+01               2.38849579E-07   1.27549832E-05   1.26414180E-05   1.26364076E-07
 7.65000E+01               2.49813746E-07   1.34267165E-05   1.33088681E-05   1.33128643E-07
 7.75000E+01               2.61699037E-07   1.41105856E-05   1.39876537E-05   1.40015881E-07
 7.85000E+01               2.74609327E-07   1.48056588E-05   1.46767295E-05   1.47015464E-07
 7.95000E+01               2.88661562E-07   1.55110537E-05   1.53750864E-05   1.54117288E-07
 8.05000E+01               3.03987329E-07   1.62259835E-05   1.60817965E-05   1.61311811E-07
 8.15000E+01               3.20734539E-07   1.69498269E-05   1.67960823E-05   1.68590580E-07
 8.25000E+01               3.39069174E-07   1.76822382E-05   1.75174263E-05   1.75947082E-07
 8.35000E+01               3.59176986E-07   1.84233240E-05   1.82457461E-05   1.83378142E-07
 8.45000E+01               3.81264916E-07   1.91739266E-05   1.89816799E-05   1.90886266E-07
 8.55000E+01               4.05561835E-07   1.99360874E-05   1.97270524E-05   1.98483579E-07
 8.65000E+01               4.32317852E-07   2.07138033E-05   2.04856392E-05   2.06198494E-07
 8.75000E+01               4.61800890E-07   2.15142694E-05   2.12644234E-05   2.14086968E-07
 8.85000E+01               4.94288286E-07   2.23499178E-05   2.20756625E-05   2.22251517E-07
 8.95000E+01               5.30049646E-07   2.32417723E-05   2.29402919E-05   2.30873271E-07
 9.05000E+01               5.69314917E-07   2.42249649E-05   2.38935275E-05   2.40265871E-07
 9.15000E+01               6.12218615E-07   2.53578136E-05   2.49940893E-05   2.50965918E-07
 9.25000E+01               6.58708483E-07   2.67367559E-05   2.63393783E-05   2.63884411E-07
 9.35000E+01               7.08408021E-07   2.85209175E-05   2.80904351E-05   2.80559802E-07
 9.45000E+01               7.60436153E-07   3.09725156E-05   3.05129462E-05   3.03580409E-07
 9.55000E+01               8.13227774E-07   3.45232747E-05   3.40445449E-05   3.37289568E-07
 9.65000E+01               8.64471826E-07   3.98835328E-05   3.94051572E-05   3.88964565E-07
 9.75000E+01               9.11344051E-07   4.82213421E-05   4.77778472E-05   4.70792859E-07
 9.85000E+01               9.51131901E-07   6.14562647E-05   6.11053077E-05   6.03192413E-07
 9.95000E+01               9.82046072E-07   8.27410908E-05   8.25763480E-05   8.20393340E-07
