# Units: Mol/kgw
 TITLE = " Years"
VARIABLES = "X (meters) ", "H+           ", "Cl-          ", "Na+          ", "NO3-         ", "
 ZONE F=POINT,I=         100
 5.00000E-01               7.14684049E-22   7.72254432E-22   4.19645869E-29   8.34743444E-25
 1.50000E+00               1.44260299E-21   1.15230090E-21   7.34222982E-29   1.27362012E-24
 2.50000E+00               2.14405215E-21   1.71937812E-21   1.28461502E-28   1.94324164E-24
 3.50000E+00               2.85873620E-21   2.56552877E-21   2.24759480E-28   2.96492494E-24
 4.50000E+00               4.31457408E-21   3.82809214E-21   3.93244847E-28   4.52377086E-24
 5.50000E+00               6.45862622E-21   5.71199576E-21   6.88031090E-28   6.90219929E-24
 6.50000E+00               9.33059731E-21   8.52301729E-21   1.20379652E-27   1.05311158E-23
 7.50000E+00               1.36319365E-20   1.27174156E-20   2.10619272E-27   1.60679801E-23
 8.50000E+00               2.00905627E-20   1.89759862E-20   3.68504783E-27   2.45159192E-23
 9.50000E+00               2.94343949E-20   2.83145621E-20   6.44745250E-27   3.74054666E-23
 1.05000E+01               4.37810155E-20   4.22488939E-20   1.12806253E-26   5.70718528E-23
 1.15000E+01               6.46127320E-20   6.30406723E-20   1.97368661E-26   8.70780846E-23
 1.25000E+01               9.54764950E-20   9.40646253E-20   3.45321181E-26   1.32860463E-22
 1.35000E+01               1.42142716E-19   1.40356272E-19   6.04182636E-26   2.02713494E-22
 1.45000E+01               2.11758237E-19   2.09429240E-19   1.05709316E-25   3.09292617E-22
 1.55000E+01               3.15122726E-19   3.12494811E-19   1.84951682E-25   4.71907033E-22
 1.65000E+01               4.69481246E-19   4.66281627E-19   3.23596120E-25   7.20017985E-22
 1.75000E+01               6.99199228E-19   6.95750931E-19   5.66171923E-25   1.09857634E-21
 1.85000E+01               1.04234022E-18   1.03814804E-18   9.90588657E-25   1.67616642E-21
 1.95000E+01               1.55415987E-18   1.54904767E-18   1.73315886E-24   2.55743163E-21
 2.05000E+01               2.31797183E-18   2.31137428E-18   3.03237840E-24   3.90203290E-21
 2.15000E+01               3.45791936E-18   3.44886162E-18   5.30552563E-24   5.95357491E-21
 2.25000E+01               5.15851006E-18   5.14613604E-18   9.28268128E-24   9.08374048E-21
 2.35000E+01               7.69615459E-18   7.67868331E-18   1.62412130E-23   1.38596293E-20
 2.45000E+01               1.14821404E-17   1.14575629E-17   2.84160353E-23   2.11465006E-20
 2.55000E+01               1.71316781E-17   1.70961273E-17   4.97174111E-23   3.22645346E-20
 2.65000E+01               2.55621970E-17   2.55095758E-17   8.69868346E-23   4.92280122E-20
 2.75000E+01               3.81419466E-17   3.80635009E-17   1.52194357E-22   7.51102479E-20
 2.85000E+01               5.69132025E-17   5.67955387E-17   2.66283080E-22   1.14600389E-19
 2.95000E+01               8.49240395E-17   8.47460991E-17   4.65895584E-22   1.74852959E-19
 3.05000E+01               1.26721304E-16   1.26451856E-16   8.15142649E-22   2.66784063E-19
 3.15000E+01               1.89091675E-16   1.88682101E-16   1.42619411E-21   4.07049080E-19
 3.25000E+01               2.82159777E-16   2.81537465E-16   2.49530514E-21   6.21060162E-19
 3.35000E+01               4.21036573E-16   4.20089367E-16   4.36584872E-21   9.47590216E-19
 3.45000E+01               6.28268504E-16   6.26826260E-16   7.63859889E-21   1.44579748E-18
 3.55000E+01               9.37500870E-16   9.35303750E-16   1.33646850E-20   2.20594336E-18
 3.65000E+01               1.39893776E-15   1.39559103E-15   2.33831896E-20   3.36574534E-18
 3.75000E+01               2.08749627E-15   2.08239763E-15   4.09118175E-20   5.13532753E-18
 3.85000E+01               3.11496773E-15   3.10719960E-15   7.15803466E-20   7.83528940E-18
 3.95000E+01               4.64816718E-15   4.63633324E-15   1.25238778E-19   1.19547896E-17
 4.05000E+01               6.93601903E-15   6.91799326E-15   2.19120922E-19   1.82401677E-17
 4.15000E+01               1.03499688E-14   1.03225174E-14   3.83379487E-19   2.78301610E-17
 4.25000E+01               1.54442926E-14   1.54024962E-14   6.70770417E-19   4.24622114E-17
 4.35000E+01               2.30460832E-14   2.29824643E-14   1.17359684E-18   6.47872422E-17
 4.45000E+01               3.43895329E-14   3.42927310E-14   2.05335466E-18   9.88499320E-17
 4.55000E+01               5.13163068E-14   5.11690724E-14   3.59260120E-18   1.50821497E-16
 4.65000E+01               7.65745344E-14   7.63506967E-14   6.28570599E-18   2.30117746E-16
 4.75000E+01               1.14264959E-13   1.13924846E-13   1.09976307E-17   3.51104955E-16
 4.85000E+01               1.70506661E-13   1.69990194E-13   1.92417347E-17   5.35702634E-16
 4.95000E+01               2.54430417E-13   2.53646722E-13   3.36658316E-17   8.17354711E-16
 5.05000E+01               3.79660916E-13   3.78472723E-13   5.89026076E-17   1.24708859E-15
 5.15000E+01               5.66528379E-13   5.64728670E-13   1.03057540E-16   1.90275977E-15
 5.25000E+01               8.45368474E-13   8.42645623E-13   1.80312209E-16   2.90315683E-15
 5.35000E+01               1.26144592E-12   1.25733187E-12   3.15479150E-16   4.42952196E-15
 5.45000E+01               1.88230050E-12   1.87609408E-12   5.51971228E-16   6.75838547E-15
 5.55000E+01               2.80870692E-12   2.79936099E-12   9.65745273E-16   1.03116619E-14
 5.65000E+01               4.19102545E-12   4.17698207E-12   1.68969881E-15   1.57330813E-14
 5.75000E+01               6.25359360E-12   6.23254515E-12   2.95635670E-15   2.40047969E-14
 5.85000E+01               9.33110997E-12   9.29965725E-12   5.17256079E-15   3.66252823E-14
 5.95000E+01               1.39229008E-11   1.38760703E-11   9.05015922E-15   5.58807189E-14
 6.05000E+01               2.07738464E-11   2.07044222E-11   1.58346908E-14   8.52589713E-14
 6.15000E+01               3.09950404E-11   3.08926650E-11   2.77055682E-14   1.30081000E-13
 6.25000E+01               4.62436402E-11   4.60936529E-11   4.84764333E-14   1.98463752E-13
 6.35000E+01               6.89908412E-11   6.87728740E-11   8.48210002E-14   3.02788173E-13
 6.45000E+01               1.02920932E-10   1.02607415E-10   1.48419081E-13   4.61936490E-13
 6.55000E+01               1.53525086E-10   1.53080101E-10   2.59714618E-13   7.04699958E-13
 6.65000E+01               2.28983905E-10   2.28363439E-10   4.54499399E-13   1.07496505E-12
 6.75000E+01               3.41476970E-10   3.40632828E-10   7.95454452E-13   1.63959642E-12
 6.85000E+01               5.09121321E-10   5.08013326E-10   1.39240137E-12   2.50039653E-12
 6.95000E+01               7.58830696E-10   7.57456382E-10   2.43788610E-12   3.81219996E-12
 7.05000E+01               1.13051080E-09   1.12897050E-09   4.26983112E-12   5.81013592E-12
 7.15000E+01               1.68316690E-09   1.68179863E-09   7.48217555E-12   8.85045129E-12
 7.25000E+01               2.50369183E-09   2.50334185E-09   1.31210997E-11   1.34710785E-11
 7.35000E+01               3.71928927E-09   3.72184417E-09   2.30351671E-11   2.04802704E-11
 7.45000E+01               5.51456847E-09   5.52399024E-09   4.05054378E-11   3.10836707E-11
 7.55000E+01               8.15410166E-09   8.17843311E-09   7.13924357E-11   4.70609831E-11
 7.65000E+01               1.20102592E-08   1.20655134E-08   1.26254789E-10   7.10005896E-11
 7.75000E+01               1.75938650E-08   1.77116069E-08   2.24332470E-10   1.06590567E-10
 7.85000E+01               2.55812909E-08   2.58235276E-08   4.01182089E-10   1.58945300E-10
 7.95000E+01               3.68270338E-08   3.73156931E-08   7.23584899E-10   2.34925543E-10
 8.05000E+01               5.23497152E-08   5.33253560E-08   1.31905910E-09   3.43418334E-10
 8.15000E+01               7.32887574E-08   7.52277093E-08   2.43459671E-09   4.95644807E-10
 8.25000E+01               1.00849699E-07   1.04696830E-07   4.55293562E-09   7.05804951E-10
 8.35000E+01               1.36267207E-07   1.43893652E-07   8.61911179E-09   9.92666134E-10
 8.45000E+01               1.80779494E-07   1.95868097E-07   1.64714554E-08   1.38285307E-09
 8.55000E+01               2.35528875E-07   2.65249146E-07   3.16369026E-08   1.91663217E-09
 8.65000E+01               3.01257335E-07   3.59342608E-07   6.07427183E-08   2.65744533E-09
 8.75000E+01               3.77732308E-07   4.89923392E-07   1.15898982E-07   3.70789830E-09
 8.85000E+01               4.63028700E-07   6.76271177E-07   2.18479842E-07   5.23736535E-09
 8.95000E+01               5.53065526E-07   9.50312310E-07   4.04776478E-07   7.52969303E-09
 9.05000E+01               6.41966450E-07   1.36511661E-06   7.34214130E-07   1.10639660E-08
 9.15000E+01               7.23506245E-07   2.00856985E-06   1.30171166E-06   1.66480609E-08
 9.25000E+01               7.93040054E-07   3.02508169E-06   2.25767819E-06   2.56365518E-08
 9.35000E+01               8.48713445E-07   4.65015808E-06   3.84173108E-06   4.02864460E-08
 9.45000E+01               8.91296198E-07   7.26605061E-06   6.43909690E-06   6.43424957E-08
 9.55000E+01               9.23093638E-07   1.14920035E-05   1.06729161E-05   1.04006202E-07
 9.65000E+01               9.46811714E-07   1.83308654E-05   1.75535967E-05   1.69542967E-07
 9.75000E+01               9.64862392E-07   2.94070620E-05   2.87201461E-05   2.77946547E-07
 9.85000E+01               9.79113262E-07   4.73524930E-05   4.68307332E-05   4.57353488E-07
 9.95000E+01               9.90896577E-07   7.64320211E-05   7.61954790E-05   7.54354459E-07
