# Units: Mol/kgw
 TITLE = " Years"
VARIABLES = "X (meters) ", "H+           ", "Cl-          ", "Na+          ", "NO3-         ", "
 ZONE F=POINT,I=         100
 5.00000E-01               1.45737701E-08   1.84795386E-08   4.04642048E-09   1.40653732E-10
 1.50000E+00               1.97977466E-08   2.64148098E-08   6.82213385E-09   2.05071653E-10
 2.50000E+00               2.60023810E-08   3.67587119E-08   1.10468077E-08   2.90476173E-10
 3.50000E+00               3.31214676E-08   5.00390560E-08   1.73194455E-08   4.01853184E-10
 4.50000E+00               4.10110575E-08   6.68861140E-08   2.64202642E-08   5.45198912E-10
 5.50000E+00               4.94589631E-08   8.80653947E-08   3.93342700E-08   7.27822972E-10
 6.50000E+00               5.82085164E-08   1.14515513E-07   5.72657272E-08   9.58707455E-10
 7.50000E+00               6.69917814E-08   1.47385176E-07   8.16423004E-08   1.24887280E-09
 8.50000E+00               7.55640606E-08   1.88063190E-07   1.14110866E-07   1.61169529E-09
 9.50000E+00               8.37313902E-08   2.38197390E-07   1.56529179E-07   2.06313453E-09
 1.05000E+01               9.13656930E-08   2.99701269E-07   2.10957465E-07   2.62185168E-09
 1.15000E+01               9.84066526E-08   3.74749221E-07   2.79651794E-07   3.30921927E-09
 1.25000E+01               1.04853099E-07   4.65762228E-07   3.65058288E-07   4.14923253E-09
 1.35000E+01               1.10748515E-07   5.75385656E-07   4.69805226E-07   5.16833373E-09
 1.45000E+01               1.16165118E-07   7.06460232E-07   5.96689672E-07   6.39515692E-09
 1.55000E+01               1.21189673E-07   8.61986670E-07   7.48655944E-07   7.86019654E-09
 1.65000E+01               1.25912549E-07   1.04508411E-06   9.28764570E-07   9.59540119E-09
 1.75000E+01               1.30420323E-07   1.25894254E-06   1.14015161E-06   1.16336946E-08
 1.85000E+01               1.34791428E-07   1.50676961E-06   1.38597925E-06   1.40084283E-08
 1.95000E+01               1.39094125E-07   1.79173263E-06   1.66937919E-06   1.67527744E-08
 2.05000E+01               1.43386018E-07   2.11689686E-06   1.99339083E-06   1.98990718E-08
 2.15000E+01               1.47714519E-07   2.48516176E-06   2.36089626E-06   2.34781419E-08
 2.25000E+01               1.52117804E-07   2.89919684E-06   2.77455456E-06   2.75185937E-08
 2.35000E+01               1.56625967E-07   3.36137918E-06   3.23673746E-06   3.20461404E-08
 2.45000E+01               1.61262203E-07   3.87373461E-06   3.74946874E-06   3.70829505E-08
 2.55000E+01               1.66043907E-07   4.43788454E-06   4.31436942E-06   4.26470546E-08
 2.65000E+01               1.70983660E-07   5.05500025E-06   4.93261057E-06   4.87518297E-08
 2.75000E+01               1.76090070E-07   5.72576618E-06   5.60487544E-06   5.54055793E-08
 2.85000E+01               1.81368491E-07   6.45035357E-06   6.33133208E-06   6.26112231E-08
 2.95000E+01               1.86821611E-07   7.22840525E-06   7.11161740E-06   7.03661086E-08
 3.05000E+01               1.92449943E-07   8.05903202E-06   7.94483307E-06   7.86619488E-08
 3.15000E+01               1.98252224E-07   8.94082086E-06   8.82955338E-06   8.74848890E-08
 3.25000E+01               2.04225735E-07   9.87185434E-06   9.76384454E-06   9.68156986E-08
 3.35000E+01               2.10366567E-07   1.08497407E-05   1.07452948E-05   1.06630080E-07
 3.45000E+01               2.16669831E-07   1.18716537E-05   1.17710545E-05   1.16899084E-07
 3.55000E+01               2.23129833E-07   1.29343798E-05   1.28378835E-05   1.27589616E-07
 3.65000E+01               2.29740216E-07   1.40343732E-05   1.39422067E-05   1.38665015E-07
 3.75000E+01               2.36494071E-07   1.51678149E-05   1.50801735E-05   1.50085688E-07
 3.85000E+01               2.43384041E-07   1.63306746E-05   1.62477202E-05   1.61809780E-07
 3.95000E+01               2.50402393E-07   1.75187751E-05   1.74406353E-05   1.73793861E-07
 4.05000E+01               2.57541097E-07   1.87278553E-05   1.86546223E-05   1.85993601E-07
 4.15000E+01               2.64791883E-07   1.99536315E-05   1.98853626E-05   1.98364440E-07
 4.25000E+01               2.72146298E-07   2.11918561E-05   2.11285736E-05   2.10862203E-07
 4.35000E+01               2.79595758E-07   2.24383704E-05   2.23800634E-05   2.23443681E-07
 4.45000E+01               2.87131597E-07   2.36891540E-05   2.36357790E-05   2.36067147E-07
 4.55000E+01               2.94745118E-07   2.49403659E-05   2.48918493E-05   2.48692802E-07
 4.65000E+01               3.02427641E-07   2.61883809E-05   2.61446207E-05   2.61283150E-07
 4.75000E+01               3.10170549E-07   2.74298178E-05   2.73906864E-05   2.73803307E-07
 4.85000E+01               3.17965343E-07   2.86615619E-05   2.86269085E-05   2.86221225E-07
 4.95000E+01               3.25803694E-07   2.98807803E-05   2.98504336E-05   2.98507846E-07
 5.05000E+01               3.33677493E-07   3.10849308E-05   3.10587020E-05   3.10637200E-07
 5.15000E+01               3.41578913E-07   3.22717657E-05   3.22494509E-05   3.22586421E-07
 5.25000E+01               3.49500465E-07   3.34393296E-05   3.34207129E-05   3.34335728E-07
 5.35000E+01               3.57435065E-07   3.45859534E-05   3.45708089E-05   3.45868340E-07
 5.45000E+01               3.65376093E-07   3.57102434E-05   3.56983383E-05   3.57170363E-07
 5.55000E+01               3.73317468E-07   3.68110689E-05   3.68021650E-05   3.68230636E-07
 5.65000E+01               3.81253721E-07   3.78875450E-05   3.78814010E-05   3.79040558E-07
 5.75000E+01               3.89180069E-07   3.89390159E-05   3.89353888E-05   3.89593887E-07
 5.85000E+01               3.97092505E-07   3.99650351E-05   3.99636818E-05   3.99886537E-07
 5.95000E+01               4.04987878E-07   4.09653459E-05   4.09660242E-05   4.09916365E-07
 6.05000E+01               4.12863999E-07   4.19398617E-05   4.19423309E-05   4.19682953E-07
 6.15000E+01               4.20719740E-07   4.28886459E-05   4.28926675E-05   4.29187404E-07
 6.25000E+01               4.28555146E-07   4.38118928E-05   4.38172305E-05   4.38432131E-07
 6.35000E+01               4.36371566E-07   4.47099095E-05   4.47163290E-05   4.47420670E-07
 6.45000E+01               4.44171787E-07   4.55830983E-05   4.55903671E-05   4.56157499E-07
 6.55000E+01               4.51960187E-07   4.64319410E-05   4.64398271E-05   4.64647866E-07
 6.65000E+01               4.59742907E-07   4.72569840E-05   4.72652550E-05   4.72897641E-07
 6.75000E+01               4.67528043E-07   4.80588250E-05   4.80672468E-05   4.80913178E-07
 6.85000E+01               4.75325859E-07   4.88381010E-05   4.88464357E-05   4.88701195E-07
 6.95000E+01               4.83149030E-07   4.95954781E-05   4.96034821E-05   4.96268660E-07
 7.05000E+01               4.91012915E-07   5.03316420E-05   5.03390633E-05   5.03622710E-07
 7.15000E+01               4.98935868E-07   5.10472905E-05   5.10538660E-05   5.10770560E-07
 7.25000E+01               5.06939585E-07   5.17431269E-05   5.17485788E-05   5.17719448E-07
 7.35000E+01               5.15049506E-07   5.24198547E-05   5.24238870E-05   5.24476573E-07
 7.45000E+01               5.23295259E-07   5.30781740E-05   5.30804680E-05   5.31049058E-07
 7.55000E+01               5.31711176E-07   5.37187786E-05   5.37189881E-05   5.37443917E-07
 7.65000E+01               5.40336865E-07   5.43423550E-05   5.43401013E-05   5.43668037E-07
 7.75000E+01               5.49217868E-07   5.49495838E-05   5.49444492E-05   5.49728178E-07
 7.85000E+01               5.58406393E-07   5.55411434E-05   5.55326647E-05   5.55630983E-07
 7.95000E+01               5.67962144E-07   5.61177182E-05   5.61053788E-05   5.61383031E-07
 8.05000E+01               5.77953247E-07   5.66800131E-05   5.66632350E-05   5.66990925E-07
 8.15000E+01               5.88457275E-07   5.72287795E-05   5.72069137E-05   5.72461474E-07
 8.25000E+01               5.99562375E-07   5.77648582E-05   5.77371750E-05   5.77801999E-07
 8.35000E+01               6.11368475E-07   5.82892527E-05   5.82549308E-05   5.83020897E-07
 8.45000E+01               6.23988531E-07   5.88032515E-05   5.87613669E-05   5.88128610E-07
 8.55000E+01               6.37549745E-07   5.93086330E-05   5.92581487E-05   5.93139324E-07
 8.65000E+01               6.52194589E-07   5.98080084E-05   5.97477659E-05   5.98073920E-07
 8.75000E+01               6.68081374E-07   6.03053965E-05   6.02341115E-05   6.02965076E-07
 8.85000E+01               6.85383850E-07   6.08071832E-05   6.07234509E-05   6.07866074E-07
 8.95000E+01               7.04288989E-07   6.13237270E-05   6.12260446E-05   6.12865924E-07
 9.05000E+01               7.24991418E-07   6.18720398E-05   6.17588605E-05   6.18115290E-07
 9.15000E+01               7.47681945E-07   6.24802638E-05   6.23501067E-05   6.23870781E-07
 9.25000E+01               7.72525859E-07   6.31951395E-05   6.30467962E-05   6.30570408E-07
 9.35000E+01               7.99624129E-07   6.40944573E-05   6.39273662E-05   6.38961804E-07
 9.45000E+01               8.28947175E-07   6.53078054E-05   6.51227089E-05   6.50319605E-07
 9.55000E+01               8.60227953E-07   6.70511164E-05   6.68511934E-05   6.66813227E-07
 9.65000E+01               8.92803127E-07   6.96841554E-05   6.94769338E-05   6.92128237E-07
 9.75000E+01               9.25409690E-07   7.38061149E-05   7.36066365E-05   7.32515641E-07
 9.85000E+01               9.55999048E-07   8.04144609E-05   8.02504058E-05   7.98565202E-07
 9.95000E+01               9.81729108E-07   9.11686686E-05   9.10884910E-05   9.08208813E-07
