# Units: Log10 mol/kgw
 TITLE = " Years"
VARIABLES = "X (meters)", "H+        ", "Ca++      ", "Na+       ", "Cl-       ", "OH-       ", "CaOH+     ", "NaOH(aq)  ", "CaCl+     ", "CaCl2(aq) ", "
 ZONE F=POINT,I=         101
 4.00000E-02              -6.95140E+00  -2.26741E+00  -3.84951E+00  -1.96048E+00  -6.94240E+00  -8.20498E+00  -1.17069E+01  -5.13876E+00  -7.16774E+00
 1.60000E-01              -6.95140E+00  -2.26741E+00  -3.84951E+00  -1.96048E+00  -6.94240E+00  -8.20498E+00  -1.17069E+01  -5.13876E+00  -7.16774E+00
 3.20000E-01              -6.95140E+00  -2.26741E+00  -3.84951E+00  -1.96048E+00  -6.94240E+00  -8.20498E+00  -1.17069E+01  -5.13876E+00  -7.16774E+00
 4.80000E-01              -6.95140E+00  -2.26741E+00  -3.84951E+00  -1.96048E+00  -6.94240E+00  -8.20498E+00  -1.17069E+01  -5.13876E+00  -7.16774E+00
 6.40000E-01              -6.95140E+00  -2.26741E+00  -3.84951E+00  -1.96048E+00  -6.94240E+00  -8.20498E+00  -1.17069E+01  -5.13876E+00  -7.16774E+00
 8.00000E-01              -6.95140E+00  -2.26741E+00  -3.84951E+00  -1.96048E+00  -6.94240E+00  -8.20498E+00  -1.17069E+01  -5.13876E+00  -7.16774E+00
 9.60000E-01              -6.95140E+00  -2.26741E+00  -3.84951E+00  -1.96048E+00  -6.94240E+00  -8.20498E+00  -1.17069E+01  -5.13876E+00  -7.16774E+00
 1.12000E+00              -6.95140E+00  -2.26741E+00  -3.84951E+00  -1.96048E+00  -6.94240E+00  -8.20498E+00  -1.17069E+01  -5.13876E+00  -7.16774E+00
 1.28000E+00              -6.95140E+00  -2.26741E+00  -3.84951E+00  -1.96048E+00  -6.94240E+00  -8.20498E+00  -1.17069E+01  -5.13876E+00  -7.16774E+00
 1.44000E+00              -6.95140E+00  -2.26741E+00  -3.84951E+00  -1.96048E+00  -6.94240E+00  -8.20498E+00  -1.17069E+01  -5.13876E+00  -7.16774E+00
 1.60000E+00              -6.95140E+00  -2.26741E+00  -3.84951E+00  -1.96048E+00  -6.94240E+00  -8.20498E+00  -1.17069E+01  -5.13876E+00  -7.16774E+00
 1.76000E+00              -6.95140E+00  -2.26741E+00  -3.84951E+00  -1.96048E+00  -6.94240E+00  -8.20498E+00  -1.17069E+01  -5.13876E+00  -7.16774E+00
 1.92000E+00              -6.95140E+00  -2.26741E+00  -3.84951E+00  -1.96048E+00  -6.94240E+00  -8.20498E+00  -1.17069E+01  -5.13876E+00  -7.16774E+00
 2.08000E+00              -6.95140E+00  -2.26741E+00  -3.84951E+00  -1.96048E+00  -6.94240E+00  -8.20498E+00  -1.17069E+01  -5.13876E+00  -7.16774E+00
 2.24000E+00              -6.95140E+00  -2.26741E+00  -3.84951E+00  -1.96048E+00  -6.94240E+00  -8.20498E+00  -1.17069E+01  -5.13876E+00  -7.16774E+00
 2.40000E+00              -6.95140E+00  -2.26741E+00  -3.84951E+00  -1.96048E+00  -6.94240E+00  -8.20498E+00  -1.17069E+01  -5.13876E+00  -7.16774E+00
 2.56000E+00              -6.95140E+00  -2.26741E+00  -3.84951E+00  -1.96048E+00  -6.94240E+00  -8.20498E+00  -1.17069E+01  -5.13876E+00  -7.16774E+00
 2.72000E+00              -6.95140E+00  -2.26741E+00  -3.84951E+00  -1.96048E+00  -6.94240E+00  -8.20498E+00  -1.17069E+01  -5.13876E+00  -7.16774E+00
 2.88000E+00              -6.95140E+00  -2.26741E+00  -3.84951E+00  -1.96048E+00  -6.94240E+00  -8.20498E+00  -1.17069E+01  -5.13876E+00  -7.16774E+00
 3.04000E+00              -6.95140E+00  -2.26741E+00  -3.84951E+00  -1.96048E+00  -6.94240E+00  -8.20498E+00  -1.17069E+01  -5.13876E+00  -7.16774E+00
 3.20000E+00              -6.95140E+00  -2.26741E+00  -3.84951E+00  -1.96048E+00  -6.94240E+00  -8.20498E+00  -1.17069E+01  -5.13876E+00  -7.16774E+00
 3.36000E+00              -6.95140E+00  -2.26741E+00  -3.84951E+00  -1.96048E+00  -6.94240E+00  -8.20498E+00  -1.17069E+01  -5.13876E+00  -7.16774E+00
 3.52000E+00              -6.95140E+00  -2.26741E+00  -3.84951E+00  -1.96048E+00  -6.94240E+00  -8.20498E+00  -1.17069E+01  -5.13876E+00  -7.16774E+00
 3.68000E+00              -6.95140E+00  -2.26741E+00  -3.84951E+00  -1.96048E+00  -6.94240E+00  -8.20498E+00  -1.17069E+01  -5.13876E+00  -7.16774E+00
 3.84000E+00              -6.95140E+00  -2.26741E+00  -3.84951E+00  -1.96048E+00  -6.94240E+00  -8.20498E+00  -1.17069E+01  -5.13876E+00  -7.16774E+00
 4.00000E+00              -6.95140E+00  -2.26741E+00  -3.84951E+00  -1.96048E+00  -6.94240E+00  -8.20498E+00  -1.17069E+01  -5.13876E+00  -7.16774E+00
 4.16000E+00              -6.95140E+00  -2.26741E+00  -3.84951E+00  -1.96048E+00  -6.94240E+00  -8.20498E+00  -1.17069E+01  -5.13876E+00  -7.16774E+00
 4.32000E+00              -6.95140E+00  -2.26741E+00  -3.84951E+00  -1.96048E+00  -6.94240E+00  -8.20498E+00  -1.17069E+01  -5.13876E+00  -7.16774E+00
 4.48000E+00              -6.95140E+00  -2.26741E+00  -3.84951E+00  -1.96048E+00  -6.94240E+00  -8.20498E+00  -1.17069E+01  -5.13876E+00  -7.16774E+00
 4.64000E+00              -6.95140E+00  -2.26741E+00  -3.84951E+00  -1.96048E+00  -6.94240E+00  -8.20498E+00  -1.17069E+01  -5.13876E+00  -7.16774E+00
 4.80000E+00              -6.95140E+00  -2.26741E+00  -3.84951E+00  -1.96048E+00  -6.94240E+00  -8.20498E+00  -1.17069E+01  -5.13876E+00  -7.16774E+00
 4.96000E+00              -6.95140E+00  -2.26741E+00  -3.84951E+00  -1.96048E+00  -6.94240E+00  -8.20498E+00  -1.17069E+01  -5.13876E+00  -7.16773E+00
 5.12000E+00              -6.95140E+00  -2.26741E+00  -3.84951E+00  -1.96048E+00  -6.94240E+00  -8.20498E+00  -1.17069E+01  -5.13876E+00  -7.16773E+00
 5.28000E+00              -6.95140E+00  -2.26741E+00  -3.84951E+00  -1.96048E+00  -6.94240E+00  -8.20498E+00  -1.17069E+01  -5.13876E+00  -7.16773E+00
 5.44000E+00              -6.95140E+00  -2.26741E+00  -3.84952E+00  -1.96048E+00  -6.94240E+00  -8.20498E+00  -1.17069E+01  -5.13876E+00  -7.16773E+00
 5.60000E+00              -6.95140E+00  -2.26741E+00  -3.84952E+00  -1.96048E+00  -6.94240E+00  -8.20498E+00  -1.17069E+01  -5.13876E+00  -7.16773E+00
 5.76000E+00              -6.95140E+00  -2.26741E+00  -3.84954E+00  -1.96048E+00  -6.94240E+00  -8.20498E+00  -1.17069E+01  -5.13876E+00  -7.16773E+00
 5.92000E+00              -6.95140E+00  -2.26741E+00  -3.84956E+00  -1.96048E+00  -6.94240E+00  -8.20498E+00  -1.17070E+01  -5.13876E+00  -7.16773E+00
 6.08000E+00              -6.95140E+00  -2.26741E+00  -3.84960E+00  -1.96048E+00  -6.94240E+00  -8.20498E+00  -1.17070E+01  -5.13876E+00  -7.16773E+00
 6.24000E+00              -6.95140E+00  -2.26740E+00  -3.84967E+00  -1.96048E+00  -6.94240E+00  -8.20497E+00  -1.17071E+01  -5.13876E+00  -7.16773E+00
 6.40000E+00              -6.95140E+00  -2.26740E+00  -3.84978E+00  -1.96048E+00  -6.94240E+00  -8.20497E+00  -1.17072E+01  -5.13876E+00  -7.16773E+00
 6.56000E+00              -6.95140E+00  -2.26740E+00  -3.84995E+00  -1.96048E+00  -6.94240E+00  -8.20497E+00  -1.17073E+01  -5.13876E+00  -7.16773E+00
 6.72000E+00              -6.95140E+00  -2.26740E+00  -3.85022E+00  -1.96048E+00  -6.94240E+00  -8.20497E+00  -1.17076E+01  -5.13876E+00  -7.16773E+00
 6.88000E+00              -6.95140E+00  -2.26739E+00  -3.85063E+00  -1.96048E+00  -6.94240E+00  -8.20496E+00  -1.17080E+01  -5.13875E+00  -7.16772E+00
 7.04000E+00              -6.95140E+00  -2.26738E+00  -3.85123E+00  -1.96048E+00  -6.94240E+00  -8.20496E+00  -1.17086E+01  -5.13874E+00  -7.16771E+00
 7.20000E+00              -6.95139E+00  -2.26737E+00  -3.85209E+00  -1.96048E+00  -6.94240E+00  -8.20495E+00  -1.17095E+01  -5.13873E+00  -7.16770E+00
 7.36000E+00              -6.95139E+00  -2.26736E+00  -3.85331E+00  -1.96048E+00  -6.94240E+00  -8.20493E+00  -1.17107E+01  -5.13872E+00  -7.16769E+00
 7.52000E+00              -6.95139E+00  -2.26733E+00  -3.85500E+00  -1.96048E+00  -6.94240E+00  -8.20491E+00  -1.17124E+01  -5.13870E+00  -7.16767E+00
 7.68000E+00              -6.95139E+00  -2.26731E+00  -3.85728E+00  -1.96048E+00  -6.94240E+00  -8.20488E+00  -1.17147E+01  -5.13867E+00  -7.16764E+00
 7.84000E+00              -6.95139E+00  -2.26727E+00  -3.86031E+00  -1.96048E+00  -6.94240E+00  -8.20485E+00  -1.17177E+01  -5.13863E+00  -7.16761E+00
 8.00000E+00              -6.95139E+00  -2.26722E+00  -3.86427E+00  -1.96048E+00  -6.94240E+00  -8.20480E+00  -1.17217E+01  -5.13859E+00  -7.16756E+00
 8.16000E+00              -6.95139E+00  -2.26715E+00  -3.86934E+00  -1.96048E+00  -6.94240E+00  -8.20474E+00  -1.17267E+01  -5.13853E+00  -7.16750E+00
 8.32000E+00              -6.95138E+00  -2.26707E+00  -3.87573E+00  -1.96048E+00  -6.94240E+00  -8.20467E+00  -1.17331E+01  -5.13845E+00  -7.16743E+00
 8.48000E+00              -6.95138E+00  -2.26697E+00  -3.88367E+00  -1.96048E+00  -6.94240E+00  -8.20458E+00  -1.17411E+01  -5.13836E+00  -7.16734E+00
 8.64000E+00              -6.95137E+00  -2.26686E+00  -3.89336E+00  -1.96048E+00  -6.94240E+00  -8.20447E+00  -1.17508E+01  -5.13825E+00  -7.16724E+00
 8.80000E+00              -6.95137E+00  -2.26672E+00  -3.90505E+00  -1.96048E+00  -6.94241E+00  -8.20434E+00  -1.17625E+01  -5.13812E+00  -7.16712E+00
 8.96000E+00              -6.95136E+00  -2.26656E+00  -3.91895E+00  -1.96048E+00  -6.94241E+00  -8.20420E+00  -1.17764E+01  -5.13797E+00  -7.16697E+00
 9.12000E+00              -6.95135E+00  -2.26638E+00  -3.93530E+00  -1.96048E+00  -6.94241E+00  -8.20403E+00  -1.17927E+01  -5.13780E+00  -7.16681E+00
 9.28000E+00              -6.95135E+00  -2.26618E+00  -3.95430E+00  -1.96047E+00  -6.94241E+00  -8.20385E+00  -1.18118E+01  -5.13762E+00  -7.16663E+00
 9.44000E+00              -6.95134E+00  -2.26596E+00  -3.97616E+00  -1.96047E+00  -6.94241E+00  -8.20364E+00  -1.18336E+01  -5.13741E+00  -7.16643E+00
 9.60000E+00              -6.95133E+00  -2.26573E+00  -4.00108E+00  -1.96047E+00  -6.94241E+00  -8.20343E+00  -1.18586E+01  -5.13719E+00  -7.16622E+00
 9.76000E+00              -6.95132E+00  -2.26548E+00  -4.02922E+00  -1.96047E+00  -6.94242E+00  -8.20319E+00  -1.18867E+01  -5.13695E+00  -7.16599E+00
 9.92000E+00              -6.95131E+00  -2.26521E+00  -4.06075E+00  -1.96047E+00  -6.94242E+00  -8.20295E+00  -1.19182E+01  -5.13670E+00  -7.16575E+00
 1.00800E+01              -6.95129E+00  -2.26494E+00  -4.09582E+00  -1.96047E+00  -6.94242E+00  -8.20270E+00  -1.19533E+01  -5.13645E+00  -7.16550E+00
 1.02400E+01              -6.95128E+00  -2.26467E+00  -4.13456E+00  -1.96047E+00  -6.94242E+00  -8.20245E+00  -1.19921E+01  -5.13619E+00  -7.16526E+00
 1.04000E+01              -6.95127E+00  -2.26439E+00  -4.17708E+00  -1.96047E+00  -6.94243E+00  -8.20219E+00  -1.20346E+01  -5.13593E+00  -7.16501E+00
 1.05600E+01              -6.95126E+00  -2.26412E+00  -4.22349E+00  -1.96046E+00  -6.94243E+00  -8.20194E+00  -1.20810E+01  -5.13568E+00  -7.16476E+00
 1.07200E+01              -6.95125E+00  -2.26386E+00  -4.27386E+00  -1.96046E+00  -6.94243E+00  -8.20170E+00  -1.21314E+01  -5.13543E+00  -7.16453E+00
 1.08800E+01              -6.95124E+00  -2.26361E+00  -4.32827E+00  -1.96046E+00  -6.94243E+00  -8.20147E+00  -1.21858E+01  -5.13520E+00  -7.16430E+00
 1.10400E+01              -6.95123E+00  -2.26337E+00  -4.38676E+00  -1.96046E+00  -6.94244E+00  -8.20125E+00  -1.22444E+01  -5.13498E+00  -7.16409E+00
 1.12000E+01              -6.95122E+00  -2.26315E+00  -4.44937E+00  -1.96046E+00  -6.94244E+00  -8.20105E+00  -1.23070E+01  -5.13477E+00  -7.16389E+00
 1.13600E+01              -6.95121E+00  -2.26295E+00  -4.51608E+00  -1.96046E+00  -6.94244E+00  -8.20086E+00  -1.23737E+01  -5.13458E+00  -7.16370E+00
 1.15200E+01              -6.95120E+00  -2.26277E+00  -4.58689E+00  -1.96046E+00  -6.94244E+00  -8.20069E+00  -1.24445E+01  -5.13441E+00  -7.16354E+00
 1.16800E+01              -6.95120E+00  -2.26260E+00  -4.66174E+00  -1.96046E+00  -6.94244E+00  -8.20054E+00  -1.25194E+01  -5.13425E+00  -7.16339E+00
 1.18400E+01              -6.95119E+00  -2.26246E+00  -4.74054E+00  -1.96046E+00  -6.94244E+00  -8.20041E+00  -1.25982E+01  -5.13412E+00  -7.16326E+00
 1.20000E+01              -6.95119E+00  -2.26233E+00  -4.82315E+00  -1.96046E+00  -6.94244E+00  -8.20029E+00  -1.26808E+01  -5.13400E+00  -7.16315E+00
 1.21600E+01              -6.95118E+00  -2.26223E+00  -4.90935E+00  -1.96045E+00  -6.94245E+00  -8.20019E+00  -1.27670E+01  -5.13390E+00  -7.16305E+00
 1.23200E+01              -6.95118E+00  -2.26213E+00  -4.99887E+00  -1.96045E+00  -6.94245E+00  -8.20011E+00  -1.28565E+01  -5.13381E+00  -7.16296E+00
 1.24800E+01              -6.95117E+00  -2.26206E+00  -5.09131E+00  -1.96045E+00  -6.94245E+00  -8.20004E+00  -1.29490E+01  -5.13374E+00  -7.16290E+00
 1.26400E+01              -6.95117E+00  -2.26199E+00  -5.18616E+00  -1.96045E+00  -6.94245E+00  -8.19998E+00  -1.30438E+01  -5.13368E+00  -7.16284E+00
 1.28000E+01              -6.95117E+00  -2.26194E+00  -5.28271E+00  -1.96045E+00  -6.94245E+00  -8.19993E+00  -1.31404E+01  -5.13363E+00  -7.16279E+00
 1.29600E+01              -6.95117E+00  -2.26190E+00  -5.38009E+00  -1.96045E+00  -6.94245E+00  -8.19989E+00  -1.32377E+01  -5.13359E+00  -7.16275E+00
 1.31200E+01              -6.95117E+00  -2.26187E+00  -5.47715E+00  -1.96045E+00  -6.94245E+00  -8.19986E+00  -1.33348E+01  -5.13356E+00  -7.16272E+00
 1.32800E+01              -6.95117E+00  -2.26184E+00  -5.57252E+00  -1.96045E+00  -6.94245E+00  -8.19984E+00  -1.34302E+01  -5.13354E+00  -7.16270E+00
 1.34400E+01              -6.95117E+00  -2.26182E+00  -5.66459E+00  -1.96045E+00  -6.94245E+00  -8.19982E+00  -1.35222E+01  -5.13352E+00  -7.16268E+00
 1.36000E+01              -6.95116E+00  -2.26181E+00  -5.75158E+00  -1.96045E+00  -6.94245E+00  -8.19980E+00  -1.36092E+01  -5.13350E+00  -7.16267E+00
 1.37600E+01              -6.95116E+00  -2.26179E+00  -5.83171E+00  -1.96045E+00  -6.94245E+00  -8.19979E+00  -1.36894E+01  -5.13349E+00  -7.16266E+00
 1.39200E+01              -6.95116E+00  -2.26178E+00  -5.90339E+00  -1.96045E+00  -6.94245E+00  -8.19978E+00  -1.37611E+01  -5.13348E+00  -7.16265E+00
 1.40800E+01              -6.95116E+00  -2.26178E+00  -5.96548E+00  -1.96045E+00  -6.94245E+00  -8.19978E+00  -1.38231E+01  -5.13348E+00  -7.16264E+00
 1.42400E+01              -6.95116E+00  -2.26177E+00  -6.01746E+00  -1.96045E+00  -6.94245E+00  -8.19977E+00  -1.38751E+01  -5.13347E+00  -7.16264E+00
 1.44000E+01              -6.95116E+00  -2.26177E+00  -6.05950E+00  -1.96045E+00  -6.94245E+00  -8.19977E+00  -1.39172E+01  -5.13347E+00  -7.16263E+00
 1.45600E+01              -6.95116E+00  -2.26177E+00  -6.09239E+00  -1.96045E+00  -6.94245E+00  -8.19977E+00  -1.39500E+01  -5.13347E+00  -7.16263E+00
 1.47200E+01              -6.95116E+00  -2.26176E+00  -6.11733E+00  -1.96045E+00  -6.94245E+00  -8.19977E+00  -1.39750E+01  -5.13347E+00  -7.16263E+00
 1.48800E+01              -6.95116E+00  -2.26176E+00  -6.13574E+00  -1.96045E+00  -6.94245E+00  -8.19976E+00  -1.39934E+01  -5.13346E+00  -7.16263E+00
 1.50400E+01              -6.95116E+00  -2.26176E+00  -6.14898E+00  -1.96045E+00  -6.94245E+00  -8.19976E+00  -1.40066E+01  -5.13346E+00  -7.16263E+00
 1.52000E+01              -6.95116E+00  -2.26176E+00  -6.15832E+00  -1.96045E+00  -6.94245E+00  -8.19976E+00  -1.40160E+01  -5.13346E+00  -7.16263E+00
 1.53600E+01              -6.95116E+00  -2.26176E+00  -6.16476E+00  -1.96045E+00  -6.94245E+00  -8.19976E+00  -1.40224E+01  -5.13346E+00  -7.16263E+00
 1.55200E+01              -6.95116E+00  -2.26176E+00  -6.16914E+00  -1.96045E+00  -6.94245E+00  -8.19976E+00  -1.40268E+01  -5.13346E+00  -7.16263E+00
 1.56800E+01              -6.95116E+00  -2.26176E+00  -6.17207E+00  -1.96045E+00  -6.94245E+00  -8.19976E+00  -1.40297E+01  -5.13346E+00  -7.16263E+00
 1.58400E+01              -6.95116E+00  -2.26176E+00  -6.17399E+00  -1.96045E+00  -6.94245E+00  -8.19976E+00  -1.40317E+01  -5.13346E+00  -7.16263E+00
 1.59600E+01              -6.95116E+00  -2.26176E+00  -6.17475E+00  -1.96045E+00  -6.94245E+00  -8.19976E+00  -1.40324E+01  -5.13346E+00  -7.16263E+00
