# Units: Log10 mol/kgw
 TITLE = " Years"
VARIABLES = "X (meters)", "H+        ", "Ca++      ", "Na+       ", "Cl-       ", "OH-       ", "CaOH+     ", "NaOH(aq)  ", "CaCl+     ", "CaCl2(aq) ", "
 ZONE F=POINT,I=         101
 4.00000E-02              -6.95140E+00  -2.26741E+00  -3.84951E+00  -1.96048E+00  -6.94240E+00  -8.20498E+00  -1.17069E+01  -5.13876E+00  -7.16773E+00
 1.60000E-01              -6.95140E+00  -2.26739E+00  -3.85093E+00  -1.96048E+00  -6.94240E+00  -8.20496E+00  -1.17083E+01  -5.13875E+00  -7.16772E+00
 3.20000E-01              -6.95139E+00  -2.26729E+00  -3.85867E+00  -1.96048E+00  -6.94240E+00  -8.20487E+00  -1.17161E+01  -5.13865E+00  -7.16763E+00
 4.80000E-01              -6.95138E+00  -2.26701E+00  -3.88095E+00  -1.96048E+00  -6.94240E+00  -8.20461E+00  -1.17384E+01  -5.13839E+00  -7.16737E+00
 6.40000E-01              -6.95136E+00  -2.26648E+00  -3.92659E+00  -1.96048E+00  -6.94241E+00  -8.20412E+00  -1.17840E+01  -5.13789E+00  -7.16690E+00
 8.00000E-01              -6.95133E+00  -2.26572E+00  -4.00233E+00  -1.96047E+00  -6.94241E+00  -8.20342E+00  -1.18598E+01  -5.13718E+00  -7.16621E+00
 9.60000E-01              -6.95129E+00  -2.26482E+00  -4.11205E+00  -1.96047E+00  -6.94242E+00  -8.20259E+00  -1.19696E+01  -5.13634E+00  -7.16540E+00
 1.12000E+00              -6.95125E+00  -2.26394E+00  -4.25711E+00  -1.96046E+00  -6.94243E+00  -8.20178E+00  -1.21147E+01  -5.13551E+00  -7.16460E+00
 1.28000E+00              -6.95122E+00  -2.26319E+00  -4.43703E+00  -1.96046E+00  -6.94244E+00  -8.20109E+00  -1.22946E+01  -5.13481E+00  -7.16392E+00
 1.44000E+00              -6.95120E+00  -2.26263E+00  -4.64982E+00  -1.96046E+00  -6.94244E+00  -8.20056E+00  -1.25074E+01  -5.13428E+00  -7.16341E+00
 1.60000E+00              -6.95118E+00  -2.26225E+00  -4.89168E+00  -1.96045E+00  -6.94245E+00  -8.20021E+00  -1.27493E+01  -5.13392E+00  -7.16307E+00
 1.76000E+00              -6.95117E+00  -2.26201E+00  -5.15573E+00  -1.96045E+00  -6.94245E+00  -8.19999E+00  -1.30134E+01  -5.13370E+00  -7.16286E+00
 1.92000E+00              -6.95117E+00  -2.26188E+00  -5.42914E+00  -1.96045E+00  -6.94245E+00  -8.19987E+00  -1.32868E+01  -5.13358E+00  -7.16274E+00
 2.08000E+00              -6.95116E+00  -2.26182E+00  -5.68911E+00  -1.96045E+00  -6.94245E+00  -8.19981E+00  -1.35468E+01  -5.13351E+00  -7.16268E+00
 2.24000E+00              -6.95116E+00  -2.26178E+00  -5.90372E+00  -1.96045E+00  -6.94245E+00  -8.19978E+00  -1.37614E+01  -5.13348E+00  -7.16265E+00
 2.40000E+00              -6.95116E+00  -2.26177E+00  -6.04823E+00  -1.96045E+00  -6.94245E+00  -8.19977E+00  -1.39059E+01  -5.13347E+00  -7.16264E+00
 2.56000E+00              -6.95116E+00  -2.26176E+00  -6.12572E+00  -1.96045E+00  -6.94245E+00  -8.19976E+00  -1.39834E+01  -5.13346E+00  -7.16263E+00
 2.72000E+00              -6.95116E+00  -2.26176E+00  -6.15993E+00  -1.96045E+00  -6.94245E+00  -8.19976E+00  -1.40176E+01  -5.13346E+00  -7.16263E+00
 2.88000E+00              -6.95116E+00  -2.26176E+00  -6.17305E+00  -1.96045E+00  -6.94245E+00  -8.19976E+00  -1.40307E+01  -5.13346E+00  -7.16263E+00
 3.04000E+00              -6.95116E+00  -2.26176E+00  -6.17755E+00  -1.96045E+00  -6.94245E+00  -8.19976E+00  -1.40352E+01  -5.13346E+00  -7.16263E+00
 3.20000E+00              -6.95116E+00  -2.26176E+00  -6.17890E+00  -1.96045E+00  -6.94245E+00  -8.19976E+00  -1.40366E+01  -5.13346E+00  -7.16263E+00
 3.36000E+00              -6.95116E+00  -2.26176E+00  -6.17919E+00  -1.96045E+00  -6.94245E+00  -8.19976E+00  -1.40369E+01  -5.13346E+00  -7.16263E+00
 3.52000E+00              -6.95116E+00  -2.26176E+00  -6.17916E+00  -1.96045E+00  -6.94245E+00  -8.19976E+00  -1.40368E+01  -5.13346E+00  -7.16263E+00
 3.68000E+00              -6.95116E+00  -2.26176E+00  -6.17903E+00  -1.96045E+00  -6.94245E+00  -8.19976E+00  -1.40367E+01  -5.13346E+00  -7.16263E+00
 3.84000E+00              -6.95116E+00  -2.26176E+00  -6.17889E+00  -1.96045E+00  -6.94245E+00  -8.19976E+00  -1.40366E+01  -5.13346E+00  -7.16263E+00
 4.00000E+00              -6.95116E+00  -2.26176E+00  -6.17876E+00  -1.96045E+00  -6.94245E+00  -8.19976E+00  -1.40364E+01  -5.13346E+00  -7.16263E+00
 4.16000E+00              -6.95116E+00  -2.26176E+00  -6.17863E+00  -1.96046E+00  -6.94245E+00  -8.19976E+00  -1.40363E+01  -5.13347E+00  -7.16264E+00
 4.32000E+00              -6.95116E+00  -2.26177E+00  -6.17852E+00  -1.96046E+00  -6.94245E+00  -8.19977E+00  -1.40362E+01  -5.13347E+00  -7.16265E+00
 4.48000E+00              -6.95116E+00  -2.26177E+00  -6.17841E+00  -1.96047E+00  -6.94245E+00  -8.19977E+00  -1.40361E+01  -5.13349E+00  -7.16266E+00
 4.64000E+00              -6.95116E+00  -2.26179E+00  -6.17832E+00  -1.96048E+00  -6.94245E+00  -8.19978E+00  -1.40360E+01  -5.13351E+00  -7.16270E+00
 4.80000E+00              -6.95117E+00  -2.26181E+00  -6.17824E+00  -1.96050E+00  -6.94245E+00  -8.19980E+00  -1.40359E+01  -5.13356E+00  -7.16277E+00
 4.96000E+00              -6.95117E+00  -2.26186E+00  -6.17817E+00  -1.96055E+00  -6.94245E+00  -8.19984E+00  -1.40358E+01  -5.13363E+00  -7.16289E+00
 5.12000E+00              -6.95117E+00  -2.26193E+00  -6.17813E+00  -1.96062E+00  -6.94245E+00  -8.19990E+00  -1.40358E+01  -5.13377E+00  -7.16309E+00
 5.28000E+00              -6.95118E+00  -2.26206E+00  -6.17811E+00  -1.96075E+00  -6.94246E+00  -8.20001E+00  -1.40357E+01  -5.13400E+00  -7.16343E+00
 5.44000E+00              -6.95120E+00  -2.26226E+00  -6.17813E+00  -1.96096E+00  -6.94246E+00  -8.20018E+00  -1.40357E+01  -5.13437E+00  -7.16398E+00
 5.60000E+00              -6.95122E+00  -2.26259E+00  -6.17821E+00  -1.96128E+00  -6.94247E+00  -8.20044E+00  -1.40358E+01  -5.13495E+00  -7.16484E+00
 5.76000E+00              -6.95126E+00  -2.26308E+00  -6.17838E+00  -1.96177E+00  -6.94249E+00  -8.20085E+00  -1.40359E+01  -5.13584E+00  -7.16616E+00
 5.92000E+00              -6.95131E+00  -2.26381E+00  -6.17866E+00  -1.96251E+00  -6.94251E+00  -8.20145E+00  -1.40361E+01  -5.13716E+00  -7.16813E+00
 6.08000E+00              -6.95138E+00  -2.26488E+00  -6.17910E+00  -1.96357E+00  -6.94254E+00  -8.20233E+00  -1.40365E+01  -5.13908E+00  -7.17099E+00
 6.24000E+00              -6.95148E+00  -2.26639E+00  -6.17974E+00  -1.96508E+00  -6.94258E+00  -8.20358E+00  -1.40370E+01  -5.14179E+00  -7.17503E+00
 6.40000E+00              -6.95163E+00  -2.26847E+00  -6.18066E+00  -1.96717E+00  -6.94264E+00  -8.20530E+00  -1.40377E+01  -5.14555E+00  -7.18063E+00
 6.56000E+00              -6.95182E+00  -2.27129E+00  -6.18192E+00  -1.96998E+00  -6.94273E+00  -8.20763E+00  -1.40387E+01  -5.15063E+00  -7.18818E+00
 6.72000E+00              -6.95207E+00  -2.27501E+00  -6.18361E+00  -1.97371E+00  -6.94284E+00  -8.21071E+00  -1.40401E+01  -5.15733E+00  -7.19817E+00
 6.88000E+00              -6.95238E+00  -2.27982E+00  -6.18581E+00  -1.97852E+00  -6.94299E+00  -8.21470E+00  -1.40419E+01  -5.16602E+00  -7.21111E+00
 7.04000E+00              -6.95278E+00  -2.28593E+00  -6.18862E+00  -1.98464E+00  -6.94319E+00  -8.21979E+00  -1.40442E+01  -5.17705E+00  -7.22754E+00
 7.20000E+00              -6.95326E+00  -2.29355E+00  -6.19213E+00  -1.99226E+00  -6.94343E+00  -8.22613E+00  -1.40471E+01  -5.19081E+00  -7.24803E+00
 7.36000E+00              -6.95384E+00  -2.30288E+00  -6.19644E+00  -2.00160E+00  -6.94374E+00  -8.23393E+00  -1.40507E+01  -5.20768E+00  -7.27316E+00
 7.52000E+00              -6.95452E+00  -2.31413E+00  -6.20165E+00  -2.01285E+00  -6.94413E+00  -8.24336E+00  -1.40550E+01  -5.22803E+00  -7.30347E+00
 7.68000E+00              -6.95530E+00  -2.32749E+00  -6.20784E+00  -2.02621E+00  -6.94459E+00  -8.25459E+00  -1.40602E+01  -5.25222E+00  -7.33952E+00
 7.84000E+00              -6.95618E+00  -2.34313E+00  -6.21511E+00  -2.04187E+00  -6.94515E+00  -8.26779E+00  -1.40663E+01  -5.28059E+00  -7.38179E+00
 8.00000E+00              -6.95717E+00  -2.36123E+00  -6.22352E+00  -2.05997E+00  -6.94582E+00  -8.28313E+00  -1.40734E+01  -5.31344E+00  -7.43077E+00
 8.16000E+00              -6.95825E+00  -2.38191E+00  -6.23315E+00  -2.08067E+00  -6.94660E+00  -8.30073E+00  -1.40816E+01  -5.35105E+00  -7.48685E+00
 8.32000E+00              -6.95942E+00  -2.40531E+00  -6.24405E+00  -2.10407E+00  -6.94749E+00  -8.32075E+00  -1.40910E+01  -5.39367E+00  -7.55041E+00
 8.48000E+00              -6.96066E+00  -2.43152E+00  -6.25627E+00  -2.13029E+00  -6.94852E+00  -8.34328E+00  -1.41016E+01  -5.44149E+00  -7.62175E+00
 8.64000E+00              -6.96197E+00  -2.46061E+00  -6.26985E+00  -2.15940E+00  -6.94968E+00  -8.36843E+00  -1.41134E+01  -5.49470E+00  -7.70115E+00
 8.80000E+00              -6.96332E+00  -2.49266E+00  -6.28482E+00  -2.19146E+00  -6.95097E+00  -8.39629E+00  -1.41266E+01  -5.55344E+00  -7.78883E+00
 8.96000E+00              -6.96472E+00  -2.52770E+00  -6.30121E+00  -2.22651E+00  -6.95240E+00  -8.42692E+00  -1.41412E+01  -5.61782E+00  -7.88496E+00
 9.12000E+00              -6.96613E+00  -2.56576E+00  -6.31903E+00  -2.26459E+00  -6.95395E+00  -8.46041E+00  -1.41571E+01  -5.68794E+00  -7.98970E+00
 9.28000E+00              -6.96756E+00  -2.60687E+00  -6.33831E+00  -2.30572E+00  -6.95563E+00  -8.49679E+00  -1.41746E+01  -5.76388E+00  -8.10317E+00
 9.44000E+00              -6.96898E+00  -2.65104E+00  -6.35905E+00  -2.34989E+00  -6.95742E+00  -8.53610E+00  -1.41934E+01  -5.84570E+00  -8.22546E+00
 9.60000E+00              -6.97040E+00  -2.69826E+00  -6.38126E+00  -2.39712E+00  -6.95931E+00  -8.57839E+00  -1.42138E+01  -5.93345E+00  -8.35665E+00
 9.76000E+00              -6.97181E+00  -2.74853E+00  -6.40495E+00  -2.44741E+00  -6.96128E+00  -8.62369E+00  -1.42357E+01  -6.02717E+00  -8.49682E+00
 9.92000E+00              -6.97319E+00  -2.80185E+00  -6.43013E+00  -2.50074E+00  -6.96332E+00  -8.67201E+00  -1.42590E+01  -6.12690E+00  -8.64602E+00
 1.00800E+01              -6.97455E+00  -2.85823E+00  -6.45680E+00  -2.55713E+00  -6.96540E+00  -8.72339E+00  -1.42840E+01  -6.23268E+00  -8.80431E+00
 1.02400E+01              -6.97589E+00  -2.91765E+00  -6.48497E+00  -2.61656E+00  -6.96751E+00  -8.77785E+00  -1.43104E+01  -6.34455E+00  -8.97177E+00
 1.04000E+01              -6.97720E+00  -2.98011E+00  -6.51466E+00  -2.67903E+00  -6.96963E+00  -8.83541E+00  -1.43385E+01  -6.46256E+00  -9.14846E+00
 1.05600E+01              -6.97848E+00  -3.04563E+00  -6.54587E+00  -2.74455E+00  -6.97173E+00  -8.89610E+00  -1.43681E+01  -6.58675E+00  -9.33445E+00
 1.07200E+01              -6.97974E+00  -3.11421E+00  -6.57862E+00  -2.81314E+00  -6.97380E+00  -8.95995E+00  -1.43993E+01  -6.71720E+00  -9.52984E+00
 1.08800E+01              -6.98097E+00  -3.18587E+00  -6.61293E+00  -2.88480E+00  -6.97582E+00  -9.02699E+00  -1.44321E+01  -6.85395E+00  -9.73473E+00
 1.10400E+01              -6.98217E+00  -3.26063E+00  -6.64882E+00  -2.95956E+00  -6.97777E+00  -9.09727E+00  -1.44666E+01  -6.99710E+00  -9.94923E+00
 1.12000E+01              -6.98334E+00  -3.33852E+00  -6.68631E+00  -3.03745E+00  -6.97965E+00  -9.17083E+00  -1.45027E+01  -7.14673E+00  -1.01735E+01
 1.13600E+01              -6.98449E+00  -3.41957E+00  -6.72542E+00  -3.11850E+00  -6.98143E+00  -9.24771E+00  -1.45405E+01  -7.30292E+00  -1.04076E+01
 1.15200E+01              -6.98560E+00  -3.50383E+00  -6.76618E+00  -3.20275E+00  -6.98313E+00  -9.32797E+00  -1.45800E+01  -7.46578E+00  -1.06517E+01
 1.16800E+01              -6.98667E+00  -3.59134E+00  -6.80863E+00  -3.29025E+00  -6.98472E+00  -9.41166E+00  -1.46212E+01  -7.63541E+00  -1.09060E+01
 1.18400E+01              -6.98771E+00  -3.68215E+00  -6.85278E+00  -3.38105E+00  -6.98621E+00  -9.49884E+00  -1.46642E+01  -7.81194E+00  -1.11707E+01
 1.20000E+01              -6.98870E+00  -3.77631E+00  -6.89868E+00  -3.47520E+00  -6.98759E+00  -9.58958E+00  -1.47090E+01  -7.99547E+00  -1.14459E+01
 1.21600E+01              -6.98964E+00  -3.87388E+00  -6.94635E+00  -3.57275E+00  -6.98886E+00  -9.68393E+00  -1.47557E+01  -8.18613E+00  -1.17318E+01
 1.23200E+01              -6.99054E+00  -3.97493E+00  -6.99582E+00  -3.67378E+00  -6.99004E+00  -9.78197E+00  -1.48042E+01  -8.38403E+00  -1.20286E+01
 1.24800E+01              -6.99139E+00  -4.07950E+00  -7.04713E+00  -3.77832E+00  -6.99111E+00  -9.88374E+00  -1.48546E+01  -8.58929E+00  -1.23364E+01
 1.26400E+01              -6.99218E+00  -4.18766E+00  -7.10030E+00  -3.88646E+00  -6.99209E+00  -9.98932E+00  -1.49069E+01  -8.80204E+00  -1.26555E+01
 1.28000E+01              -6.99292E+00  -4.29948E+00  -7.15537E+00  -3.99823E+00  -6.99297E+00  -1.00988E+01  -1.49612E+01  -9.02237E+00  -1.29859E+01
 1.29600E+01              -6.99360E+00  -4.41500E+00  -7.21236E+00  -4.11371E+00  -6.99377E+00  -1.02121E+01  -1.50175E+01  -9.25040E+00  -1.33279E+01
 1.31200E+01              -6.99422E+00  -4.53428E+00  -7.27130E+00  -4.23294E+00  -6.99449E+00  -1.03294E+01  -1.50758E+01  -9.48622E+00  -1.36816E+01
 1.32800E+01              -6.99479E+00  -4.65737E+00  -7.33222E+00  -4.35597E+00  -6.99513E+00  -1.04507E+01  -1.51361E+01  -9.72992E+00  -1.40471E+01
 1.34400E+01              -6.99530E+00  -4.78432E+00  -7.39512E+00  -4.48285E+00  -6.99570E+00  -1.05760E+01  -1.51985E+01  -9.98158E+00  -1.44245E+01
 1.36000E+01              -6.99577E+00  -4.91518E+00  -7.46004E+00  -4.61362E+00  -6.99620E+00  -1.07055E+01  -1.52629E+01  -1.02413E+01  -1.48140E+01
 1.37600E+01              -6.99618E+00  -5.04997E+00  -7.52698E+00  -4.74831E+00  -6.99665E+00  -1.08390E+01  -1.53295E+01  -1.05090E+01  -1.52156E+01
 1.39200E+01              -6.99655E+00  -5.18874E+00  -7.59596E+00  -4.88695E+00  -6.99703E+00  -1.09766E+01  -1.53981E+01  -1.07849E+01  -1.56294E+01
 1.40800E+01              -6.99687E+00  -5.33151E+00  -7.66699E+00  -5.02957E+00  -6.99737E+00  -1.11184E+01  -1.54688E+01  -1.10690E+01  -1.60554E+01
 1.42400E+01              -6.99715E+00  -5.47831E+00  -7.74008E+00  -5.17618E+00  -6.99767E+00  -1.12643E+01  -1.55416E+01  -1.13612E+01  -1.64937E+01
 1.44000E+01              -6.99740E+00  -5.62915E+00  -7.81523E+00  -5.32679E+00  -6.99792E+00  -1.14144E+01  -1.56165E+01  -1.16617E+01  -1.69442E+01
 1.45600E+01              -6.99761E+00  -5.78404E+00  -7.89245E+00  -5.48141E+00  -6.99814E+00  -1.15687E+01  -1.56935E+01  -1.19704E+01  -1.74071E+01
 1.47200E+01              -6.99779E+00  -5.94301E+00  -7.97173E+00  -5.64003E+00  -6.99833E+00  -1.17271E+01  -1.57726E+01  -1.22872E+01  -1.78822E+01
 1.48800E+01              -6.99794E+00  -6.10605E+00  -8.05309E+00  -5.80266E+00  -6.99848E+00  -1.18897E+01  -1.58538E+01  -1.26123E+01  -1.83696E+01
 1.50400E+01              -6.99807E+00  -6.27318E+00  -8.13651E+00  -5.96927E+00  -6.99861E+00  -1.20564E+01  -1.59371E+01  -1.29455E+01  -1.88691E+01
 1.52000E+01              -6.99818E+00  -6.44441E+00  -8.22200E+00  -6.13985E+00  -6.99872E+00  -1.22273E+01  -1.60225E+01  -1.32868E+01  -1.93808E+01
 1.53600E+01              -6.99827E+00  -6.61973E+00  -8.30956E+00  -6.31436E+00  -6.99881E+00  -1.24024E+01  -1.61099E+01  -1.36363E+01  -1.99047E+01
 1.55200E+01              -6.99835E+00  -6.79915E+00  -8.39919E+00  -6.49278E+00  -6.99889E+00  -1.25816E+01  -1.61995E+01  -1.39939E+01  -2.04405E+01
 1.56800E+01              -6.99840E+00  -6.98268E+00  -8.49090E+00  -6.67504E+00  -6.99895E+00  -1.27649E+01  -1.62911E+01  -1.43594E+01  -2.09882E+01
 1.58400E+01              -6.99845E+00  -7.17033E+00  -8.58467E+00  -6.86109E+00  -6.99899E+00  -1.29524E+01  -1.63848E+01  -1.47329E+01  -2.15476E+01
 1.59600E+01              -6.99847E+00  -7.27567E+00  -8.63731E+00  -6.96537E+00  -6.99901E+00  -1.30577E+01  -1.64375E+01  -1.49425E+01  -2.18614E+01
