# Units: Log10 mol/kgw
 TITLE = " Years"
VARIABLES = "X (meters)", "H+        ", "Ca++      ", "Na+       ", "Cl-       ", "OH-       ", "CaOH+     ", "NaOH(aq)  ", "CaCl+     ", "CaCl2(aq) ", "
 ZONE F=POINT,I=         101
 4.00000E-02              -6.95140E+00  -2.26740E+00  -3.85023E+00  -1.96048E+00  -6.94240E+00  -8.20497E+00  -1.17076E+01  -5.13876E+00  -7.16773E+00
 1.60000E-01              -6.95138E+00  -2.26696E+00  -3.88504E+00  -1.96048E+00  -6.94240E+00  -8.20456E+00  -1.17425E+01  -5.13834E+00  -7.16733E+00
 3.20000E-01              -6.95134E+00  -2.26594E+00  -3.97895E+00  -1.96047E+00  -6.94241E+00  -8.20362E+00  -1.18364E+01  -5.13738E+00  -7.16641E+00
 4.80000E-01              -6.95128E+00  -2.26463E+00  -4.14087E+00  -1.96047E+00  -6.94242E+00  -8.20241E+00  -1.19984E+01  -5.13615E+00  -7.16522E+00
 6.40000E-01              -6.95123E+00  -2.26344E+00  -4.36902E+00  -1.96046E+00  -6.94243E+00  -8.20131E+00  -1.22266E+01  -5.13504E+00  -7.16415E+00
 8.00000E-01              -6.95120E+00  -2.26261E+00  -4.65659E+00  -1.96046E+00  -6.94244E+00  -8.20055E+00  -1.25142E+01  -5.13426E+00  -7.16340E+00
 9.60000E-01              -6.95118E+00  -2.26214E+00  -4.99234E+00  -1.96045E+00  -6.94245E+00  -8.20011E+00  -1.28500E+01  -5.13382E+00  -7.16297E+00
 1.12000E+00              -6.95117E+00  -2.26191E+00  -5.35531E+00  -1.96045E+00  -6.94245E+00  -8.19990E+00  -1.32130E+01  -5.13360E+00  -7.16276E+00
 1.28000E+00              -6.95116E+00  -2.26182E+00  -5.70245E+00  -1.96046E+00  -6.94245E+00  -8.19981E+00  -1.35601E+01  -5.13352E+00  -7.16268E+00
 1.44000E+00              -6.95116E+00  -2.26179E+00  -5.96609E+00  -1.96046E+00  -6.94245E+00  -8.19979E+00  -1.38238E+01  -5.13349E+00  -7.16267E+00
 1.60000E+00              -6.95116E+00  -2.26180E+00  -6.10721E+00  -1.96048E+00  -6.94245E+00  -8.19979E+00  -1.39649E+01  -5.13352E+00  -7.16271E+00
 1.76000E+00              -6.95117E+00  -2.26184E+00  -6.16025E+00  -1.96053E+00  -6.94245E+00  -8.19983E+00  -1.40179E+01  -5.13361E+00  -7.16285E+00
 1.92000E+00              -6.95118E+00  -2.26197E+00  -6.17576E+00  -1.96066E+00  -6.94246E+00  -8.19993E+00  -1.40334E+01  -5.13383E+00  -7.16318E+00
 2.08000E+00              -6.95120E+00  -2.26224E+00  -6.17960E+00  -1.96093E+00  -6.94246E+00  -8.20015E+00  -1.40372E+01  -5.13432E+00  -7.16390E+00
 2.24000E+00              -6.95123E+00  -2.26278E+00  -6.18048E+00  -1.96147E+00  -6.94248E+00  -8.20060E+00  -1.40381E+01  -5.13529E+00  -7.16535E+00
 2.40000E+00              -6.95130E+00  -2.26379E+00  -6.18087E+00  -1.96249E+00  -6.94251E+00  -8.20144E+00  -1.40384E+01  -5.13712E+00  -7.16807E+00
 2.56000E+00              -6.95141E+00  -2.26558E+00  -6.18150E+00  -1.96427E+00  -6.94257E+00  -8.20292E+00  -1.40388E+01  -5.14033E+00  -7.17285E+00
 2.72000E+00              -6.95160E+00  -2.26852E+00  -6.18266E+00  -1.96721E+00  -6.94268E+00  -8.20536E+00  -1.40397E+01  -5.14563E+00  -7.18075E+00
 2.88000E+00              -6.95189E+00  -2.27312E+00  -6.18461E+00  -1.97182E+00  -6.94284E+00  -8.20919E+00  -1.40413E+01  -5.15393E+00  -7.19310E+00
 3.04000E+00              -6.95231E+00  -2.27997E+00  -6.18763E+00  -1.97867E+00  -6.94309E+00  -8.21490E+00  -1.40438E+01  -5.16628E+00  -7.21149E+00
 3.20000E+00              -6.95288E+00  -2.28971E+00  -6.19201E+00  -1.98841E+00  -6.94345E+00  -8.22305E+00  -1.40474E+01  -5.18385E+00  -7.23766E+00
 3.36000E+00              -6.95364E+00  -2.30299E+00  -6.19806E+00  -2.00170E+00  -6.94396E+00  -8.23421E+00  -1.40525E+01  -5.20784E+00  -7.27339E+00
 3.52000E+00              -6.95459E+00  -2.32045E+00  -6.20608E+00  -2.01918E+00  -6.94466E+00  -8.24895E+00  -1.40592E+01  -5.23944E+00  -7.32047E+00
 3.68000E+00              -6.95575E+00  -2.34270E+00  -6.21633E+00  -2.04143E+00  -6.94557E+00  -8.26781E+00  -1.40679E+01  -5.27975E+00  -7.38054E+00
 3.84000E+00              -6.95710E+00  -2.37023E+00  -6.22907E+00  -2.06898E+00  -6.94673E+00  -8.29130E+00  -1.40789E+01  -5.32975E+00  -7.45507E+00
 4.00000E+00              -6.95863E+00  -2.40348E+00  -6.24449E+00  -2.10224E+00  -6.94816E+00  -8.31984E+00  -1.40922E+01  -5.39026E+00  -7.54531E+00
 4.16000E+00              -6.96032E+00  -2.44276E+00  -6.26274E+00  -2.14154E+00  -6.94986E+00  -8.35380E+00  -1.41082E+01  -5.46196E+00  -7.65228E+00
 4.32000E+00              -6.96213E+00  -2.48831E+00  -6.28394E+00  -2.18710E+00  -6.95185E+00  -8.39346E+00  -1.41270E+01  -5.54537E+00  -7.77677E+00
 4.48000E+00              -6.96404E+00  -2.54028E+00  -6.30819E+00  -2.23910E+00  -6.95411E+00  -8.43907E+00  -1.41487E+01  -5.64088E+00  -7.91939E+00
 4.64000E+00              -6.96603E+00  -2.59876E+00  -6.33553E+00  -2.29759E+00  -6.95661E+00  -8.49079E+00  -1.41734E+01  -5.74877E+00  -8.08057E+00
 4.80000E+00              -6.96806E+00  -2.66378E+00  -6.36600E+00  -2.36263E+00  -6.95931E+00  -8.54875E+00  -1.42012E+01  -5.86924E+00  -8.26063E+00
 4.96000E+00              -6.97011E+00  -2.73534E+00  -6.39962E+00  -2.43421E+00  -6.96217E+00  -8.61305E+00  -1.42321E+01  -6.00242E+00  -8.45979E+00
 5.12000E+00              -6.97217E+00  -2.81341E+00  -6.43641E+00  -2.51229E+00  -6.96513E+00  -8.68376E+00  -1.42663E+01  -6.14842E+00  -8.67820E+00
 5.28000E+00              -6.97422E+00  -2.89796E+00  -6.47638E+00  -2.59685E+00  -6.96813E+00  -8.76094E+00  -1.43036E+01  -6.30729E+00  -8.91599E+00
 5.44000E+00              -6.97624E+00  -2.98894E+00  -6.51955E+00  -2.68784E+00  -6.97112E+00  -8.84463E+00  -1.43443E+01  -6.47912E+00  -9.17325E+00
 5.60000E+00              -6.97823E+00  -3.08633E+00  -6.56592E+00  -2.78524E+00  -6.97404E+00  -8.93489E+00  -1.43882E+01  -6.66398E+00  -9.45011E+00
 5.76000E+00              -6.98018E+00  -3.19012E+00  -6.61553E+00  -2.88904E+00  -6.97685E+00  -9.03177E+00  -1.44355E+01  -6.86194E+00  -9.74669E+00
 5.92000E+00              -6.98207E+00  -3.30031E+00  -6.66841E+00  -2.99922E+00  -6.97952E+00  -9.13535E+00  -1.44862E+01  -7.07312E+00  -1.00631E+01
 6.08000E+00              -6.98388E+00  -3.41690E+00  -6.72458E+00  -3.11581E+00  -6.98201E+00  -9.24568E+00  -1.45403E+01  -7.29763E+00  -1.03996E+01
 6.24000E+00              -6.98560E+00  -3.53995E+00  -6.78408E+00  -3.23885E+00  -6.98430E+00  -9.36286E+00  -1.45978E+01  -7.53560E+00  -1.07564E+01
 6.40000E+00              -6.98723E+00  -3.66949E+00  -6.84696E+00  -3.36838E+00  -6.98639E+00  -9.48696E+00  -1.46589E+01  -7.78719E+00  -1.11336E+01
 6.56000E+00              -6.98875E+00  -3.80560E+00  -6.91327E+00  -3.50446E+00  -6.98828E+00  -9.61806E+00  -1.47236E+01  -8.05253E+00  -1.15315E+01
 6.72000E+00              -6.99014E+00  -3.94833E+00  -6.98304E+00  -3.64717E+00  -6.98996E+00  -9.75626E+00  -1.47918E+01  -8.33179E+00  -1.19502E+01
 6.88000E+00              -6.99141E+00  -4.09777E+00  -7.05631E+00  -3.79657E+00  -6.99144E+00  -9.90163E+00  -1.48637E+01  -8.62509E+00  -1.23901E+01
 7.04000E+00              -6.99255E+00  -4.25397E+00  -7.13313E+00  -3.95273E+00  -6.99274E+00  -1.00542E+01  -1.49394E+01  -8.93257E+00  -1.28512E+01
 7.20000E+00              -6.99356E+00  -4.41702E+00  -7.21352E+00  -4.11572E+00  -6.99386E+00  -1.02141E+01  -1.50187E+01  -9.25432E+00  -1.33338E+01
 7.36000E+00              -6.99444E+00  -4.58697E+00  -7.29750E+00  -4.28559E+00  -6.99483E+00  -1.03813E+01  -1.51018E+01  -9.59043E+00  -1.38379E+01
 7.52000E+00              -6.99521E+00  -4.76387E+00  -7.38509E+00  -4.46239E+00  -6.99565E+00  -1.05558E+01  -1.51886E+01  -9.94095E+00  -1.43636E+01
 7.68000E+00              -6.99586E+00  -4.94775E+00  -7.47629E+00  -4.64615E+00  -6.99634E+00  -1.07377E+01  -1.52791E+01  -1.03059E+01  -1.49109E+01
 7.84000E+00              -6.99642E+00  -5.13864E+00  -7.57112E+00  -4.83688E+00  -6.99692E+00  -1.09269E+01  -1.53734E+01  -1.06852E+01  -1.54799E+01
 8.00000E+00              -6.99688E+00  -5.33655E+00  -7.66956E+00  -5.03458E+00  -6.99740E+00  -1.11234E+01  -1.54713E+01  -1.10790E+01  -1.60704E+01
 8.16000E+00              -6.99726E+00  -5.54147E+00  -7.77159E+00  -5.23924E+00  -6.99779E+00  -1.13272E+01  -1.55730E+01  -1.14870E+01  -1.66823E+01
 8.32000E+00              -6.99757E+00  -5.75341E+00  -7.87721E+00  -5.45082E+00  -6.99811E+00  -1.15382E+01  -1.56783E+01  -1.19093E+01  -1.73155E+01
 8.48000E+00              -6.99782E+00  -5.97232E+00  -7.98639E+00  -5.66927E+00  -6.99836E+00  -1.17563E+01  -1.57872E+01  -1.23456E+01  -1.79698E+01
 8.64000E+00              -6.99802E+00  -6.19821E+00  -8.09910E+00  -5.89452E+00  -6.99856E+00  -1.19816E+01  -1.58997E+01  -1.27960E+01  -1.86450E+01
 8.80000E+00              -6.99818E+00  -6.43103E+00  -8.21534E+00  -6.12651E+00  -6.99872E+00  -1.22140E+01  -1.60158E+01  -1.32601E+01  -1.93408E+01
 8.96000E+00              -6.99830E+00  -6.67077E+00  -8.33507E+00  -6.36512E+00  -6.99884E+00  -1.24533E+01  -1.61354E+01  -1.37380E+01  -2.00571E+01
 9.12000E+00              -6.99839E+00  -6.91741E+00  -8.45829E+00  -6.61024E+00  -6.99893E+00  -1.26997E+01  -1.62585E+01  -1.42294E+01  -2.07934E+01
 9.28000E+00              -6.99845E+00  -7.17093E+00  -8.58497E+00  -6.86167E+00  -6.99899E+00  -1.29530E+01  -1.63852E+01  -1.47341E+01  -2.15494E+01
 9.44000E+00              -6.99850E+00  -7.43130E+00  -8.71510E+00  -7.11918E+00  -6.99904E+00  -1.32133E+01  -1.65152E+01  -1.52518E+01  -2.23245E+01
 9.60000E+00              -6.99852E+00  -7.69840E+00  -8.84862E+00  -7.38234E+00  -6.99907E+00  -1.34803E+01  -1.66487E+01  -1.57819E+01  -2.31178E+01
 9.76000E+00              -6.99854E+00  -7.97197E+00  -8.98538E+00  -7.65044E+00  -6.99909E+00  -1.37538E+01  -1.67855E+01  -1.63236E+01  -2.39274E+01
 9.92000E+00              -6.99855E+00  -8.25130E+00  -9.12504E+00  -7.92222E+00  -6.99910E+00  -1.40331E+01  -1.69251E+01  -1.68746E+01  -2.47503E+01
 1.00800E+01              -6.99856E+00  -8.53476E+00  -9.26675E+00  -8.19529E+00  -6.99910E+00  -1.43165E+01  -1.70668E+01  -1.74311E+01  -2.55798E+01
 1.02400E+01              -6.99856E+00  -8.81876E+00  -9.40875E+00  -8.46528E+00  -6.99911E+00  -1.46005E+01  -1.72088E+01  -1.79851E+01  -2.64038E+01
 1.04000E+01              -6.99856E+00  -9.09620E+00  -9.54747E+00  -8.72450E+00  -6.99911E+00  -1.48780E+01  -1.73475E+01  -1.85218E+01  -2.71996E+01
 1.05600E+01              -6.99857E+00  -9.35463E+00  -9.67668E+00  -8.96087E+00  -6.99911E+00  -1.51364E+01  -1.74767E+01  -1.90165E+01  -2.79308E+01
 1.07200E+01              -6.99857E+00  -9.57678E+00  -9.78775E+00  -9.15931E+00  -6.99911E+00  -1.53585E+01  -1.75878E+01  -1.94371E+01  -2.85498E+01
 1.08800E+01              -6.99857E+00  -9.74695E+00  -9.87284E+00  -9.30788E+00  -6.99911E+00  -1.55287E+01  -1.76729E+01  -1.97559E+01  -2.90171E+01
 1.10400E+01              -6.99857E+00  -9.86089E+00  -9.92981E+00  -9.40549E+00  -6.99911E+00  -1.56426E+01  -1.77299E+01  -1.99674E+01  -2.93263E+01
 1.12000E+01              -6.99857E+00  -9.92816E+00  -9.96344E+00  -9.46233E+00  -6.99911E+00  -1.57099E+01  -1.77635E+01  -2.00915E+01  -2.95072E+01
 1.13600E+01              -6.99857E+00  -9.96423E+00  -9.98148E+00  -9.49247E+00  -6.99911E+00  -1.57460E+01  -1.77815E+01  -2.01577E+01  -2.96036E+01
 1.15200E+01              -6.99857E+00  -9.98237E+00  -9.99055E+00  -9.50742E+00  -6.99911E+00  -1.57641E+01  -1.77906E+01  -2.01908E+01  -2.96516E+01
 1.16800E+01              -6.99857E+00  -9.99111E+00  -9.99492E+00  -9.51443E+00  -6.99911E+00  -1.57729E+01  -1.77950E+01  -2.02066E+01  -2.96744E+01
 1.18400E+01              -6.99857E+00  -9.99523E+00  -9.99698E+00  -9.51748E+00  -6.99911E+00  -1.57770E+01  -1.77970E+01  -2.02138E+01  -2.96846E+01
 1.20000E+01              -6.99857E+00  -9.99712E+00  -9.99792E+00  -9.51860E+00  -6.99911E+00  -1.57789E+01  -1.77980E+01  -2.02168E+01  -2.96888E+01
 1.21600E+01              -6.99857E+00  -9.99797E+00  -9.99835E+00  -9.51878E+00  -6.99911E+00  -1.57797E+01  -1.77984E+01  -2.02178E+01  -2.96900E+01
 1.23200E+01              -6.99857E+00  -9.99836E+00  -9.99854E+00  -9.51847E+00  -6.99911E+00  -1.57801E+01  -1.77986E+01  -2.02179E+01  -2.96897E+01
 1.24800E+01              -6.99857E+00  -9.99853E+00  -9.99863E+00  -9.51792E+00  -6.99911E+00  -1.57803E+01  -1.77987E+01  -2.02175E+01  -2.96888E+01
 1.26400E+01              -6.99857E+00  -9.99860E+00  -9.99866E+00  -9.51723E+00  -6.99911E+00  -1.57804E+01  -1.77987E+01  -2.02169E+01  -2.96875E+01
 1.28000E+01              -6.99857E+00  -9.99863E+00  -9.99868E+00  -9.51648E+00  -6.99911E+00  -1.57804E+01  -1.77987E+01  -2.02161E+01  -2.96860E+01
 1.29600E+01              -6.99857E+00  -9.99864E+00  -9.99868E+00  -9.51570E+00  -6.99911E+00  -1.57804E+01  -1.77987E+01  -2.02154E+01  -2.96845E+01
 1.31200E+01              -6.99857E+00  -9.99865E+00  -9.99869E+00  -9.51493E+00  -6.99911E+00  -1.57804E+01  -1.77988E+01  -2.02146E+01  -2.96829E+01
 1.32800E+01              -6.99857E+00  -9.99865E+00  -9.99869E+00  -9.51419E+00  -6.99911E+00  -1.57804E+01  -1.77988E+01  -2.02139E+01  -2.96815E+01
 1.34400E+01              -6.99857E+00  -9.99865E+00  -9.99869E+00  -9.51350E+00  -6.99911E+00  -1.57804E+01  -1.77988E+01  -2.02132E+01  -2.96801E+01
 1.36000E+01              -6.99857E+00  -9.99865E+00  -9.99869E+00  -9.51288E+00  -6.99911E+00  -1.57804E+01  -1.77988E+01  -2.02126E+01  -2.96788E+01
 1.37600E+01              -6.99857E+00  -9.99865E+00  -9.99869E+00  -9.51234E+00  -6.99911E+00  -1.57804E+01  -1.77988E+01  -2.02120E+01  -2.96778E+01
 1.39200E+01              -6.99857E+00  -9.99865E+00  -9.99869E+00  -9.51187E+00  -6.99911E+00  -1.57804E+01  -1.77988E+01  -2.02116E+01  -2.96768E+01
 1.40800E+01              -6.99857E+00  -9.99865E+00  -9.99869E+00  -9.51148E+00  -6.99911E+00  -1.57804E+01  -1.77988E+01  -2.02112E+01  -2.96760E+01
 1.42400E+01              -6.99857E+00  -9.99865E+00  -9.99869E+00  -9.51116E+00  -6.99911E+00  -1.57804E+01  -1.77988E+01  -2.02109E+01  -2.96754E+01
 1.44000E+01              -6.99857E+00  -9.99865E+00  -9.99869E+00  -9.51091E+00  -6.99911E+00  -1.57804E+01  -1.77988E+01  -2.02106E+01  -2.96749E+01
 1.45600E+01              -6.99857E+00  -9.99865E+00  -9.99869E+00  -9.51071E+00  -6.99911E+00  -1.57804E+01  -1.77988E+01  -2.02104E+01  -2.96745E+01
 1.47200E+01              -6.99857E+00  -9.99865E+00  -9.99869E+00  -9.51056E+00  -6.99911E+00  -1.57804E+01  -1.77988E+01  -2.02102E+01  -2.96742E+01
 1.48800E+01              -6.99857E+00  -9.99865E+00  -9.99869E+00  -9.51044E+00  -6.99911E+00  -1.57804E+01  -1.77988E+01  -2.02101E+01  -2.96740E+01
 1.50400E+01              -6.99857E+00  -9.99865E+00  -9.99869E+00  -9.51036E+00  -6.99911E+00  -1.57804E+01  -1.77988E+01  -2.02100E+01  -2.96738E+01
 1.52000E+01              -6.99857E+00  -9.99865E+00  -9.99869E+00  -9.51030E+00  -6.99911E+00  -1.57804E+01  -1.77988E+01  -2.02100E+01  -2.96737E+01
 1.53600E+01              -6.99857E+00  -9.99865E+00  -9.99869E+00  -9.51026E+00  -6.99911E+00  -1.57804E+01  -1.77988E+01  -2.02099E+01  -2.96736E+01
 1.55200E+01              -6.99857E+00  -9.99864E+00  -9.99869E+00  -9.51023E+00  -6.99911E+00  -1.57804E+01  -1.77988E+01  -2.02099E+01  -2.96735E+01
 1.56800E+01              -6.99857E+00  -9.99864E+00  -9.99869E+00  -9.51021E+00  -6.99911E+00  -1.57804E+01  -1.77988E+01  -2.02099E+01  -2.96735E+01
 1.58400E+01              -6.99857E+00  -9.99864E+00  -9.99869E+00  -9.51020E+00  -6.99911E+00  -1.57804E+01  -1.77988E+01  -2.02099E+01  -2.96735E+01
 1.59600E+01              -6.99857E+00  -9.99864E+00  -9.99869E+00  -9.51019E+00  -6.99911E+00  -1.57804E+01  -1.77988E+01  -2.02099E+01  -2.96735E+01
