# Units: Log10 mol/kgw
 TITLE = " Years"
VARIABLES = "X (meters)", "H+        ", "Ca++      ", "Na+       ", "Cl-       ", "OH-       ", "CaOH+     ", "NaOH(aq)  ", "CaCl+     ", "CaCl2(aq) ", "
 ZONE F=POINT,I=         101
 4.00000E-02              -6.95140E+00  -2.26741E+00  -3.84951E+00  -1.96048E+00  -6.94240E+00  -8.20498E+00  -1.17069E+01  -5.13876E+00  -7.16774E+00
 1.60000E-01              -6.95140E+00  -2.26741E+00  -3.84951E+00  -1.96048E+00  -6.94240E+00  -8.20498E+00  -1.17069E+01  -5.13876E+00  -7.16774E+00
 3.20000E-01              -6.95140E+00  -2.26741E+00  -3.84951E+00  -1.96048E+00  -6.94240E+00  -8.20498E+00  -1.17069E+01  -5.13876E+00  -7.16773E+00
 4.80000E-01              -6.95140E+00  -2.26741E+00  -3.84952E+00  -1.96048E+00  -6.94240E+00  -8.20498E+00  -1.17069E+01  -5.13876E+00  -7.16773E+00
 6.40000E-01              -6.95140E+00  -2.26741E+00  -3.84958E+00  -1.96048E+00  -6.94240E+00  -8.20498E+00  -1.17070E+01  -5.13876E+00  -7.16773E+00
 8.00000E-01              -6.95140E+00  -2.26740E+00  -3.84978E+00  -1.96048E+00  -6.94240E+00  -8.20497E+00  -1.17072E+01  -5.13876E+00  -7.16773E+00
 9.60000E-01              -6.95140E+00  -2.26739E+00  -3.85041E+00  -1.96048E+00  -6.94240E+00  -8.20497E+00  -1.17078E+01  -5.13875E+00  -7.16772E+00
 1.12000E+00              -6.95139E+00  -2.26737E+00  -3.85201E+00  -1.96048E+00  -6.94240E+00  -8.20495E+00  -1.17094E+01  -5.13873E+00  -7.16771E+00
 1.28000E+00              -6.95139E+00  -2.26733E+00  -3.85550E+00  -1.96048E+00  -6.94240E+00  -8.20490E+00  -1.17129E+01  -5.13869E+00  -7.16766E+00
 1.44000E+00              -6.95139E+00  -2.26724E+00  -3.86227E+00  -1.96048E+00  -6.94240E+00  -8.20482E+00  -1.17197E+01  -5.13861E+00  -7.16759E+00
 1.60000E+00              -6.95138E+00  -2.26709E+00  -3.87403E+00  -1.96048E+00  -6.94240E+00  -8.20469E+00  -1.17314E+01  -5.13847E+00  -7.16745E+00
 1.76000E+00              -6.95137E+00  -2.26687E+00  -3.89275E+00  -1.96048E+00  -6.94240E+00  -8.20448E+00  -1.17502E+01  -5.13826E+00  -7.16725E+00
 1.92000E+00              -6.95136E+00  -2.26655E+00  -3.92040E+00  -1.96048E+00  -6.94241E+00  -8.20418E+00  -1.17778E+01  -5.13796E+00  -7.16696E+00
 2.08000E+00              -6.95134E+00  -2.26614E+00  -3.95879E+00  -1.96047E+00  -6.94241E+00  -8.20380E+00  -1.18162E+01  -5.13757E+00  -7.16659E+00
 2.24000E+00              -6.95132E+00  -2.26565E+00  -4.00946E+00  -1.96047E+00  -6.94241E+00  -8.20335E+00  -1.18669E+01  -5.13712E+00  -7.16615E+00
 2.40000E+00              -6.95130E+00  -2.26511E+00  -4.07359E+00  -1.96047E+00  -6.94242E+00  -8.20286E+00  -1.19311E+01  -5.13661E+00  -7.16566E+00
 2.56000E+00              -6.95128E+00  -2.26455E+00  -4.15206E+00  -1.96047E+00  -6.94242E+00  -8.20234E+00  -1.20096E+01  -5.13608E+00  -7.16515E+00
 2.72000E+00              -6.95126E+00  -2.26401E+00  -4.24540E+00  -1.96046E+00  -6.94243E+00  -8.20183E+00  -1.21030E+01  -5.13557E+00  -7.16466E+00
 2.88000E+00              -6.95123E+00  -2.26350E+00  -4.35387E+00  -1.96046E+00  -6.94243E+00  -8.20137E+00  -1.22114E+01  -5.13510E+00  -7.16420E+00
 3.04000E+00              -6.95122E+00  -2.26306E+00  -4.47741E+00  -1.96046E+00  -6.94244E+00  -8.20096E+00  -1.23350E+01  -5.13468E+00  -7.16381E+00
 3.20000E+00              -6.95120E+00  -2.26270E+00  -4.61568E+00  -1.96046E+00  -6.94244E+00  -8.20063E+00  -1.24733E+01  -5.13434E+00  -7.16348E+00
 3.36000E+00              -6.95119E+00  -2.26242E+00  -4.76792E+00  -1.96046E+00  -6.94244E+00  -8.20037E+00  -1.26256E+01  -5.13408E+00  -7.16322E+00
 3.52000E+00              -6.95118E+00  -2.26220E+00  -4.93280E+00  -1.96045E+00  -6.94245E+00  -8.20017E+00  -1.27904E+01  -5.13387E+00  -7.16302E+00
 3.68000E+00              -6.95117E+00  -2.26205E+00  -5.10813E+00  -1.96045E+00  -6.94245E+00  -8.20002E+00  -1.29658E+01  -5.13373E+00  -7.16288E+00
 3.84000E+00              -6.95117E+00  -2.26194E+00  -5.29031E+00  -1.96045E+00  -6.94245E+00  -8.19993E+00  -1.31480E+01  -5.13363E+00  -7.16279E+00
 4.00000E+00              -6.95117E+00  -2.26187E+00  -5.47370E+00  -1.96045E+00  -6.94245E+00  -8.19986E+00  -1.33314E+01  -5.13356E+00  -7.16272E+00
 4.16000E+00              -6.95117E+00  -2.26182E+00  -5.65000E+00  -1.96045E+00  -6.94245E+00  -8.19982E+00  -1.35077E+01  -5.13352E+00  -7.16268E+00
 4.32000E+00              -6.95116E+00  -2.26180E+00  -5.80863E+00  -1.96045E+00  -6.94245E+00  -8.19979E+00  -1.36663E+01  -5.13349E+00  -7.16266E+00
 4.48000E+00              -6.95116E+00  -2.26178E+00  -5.93918E+00  -1.96045E+00  -6.94245E+00  -8.19978E+00  -1.37968E+01  -5.13348E+00  -7.16264E+00
 4.64000E+00              -6.95116E+00  -2.26177E+00  -6.03568E+00  -1.96045E+00  -6.94245E+00  -8.19977E+00  -1.38933E+01  -5.13347E+00  -7.16264E+00
 4.80000E+00              -6.95116E+00  -2.26177E+00  -6.09943E+00  -1.96045E+00  -6.94245E+00  -8.19977E+00  -1.39571E+01  -5.13347E+00  -7.16263E+00
 4.96000E+00              -6.95116E+00  -2.26176E+00  -6.13747E+00  -1.96045E+00  -6.94245E+00  -8.19976E+00  -1.39951E+01  -5.13346E+00  -7.16263E+00
 5.12000E+00              -6.95116E+00  -2.26176E+00  -6.15835E+00  -1.96045E+00  -6.94245E+00  -8.19976E+00  -1.40160E+01  -5.13346E+00  -7.16263E+00
 5.28000E+00              -6.95116E+00  -2.26176E+00  -6.16908E+00  -1.96045E+00  -6.94245E+00  -8.19976E+00  -1.40267E+01  -5.13346E+00  -7.16263E+00
 5.44000E+00              -6.95116E+00  -2.26176E+00  -6.17430E+00  -1.96045E+00  -6.94245E+00  -8.19976E+00  -1.40320E+01  -5.13346E+00  -7.16263E+00
 5.60000E+00              -6.95116E+00  -2.26176E+00  -6.17671E+00  -1.96045E+00  -6.94245E+00  -8.19976E+00  -1.40344E+01  -5.13346E+00  -7.16263E+00
 5.76000E+00              -6.95116E+00  -2.26176E+00  -6.17774E+00  -1.96045E+00  -6.94245E+00  -8.19976E+00  -1.40354E+01  -5.13346E+00  -7.16263E+00
 5.92000E+00              -6.95116E+00  -2.26176E+00  -6.17815E+00  -1.96045E+00  -6.94245E+00  -8.19976E+00  -1.40358E+01  -5.13346E+00  -7.16263E+00
 6.08000E+00              -6.95116E+00  -2.26176E+00  -6.17826E+00  -1.96045E+00  -6.94245E+00  -8.19976E+00  -1.40359E+01  -5.13346E+00  -7.16263E+00
 6.24000E+00              -6.95116E+00  -2.26176E+00  -6.17825E+00  -1.96045E+00  -6.94245E+00  -8.19976E+00  -1.40359E+01  -5.13346E+00  -7.16263E+00
 6.40000E+00              -6.95116E+00  -2.26176E+00  -6.17820E+00  -1.96045E+00  -6.94245E+00  -8.19976E+00  -1.40359E+01  -5.13346E+00  -7.16263E+00
 6.56000E+00              -6.95116E+00  -2.26176E+00  -6.17812E+00  -1.96045E+00  -6.94245E+00  -8.19976E+00  -1.40358E+01  -5.13346E+00  -7.16263E+00
 6.72000E+00              -6.95116E+00  -2.26176E+00  -6.17804E+00  -1.96045E+00  -6.94245E+00  -8.19976E+00  -1.40357E+01  -5.13346E+00  -7.16263E+00
 6.88000E+00              -6.95116E+00  -2.26176E+00  -6.17797E+00  -1.96045E+00  -6.94245E+00  -8.19976E+00  -1.40356E+01  -5.13346E+00  -7.16263E+00
 7.04000E+00              -6.95116E+00  -2.26176E+00  -6.17790E+00  -1.96045E+00  -6.94245E+00  -8.19976E+00  -1.40356E+01  -5.13346E+00  -7.16263E+00
 7.20000E+00              -6.95116E+00  -2.26176E+00  -6.17783E+00  -1.96045E+00  -6.94245E+00  -8.19976E+00  -1.40355E+01  -5.13346E+00  -7.16263E+00
 7.36000E+00              -6.95116E+00  -2.26176E+00  -6.17776E+00  -1.96045E+00  -6.94245E+00  -8.19976E+00  -1.40354E+01  -5.13346E+00  -7.16263E+00
 7.52000E+00              -6.95116E+00  -2.26176E+00  -6.17770E+00  -1.96045E+00  -6.94245E+00  -8.19976E+00  -1.40354E+01  -5.13346E+00  -7.16263E+00
 7.68000E+00              -6.95116E+00  -2.26176E+00  -6.17764E+00  -1.96045E+00  -6.94245E+00  -8.19976E+00  -1.40353E+01  -5.13346E+00  -7.16263E+00
 7.84000E+00              -6.95116E+00  -2.26176E+00  -6.17758E+00  -1.96045E+00  -6.94245E+00  -8.19976E+00  -1.40352E+01  -5.13346E+00  -7.16263E+00
 8.00000E+00              -6.95116E+00  -2.26176E+00  -6.17753E+00  -1.96045E+00  -6.94245E+00  -8.19976E+00  -1.40352E+01  -5.13346E+00  -7.16263E+00
 8.16000E+00              -6.95116E+00  -2.26176E+00  -6.17748E+00  -1.96045E+00  -6.94245E+00  -8.19976E+00  -1.40351E+01  -5.13346E+00  -7.16263E+00
 8.32000E+00              -6.95116E+00  -2.26176E+00  -6.17743E+00  -1.96045E+00  -6.94245E+00  -8.19976E+00  -1.40351E+01  -5.13346E+00  -7.16263E+00
 8.48000E+00              -6.95116E+00  -2.26176E+00  -6.17738E+00  -1.96045E+00  -6.94245E+00  -8.19976E+00  -1.40350E+01  -5.13346E+00  -7.16263E+00
 8.64000E+00              -6.95116E+00  -2.26176E+00  -6.17734E+00  -1.96045E+00  -6.94245E+00  -8.19976E+00  -1.40350E+01  -5.13346E+00  -7.16263E+00
 8.80000E+00              -6.95116E+00  -2.26176E+00  -6.17729E+00  -1.96045E+00  -6.94245E+00  -8.19976E+00  -1.40350E+01  -5.13346E+00  -7.16263E+00
 8.96000E+00              -6.95116E+00  -2.26176E+00  -6.17725E+00  -1.96045E+00  -6.94245E+00  -8.19976E+00  -1.40349E+01  -5.13346E+00  -7.16263E+00
 9.12000E+00              -6.95116E+00  -2.26176E+00  -6.17721E+00  -1.96045E+00  -6.94245E+00  -8.19976E+00  -1.40349E+01  -5.13346E+00  -7.16263E+00
 9.28000E+00              -6.95116E+00  -2.26176E+00  -6.17718E+00  -1.96045E+00  -6.94245E+00  -8.19976E+00  -1.40348E+01  -5.13346E+00  -7.16263E+00
 9.44000E+00              -6.95116E+00  -2.26176E+00  -6.17714E+00  -1.96045E+00  -6.94245E+00  -8.19976E+00  -1.40348E+01  -5.13346E+00  -7.16263E+00
 9.60000E+00              -6.95116E+00  -2.26176E+00  -6.17710E+00  -1.96045E+00  -6.94245E+00  -8.19976E+00  -1.40348E+01  -5.13346E+00  -7.16263E+00
 9.76000E+00              -6.95116E+00  -2.26176E+00  -6.17707E+00  -1.96045E+00  -6.94245E+00  -8.19976E+00  -1.40347E+01  -5.13346E+00  -7.16263E+00
 9.92000E+00              -6.95116E+00  -2.26176E+00  -6.17704E+00  -1.96045E+00  -6.94245E+00  -8.19976E+00  -1.40347E+01  -5.13346E+00  -7.16263E+00
 1.00800E+01              -6.95116E+00  -2.26176E+00  -6.17700E+00  -1.96045E+00  -6.94245E+00  -8.19976E+00  -1.40347E+01  -5.13346E+00  -7.16263E+00
 1.02400E+01              -6.95116E+00  -2.26176E+00  -6.17697E+00  -1.96045E+00  -6.94245E+00  -8.19976E+00  -1.40346E+01  -5.13346E+00  -7.16263E+00
 1.04000E+01              -6.95116E+00  -2.26176E+00  -6.17694E+00  -1.96045E+00  -6.94245E+00  -8.19976E+00  -1.40346E+01  -5.13346E+00  -7.16263E+00
 1.05600E+01              -6.95116E+00  -2.26176E+00  -6.17691E+00  -1.96045E+00  -6.94245E+00  -8.19976E+00  -1.40346E+01  -5.13346E+00  -7.16263E+00
 1.07200E+01              -6.95116E+00  -2.26176E+00  -6.17689E+00  -1.96045E+00  -6.94245E+00  -8.19976E+00  -1.40345E+01  -5.13346E+00  -7.16263E+00
 1.08800E+01              -6.95116E+00  -2.26176E+00  -6.17686E+00  -1.96045E+00  -6.94245E+00  -8.19976E+00  -1.40345E+01  -5.13346E+00  -7.16263E+00
 1.10400E+01              -6.95116E+00  -2.26176E+00  -6.17683E+00  -1.96045E+00  -6.94245E+00  -8.19976E+00  -1.40345E+01  -5.13346E+00  -7.16263E+00
 1.12000E+01              -6.95116E+00  -2.26176E+00  -6.17681E+00  -1.96045E+00  -6.94245E+00  -8.19976E+00  -1.40345E+01  -5.13346E+00  -7.16263E+00
 1.13600E+01              -6.95116E+00  -2.26176E+00  -6.17678E+00  -1.96045E+00  -6.94245E+00  -8.19976E+00  -1.40344E+01  -5.13346E+00  -7.16263E+00
 1.15200E+01              -6.95116E+00  -2.26176E+00  -6.17676E+00  -1.96045E+00  -6.94245E+00  -8.19976E+00  -1.40344E+01  -5.13346E+00  -7.16263E+00
 1.16800E+01              -6.95116E+00  -2.26176E+00  -6.17673E+00  -1.96045E+00  -6.94245E+00  -8.19976E+00  -1.40344E+01  -5.13346E+00  -7.16263E+00
 1.18400E+01              -6.95116E+00  -2.26176E+00  -6.17671E+00  -1.96045E+00  -6.94245E+00  -8.19976E+00  -1.40344E+01  -5.13346E+00  -7.16263E+00
 1.20000E+01              -6.95116E+00  -2.26176E+00  -6.17669E+00  -1.96045E+00  -6.94245E+00  -8.19976E+00  -1.40344E+01  -5.13346E+00  -7.16263E+00
 1.21600E+01              -6.95116E+00  -2.26176E+00  -6.17667E+00  -1.96045E+00  -6.94245E+00  -8.19976E+00  -1.40343E+01  -5.13346E+00  -7.16263E+00
 1.23200E+01              -6.95116E+00  -2.26176E+00  -6.17664E+00  -1.96045E+00  -6.94245E+00  -8.19976E+00  -1.40343E+01  -5.13346E+00  -7.16263E+00
 1.24800E+01              -6.95116E+00  -2.26176E+00  -6.17662E+00  -1.96045E+00  -6.94245E+00  -8.19976E+00  -1.40343E+01  -5.13346E+00  -7.16263E+00
 1.26400E+01              -6.95116E+00  -2.26176E+00  -6.17660E+00  -1.96045E+00  -6.94245E+00  -8.19976E+00  -1.40343E+01  -5.13346E+00  -7.16263E+00
 1.28000E+01              -6.95116E+00  -2.26176E+00  -6.17658E+00  -1.96045E+00  -6.94245E+00  -8.19976E+00  -1.40342E+01  -5.13346E+00  -7.16263E+00
 1.29600E+01              -6.95116E+00  -2.26176E+00  -6.17656E+00  -1.96045E+00  -6.94245E+00  -8.19976E+00  -1.40342E+01  -5.13346E+00  -7.16263E+00
 1.31200E+01              -6.95116E+00  -2.26176E+00  -6.17655E+00  -1.96045E+00  -6.94245E+00  -8.19976E+00  -1.40342E+01  -5.13346E+00  -7.16263E+00
 1.32800E+01              -6.95116E+00  -2.26176E+00  -6.17653E+00  -1.96045E+00  -6.94245E+00  -8.19976E+00  -1.40342E+01  -5.13346E+00  -7.16263E+00
 1.34400E+01              -6.95116E+00  -2.26176E+00  -6.17651E+00  -1.96045E+00  -6.94245E+00  -8.19976E+00  -1.40342E+01  -5.13346E+00  -7.16263E+00
 1.36000E+01              -6.95116E+00  -2.26176E+00  -6.17649E+00  -1.96045E+00  -6.94245E+00  -8.19976E+00  -1.40342E+01  -5.13346E+00  -7.16263E+00
 1.37600E+01              -6.95116E+00  -2.26176E+00  -6.17647E+00  -1.96045E+00  -6.94245E+00  -8.19976E+00  -1.40341E+01  -5.13346E+00  -7.16263E+00
 1.39200E+01              -6.95116E+00  -2.26176E+00  -6.17646E+00  -1.96045E+00  -6.94245E+00  -8.19976E+00  -1.40341E+01  -5.13346E+00  -7.16263E+00
 1.40800E+01              -6.95116E+00  -2.26176E+00  -6.17644E+00  -1.96045E+00  -6.94245E+00  -8.19976E+00  -1.40341E+01  -5.13346E+00  -7.16263E+00
 1.42400E+01              -6.95116E+00  -2.26176E+00  -6.17643E+00  -1.96045E+00  -6.94245E+00  -8.19976E+00  -1.40341E+01  -5.13347E+00  -7.16263E+00
 1.44000E+01              -6.95116E+00  -2.26176E+00  -6.17641E+00  -1.96046E+00  -6.94245E+00  -8.19976E+00  -1.40341E+01  -5.13347E+00  -7.16264E+00
 1.45600E+01              -6.95116E+00  -2.26177E+00  -6.17640E+00  -1.96046E+00  -6.94245E+00  -8.19977E+00  -1.40341E+01  -5.13347E+00  -7.16264E+00
 1.47200E+01              -6.95116E+00  -2.26177E+00  -6.17638E+00  -1.96046E+00  -6.94245E+00  -8.19977E+00  -1.40340E+01  -5.13348E+00  -7.16265E+00
 1.48800E+01              -6.95116E+00  -2.26177E+00  -6.17637E+00  -1.96046E+00  -6.94245E+00  -8.19977E+00  -1.40340E+01  -5.13348E+00  -7.16266E+00
 1.50400E+01              -6.95116E+00  -2.26178E+00  -6.17636E+00  -1.96047E+00  -6.94245E+00  -8.19978E+00  -1.40340E+01  -5.13349E+00  -7.16267E+00
 1.52000E+01              -6.95116E+00  -2.26179E+00  -6.17635E+00  -1.96048E+00  -6.94245E+00  -8.19978E+00  -1.40340E+01  -5.13351E+00  -7.16270E+00
 1.53600E+01              -6.95117E+00  -2.26180E+00  -6.17634E+00  -1.96049E+00  -6.94245E+00  -8.19979E+00  -1.40340E+01  -5.13353E+00  -7.16273E+00
 1.55200E+01              -6.95117E+00  -2.26181E+00  -6.17633E+00  -1.96051E+00  -6.94245E+00  -8.19981E+00  -1.40340E+01  -5.13356E+00  -7.16277E+00
 1.56800E+01              -6.95117E+00  -2.26184E+00  -6.17633E+00  -1.96053E+00  -6.94245E+00  -8.19982E+00  -1.40340E+01  -5.13360E+00  -7.16283E+00
 1.58400E+01              -6.95117E+00  -2.26187E+00  -6.17633E+00  -1.96056E+00  -6.94245E+00  -8.19985E+00  -1.40340E+01  -5.13366E+00  -7.16292E+00
 1.59600E+01              -6.95117E+00  -2.26189E+00  -6.17633E+00  -1.96058E+00  -6.94245E+00  -8.19987E+00  -1.40340E+01  -5.13369E+00  -7.16296E+00
