# Units: Mol/m^3 porous medium
 TITLE = " Years"
VARIABLES = "X (meters)", "NaX       ", "CaX2      ", "CaClX     ", "
 ZONE F=POINT,I=         101
 4.00000E-02               7.72739E-01   4.48802E+02   6.92902E-01
 1.60000E-01               7.72739E-01   4.48802E+02   6.92902E-01
 3.20000E-01               7.72736E-01   4.48802E+02   6.92902E-01
 4.80000E-01               7.72717E-01   4.48802E+02   6.92902E-01
 6.40000E-01               7.72619E-01   4.48802E+02   6.92903E-01
 8.00000E-01               7.72249E-01   4.48802E+02   6.92905E-01
 9.60000E-01               7.71127E-01   4.48803E+02   6.92911E-01
 1.12000E+00               7.68282E-01   4.48804E+02   6.92928E-01
 1.28000E+00               7.62084E-01   4.48807E+02   6.92963E-01
 1.44000E+00               7.50239E-01   4.48813E+02   6.93030E-01
 1.60000E+00               7.30074E-01   4.48823E+02   6.93145E-01
 1.76000E+00               6.99105E-01   4.48839E+02   6.93322E-01
 1.92000E+00               6.55766E-01   4.48860E+02   6.93569E-01
 2.08000E+00               6.00031E-01   4.48888E+02   6.93886E-01
 2.24000E+00               5.33690E-01   4.48921E+02   6.94264E-01
 2.40000E+00               4.60160E-01   4.48958E+02   6.94684E-01
 2.56000E+00               3.83872E-01   4.48996E+02   6.95119E-01
 2.72000E+00               3.09454E-01   4.49033E+02   6.95544E-01
 2.88000E+00               2.40937E-01   4.49067E+02   6.95935E-01
 3.04000E+00               1.81201E-01   4.49096E+02   6.96276E-01
 3.20000E+00               1.31743E-01   4.49121E+02   6.96559E-01
 3.36000E+00               9.27597E-02   4.49140E+02   6.96782E-01
 3.52000E+00               6.34419E-02   4.49155E+02   6.96949E-01
 3.68000E+00               4.23621E-02   4.49165E+02   6.97070E-01
 3.84000E+00               2.78450E-02   4.49173E+02   6.97153E-01
 4.00000E+00               1.82528E-02   4.49177E+02   6.97208E-01
 4.16000E+00               1.21622E-02   4.49180E+02   6.97243E-01
 4.32000E+00               8.44051E-03   4.49182E+02   6.97264E-01
 4.48000E+00               6.24897E-03   4.49183E+02   6.97276E-01
 4.64000E+00               5.00386E-03   4.49184E+02   6.97284E-01
 4.80000E+00               4.32065E-03   4.49184E+02   6.97287E-01
 4.96000E+00               3.95830E-03   4.49184E+02   6.97290E-01
 5.12000E+00               3.77249E-03   4.49184E+02   6.97291E-01
 5.28000E+00               3.68044E-03   4.49185E+02   6.97291E-01
 5.44000E+00               3.63648E-03   4.49185E+02   6.97291E-01
 5.60000E+00               3.61639E-03   4.49185E+02   6.97292E-01
 5.76000E+00               3.60775E-03   4.49185E+02   6.97292E-01
 5.92000E+00               3.60442E-03   4.49185E+02   6.97292E-01
 6.08000E+00               3.60347E-03   4.49185E+02   6.97292E-01
 6.24000E+00               3.60353E-03   4.49185E+02   6.97292E-01
 6.40000E+00               3.60400E-03   4.49185E+02   6.97292E-01
 6.56000E+00               3.60461E-03   4.49185E+02   6.97292E-01
 6.72000E+00               3.60525E-03   4.49185E+02   6.97292E-01
 6.88000E+00               3.60588E-03   4.49185E+02   6.97292E-01
 7.04000E+00               3.60649E-03   4.49185E+02   6.97292E-01
 7.20000E+00               3.60706E-03   4.49185E+02   6.97292E-01
 7.36000E+00               3.60761E-03   4.49185E+02   6.97292E-01
 7.52000E+00               3.60813E-03   4.49185E+02   6.97292E-01
 7.68000E+00               3.60862E-03   4.49185E+02   6.97292E-01
 7.84000E+00               3.60909E-03   4.49185E+02   6.97292E-01
 8.00000E+00               3.60953E-03   4.49185E+02   6.97292E-01
 8.16000E+00               3.60996E-03   4.49185E+02   6.97292E-01
 8.32000E+00               3.61036E-03   4.49185E+02   6.97292E-01
 8.48000E+00               3.61075E-03   4.49185E+02   6.97292E-01
 8.64000E+00               3.61113E-03   4.49185E+02   6.97292E-01
 8.80000E+00               3.61149E-03   4.49185E+02   6.97292E-01
 8.96000E+00               3.61183E-03   4.49185E+02   6.97292E-01
 9.12000E+00               3.61216E-03   4.49185E+02   6.97292E-01
 9.28000E+00               3.61248E-03   4.49185E+02   6.97292E-01
 9.44000E+00               3.61278E-03   4.49185E+02   6.97292E-01
 9.60000E+00               3.61308E-03   4.49185E+02   6.97292E-01
 9.76000E+00               3.61337E-03   4.49185E+02   6.97292E-01
 9.92000E+00               3.61364E-03   4.49185E+02   6.97292E-01
 1.00800E+01               3.61391E-03   4.49185E+02   6.97292E-01
 1.02400E+01               3.61417E-03   4.49185E+02   6.97292E-01
 1.04000E+01               3.61442E-03   4.49185E+02   6.97292E-01
 1.05600E+01               3.61466E-03   4.49185E+02   6.97292E-01
 1.07200E+01               3.61489E-03   4.49185E+02   6.97292E-01
 1.08800E+01               3.61512E-03   4.49185E+02   6.97292E-01
 1.10400E+01               3.61534E-03   4.49185E+02   6.97292E-01
 1.12000E+01               3.61556E-03   4.49185E+02   6.97292E-01
 1.13600E+01               3.61576E-03   4.49185E+02   6.97292E-01
 1.15200E+01               3.61597E-03   4.49185E+02   6.97292E-01
 1.16800E+01               3.61616E-03   4.49185E+02   6.97292E-01
 1.18400E+01               3.61636E-03   4.49185E+02   6.97292E-01
 1.20000E+01               3.61654E-03   4.49185E+02   6.97292E-01
 1.21600E+01               3.61672E-03   4.49185E+02   6.97292E-01
 1.23200E+01               3.61690E-03   4.49185E+02   6.97291E-01
 1.24800E+01               3.61707E-03   4.49185E+02   6.97291E-01
 1.26400E+01               3.61724E-03   4.49185E+02   6.97291E-01
 1.28000E+01               3.61741E-03   4.49185E+02   6.97291E-01
 1.29600E+01               3.61757E-03   4.49185E+02   6.97291E-01
 1.31200E+01               3.61773E-03   4.49185E+02   6.97291E-01
 1.32800E+01               3.61788E-03   4.49185E+02   6.97291E-01
 1.34400E+01               3.61803E-03   4.49185E+02   6.97291E-01
 1.36000E+01               3.61818E-03   4.49185E+02   6.97291E-01
 1.37600E+01               3.61832E-03   4.49185E+02   6.97290E-01
 1.39200E+01               3.61846E-03   4.49185E+02   6.97290E-01
 1.40800E+01               3.61860E-03   4.49185E+02   6.97289E-01
 1.42400E+01               3.61873E-03   4.49185E+02   6.97287E-01
 1.44000E+01               3.61886E-03   4.49185E+02   6.97284E-01
 1.45600E+01               3.61899E-03   4.49185E+02   6.97280E-01
 1.47200E+01               3.61912E-03   4.49185E+02   6.97275E-01
 1.48800E+01               3.61924E-03   4.49185E+02   6.97266E-01
 1.50400E+01               3.61936E-03   4.49185E+02   6.97254E-01
 1.52000E+01               3.61948E-03   4.49185E+02   6.97237E-01
 1.53600E+01               3.61959E-03   4.49185E+02   6.97212E-01
 1.55200E+01               3.61971E-03   4.49185E+02   6.97177E-01
 1.56800E+01               3.61982E-03   4.49185E+02   6.97128E-01
 1.58400E+01               3.61993E-03   4.49185E+02   6.97060E-01
 1.59600E+01               3.61998E-03   4.49185E+02   6.97020E-01
