# Units: Mol/m^3 porous medium
 TITLE = " Years"
VARIABLES = "X (meters)", "NaX       ", "CaX2      ", "CaClX     ", "
 ZONE F=POINT,I=         101
 4.00000E-02               7.72737E-01   4.48802E+02   6.92902E-01
 1.60000E-01               7.70194E-01   4.48803E+02   6.92917E-01
 3.20000E-01               7.56511E-01   4.48810E+02   6.92995E-01
 4.80000E-01               7.18466E-01   4.48829E+02   6.93211E-01
 6.40000E-01               6.46449E-01   4.48865E+02   6.93621E-01
 8.00000E-01               5.42557E-01   4.48917E+02   6.94213E-01
 9.60000E-01               4.21038E-01   4.48977E+02   6.94907E-01
 1.12000E+00               3.01204E-01   4.49037E+02   6.95591E-01
 1.28000E+00               1.98884E-01   4.49087E+02   6.96175E-01
 1.44000E+00               1.21775E-01   4.49126E+02   6.96616E-01
 1.60000E+00               6.97466E-02   4.49152E+02   6.96913E-01
 1.76000E+00               3.79632E-02   4.49167E+02   6.97095E-01
 1.92000E+00               2.02255E-02   4.49176E+02   6.97196E-01
 2.08000E+00               1.11146E-02   4.49181E+02   6.97249E-01
 2.24000E+00               6.78064E-03   4.49183E+02   6.97273E-01
 2.40000E+00               4.86136E-03   4.49184E+02   6.97284E-01
 2.56000E+00               4.06690E-03   4.49184E+02   6.97289E-01
 2.72000E+00               3.75878E-03   4.49184E+02   6.97291E-01
 2.88000E+00               3.64695E-03   4.49185E+02   6.97291E-01
 3.04000E+00               3.60936E-03   4.49185E+02   6.97292E-01
 3.20000E+00               3.59816E-03   4.49185E+02   6.97292E-01
 3.36000E+00               3.59575E-03   4.49185E+02   6.97292E-01
 3.52000E+00               3.59605E-03   4.49185E+02   6.97291E-01
 3.68000E+00               3.59707E-03   4.49185E+02   6.97291E-01
 3.84000E+00               3.59823E-03   4.49185E+02   6.97290E-01
 4.00000E+00               3.59934E-03   4.49185E+02   6.97288E-01
 4.16000E+00               3.60038E-03   4.49185E+02   6.97285E-01
 4.32000E+00               3.60134E-03   4.49185E+02   6.97277E-01
 4.48000E+00               3.60224E-03   4.49185E+02   6.97261E-01
 4.64000E+00               3.60307E-03   4.49185E+02   6.97232E-01
 4.80000E+00               3.60384E-03   4.49185E+02   6.97179E-01
 4.96000E+00               3.60456E-03   4.49185E+02   6.97084E-01
 5.12000E+00               3.60524E-03   4.49185E+02   6.96920E-01
 5.28000E+00               3.60587E-03   4.49185E+02   6.96648E-01
 5.44000E+00               3.60646E-03   4.49185E+02   6.96207E-01
 5.60000E+00               3.60701E-03   4.49185E+02   6.95515E-01
 5.76000E+00               3.60752E-03   4.49186E+02   6.94456E-01
 5.92000E+00               3.60799E-03   4.49187E+02   6.92882E-01
 6.08000E+00               3.60842E-03   4.49188E+02   6.90604E-01
 6.24000E+00               3.60879E-03   4.49189E+02   6.87392E-01
 6.40000E+00               3.60911E-03   4.49192E+02   6.82976E-01
 6.56000E+00               3.60937E-03   4.49195E+02   6.77055E-01
 6.72000E+00               3.60955E-03   4.49199E+02   6.69305E-01
 6.88000E+00               3.60966E-03   4.49203E+02   6.59401E-01
 7.04000E+00               3.60968E-03   4.49210E+02   6.47031E-01
 7.20000E+00               3.60961E-03   4.49217E+02   6.31930E-01
 7.36000E+00               3.60945E-03   4.49226E+02   6.13896E-01
 7.52000E+00               3.60918E-03   4.49237E+02   5.92820E-01
 7.68000E+00               3.60881E-03   4.49249E+02   5.68701E-01
 7.84000E+00               3.60834E-03   4.49262E+02   5.41659E-01
 8.00000E+00               3.60778E-03   4.49277E+02   5.11940E-01
 8.16000E+00               3.60714E-03   4.49293E+02   4.79905E-01
 8.32000E+00               3.60643E-03   4.49310E+02   4.46018E-01
 8.48000E+00               3.60565E-03   4.49328E+02   4.10822E-01
 8.64000E+00               3.60484E-03   4.49346E+02   3.74910E-01
 8.80000E+00               3.60400E-03   4.49364E+02   3.38891E-01
 8.96000E+00               3.60314E-03   4.49382E+02   3.03364E-01
 9.12000E+00               3.60230E-03   4.49399E+02   2.68883E-01
 9.28000E+00               3.60148E-03   4.49415E+02   2.35939E-01
 9.44000E+00               3.60070E-03   4.49431E+02   2.04940E-01
 9.60000E+00               3.59997E-03   4.49445E+02   1.76199E-01
 9.76000E+00               3.59931E-03   4.49458E+02   1.49932E-01
 9.92000E+00               3.59871E-03   4.49470E+02   1.26261E-01
 1.00800E+01               3.59819E-03   4.49481E+02   1.05220E-01
 1.02400E+01               3.59776E-03   4.49490E+02   8.67656E-02
 1.04000E+01               3.59741E-03   4.49498E+02   7.07919E-02
 1.05600E+01               3.59714E-03   4.49505E+02   5.71436E-02
 1.07200E+01               3.59695E-03   4.49510E+02   4.56304E-02
 1.08800E+01               3.59684E-03   4.49515E+02   3.60408E-02
 1.10400E+01               3.59681E-03   4.49519E+02   2.81533E-02
 1.12000E+01               3.59685E-03   4.49522E+02   2.17470E-02
 1.13600E+01               3.59694E-03   4.49525E+02   1.66085E-02
 1.15200E+01               3.59709E-03   4.49527E+02   1.25387E-02
 1.16800E+01               3.59729E-03   4.49529E+02   9.35589E-03
 1.18400E+01               3.59753E-03   4.49530E+02   6.89830E-03
 1.20000E+01               3.59779E-03   4.49531E+02   5.02502E-03
 1.21600E+01               3.59808E-03   4.49531E+02   3.61563E-03
 1.23200E+01               3.59839E-03   4.49532E+02   2.56917E-03
 1.24800E+01               3.59871E-03   4.49532E+02   1.80250E-03
 1.26400E+01               3.59903E-03   4.49533E+02   1.24837E-03
 1.28000E+01               3.59935E-03   4.49533E+02   8.53331E-04
 1.29600E+01               3.59967E-03   4.49533E+02   5.75598E-04
 1.31200E+01               3.59997E-03   4.49533E+02   3.83069E-04
 1.32800E+01               3.60026E-03   4.49533E+02   2.51492E-04
 1.34400E+01               3.60054E-03   4.49533E+02   1.62856E-04
 1.36000E+01               3.60080E-03   4.49533E+02   1.04008E-04
 1.37600E+01               3.60104E-03   4.49533E+02   6.55041E-05
 1.39200E+01               3.60126E-03   4.49533E+02   4.06799E-05
 1.40800E+01               3.60146E-03   4.49533E+02   2.49100E-05
 1.42400E+01               3.60165E-03   4.49533E+02   1.50395E-05
 1.44000E+01               3.60181E-03   4.49533E+02   8.95271E-06
 1.45600E+01               3.60196E-03   4.49533E+02   5.25452E-06
 1.47200E+01               3.60209E-03   4.49533E+02   3.04071E-06
 1.48800E+01               3.60220E-03   4.49533E+02   1.73498E-06
 1.50400E+01               3.60230E-03   4.49533E+02   9.76141E-07
 1.52000E+01               3.60238E-03   4.49533E+02   5.41567E-07
 1.53600E+01               3.60246E-03   4.49533E+02   2.96311E-07
 1.55200E+01               3.60252E-03   4.49533E+02   1.59897E-07
 1.56800E+01               3.60257E-03   4.49533E+02   8.51106E-08
 1.58400E+01               3.60262E-03   4.49533E+02   4.46945E-08
 1.59600E+01               3.60271E-03   4.49533E+02   3.11432E-08
