 TITLE = " Years"
 VARIABLES = "X (meters)", "pH "
 ZONE F=POINT,I=         101
 4.00000E-02               6.99873E+00
 1.60000E-01               6.99873E+00
 3.20000E-01               6.99872E+00
 4.80000E-01               6.99872E+00
 6.40000E-01               6.99870E+00
 8.00000E-01               6.99868E+00
 9.60000E-01               6.99866E+00
 1.12000E+00               6.99863E+00
 1.28000E+00               6.99861E+00
 1.44000E+00               6.99859E+00
 1.60000E+00               6.99858E+00
 1.76000E+00               6.99858E+00
 1.92000E+00               6.99857E+00
 2.08000E+00               6.99857E+00
 2.24000E+00               6.99857E+00
 2.40000E+00               6.99857E+00
 2.56000E+00               6.99857E+00
 2.72000E+00               6.99857E+00
 2.88000E+00               6.99857E+00
 3.04000E+00               6.99857E+00
 3.20000E+00               6.99857E+00
 3.36000E+00               6.99857E+00
 3.52000E+00               6.99857E+00
 3.68000E+00               6.99857E+00
 3.84000E+00               6.99857E+00
 4.00000E+00               6.99857E+00
 4.16000E+00               6.99857E+00
 4.32000E+00               6.99857E+00
 4.48000E+00               6.99857E+00
 4.64000E+00               6.99857E+00
 4.80000E+00               6.99857E+00
 4.96000E+00               6.99857E+00
 5.12000E+00               6.99857E+00
 5.28000E+00               6.99858E+00
 5.44000E+00               6.99858E+00
 5.60000E+00               6.99859E+00
 5.76000E+00               6.99861E+00
 5.92000E+00               6.99863E+00
 6.08000E+00               6.99866E+00
 6.24000E+00               6.99871E+00
 6.40000E+00               6.99876E+00
 6.56000E+00               6.99884E+00
 6.72000E+00               6.99894E+00
 6.88000E+00               6.99907E+00
 7.04000E+00               6.99922E+00
 7.20000E+00               6.99940E+00
 7.36000E+00               6.99961E+00
 7.52000E+00               6.99985E+00
 7.68000E+00               7.00012E+00
 7.84000E+00               7.00041E+00
 8.00000E+00               7.00071E+00
 8.16000E+00               7.00101E+00
 8.32000E+00               7.00131E+00
 8.48000E+00               7.00160E+00
 8.64000E+00               7.00186E+00
 8.80000E+00               7.00209E+00
 8.96000E+00               7.00228E+00
 9.12000E+00               7.00241E+00
 9.28000E+00               7.00249E+00
 9.44000E+00               7.00252E+00
 9.60000E+00               7.00249E+00
 9.76000E+00               7.00240E+00
 9.92000E+00               7.00226E+00
 1.00800E+01               7.00208E+00
 1.02400E+01               7.00187E+00
 1.04000E+01               7.00162E+00
 1.05600E+01               7.00136E+00
 1.07200E+01               7.00109E+00
 1.08800E+01               7.00082E+00
 1.10400E+01               7.00056E+00
 1.12000E+01               7.00031E+00
 1.13600E+01               7.00007E+00
 1.15200E+01               6.99985E+00
 1.16800E+01               6.99966E+00
 1.18400E+01               6.99949E+00
 1.20000E+01               6.99935E+00
 1.21600E+01               6.99922E+00
 1.23200E+01               6.99912E+00
 1.24800E+01               6.99903E+00
 1.26400E+01               6.99896E+00
 1.28000E+01               6.99891E+00
 1.29600E+01               6.99886E+00
 1.31200E+01               6.99883E+00
 1.32800E+01               6.99880E+00
 1.34400E+01               6.99878E+00
 1.36000E+01               6.99877E+00
 1.37600E+01               6.99876E+00
 1.39200E+01               6.99875E+00
 1.40800E+01               6.99874E+00
 1.42400E+01               6.99874E+00
 1.44000E+01               6.99873E+00
 1.45600E+01               6.99873E+00
 1.47200E+01               6.99873E+00
 1.48800E+01               6.99873E+00
 1.50400E+01               6.99873E+00
 1.52000E+01               6.99873E+00
 1.53600E+01               6.99873E+00
 1.55200E+01               6.99873E+00
 1.56800E+01               6.99873E+00
 1.58400E+01               6.99873E+00
 1.59600E+01               6.99873E+00
