# Units: Mol/kgw
 TITLE = " Years"
VARIABLES = "X (meters)", "H+        ", "Ca++      ", "Na+       ", "Cl-       ", "
 ZONE F=POINT,I=         101
 4.00000E-02              -8.58073E-09   5.40982E-03   1.41413E-04   1.09601E-02
 1.60000E-01              -8.58073E-09   5.41006E-03   1.40951E-04   1.09601E-02
 3.20000E-01              -8.58073E-09   5.41131E-03   1.38461E-04   1.09601E-02
 4.80000E-01              -8.58073E-09   5.41479E-03   1.31536E-04   1.09601E-02
 6.40000E-01              -8.58073E-09   5.42139E-03   1.18417E-04   1.09602E-02
 8.00000E-01              -8.58073E-09   5.43092E-03   9.94650E-05   1.09603E-02
 9.60000E-01              -8.58073E-09   5.44208E-03   7.72593E-05   1.09604E-02
 1.12000E+00              -8.58073E-09   5.45311E-03   5.53210E-05   1.09605E-02
 1.28000E+00              -8.58073E-09   5.46255E-03   3.65569E-05   1.09607E-02
 1.44000E+00              -8.58073E-09   5.46967E-03   2.23967E-05   1.09607E-02
 1.60000E+00              -8.58073E-09   5.47448E-03   1.28328E-05   1.09608E-02
 1.76000E+00              -8.58073E-09   5.47742E-03   6.98662E-06   1.09608E-02
 1.92000E+00              -8.58073E-09   5.47906E-03   3.72274E-06   1.09608E-02
 2.08000E+00              -8.58073E-09   5.47990E-03   2.04592E-06   1.09609E-02
 2.24000E+00              -8.58073E-09   5.48031E-03   1.24819E-06   1.09609E-02
 2.40000E+00              -8.58073E-09   5.48048E-03   8.94896E-07   1.09609E-02
 2.56000E+00              -8.58073E-09   5.48056E-03   7.48654E-07   1.09609E-02
 2.72000E+00              -8.58073E-09   5.48059E-03   6.91936E-07   1.09609E-02
 2.88000E+00              -8.58073E-09   5.48060E-03   6.71349E-07   1.09609E-02
 3.04000E+00              -8.58073E-09   5.48060E-03   6.64431E-07   1.09609E-02
 3.20000E+00              -8.58073E-09   5.48060E-03   6.62369E-07   1.09609E-02
 3.36000E+00              -8.58073E-09   5.48060E-03   6.61925E-07   1.09609E-02
 3.52000E+00              -8.58073E-09   5.48060E-03   6.61980E-07   1.09609E-02
 3.68000E+00              -8.58073E-09   5.48060E-03   6.62168E-07   1.09609E-02
 3.84000E+00              -8.58073E-09   5.48059E-03   6.62380E-07   1.09608E-02
 4.00000E+00              -8.58073E-09   5.48058E-03   6.62585E-07   1.09608E-02
 4.16000E+00              -8.58073E-09   5.48056E-03   6.62775E-07   1.09608E-02
 4.32000E+00              -8.58073E-09   5.48051E-03   6.62950E-07   1.09607E-02
 4.48000E+00              -8.58073E-09   5.48042E-03   6.63109E-07   1.09605E-02
 4.64000E+00              -8.58072E-09   5.48025E-03   6.63253E-07   1.09602E-02
 4.80000E+00              -8.58070E-09   5.47994E-03   6.63377E-07   1.09595E-02
 4.96000E+00              -8.58067E-09   5.47938E-03   6.63479E-07   1.09584E-02
 5.12000E+00              -8.58062E-09   5.47842E-03   6.63551E-07   1.09565E-02
 5.28000E+00              -8.58050E-09   5.47682E-03   6.63578E-07   1.09533E-02
 5.44000E+00              -8.58030E-09   5.47424E-03   6.63544E-07   1.09481E-02
 5.60000E+00              -8.57994E-09   5.47017E-03   6.63419E-07   1.09400E-02
 5.76000E+00              -8.57931E-09   5.46396E-03   6.63167E-07   1.09276E-02
 5.92000E+00              -8.57824E-09   5.45472E-03   6.62739E-07   1.09091E-02
 6.08000E+00              -8.57650E-09   5.44134E-03   6.62071E-07   1.08823E-02
 6.24000E+00              -8.57370E-09   5.42246E-03   6.61085E-07   1.08446E-02
 6.40000E+00              -8.56933E-09   5.39648E-03   6.59688E-07   1.07926E-02
 6.56000E+00              -8.56267E-09   5.36158E-03   6.57774E-07   1.07228E-02
 6.72000E+00              -8.55275E-09   5.31580E-03   6.55225E-07   1.06313E-02
 6.88000E+00              -8.53832E-09   5.25713E-03   6.51915E-07   1.05139E-02
 7.04000E+00              -8.51777E-09   5.18358E-03   6.47715E-07   1.03668E-02
 7.20000E+00              -8.48917E-09   5.09336E-03   6.42500E-07   1.01864E-02
 7.36000E+00              -8.45020E-09   4.98498E-03   6.36151E-07   9.96961E-03
 7.52000E+00              -8.39819E-09   4.85741E-03   6.28567E-07   9.71446E-03
 7.68000E+00              -8.33019E-09   4.71014E-03   6.19663E-07   9.41993E-03
 7.84000E+00              -8.24305E-09   4.54332E-03   6.09381E-07   9.08628E-03
 8.00000E+00              -8.13354E-09   4.35773E-03   5.97690E-07   8.71512E-03
 8.16000E+00              -7.99852E-09   4.15486E-03   5.84586E-07   8.30937E-03
 8.32000E+00              -7.83517E-09   3.93677E-03   5.70099E-07   7.87319E-03
 8.48000E+00              -7.64112E-09   3.70606E-03   5.54283E-07   7.41177E-03
 8.64000E+00              -7.41472E-09   3.46572E-03   5.37220E-07   6.93111E-03
 8.80000E+00              -7.15521E-09   3.21902E-03   5.19017E-07   6.43771E-03
 8.96000E+00              -6.86284E-09   2.96932E-03   4.99796E-07   5.93834E-03
 9.12000E+00              -6.53901E-09   2.71998E-03   4.79698E-07   5.43968E-03
 9.28000E+00              -6.18627E-09   2.47418E-03   4.58872E-07   4.94809E-03
 9.44000E+00              -5.80826E-09   2.23482E-03   4.37474E-07   4.46939E-03
 9.60000E+00              -5.40963E-09   2.00446E-03   4.15663E-07   4.00871E-03
 9.76000E+00              -4.99586E-09   1.78526E-03   3.93596E-07   3.57031E-03
 9.92000E+00              -4.57297E-09   1.57889E-03   3.71428E-07   3.15761E-03
 1.00800E+01              -4.14730E-09   1.38662E-03   3.49304E-07   2.77309E-03
 1.02400E+01              -3.72520E-09   1.20925E-03   3.27364E-07   2.41839E-03
 1.04000E+01              -3.31278E-09   1.04721E-03   3.05734E-07   2.09432E-03
 1.05600E+01              -2.91560E-09   9.00526E-04   2.84533E-07   1.80099E-03
 1.07200E+01              -2.53852E-09   7.68952E-04   2.63863E-07   1.53786E-03
 1.08800E+01              -2.18551E-09   6.51966E-04   2.43820E-07   1.30391E-03
 1.10400E+01              -1.85958E-09   5.48847E-04   2.24482E-07   1.09769E-03
 1.12000E+01              -1.56269E-09   4.58721E-04   2.05917E-07   9.17454E-04
 1.13600E+01              -1.29588E-09   3.80614E-04   1.88183E-07   7.61252E-04
 1.15200E+01              -1.05922E-09   3.13485E-04   1.71323E-07   6.27005E-04
 1.16800E+01              -8.52024E-10   2.56272E-04   1.55372E-07   5.12586E-04
 1.18400E+01              -6.72928E-10   2.07915E-04   1.40352E-07   4.15878E-04
 1.20000E+01              -5.20062E-10   1.67385E-04   1.26276E-07   3.34822E-04
 1.21600E+01              -3.91196E-10   1.33702E-04   1.13150E-07   2.67458E-04
 1.23200E+01              -2.83887E-10   1.05948E-04   1.00968E-07   2.11949E-04
 1.24800E+01              -1.95601E-10   8.32749E-05   8.97170E-08   1.66603E-04
 1.26400E+01              -1.23827E-10   6.49154E-05   7.93781E-08   1.29881E-04
 1.28000E+01              -6.61586E-11   5.01802E-05   6.99248E-08   1.00408E-04
 1.29600E+01              -2.03579E-11   3.84602E-05   6.13252E-08   7.69648E-05
 1.31200E+01               1.56034E-11   2.92233E-05   5.35424E-08   5.84874E-05
 1.32800E+01               4.35221E-11   2.20107E-05   4.65355E-08   4.40585E-05
 1.34400E+01               6.49567E-11   1.64316E-05   4.02605E-08   3.28965E-05
 1.36000E+01               8.12330E-11   1.21569E-05   3.46706E-08   2.43434E-05
 1.37600E+01               9.34588E-11   8.91308E-06   2.97179E-08   1.78522E-05
 1.39200E+01               1.02544E-10   6.47528E-06   2.53534E-08   1.29732E-05
 1.40800E+01               1.09225E-10   4.66109E-06   2.15281E-08   9.34182E-06
 1.42400E+01               1.14086E-10   3.32424E-06   1.81935E-08   6.66535E-06
 1.44000E+01               1.17587E-10   2.34885E-06   1.53026E-08   4.71206E-06
 1.45600E+01               1.20082E-10   1.64421E-06   1.28100E-08   3.30059E-06
 1.47200E+01               1.21843E-10   1.14023E-06   1.06725E-08   2.29069E-06
 1.48800E+01               1.23074E-10   7.83334E-07   8.84937E-09   1.57522E-06
 1.50400E+01               1.23925E-10   5.33110E-07   7.30281E-09   1.07332E-06
 1.52000E+01               1.24509E-10   3.59413E-07   5.99788E-09   7.24690E-07
 1.53600E+01               1.24904E-10   2.40035E-07   4.90272E-09   4.84883E-07
 1.55200E+01               1.25170E-10   1.58800E-07   3.98846E-09   3.21530E-07
 1.56800E+01               1.25348E-10   1.04068E-07   3.22927E-09   2.11328E-07
 1.58400E+01               1.25464E-10   6.75573E-08   2.60215E-09   1.37693E-07
 1.59600E+01               1.25511E-10   5.30068E-08   2.30512E-09   1.08300E-07
