# Units: Mol/kgw
 TITLE = " Years"
VARIABLES = "X (meters)", "H+        ", "Ca++      ", "Na+       ", "Cl-       ", "
 ZONE F=POINT,I=         101
 4.00000E-02              -8.58073E-09   5.40982E-03   1.41414E-04   1.09601E-02
 1.60000E-01              -8.58073E-09   5.40982E-03   1.41414E-04   1.09601E-02
 3.20000E-01              -8.58073E-09   5.40982E-03   1.41414E-04   1.09601E-02
 4.80000E-01              -8.58073E-09   5.40982E-03   1.41414E-04   1.09601E-02
 6.40000E-01              -8.58073E-09   5.40982E-03   1.41414E-04   1.09601E-02
 8.00000E-01              -8.58073E-09   5.40982E-03   1.41414E-04   1.09601E-02
 9.60000E-01              -8.58073E-09   5.40982E-03   1.41414E-04   1.09601E-02
 1.12000E+00              -8.58073E-09   5.40982E-03   1.41414E-04   1.09601E-02
 1.28000E+00              -8.58073E-09   5.40982E-03   1.41414E-04   1.09601E-02
 1.44000E+00              -8.58073E-09   5.40982E-03   1.41414E-04   1.09601E-02
 1.60000E+00              -8.58073E-09   5.40982E-03   1.41414E-04   1.09601E-02
 1.76000E+00              -8.58073E-09   5.40982E-03   1.41414E-04   1.09601E-02
 1.92000E+00              -8.58073E-09   5.40982E-03   1.41414E-04   1.09601E-02
 2.08000E+00              -8.58073E-09   5.40982E-03   1.41414E-04   1.09601E-02
 2.24000E+00              -8.58073E-09   5.40982E-03   1.41414E-04   1.09601E-02
 2.40000E+00              -8.58073E-09   5.40982E-03   1.41414E-04   1.09601E-02
 2.56000E+00              -8.58073E-09   5.40982E-03   1.41414E-04   1.09601E-02
 2.72000E+00              -8.58073E-09   5.40982E-03   1.41414E-04   1.09601E-02
 2.88000E+00              -8.58073E-09   5.40982E-03   1.41414E-04   1.09601E-02
 3.04000E+00              -8.58073E-09   5.40982E-03   1.41414E-04   1.09601E-02
 3.20000E+00              -8.58073E-09   5.40982E-03   1.41414E-04   1.09601E-02
 3.36000E+00              -8.58073E-09   5.40982E-03   1.41414E-04   1.09601E-02
 3.52000E+00              -8.58073E-09   5.40982E-03   1.41414E-04   1.09601E-02
 3.68000E+00              -8.58073E-09   5.40982E-03   1.41414E-04   1.09601E-02
 3.84000E+00              -8.58073E-09   5.40982E-03   1.41414E-04   1.09601E-02
 4.00000E+00              -8.58073E-09   5.40982E-03   1.41414E-04   1.09601E-02
 4.16000E+00              -8.58073E-09   5.40982E-03   1.41414E-04   1.09601E-02
 4.32000E+00              -8.58073E-09   5.40982E-03   1.41414E-04   1.09601E-02
 4.48000E+00              -8.58073E-09   5.40982E-03   1.41414E-04   1.09601E-02
 4.64000E+00              -8.58073E-09   5.40982E-03   1.41414E-04   1.09601E-02
 4.80000E+00              -8.58073E-09   5.40982E-03   1.41413E-04   1.09601E-02
 4.96000E+00              -8.58073E-09   5.40982E-03   1.41413E-04   1.09601E-02
 5.12000E+00              -8.58073E-09   5.40982E-03   1.41413E-04   1.09601E-02
 5.28000E+00              -8.58073E-09   5.40982E-03   1.41412E-04   1.09601E-02
 5.44000E+00              -8.58073E-09   5.40982E-03   1.41411E-04   1.09601E-02
 5.60000E+00              -8.58073E-09   5.40983E-03   1.41409E-04   1.09601E-02
 5.76000E+00              -8.58073E-09   5.40983E-03   1.41404E-04   1.09601E-02
 5.92000E+00              -8.58073E-09   5.40983E-03   1.41396E-04   1.09601E-02
 6.08000E+00              -8.58073E-09   5.40984E-03   1.41383E-04   1.09601E-02
 6.24000E+00              -8.58073E-09   5.40985E-03   1.41361E-04   1.09601E-02
 6.40000E+00              -8.58073E-09   5.40987E-03   1.41325E-04   1.09601E-02
 6.56000E+00              -8.58073E-09   5.40990E-03   1.41269E-04   1.09601E-02
 6.72000E+00              -8.58073E-09   5.40994E-03   1.41181E-04   1.09601E-02
 6.88000E+00              -8.58073E-09   5.41001E-03   1.41049E-04   1.09601E-02
 7.04000E+00              -8.58073E-09   5.41010E-03   1.40855E-04   1.09601E-02
 7.20000E+00              -8.58073E-09   5.41024E-03   1.40575E-04   1.09601E-02
 7.36000E+00              -8.58073E-09   5.41044E-03   1.40181E-04   1.09601E-02
 7.52000E+00              -8.58073E-09   5.41072E-03   1.39638E-04   1.09601E-02
 7.68000E+00              -8.58073E-09   5.41108E-03   1.38906E-04   1.09601E-02
 7.84000E+00              -8.58073E-09   5.41157E-03   1.37939E-04   1.09601E-02
 8.00000E+00              -8.58073E-09   5.41220E-03   1.36688E-04   1.09601E-02
 8.16000E+00              -8.58073E-09   5.41300E-03   1.35101E-04   1.09601E-02
 8.32000E+00              -8.58073E-09   5.41399E-03   1.33127E-04   1.09601E-02
 8.48000E+00              -8.58073E-09   5.41520E-03   1.30718E-04   1.09601E-02
 8.64000E+00              -8.58073E-09   5.41665E-03   1.27832E-04   1.09601E-02
 8.80000E+00              -8.58073E-09   5.41836E-03   1.24438E-04   1.09602E-02
 8.96000E+00              -8.58073E-09   5.42033E-03   1.20517E-04   1.09602E-02
 9.12000E+00              -8.58073E-09   5.42257E-03   1.16065E-04   1.09602E-02
 9.28000E+00              -8.58073E-09   5.42507E-03   1.11096E-04   1.09602E-02
 9.44000E+00              -8.58073E-09   5.42781E-03   1.05642E-04   1.09603E-02
 9.60000E+00              -8.58073E-09   5.43077E-03   9.97521E-05   1.09603E-02
 9.76000E+00              -8.58073E-09   5.43392E-03   9.34933E-05   1.09603E-02
 9.92000E+00              -8.58073E-09   5.43721E-03   8.69459E-05   1.09604E-02
 1.00800E+01              -8.58073E-09   5.44060E-03   8.02010E-05   1.09604E-02
 1.02400E+01              -8.58073E-09   5.44405E-03   7.33570E-05   1.09604E-02
 1.04000E+01              -8.58073E-09   5.44749E-03   6.65148E-05   1.09605E-02
 1.05600E+01              -8.58073E-09   5.45088E-03   5.97738E-05   1.09605E-02
 1.07200E+01              -8.58073E-09   5.45417E-03   5.32274E-05   1.09606E-02
 1.08800E+01              -8.58073E-09   5.45732E-03   4.69598E-05   1.09606E-02
 1.10400E+01              -8.58073E-09   5.46029E-03   4.10426E-05   1.09606E-02
 1.12000E+01              -8.58073E-09   5.46307E-03   3.55332E-05   1.09607E-02
 1.13600E+01              -8.58073E-09   5.46561E-03   3.04732E-05   1.09607E-02
 1.15200E+01              -8.58073E-09   5.46792E-03   2.58885E-05   1.09607E-02
 1.16800E+01              -8.58073E-09   5.46998E-03   2.17900E-05   1.09607E-02
 1.18400E+01              -8.58073E-09   5.47179E-03   1.81743E-05   1.09608E-02
 1.20000E+01              -8.58073E-09   5.47338E-03   1.50264E-05   1.09608E-02
 1.21600E+01              -8.58073E-09   5.47474E-03   1.23211E-05   1.09608E-02
 1.23200E+01              -8.58073E-09   5.47589E-03   1.00261E-05   1.09608E-02
 1.24800E+01              -8.58073E-09   5.47686E-03   8.10378E-06   1.09608E-02
 1.26400E+01              -8.58073E-09   5.47766E-03   6.51394E-06   1.09608E-02
 1.28000E+01              -8.58073E-09   5.47831E-03   5.21541E-06   1.09608E-02
 1.29600E+01              -8.58073E-09   5.47884E-03   4.16788E-06   1.09608E-02
 1.31200E+01              -8.58073E-09   5.47926E-03   3.33313E-06   1.09608E-02
 1.32800E+01              -8.58073E-09   5.47959E-03   2.67596E-06   1.09608E-02
 1.34400E+01              -8.58073E-09   5.47984E-03   2.16477E-06   1.09609E-02
 1.36000E+01              -8.58073E-09   5.48004E-03   1.77182E-06   1.09609E-02
 1.37600E+01              -8.58073E-09   5.48019E-03   1.47330E-06   1.09609E-02
 1.39200E+01              -8.58073E-09   5.48031E-03   1.24913E-06   1.09609E-02
 1.40800E+01              -8.58073E-09   5.48039E-03   1.08273E-06   1.09609E-02
 1.42400E+01              -8.58073E-09   5.48045E-03   9.60597E-07   1.09609E-02
 1.44000E+01              -8.58073E-09   5.48049E-03   8.71973E-07   1.09609E-02
 1.45600E+01              -8.58073E-09   5.48053E-03   8.08379E-07   1.09609E-02
 1.47200E+01              -8.58073E-09   5.48055E-03   7.63251E-07   1.09609E-02
 1.48800E+01              -8.58073E-09   5.48057E-03   7.31582E-07   1.09609E-02
 1.50400E+01              -8.58073E-09   5.48058E-03   7.09602E-07   1.09609E-02
 1.52000E+01              -8.58073E-09   5.48058E-03   6.94518E-07   1.09609E-02
 1.53600E+01              -8.58073E-09   5.48059E-03   6.84282E-07   1.09609E-02
 1.55200E+01              -8.58073E-09   5.48059E-03   6.77418E-07   1.09609E-02
 1.56800E+01              -8.58073E-09   5.48060E-03   6.72869E-07   1.09609E-02
 1.58400E+01              -8.58073E-09   5.48060E-03   6.69895E-07   1.09609E-02
 1.59600E+01              -8.58073E-09   5.48060E-03   6.68725E-07   1.09609E-02
