# Units: Mol/kgw
 TITLE = " Years"
VARIABLES = "X (meters)", "H+        ", "Ca++      ", "Na+       ", "Cl-       ", "
 ZONE F=POINT,I=         101
 4.00000E-02              -8.58073E-09   5.40982E-03   1.41414E-04   1.09601E-02
 1.60000E-01              -8.58073E-09   5.40982E-03   1.41414E-04   1.09601E-02
 3.20000E-01              -8.58073E-09   5.40982E-03   1.41413E-04   1.09601E-02
 4.80000E-01              -8.58073E-09   5.40983E-03   1.41410E-04   1.09601E-02
 6.40000E-01              -8.58073E-09   5.40983E-03   1.41392E-04   1.09601E-02
 8.00000E-01              -8.58073E-09   5.40987E-03   1.41324E-04   1.09601E-02
 9.60000E-01              -8.58073E-09   5.40997E-03   1.41120E-04   1.09601E-02
 1.12000E+00              -8.58073E-09   5.41023E-03   1.40603E-04   1.09601E-02
 1.28000E+00              -8.58073E-09   5.41080E-03   1.39475E-04   1.09601E-02
 1.44000E+00              -8.58073E-09   5.41188E-03   1.37320E-04   1.09601E-02
 1.60000E+00              -8.58073E-09   5.41373E-03   1.33650E-04   1.09601E-02
 1.76000E+00              -8.58073E-09   5.41656E-03   1.28011E-04   1.09601E-02
 1.92000E+00              -8.58073E-09   5.42053E-03   1.20115E-04   1.09602E-02
 2.08000E+00              -8.58073E-09   5.42564E-03   1.09953E-04   1.09602E-02
 2.24000E+00              -8.58073E-09   5.43173E-03   9.78462E-05   1.09603E-02
 2.40000E+00              -8.58073E-09   5.43849E-03   8.44128E-05   1.09604E-02
 2.56000E+00              -8.58073E-09   5.44550E-03   7.04596E-05   1.09605E-02
 2.72000E+00              -8.58073E-09   5.45235E-03   5.68326E-05   1.09605E-02
 2.88000E+00              -8.58073E-09   5.45867E-03   4.42724E-05   1.09606E-02
 3.04000E+00              -8.58073E-09   5.46418E-03   3.33111E-05   1.09607E-02
 3.20000E+00              -8.58073E-09   5.46875E-03   2.42282E-05   1.09607E-02
 3.36000E+00              -8.58073E-09   5.47235E-03   1.70640E-05   1.09608E-02
 3.52000E+00              -8.58073E-09   5.47506E-03   1.16734E-05   1.09608E-02
 3.68000E+00              -8.58073E-09   5.47701E-03   7.79594E-06   1.09608E-02
 3.84000E+00              -8.58073E-09   5.47836E-03   5.12490E-06   1.09608E-02
 4.00000E+00              -8.58073E-09   5.47924E-03   3.35970E-06   1.09608E-02
 4.16000E+00              -8.58073E-09   5.47981E-03   2.23874E-06   1.09609E-02
 4.32000E+00              -8.58073E-09   5.48015E-03   1.55372E-06   1.09609E-02
 4.48000E+00              -8.58073E-09   5.48036E-03   1.15032E-06   1.09609E-02
 4.64000E+00              -8.58073E-09   5.48047E-03   9.21128E-07   1.09609E-02
 4.80000E+00              -8.58073E-09   5.48053E-03   7.95363E-07   1.09609E-02
 4.96000E+00              -8.58073E-09   5.48057E-03   7.28662E-07   1.09609E-02
 5.12000E+00              -8.58073E-09   5.48058E-03   6.94460E-07   1.09609E-02
 5.28000E+00              -8.58073E-09   5.48059E-03   6.77515E-07   1.09609E-02
 5.44000E+00              -8.58073E-09   5.48060E-03   6.69423E-07   1.09609E-02
 5.60000E+00              -8.58073E-09   5.48060E-03   6.65724E-07   1.09609E-02
 5.76000E+00              -8.58073E-09   5.48060E-03   6.64134E-07   1.09609E-02
 5.92000E+00              -8.58073E-09   5.48060E-03   6.63521E-07   1.09609E-02
 6.08000E+00              -8.58073E-09   5.48060E-03   6.63346E-07   1.09609E-02
 6.24000E+00              -8.58073E-09   5.48060E-03   6.63358E-07   1.09609E-02
 6.40000E+00              -8.58073E-09   5.48060E-03   6.63444E-07   1.09609E-02
 6.56000E+00              -8.58073E-09   5.48060E-03   6.63556E-07   1.09609E-02
 6.72000E+00              -8.58073E-09   5.48060E-03   6.63674E-07   1.09609E-02
 6.88000E+00              -8.58073E-09   5.48060E-03   6.63790E-07   1.09609E-02
 7.04000E+00              -8.58073E-09   5.48060E-03   6.63902E-07   1.09609E-02
 7.20000E+00              -8.58073E-09   5.48060E-03   6.64008E-07   1.09609E-02
 7.36000E+00              -8.58073E-09   5.48060E-03   6.64108E-07   1.09609E-02
 7.52000E+00              -8.58073E-09   5.48060E-03   6.64203E-07   1.09609E-02
 7.68000E+00              -8.58073E-09   5.48060E-03   6.64294E-07   1.09609E-02
 7.84000E+00              -8.58073E-09   5.48060E-03   6.64380E-07   1.09609E-02
 8.00000E+00              -8.58073E-09   5.48060E-03   6.64462E-07   1.09609E-02
 8.16000E+00              -8.58073E-09   5.48060E-03   6.64540E-07   1.09609E-02
 8.32000E+00              -8.58073E-09   5.48060E-03   6.64615E-07   1.09609E-02
 8.48000E+00              -8.58073E-09   5.48060E-03   6.64687E-07   1.09609E-02
 8.64000E+00              -8.58073E-09   5.48060E-03   6.64756E-07   1.09609E-02
 8.80000E+00              -8.58073E-09   5.48060E-03   6.64821E-07   1.09609E-02
 8.96000E+00              -8.58073E-09   5.48060E-03   6.64885E-07   1.09609E-02
 9.12000E+00              -8.58073E-09   5.48060E-03   6.64946E-07   1.09609E-02
 9.28000E+00              -8.58073E-09   5.48060E-03   6.65004E-07   1.09609E-02
 9.44000E+00              -8.58073E-09   5.48060E-03   6.65061E-07   1.09609E-02
 9.60000E+00              -8.58073E-09   5.48060E-03   6.65115E-07   1.09609E-02
 9.76000E+00              -8.58073E-09   5.48060E-03   6.65168E-07   1.09609E-02
 9.92000E+00              -8.58073E-09   5.48060E-03   6.65218E-07   1.09609E-02
 1.00800E+01              -8.58073E-09   5.48060E-03   6.65267E-07   1.09609E-02
 1.02400E+01              -8.58073E-09   5.48060E-03   6.65315E-07   1.09609E-02
 1.04000E+01              -8.58073E-09   5.48060E-03   6.65361E-07   1.09609E-02
 1.05600E+01              -8.58073E-09   5.48060E-03   6.65405E-07   1.09609E-02
 1.07200E+01              -8.58073E-09   5.48060E-03   6.65449E-07   1.09609E-02
 1.08800E+01              -8.58073E-09   5.48060E-03   6.65491E-07   1.09609E-02
 1.10400E+01              -8.58073E-09   5.48060E-03   6.65531E-07   1.09609E-02
 1.12000E+01              -8.58073E-09   5.48060E-03   6.65571E-07   1.09609E-02
 1.13600E+01              -8.58073E-09   5.48060E-03   6.65609E-07   1.09609E-02
 1.15200E+01              -8.58073E-09   5.48060E-03   6.65646E-07   1.09609E-02
 1.16800E+01              -8.58073E-09   5.48060E-03   6.65683E-07   1.09609E-02
 1.18400E+01              -8.58073E-09   5.48060E-03   6.65718E-07   1.09609E-02
 1.20000E+01              -8.58073E-09   5.48060E-03   6.65752E-07   1.09609E-02
 1.21600E+01              -8.58073E-09   5.48060E-03   6.65786E-07   1.09609E-02
 1.23200E+01              -8.58073E-09   5.48060E-03   6.65819E-07   1.09609E-02
 1.24800E+01              -8.58073E-09   5.48060E-03   6.65850E-07   1.09609E-02
 1.26400E+01              -8.58073E-09   5.48060E-03   6.65881E-07   1.09609E-02
 1.28000E+01              -8.58073E-09   5.48060E-03   6.65912E-07   1.09609E-02
 1.29600E+01              -8.58073E-09   5.48060E-03   6.65941E-07   1.09609E-02
 1.31200E+01              -8.58073E-09   5.48060E-03   6.65970E-07   1.09609E-02
 1.32800E+01              -8.58073E-09   5.48060E-03   6.65998E-07   1.09609E-02
 1.34400E+01              -8.58073E-09   5.48060E-03   6.66026E-07   1.09609E-02
 1.36000E+01              -8.58073E-09   5.48059E-03   6.66053E-07   1.09609E-02
 1.37600E+01              -8.58073E-09   5.48059E-03   6.66079E-07   1.09608E-02
 1.39200E+01              -8.58073E-09   5.48059E-03   6.66105E-07   1.09608E-02
 1.40800E+01              -8.58073E-09   5.48058E-03   6.66129E-07   1.09608E-02
 1.42400E+01              -8.58073E-09   5.48057E-03   6.66154E-07   1.09608E-02
 1.44000E+01              -8.58073E-09   5.48056E-03   6.66177E-07   1.09608E-02
 1.45600E+01              -8.58073E-09   5.48053E-03   6.66199E-07   1.09607E-02
 1.47200E+01              -8.58073E-09   5.48050E-03   6.66221E-07   1.09607E-02
 1.48800E+01              -8.58073E-09   5.48045E-03   6.66241E-07   1.09606E-02
 1.50400E+01              -8.58073E-09   5.48038E-03   6.66259E-07   1.09604E-02
 1.52000E+01              -8.58073E-09   5.48028E-03   6.66275E-07   1.09602E-02
 1.53600E+01              -8.58073E-09   5.48013E-03   6.66288E-07   1.09599E-02
 1.55200E+01              -8.58073E-09   5.47993E-03   6.66298E-07   1.09595E-02
 1.56800E+01              -8.58073E-09   5.47964E-03   6.66302E-07   1.09589E-02
 1.58400E+01              -8.58073E-09   5.47924E-03   6.66300E-07   1.09581E-02
 1.59600E+01              -8.58073E-09   5.47901E-03   6.66297E-07   1.09577E-02
