# Units: Mol/kgw
 TITLE = " Years"
VARIABLES = "X (meters)", "H+        ", "Ca++      ", "Na+       ", "Cl-       ", "
 ZONE F=POINT,I=         101
 4.00000E-02              -8.58073E-09   5.40994E-03   1.41178E-04   1.09601E-02
 1.60000E-01              -8.58073E-09   5.41541E-03   1.30306E-04   1.09601E-02
 3.20000E-01              -8.58073E-09   5.42815E-03   1.04967E-04   1.09603E-02
 4.80000E-01              -8.58073E-09   5.44458E-03   7.22991E-05   1.09605E-02
 6.40000E-01              -8.58073E-09   5.45943E-03   4.27543E-05   1.09606E-02
 8.00000E-01              -8.58073E-09   5.46985E-03   2.20499E-05   1.09607E-02
 9.60000E-01              -8.58073E-09   5.47581E-03   1.01779E-05   1.09608E-02
 1.12000E+00              -8.58073E-09   5.47871E-03   4.41254E-06   1.09608E-02
 1.28000E+00              -8.58073E-09   5.47990E-03   1.98402E-06   1.09608E-02
 1.44000E+00              -8.58072E-09   5.48026E-03   1.08121E-06   1.09606E-02
 1.60000E+00              -8.58068E-09   5.48016E-03   7.81244E-07   1.09601E-02
 1.76000E+00              -8.58057E-09   5.47954E-03   6.91438E-07   1.09588E-02
 1.92000E+00              -8.58027E-09   5.47799E-03   6.67178E-07   1.09556E-02
 2.08000E+00              -8.57954E-09   5.47459E-03   6.61310E-07   1.09488E-02
 2.24000E+00              -8.57787E-09   5.46776E-03   6.59970E-07   1.09352E-02
 2.40000E+00              -8.57433E-09   5.45498E-03   6.59368E-07   1.09096E-02
 2.56000E+00              -8.56729E-09   5.43262E-03   6.58420E-07   1.08649E-02
 2.72000E+00              -8.55414E-09   5.39588E-03   6.56660E-07   1.07914E-02
 2.88000E+00              -8.53097E-09   5.33891E-03   6.53712E-07   1.06775E-02
 3.04000E+00              -8.49232E-09   5.25529E-03   6.49183E-07   1.05102E-02
 3.20000E+00              -8.43108E-09   5.13870E-03   6.42667E-07   1.02770E-02
 3.36000E+00              -8.33868E-09   4.98379E-03   6.33777E-07   9.96725E-03
 3.52000E+00              -8.20559E-09   4.78714E-03   6.22188E-07   9.57394E-03
 3.68000E+00              -8.02219E-09   4.54789E-03   6.07668E-07   9.09545E-03
 3.84000E+00              -7.77988E-09   4.26825E-03   5.90107E-07   8.53618E-03
 4.00000E+00              -7.47236E-09   3.95344E-03   5.69528E-07   7.90658E-03
 4.16000E+00              -7.09685E-09   3.61128E-03   5.46088E-07   7.22228E-03
 4.32000E+00              -6.65496E-09   3.25144E-03   5.20062E-07   6.50262E-03
 4.48000E+00              -6.15307E-09   2.88447E-03   4.91824E-07   5.76871E-03
 4.64000E+00              -5.60217E-09   2.52085E-03   4.61817E-07   5.04151E-03
 4.80000E+00              -5.01705E-09   2.17015E-03   4.30527E-07   4.34013E-03
 4.96000E+00              -4.41495E-09   1.84033E-03   3.98453E-07   3.68053E-03
 5.12000E+00              -3.81408E-09   1.53741E-03   3.66089E-07   3.07474E-03
 5.28000E+00              -3.23189E-09   1.26536E-03   3.33900E-07   2.53067E-03
 5.44000E+00              -2.68373E-09   1.02613E-03   3.02310E-07   2.05223E-03
 5.60000E+00              -2.18171E-09   8.19939E-04   2.71692E-07   1.63988E-03
 5.76000E+00              -1.73413E-09   6.45611E-04   2.42363E-07   1.29125E-03
 5.92000E+00              -1.34534E-09   5.00919E-04   2.14583E-07   1.00188E-03
 6.08000E+00              -1.01607E-09   3.82961E-04   1.88549E-07   7.65978E-04
 6.24000E+00              -7.43959E-10   2.88466E-04   1.64406E-07   5.76996E-04
 6.40000E+00              -5.24403E-10   2.14062E-04   1.42244E-07   4.28191E-04
 6.56000E+00              -3.51318E-10   1.56468E-04   1.22104E-07   3.13004E-04
 6.72000E+00              -2.17922E-10   1.12639E-04   1.03982E-07   2.25342E-04
 6.88000E+00              -1.17356E-10   7.98450E-05   8.78386E-08   1.59750E-04
 7.04000E+00              -4.31503E-11   5.57233E-05   7.35988E-08   1.11501E-04
 7.20000E+00               1.04683E-11   3.82812E-05   6.11624E-08   7.66103E-05
 7.36000E+00               4.84276E-11   2.58842E-05   5.04086E-08   5.18100E-05
 7.52000E+00               7.47697E-11   1.72241E-05   4.12016E-08   3.44836E-05
 7.68000E+00               9.26971E-11   1.12786E-05   3.33969E-08   2.25867E-05
 7.84000E+00               1.04668E-10   7.26713E-06   2.68461E-08   1.45587E-05
 8.00000E+00               1.12513E-10   4.60737E-06   2.14014E-08   9.23463E-06
 8.16000E+00               1.17562E-10   2.87426E-06   1.69203E-08   5.76451E-06
 8.32000E+00               1.20754E-10   1.76439E-06   1.32675E-08   3.54148E-06
 8.48000E+00               1.22737E-10   1.06580E-06   1.03184E-08   2.14158E-06
 8.64000E+00               1.23948E-10   6.33569E-07   7.95970E-09   1.27490E-06
 8.80000E+00               1.24675E-10   3.70657E-07   6.09063E-09   7.47290E-07
 8.96000E+00               1.25105E-10   2.13419E-07   4.62305E-09   4.31395E-07
 9.12000E+00               1.25355E-10   1.20946E-07   3.48106E-09   2.45337E-07
 9.28000E+00               1.25498E-10   6.74638E-08   2.60031E-09   1.37507E-07
 9.44000E+00               1.25579E-10   3.70429E-08   1.92706E-09   7.60017E-08
 9.60000E+00               1.25623E-10   2.00262E-08   1.41702E-09   4.14633E-08
 9.76000E+00               1.25648E-10   1.06667E-08   1.03423E-09   2.23643E-08
 9.92000E+00               1.25661E-10   5.60657E-09   7.49833E-10   1.19613E-08
 1.00800E+01               1.25668E-10   2.91907E-09   5.41062E-10   6.37830E-09
 1.02400E+01               1.25672E-10   1.51788E-09   3.90165E-10   3.42543E-09
 1.04000E+01               1.25674E-10   8.01304E-10   2.83486E-10   1.88582E-09
 1.05600E+01               1.25675E-10   4.41947E-10   2.10533E-10   1.09429E-09
 1.07200E+01               1.25675E-10   2.64986E-10   1.63022E-10   6.92930E-10
 1.08800E+01               1.25675E-10   1.79082E-10   1.34018E-10   4.92172E-10
 1.10400E+01               1.25675E-10   1.37757E-10   1.17542E-10   3.93103E-10
 1.12000E+01               1.25676E-10   1.17990E-10   1.08782E-10   3.44883E-10
 1.13600E+01               1.25676E-10   1.08585E-10   1.04357E-10   3.21760E-10
 1.15200E+01               1.25676E-10   1.04144E-10   1.02200E-10   3.10874E-10
 1.16800E+01               1.25676E-10   1.02068E-10   1.01177E-10   3.05895E-10
 1.18400E+01               1.25676E-10   1.01105E-10   1.00698E-10   3.03750E-10
 1.20000E+01               1.25676E-10   1.00666E-10   1.00479E-10   3.02967E-10
 1.21600E+01               1.25676E-10   1.00468E-10   1.00380E-10   3.02847E-10
 1.23200E+01               1.25676E-10   1.00379E-10   1.00336E-10   3.03060E-10
 1.24800E+01               1.25676E-10   1.00340E-10   1.00317E-10   3.03447E-10
 1.26400E+01               1.25676E-10   1.00323E-10   1.00308E-10   3.03927E-10
 1.28000E+01               1.25676E-10   1.00316E-10   1.00305E-10   3.04456E-10
 1.29600E+01               1.25676E-10   1.00313E-10   1.00303E-10   3.05002E-10
 1.31200E+01               1.25676E-10   1.00312E-10   1.00303E-10   3.05544E-10
 1.32800E+01               1.25676E-10   1.00312E-10   1.00303E-10   3.06063E-10
 1.34400E+01               1.25676E-10   1.00312E-10   1.00303E-10   3.06547E-10
 1.36000E+01               1.25676E-10   1.00312E-10   1.00303E-10   3.06984E-10
 1.37600E+01               1.25676E-10   1.00312E-10   1.00303E-10   3.07369E-10
 1.39200E+01               1.25676E-10   1.00312E-10   1.00303E-10   3.07700E-10
 1.40800E+01               1.25676E-10   1.00312E-10   1.00303E-10   3.07977E-10
 1.42400E+01               1.25676E-10   1.00312E-10   1.00303E-10   3.08203E-10
 1.44000E+01               1.25676E-10   1.00312E-10   1.00303E-10   3.08384E-10
 1.45600E+01               1.25676E-10   1.00313E-10   1.00303E-10   3.08525E-10
 1.47200E+01               1.25676E-10   1.00313E-10   1.00303E-10   3.08633E-10
 1.48800E+01               1.25676E-10   1.00313E-10   1.00303E-10   3.08714E-10
 1.50400E+01               1.25676E-10   1.00313E-10   1.00303E-10   3.08773E-10
 1.52000E+01               1.25676E-10   1.00313E-10   1.00303E-10   3.08815E-10
 1.53600E+01               1.25676E-10   1.00313E-10   1.00303E-10   3.08844E-10
 1.55200E+01               1.25676E-10   1.00313E-10   1.00303E-10   3.08865E-10
 1.56800E+01               1.25676E-10   1.00313E-10   1.00303E-10   3.08879E-10
 1.58400E+01               1.25676E-10   1.00313E-10   1.00303E-10   3.08888E-10
 1.59600E+01               1.25676E-10   1.00313E-10   1.00303E-10   3.08891E-10
