# Units: Mol/m^3 porous medium
 TITLE = " Years"
VARIABLES = "X (meters)", "H+        ", "Ca++      ", "Na+       ", "Cl-       ", "
 ZONE F=POINT,I=         101
 4.00000E-02               0.00000E+00   4.49496E+02   7.71443E-01   6.92910E-01
 1.60000E-01               0.00000E+00   4.49526E+02   7.11710E-01   6.93250E-01
 3.20000E-01               0.00000E+00   4.49596E+02   5.72699E-01   6.94042E-01
 4.80000E-01               0.00000E+00   4.49686E+02   3.93925E-01   6.95061E-01
 6.40000E-01               0.00000E+00   4.49767E+02   2.32661E-01   6.95982E-01
 8.00000E-01               0.00000E+00   4.49823E+02   1.19887E-01   6.96626E-01
 9.60000E-01               0.00000E+00   4.49856E+02   5.53111E-02   6.96995E-01
 1.12000E+00               0.00000E+00   4.49872E+02   2.39738E-02   6.97173E-01
 1.28000E+00               0.00000E+00   4.49878E+02   1.07783E-02   6.97244E-01
 1.44000E+00               0.00000E+00   4.49881E+02   5.87360E-03   6.97257E-01
 1.60000E+00               0.00000E+00   4.49881E+02   4.24408E-03   6.97223E-01
 1.76000E+00               0.00000E+00   4.49882E+02   3.75640E-03   6.97113E-01
 1.92000E+00               0.00000E+00   4.49882E+02   3.62508E-03   6.96847E-01
 2.08000E+00               0.00000E+00   4.49881E+02   3.59421E-03   6.96268E-01
 2.24000E+00               0.00000E+00   4.49881E+02   3.58898E-03   6.95104E-01
 2.40000E+00               0.00000E+00   4.49880E+02   3.58956E-03   6.92928E-01
 2.56000E+00               0.00000E+00   4.49878E+02   3.59115E-03   6.89124E-01
 2.72000E+00               0.00000E+00   4.49875E+02   3.59271E-03   6.82882E-01
 2.88000E+00               0.00000E+00   4.49870E+02   3.59404E-03   6.73226E-01
 3.04000E+00               0.00000E+00   4.49863E+02   3.59509E-03   6.59107E-01
 3.20000E+00               0.00000E+00   4.49853E+02   3.59585E-03   6.39531E-01
 3.36000E+00               0.00000E+00   4.49840E+02   3.59633E-03   6.13728E-01
 3.52000E+00               0.00000E+00   4.49824E+02   3.59652E-03   5.81319E-01
 3.68000E+00               0.00000E+00   4.49804E+02   3.59646E-03   5.42440E-01
 3.84000E+00               0.00000E+00   4.49782E+02   3.59616E-03   4.97800E-01
 4.00000E+00               0.00000E+00   4.49758E+02   3.59567E-03   4.48642E-01
 4.16000E+00               0.00000E+00   4.49732E+02   3.59505E-03   3.96623E-01
 4.32000E+00               0.00000E+00   4.49705E+02   3.59435E-03   3.43630E-01
 4.48000E+00               0.00000E+00   4.49679E+02   3.59362E-03   2.91568E-01
 4.64000E+00               0.00000E+00   4.49654E+02   3.59293E-03   2.42161E-01
 4.80000E+00               0.00000E+00   4.49632E+02   3.59233E-03   1.96803E-01
 4.96000E+00               0.00000E+00   4.49611E+02   3.59185E-03   1.56463E-01
 5.12000E+00               0.00000E+00   4.49594E+02   3.59153E-03   1.21666E-01
 5.28000E+00               0.00000E+00   4.49579E+02   3.59138E-03   9.25221E-02
 5.44000E+00               0.00000E+00   4.49568E+02   3.59140E-03   6.87993E-02
 5.60000E+00               0.00000E+00   4.49558E+02   3.59159E-03   5.00183E-02
 5.76000E+00               0.00000E+00   4.49551E+02   3.59194E-03   3.55481E-02
 5.92000E+00               0.00000E+00   4.49546E+02   3.59242E-03   2.46927E-02
 6.08000E+00               0.00000E+00   4.49542E+02   3.59302E-03   1.67611E-02
 6.24000E+00               0.00000E+00   4.49539E+02   3.59371E-03   1.11152E-02
 6.40000E+00               0.00000E+00   4.49537E+02   3.59446E-03   7.19953E-03
 6.56000E+00               0.00000E+00   4.49535E+02   3.59524E-03   4.55363E-03
 6.72000E+00               0.00000E+00   4.49535E+02   3.59603E-03   2.81170E-03
 6.88000E+00               0.00000E+00   4.49534E+02   3.59681E-03   1.69448E-03
 7.04000E+00               0.00000E+00   4.49534E+02   3.59756E-03   9.96473E-04
 7.20000E+00               0.00000E+00   4.49533E+02   3.59827E-03   5.71721E-04
 7.36000E+00               0.00000E+00   4.49533E+02   3.59893E-03   3.19988E-04
 7.52000E+00               0.00000E+00   4.49533E+02   3.59953E-03   1.74695E-04
 7.68000E+00               0.00000E+00   4.49533E+02   3.60006E-03   9.30276E-05
 7.84000E+00               0.00000E+00   4.49533E+02   3.60054E-03   4.83214E-05
 8.00000E+00               0.00000E+00   4.49533E+02   3.60095E-03   2.44848E-05
 8.16000E+00               0.00000E+00   4.49533E+02   3.60130E-03   1.21043E-05
 8.32000E+00               0.00000E+00   4.49533E+02   3.60160E-03   5.83901E-06
 8.48000E+00               0.00000E+00   4.49533E+02   3.60185E-03   2.74908E-06
 8.64000E+00               0.00000E+00   4.49533E+02   3.60205E-03   1.26354E-06
 8.80000E+00               0.00000E+00   4.49533E+02   3.60222E-03   5.67103E-07
 8.96000E+00               0.00000E+00   4.49533E+02   3.60236E-03   2.48621E-07
 9.12000E+00               0.00000E+00   4.49533E+02   3.60247E-03   1.06506E-07
 9.28000E+00               0.00000E+00   4.49533E+02   3.60255E-03   4.46038E-08
 9.44000E+00               0.00000E+00   4.49533E+02   3.60262E-03   1.82734E-08
 9.60000E+00               0.00000E+00   4.49533E+02   3.60267E-03   7.33154E-09
 9.76000E+00               0.00000E+00   4.49533E+02   3.60271E-03   2.88640E-09
 9.92000E+00               0.00000E+00   4.49533E+02   3.60274E-03   1.11930E-09
 1.00800E+01               0.00000E+00   4.49533E+02   3.60276E-03   4.30690E-10
 1.02400E+01               0.00000E+00   4.49533E+02   3.60278E-03   1.66794E-10
 1.04000E+01               0.00000E+00   4.49533E+02   3.60279E-03   6.67193E-11
 1.05600E+01               0.00000E+00   4.49533E+02   3.60280E-03   2.87522E-11
 1.07200E+01               0.00000E+00   4.49533E+02   3.60280E-03   1.40980E-11
 1.08800E+01               0.00000E+00   4.49533E+02   3.60280E-03   8.23188E-12
 1.10400E+01               0.00000E+00   4.49533E+02   3.60280E-03   5.76659E-12
 1.12000E+01               0.00000E+00   4.49533E+02   3.60281E-03   4.68221E-12
 1.13600E+01               0.00000E+00   4.49533E+02   3.60281E-03   4.19058E-12
 1.15200E+01               0.00000E+00   4.49533E+02   3.60281E-03   3.96513E-12
 1.16800E+01               0.00000E+00   4.49533E+02   3.60281E-03   3.86254E-12
 1.18400E+01               0.00000E+00   4.49533E+02   3.60281E-03   3.81733E-12
 1.20000E+01               0.00000E+00   4.49533E+02   3.60281E-03   3.79921E-12
 1.21600E+01               0.00000E+00   4.49533E+02   3.60281E-03   3.79397E-12
 1.23200E+01               0.00000E+00   4.49533E+02   3.60281E-03   3.79496E-12
 1.24800E+01               0.00000E+00   4.49533E+02   3.60281E-03   3.79906E-12
 1.26400E+01               0.00000E+00   4.49533E+02   3.60281E-03   3.80476E-12
 1.28000E+01               0.00000E+00   4.49533E+02   3.60281E-03   3.81124E-12
 1.29600E+01               0.00000E+00   4.49533E+02   3.60281E-03   3.81803E-12
 1.31200E+01               0.00000E+00   4.49533E+02   3.60281E-03   3.82478E-12
 1.32800E+01               0.00000E+00   4.49533E+02   3.60281E-03   3.83128E-12
 1.34400E+01               0.00000E+00   4.49533E+02   3.60281E-03   3.83733E-12
 1.36000E+01               0.00000E+00   4.49533E+02   3.60281E-03   3.84281E-12
 1.37600E+01               0.00000E+00   4.49533E+02   3.60281E-03   3.84763E-12
 1.39200E+01               0.00000E+00   4.49533E+02   3.60281E-03   3.85178E-12
 1.40800E+01               0.00000E+00   4.49533E+02   3.60281E-03   3.85525E-12
 1.42400E+01               0.00000E+00   4.49533E+02   3.60281E-03   3.85808E-12
 1.44000E+01               0.00000E+00   4.49533E+02   3.60281E-03   3.86035E-12
 1.45600E+01               0.00000E+00   4.49533E+02   3.60281E-03   3.86212E-12
 1.47200E+01               0.00000E+00   4.49533E+02   3.60281E-03   3.86347E-12
 1.48800E+01               0.00000E+00   4.49533E+02   3.60281E-03   3.86448E-12
 1.50400E+01               0.00000E+00   4.49533E+02   3.60281E-03   3.86521E-12
 1.52000E+01               0.00000E+00   4.49533E+02   3.60281E-03   3.86574E-12
 1.53600E+01               0.00000E+00   4.49533E+02   3.60281E-03   3.86611E-12
 1.55200E+01               0.00000E+00   4.49533E+02   3.60281E-03   3.86637E-12
 1.56800E+01               0.00000E+00   4.49533E+02   3.60281E-03   3.86654E-12
 1.58400E+01               0.00000E+00   4.49533E+02   3.60281E-03   3.86666E-12
 1.59600E+01               0.00000E+00   4.49533E+02   3.60281E-03   3.86670E-12
