# Units: Mol/m^3 porous medium
 TITLE = " Years"
VARIABLES = "X (meters)", "H+        ", "Ca++      ", "Na+       ", "Cl-       ", "
 ZONE F=POINT,I=         101
 4.00000E-02               0.00000E+00   4.49495E+02   7.72739E-01   6.92902E-01
 1.60000E-01               0.00000E+00   4.49495E+02   7.72739E-01   6.92902E-01
 3.20000E-01               0.00000E+00   4.49495E+02   7.72739E-01   6.92902E-01
 4.80000E-01               0.00000E+00   4.49495E+02   7.72739E-01   6.92902E-01
 6.40000E-01               0.00000E+00   4.49495E+02   7.72739E-01   6.92902E-01
 8.00000E-01               0.00000E+00   4.49495E+02   7.72739E-01   6.92902E-01
 9.60000E-01               0.00000E+00   4.49495E+02   7.72739E-01   6.92902E-01
 1.12000E+00               0.00000E+00   4.49495E+02   7.72739E-01   6.92902E-01
 1.28000E+00               0.00000E+00   4.49495E+02   7.72739E-01   6.92902E-01
 1.44000E+00               0.00000E+00   4.49495E+02   7.72739E-01   6.92902E-01
 1.60000E+00               0.00000E+00   4.49495E+02   7.72739E-01   6.92902E-01
 1.76000E+00               0.00000E+00   4.49495E+02   7.72739E-01   6.92902E-01
 1.92000E+00               0.00000E+00   4.49495E+02   7.72739E-01   6.92902E-01
 2.08000E+00               0.00000E+00   4.49495E+02   7.72739E-01   6.92902E-01
 2.24000E+00               0.00000E+00   4.49495E+02   7.72739E-01   6.92902E-01
 2.40000E+00               0.00000E+00   4.49495E+02   7.72739E-01   6.92902E-01
 2.56000E+00               0.00000E+00   4.49495E+02   7.72739E-01   6.92902E-01
 2.72000E+00               0.00000E+00   4.49495E+02   7.72739E-01   6.92902E-01
 2.88000E+00               0.00000E+00   4.49495E+02   7.72739E-01   6.92902E-01
 3.04000E+00               0.00000E+00   4.49495E+02   7.72739E-01   6.92902E-01
 3.20000E+00               0.00000E+00   4.49495E+02   7.72739E-01   6.92902E-01
 3.36000E+00               0.00000E+00   4.49495E+02   7.72739E-01   6.92902E-01
 3.52000E+00               0.00000E+00   4.49495E+02   7.72739E-01   6.92902E-01
 3.68000E+00               0.00000E+00   4.49495E+02   7.72739E-01   6.92902E-01
 3.84000E+00               0.00000E+00   4.49495E+02   7.72739E-01   6.92902E-01
 4.00000E+00               0.00000E+00   4.49495E+02   7.72739E-01   6.92902E-01
 4.16000E+00               0.00000E+00   4.49495E+02   7.72739E-01   6.92902E-01
 4.32000E+00               0.00000E+00   4.49495E+02   7.72739E-01   6.92902E-01
 4.48000E+00               0.00000E+00   4.49495E+02   7.72739E-01   6.92902E-01
 4.64000E+00               0.00000E+00   4.49495E+02   7.72738E-01   6.92902E-01
 4.80000E+00               0.00000E+00   4.49495E+02   7.72738E-01   6.92902E-01
 4.96000E+00               0.00000E+00   4.49495E+02   7.72737E-01   6.92902E-01
 5.12000E+00               0.00000E+00   4.49495E+02   7.72735E-01   6.92902E-01
 5.28000E+00               0.00000E+00   4.49495E+02   7.72731E-01   6.92902E-01
 5.44000E+00               0.00000E+00   4.49495E+02   7.72724E-01   6.92902E-01
 5.60000E+00               0.00000E+00   4.49495E+02   7.72711E-01   6.92902E-01
 5.76000E+00               0.00000E+00   4.49495E+02   7.72687E-01   6.92903E-01
 5.92000E+00               0.00000E+00   4.49495E+02   7.72644E-01   6.92903E-01
 6.08000E+00               0.00000E+00   4.49495E+02   7.72571E-01   6.92903E-01
 6.24000E+00               0.00000E+00   4.49495E+02   7.72450E-01   6.92904E-01
 6.40000E+00               0.00000E+00   4.49495E+02   7.72254E-01   6.92905E-01
 6.56000E+00               0.00000E+00   4.49495E+02   7.71942E-01   6.92907E-01
 6.72000E+00               0.00000E+00   4.49496E+02   7.71461E-01   6.92910E-01
 6.88000E+00               0.00000E+00   4.49496E+02   7.70736E-01   6.92914E-01
 7.04000E+00               0.00000E+00   4.49497E+02   7.69668E-01   6.92920E-01
 7.20000E+00               0.00000E+00   4.49497E+02   7.68129E-01   6.92928E-01
 7.36000E+00               0.00000E+00   4.49498E+02   7.65964E-01   6.92941E-01
 7.52000E+00               0.00000E+00   4.49500E+02   7.62980E-01   6.92958E-01
 7.68000E+00               0.00000E+00   4.49502E+02   7.58956E-01   6.92981E-01
 7.84000E+00               0.00000E+00   4.49505E+02   7.53643E-01   6.93011E-01
 8.00000E+00               0.00000E+00   4.49508E+02   7.46768E-01   6.93050E-01
 8.16000E+00               0.00000E+00   4.49513E+02   7.38048E-01   6.93100E-01
 8.32000E+00               0.00000E+00   4.49518E+02   7.27203E-01   6.93162E-01
 8.48000E+00               0.00000E+00   4.49525E+02   7.13971E-01   6.93237E-01
 8.64000E+00               0.00000E+00   4.49533E+02   6.98124E-01   6.93327E-01
 8.80000E+00               0.00000E+00   4.49542E+02   6.79491E-01   6.93433E-01
 8.96000E+00               0.00000E+00   4.49553E+02   6.57971E-01   6.93556E-01
 9.12000E+00               0.00000E+00   4.49565E+02   6.33546E-01   6.93695E-01
 9.28000E+00               0.00000E+00   4.49579E+02   6.06296E-01   6.93850E-01
 9.44000E+00               0.00000E+00   4.49594E+02   5.76398E-01   6.94021E-01
 9.60000E+00               0.00000E+00   4.49610E+02   5.44129E-01   6.94205E-01
 9.76000E+00               0.00000E+00   4.49627E+02   5.09855E-01   6.94400E-01
 9.92000E+00               0.00000E+00   4.49645E+02   4.74019E-01   6.94605E-01
 1.00800E+01               0.00000E+00   4.49664E+02   4.37123E-01   6.94815E-01
 1.02400E+01               0.00000E+00   4.49683E+02   3.99706E-01   6.95029E-01
 1.04000E+01               0.00000E+00   4.49701E+02   3.62320E-01   6.95242E-01
 1.05600E+01               0.00000E+00   4.49720E+02   3.25509E-01   6.95452E-01
 1.07200E+01               0.00000E+00   4.49738E+02   2.89780E-01   6.95656E-01
 1.08800E+01               0.00000E+00   4.49755E+02   2.55591E-01   6.95851E-01
 1.10400E+01               0.00000E+00   4.49771E+02   2.23330E-01   6.96036E-01
 1.12000E+01               0.00000E+00   4.49786E+02   1.93306E-01   6.96207E-01
 1.13600E+01               0.00000E+00   4.49800E+02   1.65744E-01   6.96365E-01
 1.15200E+01               0.00000E+00   4.49813E+02   1.40781E-01   6.96507E-01
 1.16800E+01               0.00000E+00   4.49824E+02   1.18473E-01   6.96635E-01
 1.18400E+01               0.00000E+00   4.49834E+02   9.87997E-02   6.96747E-01
 1.20000E+01               0.00000E+00   4.49843E+02   8.16760E-02   6.96845E-01
 1.21600E+01               0.00000E+00   4.49850E+02   6.69640E-02   6.96929E-01
 1.23200E+01               0.00000E+00   4.49856E+02   5.44855E-02   6.97001E-01
 1.24800E+01               0.00000E+00   4.49862E+02   4.40355E-02   6.97060E-01
 1.26400E+01               0.00000E+00   4.49866E+02   3.53940E-02   6.97110E-01
 1.28000E+01               0.00000E+00   4.49869E+02   2.83368E-02   6.97150E-01
 1.29600E+01               0.00000E+00   4.49872E+02   2.26443E-02   6.97183E-01
 1.31200E+01               0.00000E+00   4.49875E+02   1.81084E-02   6.97209E-01
 1.32800E+01               0.00000E+00   4.49876E+02   1.45377E-02   6.97229E-01
 1.34400E+01               0.00000E+00   4.49878E+02   1.17603E-02   6.97245E-01
 1.36000E+01               0.00000E+00   4.49879E+02   9.62545E-03   6.97257E-01
 1.37600E+01               0.00000E+00   4.49880E+02   8.00362E-03   6.97266E-01
 1.39200E+01               0.00000E+00   4.49880E+02   6.78578E-03   6.97273E-01
 1.40800E+01               0.00000E+00   4.49881E+02   5.88175E-03   6.97279E-01
 1.42400E+01               0.00000E+00   4.49881E+02   5.21828E-03   6.97282E-01
 1.44000E+01               0.00000E+00   4.49881E+02   4.73683E-03   6.97285E-01
 1.45600E+01               0.00000E+00   4.49881E+02   4.39135E-03   6.97287E-01
 1.47200E+01               0.00000E+00   4.49882E+02   4.14620E-03   6.97288E-01
 1.48800E+01               0.00000E+00   4.49882E+02   3.97415E-03   6.97289E-01
 1.50400E+01               0.00000E+00   4.49882E+02   3.85475E-03   6.97290E-01
 1.52000E+01               0.00000E+00   4.49882E+02   3.77281E-03   6.97291E-01
 1.53600E+01               0.00000E+00   4.49882E+02   3.71721E-03   6.97291E-01
 1.55200E+01               0.00000E+00   4.49882E+02   3.67991E-03   6.97291E-01
 1.56800E+01               0.00000E+00   4.49882E+02   3.65520E-03   6.97291E-01
 1.58400E+01               0.00000E+00   4.49882E+02   3.63905E-03   6.97291E-01
 1.59600E+01               0.00000E+00   4.49882E+02   3.63269E-03   6.97291E-01
