# Units: Log10 mol/kgw
 TITLE = " Years"
VARIABLES = "X (meters)", "H+        ", "Cs+       ", "Na+       ", "K+        ", "Ca++      ", "Cl-       ", "OH-       ", "CaOH+     ", "
 ZONE F=POINT,I=         101
 4.00000E-02              -7.49489E+00  -1.69338E+00  -2.79461E+00  -6.18517E-01  -3.99873E+00  -5.83755E-01  -6.23496E+00  -9.56975E+00
 1.60000E-01              -7.49489E+00  -1.69338E+00  -2.79461E+00  -6.18517E-01  -3.99873E+00  -5.83755E-01  -6.23496E+00  -9.56975E+00
 3.20000E-01              -7.49489E+00  -1.69338E+00  -2.79461E+00  -6.18517E-01  -3.99873E+00  -5.83755E-01  -6.23496E+00  -9.56975E+00
 4.80000E-01              -7.49489E+00  -1.69338E+00  -2.79461E+00  -6.18517E-01  -3.99873E+00  -5.83755E-01  -6.23496E+00  -9.56975E+00
 6.40000E-01              -7.49489E+00  -1.69338E+00  -2.79461E+00  -6.18517E-01  -3.99873E+00  -5.83755E-01  -6.23496E+00  -9.56975E+00
 8.00000E-01              -7.49489E+00  -1.69338E+00  -2.79461E+00  -6.18517E-01  -3.99873E+00  -5.83755E-01  -6.23496E+00  -9.56975E+00
 9.60000E-01              -7.49489E+00  -1.69338E+00  -2.79461E+00  -6.18517E-01  -3.99873E+00  -5.83755E-01  -6.23496E+00  -9.56975E+00
 1.12000E+00              -7.49489E+00  -1.69338E+00  -2.79461E+00  -6.18517E-01  -3.99873E+00  -5.83755E-01  -6.23496E+00  -9.56975E+00
 1.28000E+00              -7.49489E+00  -1.69338E+00  -2.79461E+00  -6.18517E-01  -3.99873E+00  -5.83755E-01  -6.23496E+00  -9.56975E+00
 1.44000E+00              -7.49489E+00  -1.69338E+00  -2.79461E+00  -6.18517E-01  -3.99873E+00  -5.83755E-01  -6.23496E+00  -9.56975E+00
 1.60000E+00              -7.49489E+00  -1.69338E+00  -2.79461E+00  -6.18517E-01  -3.99873E+00  -5.83755E-01  -6.23496E+00  -9.56975E+00
 1.76000E+00              -7.49489E+00  -1.69338E+00  -2.79461E+00  -6.18517E-01  -3.99873E+00  -5.83755E-01  -6.23496E+00  -9.56975E+00
 1.92000E+00              -7.49489E+00  -1.69338E+00  -2.79461E+00  -6.18517E-01  -3.99873E+00  -5.83755E-01  -6.23496E+00  -9.56975E+00
 2.08000E+00              -7.49489E+00  -1.69338E+00  -2.79461E+00  -6.18517E-01  -3.99873E+00  -5.83755E-01  -6.23496E+00  -9.56975E+00
 2.24000E+00              -7.49489E+00  -1.69338E+00  -2.79461E+00  -6.18517E-01  -3.99873E+00  -5.83755E-01  -6.23496E+00  -9.56975E+00
 2.40000E+00              -7.49489E+00  -1.69338E+00  -2.79461E+00  -6.18517E-01  -3.99873E+00  -5.83755E-01  -6.23496E+00  -9.56975E+00
 2.56000E+00              -7.49489E+00  -1.69338E+00  -2.79461E+00  -6.18517E-01  -3.99873E+00  -5.83755E-01  -6.23496E+00  -9.56975E+00
 2.72000E+00              -7.49489E+00  -1.69338E+00  -2.79461E+00  -6.18517E-01  -3.99873E+00  -5.83755E-01  -6.23496E+00  -9.56975E+00
 2.88000E+00              -7.49489E+00  -1.69338E+00  -2.79461E+00  -6.18517E-01  -3.99873E+00  -5.83755E-01  -6.23496E+00  -9.56975E+00
 3.04000E+00              -7.49489E+00  -1.69338E+00  -2.79461E+00  -6.18517E-01  -3.99873E+00  -5.83755E-01  -6.23496E+00  -9.56975E+00
 3.20000E+00              -7.49489E+00  -1.69338E+00  -2.79461E+00  -6.18517E-01  -3.99873E+00  -5.83755E-01  -6.23496E+00  -9.56975E+00
 3.36000E+00              -7.49489E+00  -1.69338E+00  -2.79461E+00  -6.18517E-01  -3.99873E+00  -5.83755E-01  -6.23496E+00  -9.56975E+00
 3.52000E+00              -7.49489E+00  -1.69338E+00  -2.79461E+00  -6.18517E-01  -3.99873E+00  -5.83755E-01  -6.23496E+00  -9.56975E+00
 3.68000E+00              -7.49489E+00  -1.69338E+00  -2.79461E+00  -6.18517E-01  -3.99873E+00  -5.83755E-01  -6.23496E+00  -9.56975E+00
 3.84000E+00              -7.49489E+00  -1.69338E+00  -2.79461E+00  -6.18517E-01  -3.99873E+00  -5.83755E-01  -6.23496E+00  -9.56975E+00
 4.00000E+00              -7.49489E+00  -1.69338E+00  -2.79461E+00  -6.18517E-01  -3.99873E+00  -5.83755E-01  -6.23496E+00  -9.56975E+00
 4.16000E+00              -7.49489E+00  -1.69338E+00  -2.79461E+00  -6.18517E-01  -3.99873E+00  -5.83755E-01  -6.23496E+00  -9.56975E+00
 4.32000E+00              -7.49489E+00  -1.69338E+00  -2.79461E+00  -6.18517E-01  -3.99873E+00  -5.83755E-01  -6.23496E+00  -9.56975E+00
 4.48000E+00              -7.49489E+00  -1.69338E+00  -2.79461E+00  -6.18517E-01  -3.99873E+00  -5.83755E-01  -6.23496E+00  -9.56975E+00
 4.64000E+00              -7.49489E+00  -1.69338E+00  -2.79461E+00  -6.18517E-01  -3.99873E+00  -5.83755E-01  -6.23496E+00  -9.56975E+00
 4.80000E+00              -7.49489E+00  -1.69338E+00  -2.79461E+00  -6.18517E-01  -3.99873E+00  -5.83755E-01  -6.23496E+00  -9.56975E+00
 4.96000E+00              -7.49489E+00  -1.69338E+00  -2.79461E+00  -6.18517E-01  -3.99873E+00  -5.83755E-01  -6.23496E+00  -9.56975E+00
 5.12000E+00              -7.49489E+00  -1.69338E+00  -2.79461E+00  -6.18517E-01  -3.99873E+00  -5.83755E-01  -6.23496E+00  -9.56975E+00
 5.28000E+00              -7.49489E+00  -1.69338E+00  -2.79461E+00  -6.18517E-01  -3.99873E+00  -5.83755E-01  -6.23496E+00  -9.56975E+00
 5.44000E+00              -7.49489E+00  -1.69338E+00  -2.79461E+00  -6.18517E-01  -3.99873E+00  -5.83755E-01  -6.23496E+00  -9.56975E+00
 5.60000E+00              -7.49489E+00  -1.69338E+00  -2.79461E+00  -6.18517E-01  -3.99873E+00  -5.83755E-01  -6.23496E+00  -9.56975E+00
 5.76000E+00              -7.49489E+00  -1.69338E+00  -2.79461E+00  -6.18517E-01  -3.99873E+00  -5.83755E-01  -6.23496E+00  -9.56975E+00
 5.92000E+00              -7.49489E+00  -1.69338E+00  -2.79461E+00  -6.18517E-01  -3.99873E+00  -5.83755E-01  -6.23496E+00  -9.56975E+00
 6.08000E+00              -7.49489E+00  -1.69338E+00  -2.79461E+00  -6.18517E-01  -3.99873E+00  -5.83755E-01  -6.23496E+00  -9.56975E+00
 6.24000E+00              -7.49489E+00  -1.69338E+00  -2.79461E+00  -6.18517E-01  -3.99873E+00  -5.83755E-01  -6.23496E+00  -9.56975E+00
 6.40000E+00              -7.49489E+00  -1.69338E+00  -2.79461E+00  -6.18517E-01  -3.99873E+00  -5.83755E-01  -6.23496E+00  -9.56975E+00
 6.56000E+00              -7.49489E+00  -1.69338E+00  -2.79461E+00  -6.18517E-01  -3.99873E+00  -5.83755E-01  -6.23496E+00  -9.56975E+00
 6.72000E+00              -7.49489E+00  -1.69338E+00  -2.79461E+00  -6.18517E-01  -3.99873E+00  -5.83755E-01  -6.23496E+00  -9.56975E+00
 6.88000E+00              -7.49489E+00  -1.69338E+00  -2.79461E+00  -6.18517E-01  -3.99873E+00  -5.83755E-01  -6.23496E+00  -9.56975E+00
 7.04000E+00              -7.49489E+00  -1.69338E+00  -2.79461E+00  -6.18517E-01  -3.99873E+00  -5.83755E-01  -6.23496E+00  -9.56975E+00
 7.20000E+00              -7.49489E+00  -1.69338E+00  -2.79461E+00  -6.18517E-01  -3.99873E+00  -5.83755E-01  -6.23496E+00  -9.56975E+00
 7.36000E+00              -7.49489E+00  -1.69338E+00  -2.79461E+00  -6.18517E-01  -3.99873E+00  -5.83755E-01  -6.23496E+00  -9.56975E+00
 7.52000E+00              -7.49489E+00  -1.69338E+00  -2.79461E+00  -6.18517E-01  -3.99873E+00  -5.83755E-01  -6.23496E+00  -9.56975E+00
 7.68000E+00              -7.49489E+00  -1.69338E+00  -2.79461E+00  -6.18517E-01  -3.99873E+00  -5.83755E-01  -6.23496E+00  -9.56975E+00
 7.84000E+00              -7.49489E+00  -1.69338E+00  -2.79461E+00  -6.18517E-01  -3.99873E+00  -5.83755E-01  -6.23496E+00  -9.56975E+00
 8.00000E+00              -7.49489E+00  -1.69338E+00  -2.79461E+00  -6.18517E-01  -3.99873E+00  -5.83755E-01  -6.23496E+00  -9.56975E+00
 8.16000E+00              -7.49489E+00  -1.69338E+00  -2.79461E+00  -6.18517E-01  -3.99873E+00  -5.83755E-01  -6.23496E+00  -9.56975E+00
 8.32000E+00              -7.49489E+00  -1.69338E+00  -2.79461E+00  -6.18517E-01  -3.99873E+00  -5.83755E-01  -6.23496E+00  -9.56975E+00
 8.48000E+00              -7.49489E+00  -1.69338E+00  -2.79461E+00  -6.18517E-01  -3.99873E+00  -5.83755E-01  -6.23496E+00  -9.56975E+00
 8.64000E+00              -7.49489E+00  -1.69338E+00  -2.79461E+00  -6.18517E-01  -3.99873E+00  -5.83755E-01  -6.23496E+00  -9.56975E+00
 8.80000E+00              -7.49489E+00  -1.69338E+00  -2.79461E+00  -6.18517E-01  -3.99873E+00  -5.83755E-01  -6.23496E+00  -9.56975E+00
 8.96000E+00              -7.49489E+00  -1.69338E+00  -2.79461E+00  -6.18517E-01  -3.99873E+00  -5.83755E-01  -6.23496E+00  -9.56975E+00
 9.12000E+00              -7.49489E+00  -1.69338E+00  -2.79461E+00  -6.18517E-01  -3.99873E+00  -5.83755E-01  -6.23496E+00  -9.56975E+00
 9.28000E+00              -7.49489E+00  -1.69338E+00  -2.79461E+00  -6.18517E-01  -3.99873E+00  -5.83755E-01  -6.23496E+00  -9.56975E+00
 9.44000E+00              -7.49489E+00  -1.69338E+00  -2.79461E+00  -6.18517E-01  -3.99873E+00  -5.83755E-01  -6.23496E+00  -9.56975E+00
 9.60000E+00              -7.49489E+00  -1.69338E+00  -2.79461E+00  -6.18517E-01  -3.99873E+00  -5.83755E-01  -6.23496E+00  -9.56975E+00
 9.76000E+00              -7.49489E+00  -1.69338E+00  -2.79461E+00  -6.18517E-01  -3.99873E+00  -5.83755E-01  -6.23496E+00  -9.56975E+00
 9.92000E+00              -7.49489E+00  -1.69338E+00  -2.79461E+00  -6.18516E-01  -3.99873E+00  -5.83755E-01  -6.23496E+00  -9.56975E+00
 1.00800E+01              -7.49489E+00  -1.69338E+00  -2.79461E+00  -6.18516E-01  -3.99873E+00  -5.83755E-01  -6.23496E+00  -9.56975E+00
 1.02400E+01              -7.49489E+00  -1.69338E+00  -2.79461E+00  -6.18516E-01  -3.99873E+00  -5.83755E-01  -6.23496E+00  -9.56975E+00
 1.04000E+01              -7.49489E+00  -1.69338E+00  -2.79461E+00  -6.18516E-01  -3.99873E+00  -5.83755E-01  -6.23496E+00  -9.56975E+00
 1.05600E+01              -7.49489E+00  -1.69339E+00  -2.79461E+00  -6.18516E-01  -3.99873E+00  -5.83755E-01  -6.23496E+00  -9.56975E+00
 1.07200E+01              -7.49489E+00  -1.69339E+00  -2.79461E+00  -6.18515E-01  -3.99873E+00  -5.83755E-01  -6.23496E+00  -9.56975E+00
 1.08800E+01              -7.49489E+00  -1.69340E+00  -2.79461E+00  -6.18514E-01  -3.99873E+00  -5.83755E-01  -6.23496E+00  -9.56975E+00
 1.10400E+01              -7.49489E+00  -1.69342E+00  -2.79461E+00  -6.18513E-01  -3.99873E+00  -5.83755E-01  -6.23496E+00  -9.56975E+00
 1.12000E+01              -7.49489E+00  -1.69344E+00  -2.79461E+00  -6.18511E-01  -3.99873E+00  -5.83755E-01  -6.23496E+00  -9.56975E+00
 1.13600E+01              -7.49489E+00  -1.69348E+00  -2.79461E+00  -6.18508E-01  -3.99873E+00  -5.83755E-01  -6.23496E+00  -9.56975E+00
 1.15200E+01              -7.49489E+00  -1.69353E+00  -2.79461E+00  -6.18504E-01  -3.99873E+00  -5.83755E-01  -6.23496E+00  -9.56975E+00
 1.16800E+01              -7.49489E+00  -1.69360E+00  -2.79461E+00  -6.18498E-01  -3.99873E+00  -5.83755E-01  -6.23496E+00  -9.56975E+00
 1.18400E+01              -7.49489E+00  -1.69370E+00  -2.79461E+00  -6.18490E-01  -3.99873E+00  -5.83755E-01  -6.23496E+00  -9.56975E+00
 1.20000E+01              -7.49489E+00  -1.69384E+00  -2.79461E+00  -6.18478E-01  -3.99873E+00  -5.83755E-01  -6.23496E+00  -9.56975E+00
 1.21600E+01              -7.49489E+00  -1.69404E+00  -2.79461E+00  -6.18461E-01  -3.99873E+00  -5.83755E-01  -6.23496E+00  -9.56975E+00
 1.23200E+01              -7.49489E+00  -1.69432E+00  -2.79461E+00  -6.18438E-01  -3.99873E+00  -5.83755E-01  -6.23496E+00  -9.56975E+00
 1.24800E+01              -7.49489E+00  -1.69469E+00  -2.79460E+00  -6.18406E-01  -3.99873E+00  -5.83755E-01  -6.23496E+00  -9.56975E+00
 1.26400E+01              -7.49489E+00  -1.69520E+00  -2.79460E+00  -6.18364E-01  -3.99872E+00  -5.83755E-01  -6.23496E+00  -9.56975E+00
 1.28000E+01              -7.49489E+00  -1.69588E+00  -2.79460E+00  -6.18307E-01  -3.99872E+00  -5.83755E-01  -6.23496E+00  -9.56975E+00
 1.29600E+01              -7.49489E+00  -1.69678E+00  -2.79460E+00  -6.18232E-01  -3.99872E+00  -5.83755E-01  -6.23496E+00  -9.56974E+00
 1.31200E+01              -7.49489E+00  -1.69795E+00  -2.79459E+00  -6.18134E-01  -3.99872E+00  -5.83755E-01  -6.23496E+00  -9.56974E+00
 1.32800E+01              -7.49489E+00  -1.69948E+00  -2.79459E+00  -6.18007E-01  -3.99872E+00  -5.83755E-01  -6.23496E+00  -9.56974E+00
 1.34400E+01              -7.49489E+00  -1.70144E+00  -2.79458E+00  -6.17844E-01  -3.99871E+00  -5.83755E-01  -6.23496E+00  -9.56973E+00
 1.36000E+01              -7.49489E+00  -1.70395E+00  -2.79458E+00  -6.17639E-01  -3.99871E+00  -5.83755E-01  -6.23496E+00  -9.56973E+00
 1.37600E+01              -7.49489E+00  -1.70710E+00  -2.79457E+00  -6.17381E-01  -3.99870E+00  -5.83755E-01  -6.23496E+00  -9.56972E+00
 1.39200E+01              -7.49489E+00  -1.71105E+00  -2.79456E+00  -6.17062E-01  -3.99869E+00  -5.83755E-01  -6.23496E+00  -9.56971E+00
 1.40800E+01              -7.49489E+00  -1.71594E+00  -2.79454E+00  -6.16670E-01  -3.99868E+00  -5.83755E-01  -6.23496E+00  -9.56970E+00
 1.42400E+01              -7.49489E+00  -1.72195E+00  -2.79453E+00  -6.16196E-01  -3.99866E+00  -5.83755E-01  -6.23496E+00  -9.56969E+00
 1.44000E+01              -7.49489E+00  -1.72927E+00  -2.79450E+00  -6.15628E-01  -3.99865E+00  -5.83755E-01  -6.23496E+00  -9.56967E+00
 1.45600E+01              -7.49489E+00  -1.73809E+00  -2.79448E+00  -6.14956E-01  -3.99862E+00  -5.83755E-01  -6.23496E+00  -9.56965E+00
 1.47200E+01              -7.49489E+00  -1.74863E+00  -2.79445E+00  -6.14173E-01  -3.99860E+00  -5.83755E-01  -6.23496E+00  -9.56962E+00
 1.48800E+01              -7.49489E+00  -1.76111E+00  -2.79441E+00  -6.13271E-01  -3.99856E+00  -5.83755E-01  -6.23496E+00  -9.56958E+00
 1.50400E+01              -7.49489E+00  -1.77574E+00  -2.79437E+00  -6.12250E-01  -3.99851E+00  -5.83755E-01  -6.23496E+00  -9.56953E+00
 1.52000E+01              -7.49489E+00  -1.79271E+00  -2.79431E+00  -6.11109E-01  -3.99845E+00  -5.83755E-01  -6.23496E+00  -9.56947E+00
 1.53600E+01              -7.49489E+00  -1.81218E+00  -2.79424E+00  -6.09858E-01  -3.99836E+00  -5.83755E-01  -6.23496E+00  -9.56938E+00
 1.55200E+01              -7.49489E+00  -1.83427E+00  -2.79416E+00  -6.08509E-01  -3.99824E+00  -5.83754E-01  -6.23496E+00  -9.56926E+00
 1.56800E+01              -7.49489E+00  -1.85901E+00  -2.79405E+00  -6.07082E-01  -3.99806E+00  -5.83754E-01  -6.23496E+00  -9.56908E+00
 1.58400E+01              -7.49489E+00  -1.88637E+00  -2.79391E+00  -6.05602E-01  -3.99781E+00  -5.83754E-01  -6.23496E+00  -9.56883E+00
 1.59600E+01              -7.49489E+00  -1.90094E+00  -2.79383E+00  -6.04852E-01  -3.99766E+00  -5.83754E-01  -6.23496E+00  -9.56868E+00
