# Units: Log10 mol/kgw
 TITLE = " Years"
VARIABLES = "X (meters)", "H+        ", "Cs+       ", "Na+       ", "K+        ", "Ca++      ", "Cl-       ", "OH-       ", "CaOH+     ", "
 ZONE F=POINT,I=         101
 4.00000E-02              -7.49489E+00  -1.69338E+00  -2.79461E+00  -6.18517E-01  -3.99873E+00  -5.83755E-01  -6.23496E+00  -9.56975E+00
 1.60000E-01              -7.49489E+00  -1.69338E+00  -2.79461E+00  -6.18517E-01  -3.99873E+00  -5.83755E-01  -6.23496E+00  -9.56975E+00
 3.20000E-01              -7.49489E+00  -1.69338E+00  -2.79461E+00  -6.18517E-01  -3.99873E+00  -5.83755E-01  -6.23496E+00  -9.56975E+00
 4.80000E-01              -7.49489E+00  -1.69338E+00  -2.79461E+00  -6.18517E-01  -3.99873E+00  -5.83755E-01  -6.23496E+00  -9.56975E+00
 6.40000E-01              -7.49489E+00  -1.69338E+00  -2.79461E+00  -6.18517E-01  -3.99873E+00  -5.83755E-01  -6.23496E+00  -9.56975E+00
 8.00000E-01              -7.49489E+00  -1.69338E+00  -2.79461E+00  -6.18517E-01  -3.99873E+00  -5.83755E-01  -6.23496E+00  -9.56975E+00
 9.60000E-01              -7.49489E+00  -1.69338E+00  -2.79461E+00  -6.18517E-01  -3.99873E+00  -5.83755E-01  -6.23496E+00  -9.56975E+00
 1.12000E+00              -7.49489E+00  -1.69338E+00  -2.79461E+00  -6.18516E-01  -3.99873E+00  -5.83755E-01  -6.23496E+00  -9.56975E+00
 1.28000E+00              -7.49489E+00  -1.69338E+00  -2.79461E+00  -6.18516E-01  -3.99873E+00  -5.83755E-01  -6.23496E+00  -9.56975E+00
 1.44000E+00              -7.49489E+00  -1.69340E+00  -2.79461E+00  -6.18515E-01  -3.99873E+00  -5.83755E-01  -6.23496E+00  -9.56975E+00
 1.60000E+00              -7.49489E+00  -1.69343E+00  -2.79460E+00  -6.18512E-01  -3.99872E+00  -5.83755E-01  -6.23496E+00  -9.56974E+00
 1.76000E+00              -7.49489E+00  -1.69353E+00  -2.79459E+00  -6.18504E-01  -3.99869E+00  -5.83755E-01  -6.23496E+00  -9.56971E+00
 1.92000E+00              -7.49489E+00  -1.69375E+00  -2.79454E+00  -6.18486E-01  -3.99860E+00  -5.83754E-01  -6.23496E+00  -9.56962E+00
 2.08000E+00              -7.49489E+00  -1.69422E+00  -2.79440E+00  -6.18448E-01  -3.99834E+00  -5.83754E-01  -6.23496E+00  -9.56936E+00
 2.24000E+00              -7.49489E+00  -1.69514E+00  -2.79404E+00  -6.18373E-01  -3.99762E+00  -5.83754E-01  -6.23496E+00  -9.56864E+00
 2.40000E+00              -7.49489E+00  -1.69684E+00  -2.79314E+00  -6.18238E-01  -3.99581E+00  -5.83754E-01  -6.23496E+00  -9.56683E+00
 2.56000E+00              -7.49489E+00  -1.69982E+00  -2.79103E+00  -6.18007E-01  -3.99152E+00  -5.83753E-01  -6.23497E+00  -9.56254E+00
 2.72000E+00              -7.49489E+00  -1.70473E+00  -2.78640E+00  -6.17639E-01  -3.98200E+00  -5.83750E-01  -6.23497E+00  -9.55303E+00
 2.88000E+00              -7.49488E+00  -1.71245E+00  -2.77689E+00  -6.17091E-01  -3.96236E+00  -5.83745E-01  -6.23497E+00  -9.53339E+00
 3.04000E+00              -7.49487E+00  -1.72403E+00  -2.75860E+00  -6.16328E-01  -3.92500E+00  -5.83735E-01  -6.23498E+00  -9.49605E+00
 3.20000E+00              -7.49484E+00  -1.74071E+00  -2.72595E+00  -6.15345E-01  -3.86062E+00  -5.83715E-01  -6.23499E+00  -9.43170E+00
 3.36000E+00              -7.49480E+00  -1.76377E+00  -2.67250E+00  -6.14195E-01  -3.76168E+00  -5.83680E-01  -6.23503E+00  -9.33283E+00
 3.52000E+00              -7.49471E+00  -1.79452E+00  -2.59310E+00  -6.13018E-01  -3.62705E+00  -5.83619E-01  -6.23508E+00  -9.19831E+00
 3.68000E+00              -7.49457E+00  -1.83406E+00  -2.48654E+00  -6.12080E-01  -3.46328E+00  -5.83519E-01  -6.23518E+00  -9.03474E+00
 3.84000E+00              -7.49432E+00  -1.88313E+00  -2.35667E+00  -6.11796E-01  -3.28099E+00  -5.83360E-01  -6.23536E+00  -8.85278E+00
 4.00000E+00              -7.49390E+00  -1.94184E+00  -2.21069E+00  -6.12762E-01  -3.09031E+00  -5.83118E-01  -6.23565E+00  -8.66265E+00
 4.16000E+00              -7.49324E+00  -2.00944E+00  -2.05638E+00  -6.15761E-01  -2.89857E+00  -5.82762E-01  -6.23613E+00  -8.47177E+00
 4.32000E+00              -7.49221E+00  -2.08417E+00  -1.90017E+00  -6.21793E-01  -2.71025E+00  -5.82258E-01  -6.23689E+00  -8.28477E+00
 4.48000E+00              -7.49064E+00  -2.16339E+00  -1.74651E+00  -6.32117E-01  -2.52774E+00  -5.81568E-01  -6.23806E+00  -8.10423E+00
 4.64000E+00              -7.48832E+00  -2.24410E+00  -1.59819E+00  -6.48373E-01  -2.35211E+00  -5.80652E-01  -6.23983E+00  -7.93151E+00
 4.80000E+00              -7.48496E+00  -2.32398E+00  -1.45680E+00  -6.72799E-01  -2.18373E+00  -5.79477E-01  -6.24242E+00  -7.76729E+00
 4.96000E+00              -7.48023E+00  -2.40292E+00  -1.32320E+00  -7.08669E-01  -2.02265E+00  -5.78013E-01  -6.24613E+00  -7.61202E+00
 5.12000E+00              -7.47375E+00  -2.48453E+00  -1.19792E+00  -7.61130E-01  -1.86897E+00  -5.76244E-01  -6.25127E+00  -7.46624E+00
 5.28000E+00              -7.46518E+00  -2.57763E+00  -1.08156E+00  -8.38899E-01  -1.72340E+00  -5.74165E-01  -6.25811E+00  -7.33105E+00
 5.44000E+00              -7.45451E+00  -2.69832E+00  -9.75373E-01  -9.57796E-01  -1.58857E+00  -5.71790E-01  -6.26668E+00  -7.20909E+00
 5.60000E+00              -7.44291E+00  -2.87185E+00  -8.82287E-01  -1.14668E+00  -1.47273E+00  -5.69147E-01  -6.27599E+00  -7.10727E+00
 5.76000E+00              -7.43448E+00  -3.12167E+00  -8.07394E-01  -1.44447E+00  -1.39614E+00  -5.66282E-01  -6.28250E+00  -7.04111E+00
 5.92000E+00              -7.43420E+00  -3.43893E+00  -7.53274E-01  -1.86167E+00  -1.37666E+00  -5.63253E-01  -6.28197E+00  -7.02274E+00
 6.08000E+00              -7.44046E+00  -3.77410E+00  -7.17047E-01  -2.34080E+00  -1.39844E+00  -5.60125E-01  -6.27577E+00  -7.03822E+00
 6.24000E+00              -7.44853E+00  -3.97305E+00  -6.93625E-01  -2.67997E+00  -1.43356E+00  -5.56969E-01  -6.26797E+00  -7.06499E+00
 6.40000E+00              -7.45614E+00  -4.02264E+00  -6.76815E-01  -2.78994E+00  -1.46810E+00  -5.53856E-01  -6.26056E+00  -7.09171E+00
 6.56000E+00              -7.46277E+00  -4.02648E+00  -6.63716E-01  -2.80904E+00  -1.49814E+00  -5.50850E-01  -6.25401E+00  -7.11503E+00
 6.72000E+00              -7.46838E+00  -4.02255E+00  -6.53351E-01  -2.80962E+00  -1.52276E+00  -5.48007E-01  -6.24839E+00  -7.13405E+00
 6.88000E+00              -7.47303E+00  -4.01812E+00  -6.45188E-01  -2.80744E+00  -1.54201E+00  -5.45371E-01  -6.24365E+00  -7.14875E+00
 7.04000E+00              -7.47684E+00  -4.01428E+00  -6.38808E-01  -2.80517E+00  -1.55644E+00  -5.42975E-01  -6.23970E+00  -7.15951E+00
 7.20000E+00              -7.47992E+00  -4.01110E+00  -6.33860E-01  -2.80318E+00  -1.56682E+00  -5.40838E-01  -6.23645E+00  -7.16698E+00
 7.36000E+00              -7.48239E+00  -4.00849E+00  -6.30048E-01  -2.80150E+00  -1.57396E+00  -5.38965E-01  -6.23381E+00  -7.17185E+00
 7.52000E+00              -7.48434E+00  -4.00636E+00  -6.27129E-01  -2.80010E+00  -1.57867E+00  -5.37354E-01  -6.23168E+00  -7.17478E+00
 7.68000E+00              -7.48588E+00  -4.00464E+00  -6.24908E-01  -2.79893E+00  -1.58162E+00  -5.35991E-01  -6.22997E+00  -7.17636E+00
 7.84000E+00              -7.48709E+00  -4.00326E+00  -6.23227E-01  -2.79796E+00  -1.58335E+00  -5.34858E-01  -6.22863E+00  -7.17704E+00
 8.00000E+00              -7.48801E+00  -4.00220E+00  -6.21971E-01  -2.79721E+00  -1.58424E+00  -5.33932E-01  -6.22757E+00  -7.17713E+00
 8.16000E+00              -7.48873E+00  -4.00133E+00  -6.21030E-01  -2.79659E+00  -1.58464E+00  -5.33187E-01  -6.22676E+00  -7.17693E+00
 8.32000E+00              -7.48927E+00  -4.00066E+00  -6.20331E-01  -2.79609E+00  -1.58475E+00  -5.32596E-01  -6.22613E+00  -7.17658E+00
 8.48000E+00              -7.48968E+00  -4.00014E+00  -6.19815E-01  -2.79570E+00  -1.58470E+00  -5.32136E-01  -6.22565E+00  -7.17620E+00
 8.64000E+00              -7.48998E+00  -3.99975E+00  -6.19437E-01  -2.79541E+00  -1.58457E+00  -5.31783E-01  -6.22529E+00  -7.17583E+00
 8.80000E+00              -7.49021E+00  -3.99946E+00  -6.19163E-01  -2.79518E+00  -1.58443E+00  -5.31516E-01  -6.22503E+00  -7.17550E+00
 8.96000E+00              -7.49037E+00  -3.99925E+00  -6.18967E-01  -2.79502E+00  -1.58428E+00  -5.31317E-01  -6.22483E+00  -7.17522E+00
 9.12000E+00              -7.49049E+00  -3.99909E+00  -6.18827E-01  -2.79489E+00  -1.58415E+00  -5.31171E-01  -6.22469E+00  -7.17500E+00
 9.28000E+00              -7.49057E+00  -3.99898E+00  -6.18728E-01  -2.79481E+00  -1.58405E+00  -5.31065E-01  -6.22459E+00  -7.17483E+00
 9.44000E+00              -7.49063E+00  -3.99890E+00  -6.18660E-01  -2.79474E+00  -1.58397E+00  -5.30990E-01  -6.22452E+00  -7.17470E+00
 9.60000E+00              -7.49067E+00  -3.99884E+00  -6.18612E-01  -2.79470E+00  -1.58391E+00  -5.30937E-01  -6.22447E+00  -7.17461E+00
 9.76000E+00              -7.49070E+00  -3.99881E+00  -6.18580E-01  -2.79467E+00  -1.58386E+00  -5.30900E-01  -6.22443E+00  -7.17454E+00
 9.92000E+00              -7.49072E+00  -3.99878E+00  -6.18558E-01  -2.79465E+00  -1.58383E+00  -5.30874E-01  -6.22441E+00  -7.17449E+00
 1.00800E+01              -7.49073E+00  -3.99876E+00  -6.18544E-01  -2.79463E+00  -1.58380E+00  -5.30857E-01  -6.22439E+00  -7.17446E+00
 1.02400E+01              -7.49074E+00  -3.99875E+00  -6.18534E-01  -2.79463E+00  -1.58379E+00  -5.30846E-01  -6.22438E+00  -7.17444E+00
 1.04000E+01              -7.49075E+00  -3.99874E+00  -6.18528E-01  -2.79462E+00  -1.58378E+00  -5.30838E-01  -6.22438E+00  -7.17442E+00
 1.05600E+01              -7.49075E+00  -3.99874E+00  -6.18524E-01  -2.79461E+00  -1.58377E+00  -5.30833E-01  -6.22437E+00  -7.17441E+00
 1.07200E+01              -7.49075E+00  -3.99873E+00  -6.18521E-01  -2.79461E+00  -1.58376E+00  -5.30830E-01  -6.22437E+00  -7.17440E+00
 1.08800E+01              -7.49075E+00  -3.99873E+00  -6.18519E-01  -2.79461E+00  -1.58376E+00  -5.30828E-01  -6.22437E+00  -7.17440E+00
 1.10400E+01              -7.49076E+00  -3.99873E+00  -6.18518E-01  -2.79461E+00  -1.58376E+00  -5.30827E-01  -6.22437E+00  -7.17440E+00
 1.12000E+01              -7.49076E+00  -3.99873E+00  -6.18518E-01  -2.79461E+00  -1.58376E+00  -5.30826E-01  -6.22437E+00  -7.17440E+00
 1.13600E+01              -7.49076E+00  -3.99873E+00  -6.18517E-01  -2.79461E+00  -1.58376E+00  -5.30826E-01  -6.22437E+00  -7.17439E+00
 1.15200E+01              -7.49076E+00  -3.99873E+00  -6.18517E-01  -2.79461E+00  -1.58376E+00  -5.30825E-01  -6.22437E+00  -7.17439E+00
 1.16800E+01              -7.49076E+00  -3.99873E+00  -6.18517E-01  -2.79461E+00  -1.58376E+00  -5.30825E-01  -6.22437E+00  -7.17439E+00
 1.18400E+01              -7.49076E+00  -3.99873E+00  -6.18517E-01  -2.79461E+00  -1.58376E+00  -5.30825E-01  -6.22437E+00  -7.17439E+00
 1.20000E+01              -7.49076E+00  -3.99873E+00  -6.18517E-01  -2.79461E+00  -1.58376E+00  -5.30825E-01  -6.22437E+00  -7.17439E+00
 1.21600E+01              -7.49076E+00  -3.99873E+00  -6.18517E-01  -2.79461E+00  -1.58376E+00  -5.30825E-01  -6.22437E+00  -7.17439E+00
 1.23200E+01              -7.49076E+00  -3.99873E+00  -6.18517E-01  -2.79461E+00  -1.58376E+00  -5.30825E-01  -6.22437E+00  -7.17439E+00
 1.24800E+01              -7.49076E+00  -3.99873E+00  -6.18517E-01  -2.79461E+00  -1.58376E+00  -5.30825E-01  -6.22437E+00  -7.17439E+00
 1.26400E+01              -7.49076E+00  -3.99873E+00  -6.18517E-01  -2.79461E+00  -1.58376E+00  -5.30825E-01  -6.22437E+00  -7.17439E+00
 1.28000E+01              -7.49076E+00  -3.99873E+00  -6.18517E-01  -2.79461E+00  -1.58376E+00  -5.30825E-01  -6.22437E+00  -7.17439E+00
 1.29600E+01              -7.49076E+00  -3.99873E+00  -6.18517E-01  -2.79461E+00  -1.58376E+00  -5.30825E-01  -6.22437E+00  -7.17439E+00
 1.31200E+01              -7.49076E+00  -3.99873E+00  -6.18517E-01  -2.79461E+00  -1.58376E+00  -5.30825E-01  -6.22437E+00  -7.17439E+00
 1.32800E+01              -7.49076E+00  -3.99873E+00  -6.18517E-01  -2.79461E+00  -1.58376E+00  -5.30825E-01  -6.22437E+00  -7.17439E+00
 1.34400E+01              -7.49076E+00  -3.99873E+00  -6.18517E-01  -2.79461E+00  -1.58376E+00  -5.30825E-01  -6.22437E+00  -7.17439E+00
 1.36000E+01              -7.49076E+00  -3.99873E+00  -6.18517E-01  -2.79461E+00  -1.58376E+00  -5.30825E-01  -6.22437E+00  -7.17439E+00
 1.37600E+01              -7.49076E+00  -3.99873E+00  -6.18517E-01  -2.79461E+00  -1.58376E+00  -5.30825E-01  -6.22437E+00  -7.17439E+00
 1.39200E+01              -7.49076E+00  -3.99873E+00  -6.18517E-01  -2.79461E+00  -1.58376E+00  -5.30825E-01  -6.22437E+00  -7.17439E+00
 1.40800E+01              -7.49076E+00  -3.99873E+00  -6.18517E-01  -2.79461E+00  -1.58376E+00  -5.30825E-01  -6.22437E+00  -7.17439E+00
 1.42400E+01              -7.49076E+00  -3.99873E+00  -6.18517E-01  -2.79461E+00  -1.58376E+00  -5.30825E-01  -6.22437E+00  -7.17439E+00
 1.44000E+01              -7.49076E+00  -3.99873E+00  -6.18517E-01  -2.79461E+00  -1.58376E+00  -5.30825E-01  -6.22437E+00  -7.17439E+00
 1.45600E+01              -7.49076E+00  -3.99873E+00  -6.18517E-01  -2.79461E+00  -1.58376E+00  -5.30825E-01  -6.22437E+00  -7.17439E+00
 1.47200E+01              -7.49076E+00  -3.99873E+00  -6.18517E-01  -2.79461E+00  -1.58376E+00  -5.30825E-01  -6.22437E+00  -7.17439E+00
 1.48800E+01              -7.49076E+00  -3.99873E+00  -6.18517E-01  -2.79461E+00  -1.58376E+00  -5.30825E-01  -6.22437E+00  -7.17439E+00
 1.50400E+01              -7.49076E+00  -3.99873E+00  -6.18517E-01  -2.79461E+00  -1.58376E+00  -5.30825E-01  -6.22437E+00  -7.17439E+00
 1.52000E+01              -7.49076E+00  -3.99873E+00  -6.18517E-01  -2.79461E+00  -1.58376E+00  -5.30825E-01  -6.22437E+00  -7.17439E+00
 1.53600E+01              -7.49076E+00  -3.99873E+00  -6.18517E-01  -2.79461E+00  -1.58376E+00  -5.30825E-01  -6.22437E+00  -7.17439E+00
 1.55200E+01              -7.49076E+00  -3.99873E+00  -6.18517E-01  -2.79461E+00  -1.58376E+00  -5.30825E-01  -6.22437E+00  -7.17439E+00
 1.56800E+01              -7.49076E+00  -3.99873E+00  -6.18517E-01  -2.79461E+00  -1.58376E+00  -5.30825E-01  -6.22437E+00  -7.17439E+00
 1.58400E+01              -7.49076E+00  -3.99873E+00  -6.18517E-01  -2.79461E+00  -1.58376E+00  -5.30825E-01  -6.22437E+00  -7.17439E+00
 1.59600E+01              -7.49076E+00  -3.99873E+00  -6.18517E-01  -2.79461E+00  -1.58376E+00  -5.30825E-01  -6.22437E+00  -7.17439E+00
