# Units: Log10 mol/kgw
 TITLE = " Years"
VARIABLES = "X (meters)", "H+        ", "Cs+       ", "Na+       ", "K+        ", "Ca++      ", "Cl-       ", "OH-       ", "CaOH+     ", "
 ZONE F=POINT,I=         101
 4.00000E-02              -7.49489E+00  -1.69338E+00  -2.79461E+00  -6.18517E-01  -3.99873E+00  -5.83755E-01  -6.23496E+00  -9.56975E+00
 1.60000E-01              -7.49489E+00  -1.69339E+00  -2.79453E+00  -6.18516E-01  -3.99857E+00  -5.83754E-01  -6.23496E+00  -9.56959E+00
 3.20000E-01              -7.49489E+00  -1.69356E+00  -2.79354E+00  -6.18510E-01  -3.99659E+00  -5.83754E-01  -6.23496E+00  -9.56761E+00
 4.80000E-01              -7.49489E+00  -1.69434E+00  -2.78725E+00  -6.18493E-01  -3.98389E+00  -5.83750E-01  -6.23497E+00  -9.55491E+00
 6.40000E-01              -7.49487E+00  -1.69691E+00  -2.76098E+00  -6.18491E-01  -3.93181E+00  -5.83732E-01  -6.23497E+00  -9.50286E+00
 8.00000E-01              -7.49483E+00  -1.70354E+00  -2.68380E+00  -6.18653E-01  -3.79129E+00  -5.83674E-01  -6.23500E+00  -9.36240E+00
 9.60000E-01              -7.49470E+00  -1.71781E+00  -2.52584E+00  -6.19425E-01  -3.54513E+00  -5.83518E-01  -6.23507E+00  -9.11644E+00
 1.12000E+00              -7.49438E+00  -1.74457E+00  -2.29646E+00  -6.21795E-01  -3.24082E+00  -5.83165E-01  -6.23525E+00  -8.81259E+00
 1.28000E+00              -7.49370E+00  -1.78968E+00  -2.03744E+00  -6.27542E-01  -2.93220E+00  -5.82469E-01  -6.23565E+00  -8.50494E+00
 1.44000E+00              -7.49241E+00  -1.85942E+00  -1.78360E+00  -6.39454E-01  -2.64528E+00  -5.81258E-01  -6.23645E+00  -8.21983E+00
 1.60000E+00              -7.49019E+00  -1.95959E+00  -1.55143E+00  -6.61547E-01  -2.38740E+00  -5.79363E-01  -6.23788E+00  -7.96502E+00
 1.76000E+00              -7.48663E+00  -2.09398E+00  -1.34608E+00  -6.99430E-01  -2.15843E+00  -5.76670E-01  -6.24024E+00  -7.74085E+00
 1.92000E+00              -7.48138E+00  -2.26260E+00  -1.16786E+00  -7.61211E-01  -1.95610E+00  -5.73157E-01  -6.24387E+00  -7.54550E+00
 2.08000E+00              -7.47419E+00  -2.46168E+00  -1.01571E+00  -8.59850E-01  -1.77852E+00  -5.68918E-01  -6.24896E+00  -7.37730E+00
 2.24000E+00              -7.46540E+00  -2.69083E+00  -8.89147E-01  -1.01872E+00  -1.62713E+00  -5.64153E-01  -6.25530E+00  -7.23728E+00
 2.40000E+00              -7.45730E+00  -2.96568E+00  -7.90218E-01  -1.27857E+00  -1.51399E+00  -5.59133E-01  -6.26096E+00  -7.13479E+00
 2.56000E+00              -7.45536E+00  -3.29731E+00  -7.21856E-01  -1.67427E+00  -1.46429E+00  -5.54146E-01  -6.26130E+00  -7.08871E+00
 2.72000E+00              -7.46091E+00  -3.65657E+00  -6.80187E-01  -2.17194E+00  -1.47408E+00  -5.49454E-01  -6.25525E+00  -7.09348E+00
 2.88000E+00              -7.46868E+00  -3.91485E+00  -6.56953E-01  -2.59387E+00  -1.50501E+00  -5.45255E-01  -6.24740E+00  -7.11673E+00
 3.04000E+00              -7.47534E+00  -3.99484E+00  -6.43375E-01  -2.76083E+00  -1.53327E+00  -5.41665E-01  -6.24066E+00  -7.13840E+00
 3.20000E+00              -7.48035E+00  -4.00647E+00  -6.34579E-01  -2.79430E+00  -1.55364E+00  -5.38727E-01  -6.23553E+00  -7.15390E+00
 3.36000E+00              -7.48390E+00  -4.00562E+00  -6.28736E-01  -2.79831E+00  -1.56687E+00  -5.36418E-01  -6.23182E+00  -7.16373E+00
 3.52000E+00              -7.48635E+00  -4.00354E+00  -6.24896E-01  -2.79772E+00  -1.57485E+00  -5.34670E-01  -6.22923E+00  -7.16943E+00
 3.68000E+00              -7.48798E+00  -4.00188E+00  -6.22422E-01  -2.79676E+00  -1.57938E+00  -5.33395E-01  -6.22747E+00  -7.17245E+00
 3.84000E+00              -7.48905E+00  -4.00072E+00  -6.20861E-01  -2.79601E+00  -1.58178E+00  -5.32495E-01  -6.22630E+00  -7.17389E+00
 4.00000E+00              -7.48972E+00  -3.99996E+00  -6.19898E-01  -2.79549E+00  -1.58297E+00  -5.31882E-01  -6.22555E+00  -7.17449E+00
 4.16000E+00              -7.49015E+00  -3.99947E+00  -6.19315E-01  -2.79515E+00  -1.58352E+00  -5.31477E-01  -6.22507E+00  -7.17467E+00
 4.32000E+00              -7.49040E+00  -3.99917E+00  -6.18970E-01  -2.79493E+00  -1.58374E+00  -5.31217E-01  -6.22478E+00  -7.17466E+00
 4.48000E+00              -7.49056E+00  -3.99898E+00  -6.18769E-01  -2.79480E+00  -1.58380E+00  -5.31055E-01  -6.22460E+00  -7.17461E+00
 4.64000E+00              -7.49065E+00  -3.99887E+00  -6.18655E-01  -2.79472E+00  -1.58381E+00  -5.30956E-01  -6.22450E+00  -7.17454E+00
 4.80000E+00              -7.49070E+00  -3.99881E+00  -6.18591E-01  -2.79467E+00  -1.58380E+00  -5.30898E-01  -6.22444E+00  -7.17449E+00
 4.96000E+00              -7.49072E+00  -3.99877E+00  -6.18556E-01  -2.79464E+00  -1.58379E+00  -5.30865E-01  -6.22440E+00  -7.17445E+00
 5.12000E+00              -7.49074E+00  -3.99875E+00  -6.18537E-01  -2.79463E+00  -1.58378E+00  -5.30846E-01  -6.22439E+00  -7.17443E+00
 5.28000E+00              -7.49075E+00  -3.99874E+00  -6.18527E-01  -2.79462E+00  -1.58377E+00  -5.30836E-01  -6.22438E+00  -7.17441E+00
 5.44000E+00              -7.49075E+00  -3.99873E+00  -6.18522E-01  -2.79461E+00  -1.58376E+00  -5.30831E-01  -6.22437E+00  -7.17440E+00
 5.60000E+00              -7.49075E+00  -3.99873E+00  -6.18519E-01  -2.79461E+00  -1.58376E+00  -5.30828E-01  -6.22437E+00  -7.17440E+00
 5.76000E+00              -7.49076E+00  -3.99873E+00  -6.18518E-01  -2.79461E+00  -1.58376E+00  -5.30826E-01  -6.22437E+00  -7.17440E+00
 5.92000E+00              -7.49076E+00  -3.99873E+00  -6.18517E-01  -2.79461E+00  -1.58376E+00  -5.30826E-01  -6.22437E+00  -7.17439E+00
 6.08000E+00              -7.49076E+00  -3.99873E+00  -6.18517E-01  -2.79461E+00  -1.58376E+00  -5.30825E-01  -6.22437E+00  -7.17439E+00
 6.24000E+00              -7.49076E+00  -3.99873E+00  -6.18517E-01  -2.79461E+00  -1.58376E+00  -5.30825E-01  -6.22437E+00  -7.17439E+00
 6.40000E+00              -7.49076E+00  -3.99873E+00  -6.18517E-01  -2.79461E+00  -1.58376E+00  -5.30825E-01  -6.22437E+00  -7.17439E+00
 6.56000E+00              -7.49076E+00  -3.99873E+00  -6.18517E-01  -2.79461E+00  -1.58376E+00  -5.30825E-01  -6.22437E+00  -7.17439E+00
 6.72000E+00              -7.49076E+00  -3.99873E+00  -6.18517E-01  -2.79461E+00  -1.58376E+00  -5.30825E-01  -6.22437E+00  -7.17439E+00
 6.88000E+00              -7.49076E+00  -3.99873E+00  -6.18517E-01  -2.79461E+00  -1.58376E+00  -5.30825E-01  -6.22437E+00  -7.17439E+00
 7.04000E+00              -7.49076E+00  -3.99873E+00  -6.18517E-01  -2.79461E+00  -1.58376E+00  -5.30825E-01  -6.22437E+00  -7.17439E+00
 7.20000E+00              -7.49076E+00  -3.99873E+00  -6.18517E-01  -2.79461E+00  -1.58376E+00  -5.30825E-01  -6.22437E+00  -7.17439E+00
 7.36000E+00              -7.49076E+00  -3.99873E+00  -6.18517E-01  -2.79461E+00  -1.58376E+00  -5.30825E-01  -6.22437E+00  -7.17439E+00
 7.52000E+00              -7.49076E+00  -3.99873E+00  -6.18517E-01  -2.79461E+00  -1.58376E+00  -5.30825E-01  -6.22437E+00  -7.17439E+00
 7.68000E+00              -7.49076E+00  -3.99873E+00  -6.18517E-01  -2.79461E+00  -1.58376E+00  -5.30825E-01  -6.22437E+00  -7.17439E+00
 7.84000E+00              -7.49076E+00  -3.99873E+00  -6.18517E-01  -2.79461E+00  -1.58376E+00  -5.30825E-01  -6.22437E+00  -7.17439E+00
 8.00000E+00              -7.49076E+00  -3.99873E+00  -6.18517E-01  -2.79461E+00  -1.58376E+00  -5.30825E-01  -6.22437E+00  -7.17439E+00
 8.16000E+00              -7.49076E+00  -3.99873E+00  -6.18517E-01  -2.79461E+00  -1.58376E+00  -5.30825E-01  -6.22437E+00  -7.17439E+00
 8.32000E+00              -7.49076E+00  -3.99873E+00  -6.18517E-01  -2.79461E+00  -1.58376E+00  -5.30825E-01  -6.22437E+00  -7.17439E+00
 8.48000E+00              -7.49076E+00  -3.99873E+00  -6.18517E-01  -2.79461E+00  -1.58376E+00  -5.30825E-01  -6.22437E+00  -7.17439E+00
 8.64000E+00              -7.49076E+00  -3.99873E+00  -6.18517E-01  -2.79461E+00  -1.58376E+00  -5.30825E-01  -6.22437E+00  -7.17439E+00
 8.80000E+00              -7.49076E+00  -3.99873E+00  -6.18517E-01  -2.79461E+00  -1.58376E+00  -5.30825E-01  -6.22437E+00  -7.17439E+00
 8.96000E+00              -7.49076E+00  -3.99873E+00  -6.18517E-01  -2.79461E+00  -1.58376E+00  -5.30825E-01  -6.22437E+00  -7.17439E+00
 9.12000E+00              -7.49076E+00  -3.99873E+00  -6.18517E-01  -2.79461E+00  -1.58376E+00  -5.30825E-01  -6.22437E+00  -7.17439E+00
 9.28000E+00              -7.49076E+00  -3.99873E+00  -6.18517E-01  -2.79461E+00  -1.58376E+00  -5.30825E-01  -6.22437E+00  -7.17439E+00
 9.44000E+00              -7.49076E+00  -3.99873E+00  -6.18517E-01  -2.79461E+00  -1.58376E+00  -5.30825E-01  -6.22437E+00  -7.17439E+00
 9.60000E+00              -7.49076E+00  -3.99873E+00  -6.18517E-01  -2.79461E+00  -1.58376E+00  -5.30825E-01  -6.22437E+00  -7.17439E+00
 9.76000E+00              -7.49076E+00  -3.99873E+00  -6.18517E-01  -2.79461E+00  -1.58376E+00  -5.30825E-01  -6.22437E+00  -7.17439E+00
 9.92000E+00              -7.49076E+00  -3.99873E+00  -6.18517E-01  -2.79461E+00  -1.58376E+00  -5.30825E-01  -6.22437E+00  -7.17439E+00
 1.00800E+01              -7.49076E+00  -3.99873E+00  -6.18517E-01  -2.79461E+00  -1.58376E+00  -5.30825E-01  -6.22437E+00  -7.17439E+00
 1.02400E+01              -7.49076E+00  -3.99873E+00  -6.18517E-01  -2.79461E+00  -1.58376E+00  -5.30825E-01  -6.22437E+00  -7.17439E+00
 1.04000E+01              -7.49076E+00  -3.99873E+00  -6.18517E-01  -2.79461E+00  -1.58376E+00  -5.30825E-01  -6.22437E+00  -7.17439E+00
 1.05600E+01              -7.49076E+00  -3.99873E+00  -6.18517E-01  -2.79461E+00  -1.58376E+00  -5.30825E-01  -6.22437E+00  -7.17439E+00
 1.07200E+01              -7.49076E+00  -3.99873E+00  -6.18517E-01  -2.79461E+00  -1.58376E+00  -5.30825E-01  -6.22437E+00  -7.17439E+00
 1.08800E+01              -7.49076E+00  -3.99873E+00  -6.18517E-01  -2.79461E+00  -1.58376E+00  -5.30825E-01  -6.22437E+00  -7.17439E+00
 1.10400E+01              -7.49076E+00  -3.99873E+00  -6.18517E-01  -2.79461E+00  -1.58376E+00  -5.30825E-01  -6.22437E+00  -7.17439E+00
 1.12000E+01              -7.49076E+00  -3.99873E+00  -6.18517E-01  -2.79461E+00  -1.58376E+00  -5.30825E-01  -6.22437E+00  -7.17439E+00
 1.13600E+01              -7.49076E+00  -3.99873E+00  -6.18517E-01  -2.79461E+00  -1.58376E+00  -5.30825E-01  -6.22437E+00  -7.17439E+00
 1.15200E+01              -7.49076E+00  -3.99873E+00  -6.18517E-01  -2.79461E+00  -1.58376E+00  -5.30825E-01  -6.22437E+00  -7.17439E+00
 1.16800E+01              -7.49076E+00  -3.99873E+00  -6.18517E-01  -2.79461E+00  -1.58376E+00  -5.30825E-01  -6.22437E+00  -7.17439E+00
 1.18400E+01              -7.49076E+00  -3.99873E+00  -6.18517E-01  -2.79461E+00  -1.58376E+00  -5.30825E-01  -6.22437E+00  -7.17439E+00
 1.20000E+01              -7.49076E+00  -3.99873E+00  -6.18517E-01  -2.79461E+00  -1.58376E+00  -5.30825E-01  -6.22437E+00  -7.17439E+00
 1.21600E+01              -7.49076E+00  -3.99873E+00  -6.18517E-01  -2.79461E+00  -1.58376E+00  -5.30825E-01  -6.22437E+00  -7.17439E+00
 1.23200E+01              -7.49076E+00  -3.99873E+00  -6.18517E-01  -2.79461E+00  -1.58376E+00  -5.30825E-01  -6.22437E+00  -7.17439E+00
 1.24800E+01              -7.49076E+00  -3.99873E+00  -6.18517E-01  -2.79461E+00  -1.58376E+00  -5.30825E-01  -6.22437E+00  -7.17439E+00
 1.26400E+01              -7.49076E+00  -3.99873E+00  -6.18517E-01  -2.79461E+00  -1.58376E+00  -5.30825E-01  -6.22437E+00  -7.17439E+00
 1.28000E+01              -7.49076E+00  -3.99873E+00  -6.18517E-01  -2.79461E+00  -1.58376E+00  -5.30825E-01  -6.22437E+00  -7.17439E+00
 1.29600E+01              -7.49076E+00  -3.99873E+00  -6.18517E-01  -2.79461E+00  -1.58376E+00  -5.30825E-01  -6.22437E+00  -7.17439E+00
 1.31200E+01              -7.49076E+00  -3.99873E+00  -6.18517E-01  -2.79461E+00  -1.58376E+00  -5.30825E-01  -6.22437E+00  -7.17439E+00
 1.32800E+01              -7.49076E+00  -3.99873E+00  -6.18517E-01  -2.79461E+00  -1.58376E+00  -5.30825E-01  -6.22437E+00  -7.17439E+00
 1.34400E+01              -7.49076E+00  -3.99873E+00  -6.18517E-01  -2.79461E+00  -1.58376E+00  -5.30825E-01  -6.22437E+00  -7.17439E+00
 1.36000E+01              -7.49076E+00  -3.99873E+00  -6.18517E-01  -2.79461E+00  -1.58376E+00  -5.30825E-01  -6.22437E+00  -7.17439E+00
 1.37600E+01              -7.49076E+00  -3.99873E+00  -6.18517E-01  -2.79461E+00  -1.58376E+00  -5.30825E-01  -6.22437E+00  -7.17439E+00
 1.39200E+01              -7.49076E+00  -3.99873E+00  -6.18517E-01  -2.79461E+00  -1.58376E+00  -5.30825E-01  -6.22437E+00  -7.17439E+00
 1.40800E+01              -7.49076E+00  -3.99873E+00  -6.18517E-01  -2.79461E+00  -1.58376E+00  -5.30825E-01  -6.22437E+00  -7.17439E+00
 1.42400E+01              -7.49076E+00  -3.99873E+00  -6.18517E-01  -2.79461E+00  -1.58376E+00  -5.30825E-01  -6.22437E+00  -7.17439E+00
 1.44000E+01              -7.49076E+00  -3.99873E+00  -6.18517E-01  -2.79461E+00  -1.58376E+00  -5.30825E-01  -6.22437E+00  -7.17439E+00
 1.45600E+01              -7.49076E+00  -3.99873E+00  -6.18517E-01  -2.79461E+00  -1.58376E+00  -5.30825E-01  -6.22437E+00  -7.17439E+00
 1.47200E+01              -7.49076E+00  -3.99873E+00  -6.18517E-01  -2.79461E+00  -1.58376E+00  -5.30825E-01  -6.22437E+00  -7.17439E+00
 1.48800E+01              -7.49076E+00  -3.99873E+00  -6.18517E-01  -2.79461E+00  -1.58376E+00  -5.30825E-01  -6.22437E+00  -7.17439E+00
 1.50400E+01              -7.49076E+00  -3.99873E+00  -6.18517E-01  -2.79461E+00  -1.58376E+00  -5.30825E-01  -6.22437E+00  -7.17439E+00
 1.52000E+01              -7.49076E+00  -3.99873E+00  -6.18517E-01  -2.79461E+00  -1.58376E+00  -5.30825E-01  -6.22437E+00  -7.17439E+00
 1.53600E+01              -7.49076E+00  -3.99873E+00  -6.18517E-01  -2.79461E+00  -1.58376E+00  -5.30825E-01  -6.22437E+00  -7.17439E+00
 1.55200E+01              -7.49076E+00  -3.99873E+00  -6.18517E-01  -2.79461E+00  -1.58376E+00  -5.30825E-01  -6.22437E+00  -7.17439E+00
 1.56800E+01              -7.49076E+00  -3.99873E+00  -6.18517E-01  -2.79461E+00  -1.58376E+00  -5.30825E-01  -6.22437E+00  -7.17439E+00
 1.58400E+01              -7.49076E+00  -3.99873E+00  -6.18517E-01  -2.79461E+00  -1.58376E+00  -5.30825E-01  -6.22437E+00  -7.17439E+00
 1.59600E+01              -7.49076E+00  -3.99873E+00  -6.18517E-01  -2.79461E+00  -1.58376E+00  -5.30825E-01  -6.22437E+00  -7.17439E+00
