# Units: Log10 mol/kgw
 TITLE = " Years"
VARIABLES = "X (meters)", "H+        ", "Cs+       ", "Na+       ", "K+        ", "Ca++      ", "Cl-       ", "OH-       ", "CaOH+     ", "
 ZONE F=POINT,I=         101
 4.00000E-02              -7.49489E+00  -1.69339E+00  -2.79451E+00  -6.18516E-01  -3.99855E+00  -5.83754E-01  -6.23496E+00  -9.56957E+00
 1.60000E-01              -7.49484E+00  -1.69670E+00  -2.69764E+00  -6.19075E-01  -3.81652E+00  -5.83680E-01  -6.23499E+00  -9.38762E+00
 3.20000E-01              -7.49452E+00  -1.71237E+00  -2.36190E+00  -6.22717E-01  -3.33297E+00  -5.83247E-01  -6.23513E+00  -8.90457E+00
 4.80000E-01              -7.49350E+00  -1.75495E+00  -1.93642E+00  -6.35011E-01  -2.83634E+00  -5.81920E-01  -6.23563E+00  -8.40953E+00
 6.40000E-01              -7.49115E+00  -1.84237E+00  -1.56620E+00  -6.64514E-01  -2.43373E+00  -5.79104E-01  -6.23684E+00  -8.01046E+00
 8.00000E-01              -7.48692E+00  -1.99367E+00  -1.27335E+00  -7.22692E-01  -2.11772E+00  -5.74491E-01  -6.23919E+00  -7.70066E+00
 9.60000E-01              -7.48059E+00  -2.22561E+00  -1.04825E+00  -8.26084E-01  -1.87001E+00  -5.68288E-01  -6.24294E+00  -7.46200E+00
 1.12000E+00              -7.47268E+00  -2.54483E+00  -8.79840E-01  -1.00321E+00  -1.67910E+00  -5.61171E-01  -6.24786E+00  -7.28215E+00
 1.28000E+00              -7.46602E+00  -2.93647E+00  -7.62043E-01  -1.30361E+00  -1.55026E+00  -5.54004E-01  -6.25177E+00  -7.16283E+00
 1.44000E+00              -7.46656E+00  -3.35363E+00  -6.90781E-01  -1.76065E+00  -1.50515E+00  -5.47535E-01  -6.24974E+00  -7.11876E+00
 1.60000E+00              -7.47331E+00  -3.73860E+00  -6.53855E-01  -2.30114E+00  -1.52063E+00  -5.42218E-01  -6.24254E+00  -7.12796E+00
 1.76000E+00              -7.48002E+00  -3.94783E+00  -6.36648E-01  -2.66991E+00  -1.54676E+00  -5.38190E-01  -6.23564E+00  -7.14757E+00
 1.92000E+00              -7.48463E+00  -3.99529E+00  -6.28091E-01  -2.77659E+00  -1.56495E+00  -5.35350E-01  -6.23088E+00  -7.16132E+00
 2.08000E+00              -7.48742E+00  -4.00083E+00  -6.23498E-01  -2.79368E+00  -1.57505E+00  -5.33475E-01  -6.22795E+00  -7.16875E+00
 2.24000E+00              -7.48901E+00  -4.00041E+00  -6.21032E-01  -2.79542E+00  -1.58003E+00  -5.32307E-01  -6.22626E+00  -7.17225E+00
 2.40000E+00              -7.48988E+00  -3.99967E+00  -6.19747E-01  -2.79522E+00  -1.58228E+00  -5.31619E-01  -6.22533E+00  -7.17371E+00
 2.56000E+00              -7.49033E+00  -3.99921E+00  -6.19099E-01  -2.79494E+00  -1.58323E+00  -5.31233E-01  -6.22484E+00  -7.17424E+00
 2.72000E+00              -7.49055E+00  -3.99896E+00  -6.18785E-01  -2.79478E+00  -1.58359E+00  -5.31027E-01  -6.22459E+00  -7.17440E+00
 2.88000E+00              -7.49066E+00  -3.99884E+00  -6.18636E-01  -2.79469E+00  -1.58371E+00  -5.30921E-01  -6.22447E+00  -7.17443E+00
 3.04000E+00              -7.49072E+00  -3.99878E+00  -6.18569E-01  -2.79464E+00  -1.58375E+00  -5.30869E-01  -6.22441E+00  -7.17442E+00
 3.20000E+00              -7.49074E+00  -3.99875E+00  -6.18539E-01  -2.79462E+00  -1.58376E+00  -5.30845E-01  -6.22439E+00  -7.17441E+00
 3.36000E+00              -7.49075E+00  -3.99874E+00  -6.18526E-01  -2.79461E+00  -1.58376E+00  -5.30833E-01  -6.22437E+00  -7.17440E+00
 3.52000E+00              -7.49075E+00  -3.99873E+00  -6.18520E-01  -2.79461E+00  -1.58376E+00  -5.30828E-01  -6.22437E+00  -7.17440E+00
 3.68000E+00              -7.49076E+00  -3.99873E+00  -6.18518E-01  -2.79461E+00  -1.58376E+00  -5.30826E-01  -6.22437E+00  -7.17439E+00
 3.84000E+00              -7.49076E+00  -3.99873E+00  -6.18517E-01  -2.79461E+00  -1.58376E+00  -5.30825E-01  -6.22437E+00  -7.17439E+00
 4.00000E+00              -7.49076E+00  -3.99873E+00  -6.18517E-01  -2.79461E+00  -1.58376E+00  -5.30825E-01  -6.22437E+00  -7.17439E+00
 4.16000E+00              -7.49076E+00  -3.99873E+00  -6.18517E-01  -2.79461E+00  -1.58376E+00  -5.30825E-01  -6.22437E+00  -7.17439E+00
 4.32000E+00              -7.49076E+00  -3.99873E+00  -6.18517E-01  -2.79461E+00  -1.58376E+00  -5.30825E-01  -6.22437E+00  -7.17439E+00
 4.48000E+00              -7.49076E+00  -3.99873E+00  -6.18517E-01  -2.79461E+00  -1.58376E+00  -5.30825E-01  -6.22437E+00  -7.17439E+00
 4.64000E+00              -7.49076E+00  -3.99873E+00  -6.18517E-01  -2.79461E+00  -1.58376E+00  -5.30825E-01  -6.22437E+00  -7.17439E+00
 4.80000E+00              -7.49076E+00  -3.99873E+00  -6.18517E-01  -2.79461E+00  -1.58376E+00  -5.30825E-01  -6.22437E+00  -7.17439E+00
 4.96000E+00              -7.49076E+00  -3.99873E+00  -6.18517E-01  -2.79461E+00  -1.58376E+00  -5.30825E-01  -6.22437E+00  -7.17439E+00
 5.12000E+00              -7.49076E+00  -3.99873E+00  -6.18517E-01  -2.79461E+00  -1.58376E+00  -5.30825E-01  -6.22437E+00  -7.17439E+00
 5.28000E+00              -7.49076E+00  -3.99873E+00  -6.18517E-01  -2.79461E+00  -1.58376E+00  -5.30825E-01  -6.22437E+00  -7.17439E+00
 5.44000E+00              -7.49076E+00  -3.99873E+00  -6.18517E-01  -2.79461E+00  -1.58376E+00  -5.30825E-01  -6.22437E+00  -7.17439E+00
 5.60000E+00              -7.49076E+00  -3.99873E+00  -6.18517E-01  -2.79461E+00  -1.58376E+00  -5.30825E-01  -6.22437E+00  -7.17439E+00
 5.76000E+00              -7.49076E+00  -3.99873E+00  -6.18517E-01  -2.79461E+00  -1.58376E+00  -5.30825E-01  -6.22437E+00  -7.17439E+00
 5.92000E+00              -7.49076E+00  -3.99873E+00  -6.18517E-01  -2.79461E+00  -1.58376E+00  -5.30825E-01  -6.22437E+00  -7.17439E+00
 6.08000E+00              -7.49076E+00  -3.99873E+00  -6.18517E-01  -2.79461E+00  -1.58376E+00  -5.30825E-01  -6.22437E+00  -7.17439E+00
 6.24000E+00              -7.49076E+00  -3.99873E+00  -6.18517E-01  -2.79461E+00  -1.58376E+00  -5.30825E-01  -6.22437E+00  -7.17439E+00
 6.40000E+00              -7.49076E+00  -3.99873E+00  -6.18517E-01  -2.79461E+00  -1.58376E+00  -5.30825E-01  -6.22437E+00  -7.17439E+00
 6.56000E+00              -7.49076E+00  -3.99873E+00  -6.18517E-01  -2.79461E+00  -1.58376E+00  -5.30825E-01  -6.22437E+00  -7.17439E+00
 6.72000E+00              -7.49076E+00  -3.99873E+00  -6.18517E-01  -2.79461E+00  -1.58376E+00  -5.30825E-01  -6.22437E+00  -7.17439E+00
 6.88000E+00              -7.49076E+00  -3.99873E+00  -6.18517E-01  -2.79461E+00  -1.58376E+00  -5.30825E-01  -6.22437E+00  -7.17439E+00
 7.04000E+00              -7.49076E+00  -3.99873E+00  -6.18517E-01  -2.79461E+00  -1.58376E+00  -5.30825E-01  -6.22437E+00  -7.17439E+00
 7.20000E+00              -7.49076E+00  -3.99873E+00  -6.18517E-01  -2.79461E+00  -1.58376E+00  -5.30825E-01  -6.22437E+00  -7.17439E+00
 7.36000E+00              -7.49076E+00  -3.99873E+00  -6.18517E-01  -2.79461E+00  -1.58376E+00  -5.30825E-01  -6.22437E+00  -7.17439E+00
 7.52000E+00              -7.49076E+00  -3.99873E+00  -6.18517E-01  -2.79461E+00  -1.58376E+00  -5.30825E-01  -6.22437E+00  -7.17439E+00
 7.68000E+00              -7.49076E+00  -3.99873E+00  -6.18517E-01  -2.79461E+00  -1.58376E+00  -5.30825E-01  -6.22437E+00  -7.17439E+00
 7.84000E+00              -7.49076E+00  -3.99873E+00  -6.18517E-01  -2.79461E+00  -1.58376E+00  -5.30825E-01  -6.22437E+00  -7.17439E+00
 8.00000E+00              -7.49076E+00  -3.99873E+00  -6.18517E-01  -2.79461E+00  -1.58376E+00  -5.30825E-01  -6.22437E+00  -7.17439E+00
 8.16000E+00              -7.49076E+00  -3.99873E+00  -6.18517E-01  -2.79461E+00  -1.58376E+00  -5.30825E-01  -6.22437E+00  -7.17439E+00
 8.32000E+00              -7.49076E+00  -3.99873E+00  -6.18517E-01  -2.79461E+00  -1.58376E+00  -5.30825E-01  -6.22437E+00  -7.17439E+00
 8.48000E+00              -7.49076E+00  -3.99873E+00  -6.18517E-01  -2.79461E+00  -1.58376E+00  -5.30825E-01  -6.22437E+00  -7.17439E+00
 8.64000E+00              -7.49076E+00  -3.99873E+00  -6.18517E-01  -2.79461E+00  -1.58376E+00  -5.30825E-01  -6.22437E+00  -7.17439E+00
 8.80000E+00              -7.49076E+00  -3.99873E+00  -6.18517E-01  -2.79461E+00  -1.58376E+00  -5.30825E-01  -6.22437E+00  -7.17439E+00
 8.96000E+00              -7.49076E+00  -3.99873E+00  -6.18517E-01  -2.79461E+00  -1.58376E+00  -5.30825E-01  -6.22437E+00  -7.17439E+00
 9.12000E+00              -7.49076E+00  -3.99873E+00  -6.18517E-01  -2.79461E+00  -1.58376E+00  -5.30825E-01  -6.22437E+00  -7.17439E+00
 9.28000E+00              -7.49076E+00  -3.99873E+00  -6.18517E-01  -2.79461E+00  -1.58376E+00  -5.30825E-01  -6.22437E+00  -7.17439E+00
 9.44000E+00              -7.49076E+00  -3.99873E+00  -6.18517E-01  -2.79461E+00  -1.58376E+00  -5.30825E-01  -6.22437E+00  -7.17439E+00
 9.60000E+00              -7.49076E+00  -3.99873E+00  -6.18517E-01  -2.79461E+00  -1.58376E+00  -5.30825E-01  -6.22437E+00  -7.17439E+00
 9.76000E+00              -7.49076E+00  -3.99873E+00  -6.18517E-01  -2.79461E+00  -1.58376E+00  -5.30825E-01  -6.22437E+00  -7.17439E+00
 9.92000E+00              -7.49076E+00  -3.99873E+00  -6.18517E-01  -2.79461E+00  -1.58376E+00  -5.30825E-01  -6.22437E+00  -7.17439E+00
 1.00800E+01              -7.49076E+00  -3.99873E+00  -6.18517E-01  -2.79461E+00  -1.58376E+00  -5.30825E-01  -6.22437E+00  -7.17439E+00
 1.02400E+01              -7.49076E+00  -3.99873E+00  -6.18517E-01  -2.79461E+00  -1.58376E+00  -5.30825E-01  -6.22437E+00  -7.17439E+00
 1.04000E+01              -7.49076E+00  -3.99873E+00  -6.18517E-01  -2.79461E+00  -1.58376E+00  -5.30825E-01  -6.22437E+00  -7.17439E+00
 1.05600E+01              -7.49076E+00  -3.99873E+00  -6.18517E-01  -2.79461E+00  -1.58376E+00  -5.30825E-01  -6.22437E+00  -7.17439E+00
 1.07200E+01              -7.49076E+00  -3.99873E+00  -6.18517E-01  -2.79461E+00  -1.58376E+00  -5.30825E-01  -6.22437E+00  -7.17439E+00
 1.08800E+01              -7.49076E+00  -3.99873E+00  -6.18517E-01  -2.79461E+00  -1.58376E+00  -5.30825E-01  -6.22437E+00  -7.17439E+00
 1.10400E+01              -7.49076E+00  -3.99873E+00  -6.18517E-01  -2.79461E+00  -1.58376E+00  -5.30825E-01  -6.22437E+00  -7.17439E+00
 1.12000E+01              -7.49076E+00  -3.99873E+00  -6.18517E-01  -2.79461E+00  -1.58376E+00  -5.30825E-01  -6.22437E+00  -7.17439E+00
 1.13600E+01              -7.49076E+00  -3.99873E+00  -6.18517E-01  -2.79461E+00  -1.58376E+00  -5.30825E-01  -6.22437E+00  -7.17439E+00
 1.15200E+01              -7.49076E+00  -3.99873E+00  -6.18517E-01  -2.79461E+00  -1.58376E+00  -5.30825E-01  -6.22437E+00  -7.17439E+00
 1.16800E+01              -7.49076E+00  -3.99873E+00  -6.18517E-01  -2.79461E+00  -1.58376E+00  -5.30825E-01  -6.22437E+00  -7.17439E+00
 1.18400E+01              -7.49076E+00  -3.99873E+00  -6.18517E-01  -2.79461E+00  -1.58376E+00  -5.30825E-01  -6.22437E+00  -7.17439E+00
 1.20000E+01              -7.49076E+00  -3.99873E+00  -6.18517E-01  -2.79461E+00  -1.58376E+00  -5.30825E-01  -6.22437E+00  -7.17439E+00
 1.21600E+01              -7.49076E+00  -3.99873E+00  -6.18517E-01  -2.79461E+00  -1.58376E+00  -5.30825E-01  -6.22437E+00  -7.17439E+00
 1.23200E+01              -7.49076E+00  -3.99873E+00  -6.18517E-01  -2.79461E+00  -1.58376E+00  -5.30825E-01  -6.22437E+00  -7.17439E+00
 1.24800E+01              -7.49076E+00  -3.99873E+00  -6.18517E-01  -2.79461E+00  -1.58376E+00  -5.30825E-01  -6.22437E+00  -7.17439E+00
 1.26400E+01              -7.49076E+00  -3.99873E+00  -6.18517E-01  -2.79461E+00  -1.58376E+00  -5.30825E-01  -6.22437E+00  -7.17439E+00
 1.28000E+01              -7.49076E+00  -3.99873E+00  -6.18517E-01  -2.79461E+00  -1.58376E+00  -5.30825E-01  -6.22437E+00  -7.17439E+00
 1.29600E+01              -7.49076E+00  -3.99873E+00  -6.18517E-01  -2.79461E+00  -1.58376E+00  -5.30825E-01  -6.22437E+00  -7.17439E+00
 1.31200E+01              -7.49076E+00  -3.99873E+00  -6.18517E-01  -2.79461E+00  -1.58376E+00  -5.30825E-01  -6.22437E+00  -7.17439E+00
 1.32800E+01              -7.49076E+00  -3.99873E+00  -6.18517E-01  -2.79461E+00  -1.58376E+00  -5.30825E-01  -6.22437E+00  -7.17439E+00
 1.34400E+01              -7.49076E+00  -3.99873E+00  -6.18517E-01  -2.79461E+00  -1.58376E+00  -5.30825E-01  -6.22437E+00  -7.17439E+00
 1.36000E+01              -7.49076E+00  -3.99873E+00  -6.18517E-01  -2.79461E+00  -1.58376E+00  -5.30825E-01  -6.22437E+00  -7.17439E+00
 1.37600E+01              -7.49076E+00  -3.99873E+00  -6.18517E-01  -2.79461E+00  -1.58376E+00  -5.30825E-01  -6.22437E+00  -7.17439E+00
 1.39200E+01              -7.49076E+00  -3.99873E+00  -6.18517E-01  -2.79461E+00  -1.58376E+00  -5.30825E-01  -6.22437E+00  -7.17439E+00
 1.40800E+01              -7.49076E+00  -3.99873E+00  -6.18517E-01  -2.79461E+00  -1.58376E+00  -5.30825E-01  -6.22437E+00  -7.17439E+00
 1.42400E+01              -7.49076E+00  -3.99873E+00  -6.18517E-01  -2.79461E+00  -1.58376E+00  -5.30825E-01  -6.22437E+00  -7.17439E+00
 1.44000E+01              -7.49076E+00  -3.99873E+00  -6.18517E-01  -2.79461E+00  -1.58376E+00  -5.30825E-01  -6.22437E+00  -7.17439E+00
 1.45600E+01              -7.49076E+00  -3.99873E+00  -6.18517E-01  -2.79461E+00  -1.58376E+00  -5.30825E-01  -6.22437E+00  -7.17439E+00
 1.47200E+01              -7.49076E+00  -3.99873E+00  -6.18517E-01  -2.79461E+00  -1.58376E+00  -5.30825E-01  -6.22437E+00  -7.17439E+00
 1.48800E+01              -7.49076E+00  -3.99873E+00  -6.18517E-01  -2.79461E+00  -1.58376E+00  -5.30825E-01  -6.22437E+00  -7.17439E+00
 1.50400E+01              -7.49076E+00  -3.99873E+00  -6.18517E-01  -2.79461E+00  -1.58376E+00  -5.30825E-01  -6.22437E+00  -7.17439E+00
 1.52000E+01              -7.49076E+00  -3.99873E+00  -6.18517E-01  -2.79461E+00  -1.58376E+00  -5.30825E-01  -6.22437E+00  -7.17439E+00
 1.53600E+01              -7.49076E+00  -3.99873E+00  -6.18517E-01  -2.79461E+00  -1.58376E+00  -5.30825E-01  -6.22437E+00  -7.17439E+00
 1.55200E+01              -7.49076E+00  -3.99873E+00  -6.18517E-01  -2.79461E+00  -1.58376E+00  -5.30825E-01  -6.22437E+00  -7.17439E+00
 1.56800E+01              -7.49076E+00  -3.99873E+00  -6.18517E-01  -2.79461E+00  -1.58376E+00  -5.30825E-01  -6.22437E+00  -7.17439E+00
 1.58400E+01              -7.49076E+00  -3.99873E+00  -6.18517E-01  -2.79461E+00  -1.58376E+00  -5.30825E-01  -6.22437E+00  -7.17439E+00
 1.59600E+01              -7.49076E+00  -3.99873E+00  -6.18517E-01  -2.79461E+00  -1.58376E+00  -5.30825E-01  -6.22437E+00  -7.17439E+00
