# Units: Mol/m^3 porous medium
 TITLE = " Years"
VARIABLES = "X (meters)", "NaFES     ", "NaII      ", "NaPS      ", "KFES      ", "KII       ", "KPS       ", "CaPS2     ", "CsFES     ", "CsII      ", "CsPS      ", "
 ZONE F=POINT,I=         101
 4.00000E-02               3.46565E-10   8.11969E-05   4.96043E-03   1.25438E-05   1.47293E+00   8.99836E+00   1.26783E-04   3.43562E-02   1.27573E+00   1.95767E+00
 1.60000E-01               3.46565E-10   8.11969E-05   4.96043E-03   1.25438E-05   1.47293E+00   8.99836E+00   1.26783E-04   3.43562E-02   1.27573E+00   1.95767E+00
 3.20000E-01               3.46565E-10   8.11969E-05   4.96043E-03   1.25438E-05   1.47293E+00   8.99836E+00   1.26783E-04   3.43562E-02   1.27573E+00   1.95767E+00
 4.80000E-01               3.46565E-10   8.11969E-05   4.96043E-03   1.25438E-05   1.47293E+00   8.99836E+00   1.26783E-04   3.43562E-02   1.27573E+00   1.95767E+00
 6.40000E-01               3.46565E-10   8.11969E-05   4.96043E-03   1.25438E-05   1.47293E+00   8.99836E+00   1.26783E-04   3.43562E-02   1.27573E+00   1.95767E+00
 8.00000E-01               3.46565E-10   8.11969E-05   4.96043E-03   1.25438E-05   1.47293E+00   8.99836E+00   1.26783E-04   3.43562E-02   1.27573E+00   1.95767E+00
 9.60000E-01               3.46565E-10   8.11969E-05   4.96043E-03   1.25438E-05   1.47294E+00   8.99836E+00   1.26783E-04   3.43562E-02   1.27573E+00   1.95767E+00
 1.12000E+00               3.46566E-10   8.11970E-05   4.96043E-03   1.25438E-05   1.47294E+00   8.99837E+00   1.26783E-04   3.43562E-02   1.27573E+00   1.95767E+00
 1.28000E+00               3.46570E-10   8.11974E-05   4.96044E-03   1.25440E-05   1.47295E+00   8.99839E+00   1.26784E-04   3.43562E-02   1.27572E+00   1.95765E+00
 1.44000E+00               3.46582E-10   8.11987E-05   4.96047E-03   1.25444E-05   1.47297E+00   8.99844E+00   1.26785E-04   3.43562E-02   1.27570E+00   1.95759E+00
 1.60000E+00               3.46616E-10   8.12025E-05   4.96057E-03   1.25456E-05   1.47303E+00   8.99860E+00   1.26790E-04   3.43562E-02   1.27563E+00   1.95744E+00
 1.76000E+00               3.46704E-10   8.12129E-05   4.96086E-03   1.25486E-05   1.47320E+00   8.99898E+00   1.26804E-04   3.43562E-02   1.27547E+00   1.95706E+00
 1.92000E+00               3.46917E-10   8.12389E-05   4.96168E-03   1.25555E-05   1.47357E+00   8.99986E+00   1.26845E-04   3.43562E-02   1.27510E+00   1.95618E+00
 2.08000E+00               3.47398E-10   8.13010E-05   4.96382E-03   1.25700E-05   1.47436E+00   9.00172E+00   1.26952E-04   3.43562E-02   1.27430E+00   1.95431E+00
 2.24000E+00               3.48426E-10   8.14414E-05   4.96914E-03   1.25989E-05   1.47593E+00   9.00540E+00   1.27222E-04   3.43562E-02   1.27274E+00   1.95063E+00
 2.40000E+00               3.50525E-10   8.17456E-05   4.98168E-03   1.26524E-05   1.47883E+00   9.01217E+00   1.27866E-04   3.43561E-02   1.26984E+00   1.94384E+00
 2.56000E+00               3.54652E-10   8.23799E-05   5.00981E-03   1.27461E-05   1.48387E+00   9.02392E+00   1.29335E-04   3.43560E-02   1.26480E+00   1.93206E+00
 2.72000E+00               3.62526E-10   8.36566E-05   5.06993E-03   1.29020E-05   1.49217E+00   9.04314E+00   1.32540E-04   3.43558E-02   1.25650E+00   1.91277E+00
 2.88000E+00               3.77199E-10   8.61440E-05   5.19270E-03   1.31499E-05   1.50515E+00   9.07291E+00   1.39235E-04   3.43556E-02   1.24352E+00   1.88287E+00
 3.04000E+00               4.04066E-10   9.08456E-05   5.43269E-03   1.35292E-05   1.52448E+00   9.11663E+00   1.52670E-04   3.43552E-02   1.22418E+00   1.83889E+00
 3.20000E+00               4.52661E-10   9.94822E-05   5.88268E-03   1.40905E-05   1.55203E+00   9.17760E+00   1.78632E-04   3.43547E-02   1.19662E+00   1.77741E+00
 3.36000E+00               5.39872E-10   1.14927E-04   6.69387E-03   1.48987E-05   1.58957E+00   9.25835E+00   2.27093E-04   3.43539E-02   1.15907E+00   1.69575E+00
 3.52000E+00               6.95764E-10   1.41854E-04   8.10295E-03   1.60356E-05   1.63857E+00   9.35979E+00   3.14729E-04   3.43527E-02   1.11004E+00   1.59273E+00
 3.68000E+00               9.74089E-10   1.87662E-04   1.04671E-02   1.76034E-05   1.69970E+00   9.48034E+00   4.68748E-04   3.43511E-02   1.04886E+00   1.46950E+00
 3.84000E+00               1.47098E-09   2.63738E-04   1.43078E-02   1.97243E-05   1.77242E+00   9.61539E+00   7.32705E-04   3.43490E-02   9.76066E-01   1.33008E+00
 4.00000E+00               2.35723E-09   3.87075E-04   2.03655E-02   2.25337E-05   1.85450E+00   9.75720E+00   1.17553E-03   3.43462E-02   8.93866E-01   1.18133E+00
 4.16000E+00               3.93068E-09   5.82267E-04   2.96718E-02   2.61559E-05   1.94189E+00   9.89569E+00   1.90623E-03   3.43426E-02   8.06282E-01   1.03207E+00
 4.32000E+00               6.69384E-09   8.84074E-04   4.36563E-02   3.06542E-05   2.02910E+00   1.00198E+01   3.09982E-03   3.43381E-02   7.18769E-01   8.91553E-01
 4.48000E+00               1.14538E-08   1.34136E-03   6.43245E-02   3.59518E-05   2.11017E+00   1.01192E+01   5.04661E-03   3.43328E-02   6.37243E-01   7.67602E-01
 4.64000E+00               1.94336E-08   2.02458E-03   9.45909E-02   4.17507E-05   2.17994E+00   1.01850E+01   8.25390E-03   3.43270E-02   5.66783E-01   6.65169E-01
 4.80000E+00               3.24084E-08   3.04181E-03   1.38936E-01   4.75154E-05   2.23516E+00   1.02092E+01   1.36715E-02   3.43212E-02   5.10548E-01   5.85761E-01
 4.96000E+00               5.30097E-08   4.57503E-03   2.04785E-01   5.25897E-05   2.27478E+00   1.01822E+01   2.32357E-02   3.43161E-02   4.69393E-01   5.27764E-01
 5.12000E+00               8.56660E-08   6.96692E-03   3.05572E-01   5.64163E-05   2.29952E+00   1.00858E+01   4.13286E-02   3.43122E-02   4.42264E-01   4.87252E-01
 5.28000E+00               1.39426E-07   1.09529E-02   4.68149E-01   5.86870E-05   2.31062E+00   9.87604E+00   7.92141E-02   3.43099E-02   4.27176E-01   4.58628E-01
 5.44000E+00               2.36490E-07   1.83822E-02   7.51546E-01   5.92371E-05   2.30770E+00   9.43490E+00   1.70369E-01   3.43093E-02   4.22666E-01   4.34065E-01
 5.60000E+00               4.39923E-07   3.48422E-02   1.28626E+00   5.75202E-05   2.28322E+00   8.42890E+00   4.23361E-01   3.43108E-02   4.30684E-01   3.99375E-01
 5.76000E+00               9.34584E-07   7.94860E-02   2.24170E+00   5.17692E-05   2.20670E+00   6.22345E+00   1.08421E+00   3.43160E-02   4.62561E-01   3.27685E-01
 5.92000E+00               2.20380E-06   2.14006E-01   3.42274E+00   4.12265E-05   2.00646E+00   3.20905E+00   2.05861E+00   3.43253E-02   5.28285E-01   2.12234E-01
 6.08000E+00               5.18330E-06   5.59636E-01   4.32302E+00   2.95974E-05   1.60159E+00   1.23718E+00   2.64352E+00   3.43340E-02   5.87521E-01   1.14000E-01
 6.24000E+00               8.64356E-06   9.57220E-01   4.82666E+00   2.14190E-05   1.18883E+00   5.99450E-01   2.72940E+00   3.43387E-02   6.02702E-01   7.63374E-02
 6.40000E+00               1.00658E-05   1.11363E+00   5.13435E+00   1.86297E-05   1.03299E+00   4.76259E-01   2.64045E+00   3.43401E-02   6.02132E-01   6.97330E-02
 6.56000E+00               1.04636E-05   1.15422E+00   5.36431E+00   1.79826E-05   9.94168E-01   4.62044E-01   2.53241E+00   3.43403E-02   6.00360E-01   7.00867E-02
 6.72000E+00               1.06202E-05   1.16851E+00   5.54641E+00   1.77972E-05   9.81412E-01   4.65834E-01   2.43881E+00   3.43403E-02   5.98829E-01   7.13974E-02
 6.88000E+00               1.07148E-05   1.17653E+00   5.68933E+00   1.77096E-05   9.74604E-01   4.71288E-01   2.36402E+00   3.43403E-02   5.97619E-01   7.25910E-02
 7.04000E+00               1.07822E-05   1.18210E+00   5.79885E+00   1.76524E-05   9.69954E-01   4.75816E-01   2.30653E+00   3.43403E-02   5.96696E-01   7.35259E-02
 7.20000E+00               1.08315E-05   1.18615E+00   5.88071E+00   1.76114E-05   9.66592E-01   4.79220E-01   2.26355E+00   3.43403E-02   5.96010E-01   7.42240E-02
 7.36000E+00               1.08673E-05   1.18907E+00   5.94053E+00   1.75819E-05   9.64165E-01   4.81690E-01   2.23215E+00   3.43403E-02   5.95511E-01   7.47318E-02
 7.52000E+00               1.08929E-05   1.19116E+00   5.98334E+00   1.75609E-05   9.62437E-01   4.83444E-01   2.20969E+00   3.43403E-02   5.95155E-01   7.50938E-02
 7.68000E+00               1.09108E-05   1.19262E+00   6.01341E+00   1.75462E-05   9.61228E-01   4.84670E-01   2.19391E+00   3.43403E-02   5.94905E-01   7.53473E-02
 7.84000E+00               1.09232E-05   1.19362E+00   6.03418E+00   1.75360E-05   9.60394E-01   4.85513E-01   2.18302E+00   3.43403E-02   5.94733E-01   7.55220E-02
 8.00000E+00               4.37168E-04   1.19434E+00   5.30840E+00   7.00980E-04   9.59810E-01   4.26600E-01   1.90962E+00   1.37324E+00   5.94600E-01   6.63836E-02
 8.16000E+00               4.37387E-04   1.19479E+00   5.31663E+00   7.00789E-04   9.59430E-01   4.26931E-01   1.90530E+00   1.37324E+00   5.94527E-01   6.64532E-02
 8.32000E+00               4.37528E-04   1.19508E+00   5.32211E+00   7.00666E-04   9.59186E-01   4.27158E-01   1.90243E+00   1.37324E+00   5.94480E-01   6.65002E-02
 8.48000E+00               4.37620E-04   1.19527E+00   5.32569E+00   7.00588E-04   9.59030E-01   4.27309E-01   1.90055E+00   1.37324E+00   5.94449E-01   6.65311E-02
 8.64000E+00               4.37678E-04   1.19539E+00   5.32801E+00   7.00538E-04   9.58930E-01   4.27407E-01   1.89933E+00   1.37324E+00   5.94429E-01   6.65511E-02
 8.80000E+00               4.37715E-04   1.19547E+00   5.32949E+00   7.00507E-04   9.58867E-01   4.27471E-01   1.89855E+00   1.37324E+00   5.94417E-01   6.65640E-02
 8.96000E+00               4.37739E-04   1.19551E+00   5.33042E+00   7.00488E-04   9.58827E-01   4.27511E-01   1.89806E+00   1.37324E+00   5.94409E-01   6.65720E-02
 9.12000E+00               4.37753E-04   1.19554E+00   5.33100E+00   7.00476E-04   9.58803E-01   4.27536E-01   1.89776E+00   1.37324E+00   5.94404E-01   6.65771E-02
 9.28000E+00               4.37762E-04   1.19556E+00   5.33135E+00   7.00468E-04   9.58788E-01   4.27551E-01   1.89757E+00   1.37324E+00   5.94401E-01   6.65801E-02
 9.44000E+00               4.37767E-04   1.19557E+00   5.33157E+00   7.00464E-04   9.58779E-01   4.27560E-01   1.89746E+00   1.37324E+00   5.94399E-01   6.65820E-02
 9.60000E+00               4.37771E-04   1.19558E+00   5.33169E+00   7.00461E-04   9.58773E-01   4.27566E-01   1.89739E+00   1.37324E+00   5.94398E-01   6.65831E-02
 9.76000E+00               4.37772E-04   1.19558E+00   5.33177E+00   7.00460E-04   9.58770E-01   4.27569E-01   1.89735E+00   1.37324E+00   5.94397E-01   6.65838E-02
 9.92000E+00               4.37774E-04   1.19559E+00   5.33181E+00   7.00459E-04   9.58768E-01   4.27571E-01   1.89733E+00   1.37324E+00   5.94397E-01   6.65841E-02
 1.00800E+01               4.37774E-04   1.19559E+00   5.33184E+00   7.00458E-04   9.58767E-01   4.27572E-01   1.89731E+00   1.37324E+00   5.94396E-01   6.65844E-02
 1.02400E+01               4.37775E-04   1.19559E+00   5.33185E+00   7.00458E-04   9.58766E-01   4.27572E-01   1.89731E+00   1.37324E+00   5.94396E-01   6.65845E-02
 1.04000E+01               4.37775E-04   1.19559E+00   5.33186E+00   7.00458E-04   9.58766E-01   4.27573E-01   1.89730E+00   1.37324E+00   5.94396E-01   6.65846E-02
 1.05600E+01               4.37775E-04   1.19559E+00   5.33187E+00   7.00458E-04   9.58766E-01   4.27573E-01   1.89730E+00   1.37324E+00   5.94396E-01   6.65846E-02
 1.07200E+01               4.37775E-04   1.19559E+00   5.33187E+00   7.00458E-04   9.58766E-01   4.27573E-01   1.89730E+00   1.37324E+00   5.94396E-01   6.65846E-02
 1.08800E+01               4.37775E-04   1.19559E+00   5.33187E+00   7.00458E-04   9.58766E-01   4.27573E-01   1.89730E+00   1.37324E+00   5.94396E-01   6.65846E-02
 1.10400E+01               4.37775E-04   1.19559E+00   5.33187E+00   7.00458E-04   9.58766E-01   4.27573E-01   1.89730E+00   1.37324E+00   5.94396E-01   6.65846E-02
 1.12000E+01               4.37775E-04   1.19559E+00   5.33187E+00   7.00458E-04   9.58766E-01   4.27573E-01   1.89730E+00   1.37324E+00   5.94396E-01   6.65846E-02
 1.13600E+01               4.37775E-04   1.19559E+00   5.33187E+00   7.00458E-04   9.58766E-01   4.27573E-01   1.89730E+00   1.37324E+00   5.94396E-01   6.65846E-02
 1.15200E+01               4.37775E-04   1.19559E+00   5.33187E+00   7.00458E-04   9.58766E-01   4.27573E-01   1.89730E+00   1.37324E+00   5.94396E-01   6.65846E-02
 1.16800E+01               4.37775E-04   1.19559E+00   5.33187E+00   7.00458E-04   9.58766E-01   4.27573E-01   1.89730E+00   1.37324E+00   5.94396E-01   6.65846E-02
 1.18400E+01               4.37775E-04   1.19559E+00   5.33187E+00   7.00458E-04   9.58766E-01   4.27573E-01   1.89730E+00   1.37324E+00   5.94396E-01   6.65846E-02
 1.20000E+01               4.37775E-04   1.19559E+00   5.33187E+00   7.00458E-04   9.58766E-01   4.27573E-01   1.89730E+00   1.37324E+00   5.94396E-01   6.65846E-02
 1.21600E+01               4.37775E-04   1.19559E+00   5.33187E+00   7.00458E-04   9.58766E-01   4.27573E-01   1.89730E+00   1.37324E+00   5.94396E-01   6.65846E-02
 1.23200E+01               4.37775E-04   1.19559E+00   5.33187E+00   7.00458E-04   9.58766E-01   4.27573E-01   1.89730E+00   1.37324E+00   5.94396E-01   6.65846E-02
 1.24800E+01               4.37775E-04   1.19559E+00   5.33187E+00   7.00458E-04   9.58766E-01   4.27573E-01   1.89730E+00   1.37324E+00   5.94396E-01   6.65846E-02
 1.26400E+01               4.37775E-04   1.19559E+00   5.33187E+00   7.00458E-04   9.58766E-01   4.27573E-01   1.89730E+00   1.37324E+00   5.94396E-01   6.65846E-02
 1.28000E+01               4.37775E-04   1.19559E+00   5.33187E+00   7.00458E-04   9.58766E-01   4.27573E-01   1.89730E+00   1.37324E+00   5.94396E-01   6.65846E-02
 1.29600E+01               4.37775E-04   1.19559E+00   5.33187E+00   7.00458E-04   9.58766E-01   4.27573E-01   1.89730E+00   1.37324E+00   5.94396E-01   6.65846E-02
 1.31200E+01               4.37775E-04   1.19559E+00   5.33187E+00   7.00458E-04   9.58766E-01   4.27573E-01   1.89730E+00   1.37324E+00   5.94396E-01   6.65846E-02
 1.32800E+01               4.37775E-04   1.19559E+00   5.33187E+00   7.00458E-04   9.58766E-01   4.27573E-01   1.89730E+00   1.37324E+00   5.94396E-01   6.65846E-02
 1.34400E+01               4.37775E-04   1.19559E+00   5.33187E+00   7.00458E-04   9.58766E-01   4.27573E-01   1.89730E+00   1.37324E+00   5.94396E-01   6.65846E-02
 1.36000E+01               4.37775E-04   1.19559E+00   5.33187E+00   7.00458E-04   9.58766E-01   4.27573E-01   1.89730E+00   1.37324E+00   5.94396E-01   6.65846E-02
 1.37600E+01               4.37775E-04   1.19559E+00   5.33187E+00   7.00458E-04   9.58766E-01   4.27573E-01   1.89730E+00   1.37324E+00   5.94396E-01   6.65846E-02
 1.39200E+01               4.37775E-04   1.19559E+00   5.33187E+00   7.00458E-04   9.58766E-01   4.27573E-01   1.89730E+00   1.37324E+00   5.94396E-01   6.65846E-02
 1.40800E+01               4.37775E-04   1.19559E+00   5.33187E+00   7.00458E-04   9.58766E-01   4.27573E-01   1.89730E+00   1.37324E+00   5.94396E-01   6.65846E-02
 1.42400E+01               4.37775E-04   1.19559E+00   5.33187E+00   7.00458E-04   9.58766E-01   4.27573E-01   1.89730E+00   1.37324E+00   5.94396E-01   6.65846E-02
 1.44000E+01               4.37775E-04   1.19559E+00   5.33187E+00   7.00458E-04   9.58766E-01   4.27573E-01   1.89730E+00   1.37324E+00   5.94396E-01   6.65846E-02
 1.45600E+01               4.37775E-04   1.19559E+00   5.33187E+00   7.00458E-04   9.58766E-01   4.27573E-01   1.89730E+00   1.37324E+00   5.94396E-01   6.65846E-02
 1.47200E+01               4.37775E-04   1.19559E+00   5.33187E+00   7.00458E-04   9.58766E-01   4.27573E-01   1.89730E+00   1.37324E+00   5.94396E-01   6.65846E-02
 1.48800E+01               4.37775E-04   1.19559E+00   5.33187E+00   7.00458E-04   9.58766E-01   4.27573E-01   1.89730E+00   1.37324E+00   5.94396E-01   6.65846E-02
 1.50400E+01               4.37775E-04   1.19559E+00   5.33187E+00   7.00458E-04   9.58766E-01   4.27573E-01   1.89730E+00   1.37324E+00   5.94396E-01   6.65846E-02
 1.52000E+01               4.37775E-04   1.19559E+00   5.33187E+00   7.00458E-04   9.58766E-01   4.27573E-01   1.89730E+00   1.37324E+00   5.94396E-01   6.65846E-02
 1.53600E+01               4.37775E-04   1.19559E+00   5.33187E+00   7.00458E-04   9.58766E-01   4.27573E-01   1.89730E+00   1.37324E+00   5.94396E-01   6.65846E-02
 1.55200E+01               4.37775E-04   1.19559E+00   5.33187E+00   7.00458E-04   9.58766E-01   4.27573E-01   1.89730E+00   1.37324E+00   5.94396E-01   6.65846E-02
 1.56800E+01               4.37775E-04   1.19559E+00   5.33187E+00   7.00458E-04   9.58766E-01   4.27573E-01   1.89730E+00   1.37324E+00   5.94396E-01   6.65846E-02
 1.58400E+01               4.37775E-04   1.19559E+00   5.33187E+00   7.00458E-04   9.58766E-01   4.27573E-01   1.89730E+00   1.37324E+00   5.94396E-01   6.65846E-02
 1.59600E+01               4.37775E-04   1.19559E+00   5.33187E+00   7.00458E-04   9.58766E-01   4.27573E-01   1.89730E+00   1.37324E+00   5.94396E-01   6.65846E-02
