# Units: Mol/m^3 porous medium
 TITLE = " Years"
VARIABLES = "X (meters)", "NaFES     ", "NaII      ", "NaPS      ", "KFES      ", "KII       ", "KPS       ", "CaPS2     ", "CsFES     ", "CsII      ", "CsPS      ", "
 ZONE F=POINT,I=         101
 4.00000E-02               3.46650E-10   8.12155E-05   4.96153E-03   1.25441E-05   1.47295E+00   8.99841E+00   1.26838E-04   3.43562E-02   1.27571E+00   1.95763E+00
 1.60000E-01               4.36628E-10   1.01944E-04   6.21576E-03   1.26248E-05   1.47733E+00   9.00756E+00   1.93763E-04   3.43561E-02   1.27132E+00   1.94709E+00
 3.20000E-01               9.81109E-10   2.25608E-04   1.36371E-02   1.29843E-05   1.49643E+00   9.04531E+00   6.04925E-04   3.43558E-02   1.25209E+00   1.90110E+00
 4.80000E-01               2.88661E-09   6.38142E-04   3.77315E-02   1.39391E-05   1.54442E+00   9.13169E+00   2.04680E-03   3.43548E-02   1.20370E+00   1.78774E+00
 6.40000E-01               8.30486E-09   1.69644E-03   9.61799E-02   1.59691E-05   1.63489E+00   9.26902E+00   6.10161E-03   3.43528E-02   1.11216E+00   1.58385E+00
 8.00000E-01               2.32091E-08   4.13508E-03   2.19378E-01   1.98745E-05   1.77469E+00   9.41527E+00   1.70239E-02   3.43489E-02   9.69924E-01   1.29255E+00
 9.60000E-01               6.69483E-08   9.69400E-03   4.68931E-01   2.68833E-05   1.95095E+00   9.43739E+00   4.86566E-02   3.43418E-02   7.88109E-01   9.57618E-01
 1.12000E+00               2.07477E-07   2.33045E-02   9.92504E-01   3.75574E-05   2.11429E+00   9.00444E+00   1.55250E-01   3.43310E-02   6.11160E-01   6.53805E-01
 1.28000E+00               6.75748E-07   6.29707E-02   2.11516E+00   4.66530E-05   2.17888E+00   7.31879E+00   5.49804E-01   3.43214E-02   5.06896E-01   4.27686E-01
 1.44000E+00               2.09024E-06   1.98491E-01   3.85238E+00   4.27304E-05   2.03367E+00   3.94703E+00   1.45500E+00   3.43239E-02   5.16585E-01   2.51843E-01
 1.60000E+00               5.53091E-06   5.85540E-01   5.16918E+00   2.99126E-05   1.58714E+00   1.40113E+00   2.13159E+00   3.43333E-02   5.76071E-01   1.27744E-01
 1.76000E+00               9.32281E-06   1.01874E+00   5.71263E+00   2.07298E-05   1.13531E+00   6.36627E-01   2.26412E+00   3.43387E-02   5.94704E-01   8.37670E-02
 1.92000E+00               1.06116E-05   1.16102E+00   5.91101E+00   1.80953E-05   9.92261E-01   5.05182E-01   2.23445E+00   3.43400E-02   5.95471E-01   7.61524E-02
 2.08000E+00               1.08666E-05   1.18797E+00   5.99768E+00   1.76267E-05   9.65787E-01   4.87596E-01   2.20026E+00   3.43403E-02   5.94997E-01   7.54560E-02
 2.24000E+00               1.09212E-05   1.19331E+00   6.03909E+00   1.75439E-05   9.60751E-01   4.86214E-01   2.18018E+00   3.43403E-02   5.94686E-01   7.55971E-02
 2.40000E+00               1.09372E-05   1.19474E+00   6.05884E+00   1.75254E-05   9.59483E-01   4.86579E-01   2.17005E+00   3.43403E-02   5.94528E-01   7.57335E-02
 2.56000E+00               1.09432E-05   1.19524E+00   6.06795E+00   1.75198E-05   9.59052E-01   4.86886E-01   2.16531E+00   3.43403E-02   5.94453E-01   7.58058E-02
 2.72000E+00               1.09456E-05   1.19545E+00   6.07199E+00   1.75176E-05   9.58882E-01   4.87041E-01   2.16319E+00   3.43403E-02   5.94420E-01   7.58391E-02
 2.88000E+00               1.09467E-05   1.19553E+00   6.07371E+00   1.75168E-05   9.58812E-01   4.87109E-01   2.16229E+00   3.43403E-02   5.94406E-01   7.58535E-02
 3.04000E+00               1.09471E-05   1.19557E+00   6.07442E+00   1.75164E-05   9.58784E-01   4.87137E-01   2.16192E+00   3.43403E-02   5.94400E-01   7.58594E-02
 3.20000E+00               1.09473E-05   1.19558E+00   6.07470E+00   1.75163E-05   9.58772E-01   4.87148E-01   2.16177E+00   3.43403E-02   5.94398E-01   7.58617E-02
 3.36000E+00               1.09473E-05   1.19559E+00   6.07480E+00   1.75162E-05   9.58768E-01   4.87153E-01   2.16172E+00   3.43403E-02   5.94397E-01   7.58626E-02
 3.52000E+00               1.09474E-05   1.19559E+00   6.07484E+00   1.75162E-05   9.58766E-01   4.87154E-01   2.16170E+00   3.43403E-02   5.94396E-01   7.58630E-02
 3.68000E+00               1.09474E-05   1.19559E+00   6.07486E+00   1.75162E-05   9.58766E-01   4.87155E-01   2.16169E+00   3.43403E-02   5.94396E-01   7.58631E-02
 3.84000E+00               1.09474E-05   1.19559E+00   6.07486E+00   1.75162E-05   9.58766E-01   4.87155E-01   2.16169E+00   3.43403E-02   5.94396E-01   7.58631E-02
 4.00000E+00               1.09474E-05   1.19559E+00   6.07486E+00   1.75162E-05   9.58766E-01   4.87155E-01   2.16168E+00   3.43403E-02   5.94396E-01   7.58631E-02
 4.16000E+00               1.09474E-05   1.19559E+00   6.07486E+00   1.75162E-05   9.58766E-01   4.87155E-01   2.16168E+00   3.43403E-02   5.94396E-01   7.58631E-02
 4.32000E+00               1.09474E-05   1.19559E+00   6.07486E+00   1.75162E-05   9.58766E-01   4.87155E-01   2.16168E+00   3.43403E-02   5.94396E-01   7.58632E-02
 4.48000E+00               1.09474E-05   1.19559E+00   6.07486E+00   1.75162E-05   9.58766E-01   4.87155E-01   2.16168E+00   3.43403E-02   5.94396E-01   7.58632E-02
 4.64000E+00               1.09474E-05   1.19559E+00   6.07486E+00   1.75162E-05   9.58766E-01   4.87155E-01   2.16168E+00   3.43403E-02   5.94396E-01   7.58632E-02
 4.80000E+00               1.09474E-05   1.19559E+00   6.07486E+00   1.75162E-05   9.58766E-01   4.87155E-01   2.16168E+00   3.43403E-02   5.94396E-01   7.58632E-02
 4.96000E+00               1.09474E-05   1.19559E+00   6.07486E+00   1.75162E-05   9.58766E-01   4.87155E-01   2.16168E+00   3.43403E-02   5.94396E-01   7.58632E-02
 5.12000E+00               1.09474E-05   1.19559E+00   6.07486E+00   1.75162E-05   9.58766E-01   4.87155E-01   2.16168E+00   3.43403E-02   5.94396E-01   7.58632E-02
 5.28000E+00               1.09474E-05   1.19559E+00   6.07486E+00   1.75162E-05   9.58766E-01   4.87155E-01   2.16168E+00   3.43403E-02   5.94396E-01   7.58632E-02
 5.44000E+00               1.09474E-05   1.19559E+00   6.07486E+00   1.75162E-05   9.58766E-01   4.87155E-01   2.16168E+00   3.43403E-02   5.94396E-01   7.58632E-02
 5.60000E+00               1.09474E-05   1.19559E+00   6.07486E+00   1.75162E-05   9.58766E-01   4.87155E-01   2.16168E+00   3.43403E-02   5.94396E-01   7.58632E-02
 5.76000E+00               1.09474E-05   1.19559E+00   6.07486E+00   1.75162E-05   9.58766E-01   4.87155E-01   2.16168E+00   3.43403E-02   5.94396E-01   7.58632E-02
 5.92000E+00               1.09474E-05   1.19559E+00   6.07486E+00   1.75162E-05   9.58766E-01   4.87155E-01   2.16168E+00   3.43403E-02   5.94396E-01   7.58632E-02
 6.08000E+00               1.09474E-05   1.19559E+00   6.07486E+00   1.75162E-05   9.58766E-01   4.87155E-01   2.16168E+00   3.43403E-02   5.94396E-01   7.58632E-02
 6.24000E+00               1.09474E-05   1.19559E+00   6.07486E+00   1.75162E-05   9.58766E-01   4.87155E-01   2.16168E+00   3.43403E-02   5.94396E-01   7.58632E-02
 6.40000E+00               1.09474E-05   1.19559E+00   6.07486E+00   1.75162E-05   9.58766E-01   4.87155E-01   2.16168E+00   3.43403E-02   5.94396E-01   7.58632E-02
 6.56000E+00               1.09474E-05   1.19559E+00   6.07486E+00   1.75162E-05   9.58766E-01   4.87155E-01   2.16168E+00   3.43403E-02   5.94396E-01   7.58632E-02
 6.72000E+00               1.09474E-05   1.19559E+00   6.07486E+00   1.75162E-05   9.58766E-01   4.87155E-01   2.16168E+00   3.43403E-02   5.94396E-01   7.58632E-02
 6.88000E+00               1.09474E-05   1.19559E+00   6.07486E+00   1.75162E-05   9.58766E-01   4.87155E-01   2.16168E+00   3.43403E-02   5.94396E-01   7.58632E-02
 7.04000E+00               1.09474E-05   1.19559E+00   6.07486E+00   1.75162E-05   9.58766E-01   4.87155E-01   2.16168E+00   3.43403E-02   5.94396E-01   7.58632E-02
 7.20000E+00               1.09474E-05   1.19559E+00   6.07486E+00   1.75162E-05   9.58766E-01   4.87155E-01   2.16168E+00   3.43403E-02   5.94396E-01   7.58632E-02
 7.36000E+00               1.09474E-05   1.19559E+00   6.07486E+00   1.75162E-05   9.58766E-01   4.87155E-01   2.16168E+00   3.43403E-02   5.94396E-01   7.58632E-02
 7.52000E+00               1.09474E-05   1.19559E+00   6.07486E+00   1.75162E-05   9.58766E-01   4.87155E-01   2.16168E+00   3.43403E-02   5.94396E-01   7.58632E-02
 7.68000E+00               1.09474E-05   1.19559E+00   6.07486E+00   1.75162E-05   9.58766E-01   4.87155E-01   2.16168E+00   3.43403E-02   5.94396E-01   7.58632E-02
 7.84000E+00               1.09474E-05   1.19559E+00   6.07486E+00   1.75162E-05   9.58766E-01   4.87155E-01   2.16168E+00   3.43403E-02   5.94396E-01   7.58632E-02
 8.00000E+00               4.37775E-04   1.19559E+00   5.33187E+00   7.00458E-04   9.58766E-01   4.27573E-01   1.89730E+00   1.37324E+00   5.94396E-01   6.65846E-02
 8.16000E+00               4.37775E-04   1.19559E+00   5.33187E+00   7.00458E-04   9.58766E-01   4.27573E-01   1.89730E+00   1.37324E+00   5.94396E-01   6.65846E-02
 8.32000E+00               4.37775E-04   1.19559E+00   5.33187E+00   7.00458E-04   9.58766E-01   4.27573E-01   1.89730E+00   1.37324E+00   5.94396E-01   6.65846E-02
 8.48000E+00               4.37775E-04   1.19559E+00   5.33187E+00   7.00458E-04   9.58766E-01   4.27573E-01   1.89730E+00   1.37324E+00   5.94396E-01   6.65846E-02
 8.64000E+00               4.37775E-04   1.19559E+00   5.33187E+00   7.00458E-04   9.58766E-01   4.27573E-01   1.89730E+00   1.37324E+00   5.94396E-01   6.65846E-02
 8.80000E+00               4.37775E-04   1.19559E+00   5.33187E+00   7.00458E-04   9.58766E-01   4.27573E-01   1.89730E+00   1.37324E+00   5.94396E-01   6.65846E-02
 8.96000E+00               4.37775E-04   1.19559E+00   5.33187E+00   7.00458E-04   9.58766E-01   4.27573E-01   1.89730E+00   1.37324E+00   5.94396E-01   6.65846E-02
 9.12000E+00               4.37775E-04   1.19559E+00   5.33187E+00   7.00458E-04   9.58766E-01   4.27573E-01   1.89730E+00   1.37324E+00   5.94396E-01   6.65846E-02
 9.28000E+00               4.37775E-04   1.19559E+00   5.33187E+00   7.00458E-04   9.58766E-01   4.27573E-01   1.89730E+00   1.37324E+00   5.94396E-01   6.65846E-02
 9.44000E+00               4.37775E-04   1.19559E+00   5.33187E+00   7.00458E-04   9.58766E-01   4.27573E-01   1.89730E+00   1.37324E+00   5.94396E-01   6.65846E-02
 9.60000E+00               4.37775E-04   1.19559E+00   5.33187E+00   7.00458E-04   9.58766E-01   4.27573E-01   1.89730E+00   1.37324E+00   5.94396E-01   6.65846E-02
 9.76000E+00               4.37775E-04   1.19559E+00   5.33187E+00   7.00458E-04   9.58766E-01   4.27573E-01   1.89730E+00   1.37324E+00   5.94396E-01   6.65846E-02
 9.92000E+00               4.37775E-04   1.19559E+00   5.33187E+00   7.00458E-04   9.58766E-01   4.27573E-01   1.89730E+00   1.37324E+00   5.94396E-01   6.65846E-02
 1.00800E+01               4.37775E-04   1.19559E+00   5.33187E+00   7.00458E-04   9.58766E-01   4.27573E-01   1.89730E+00   1.37324E+00   5.94396E-01   6.65846E-02
 1.02400E+01               4.37775E-04   1.19559E+00   5.33187E+00   7.00458E-04   9.58766E-01   4.27573E-01   1.89730E+00   1.37324E+00   5.94396E-01   6.65846E-02
 1.04000E+01               4.37775E-04   1.19559E+00   5.33187E+00   7.00458E-04   9.58766E-01   4.27573E-01   1.89730E+00   1.37324E+00   5.94396E-01   6.65846E-02
 1.05600E+01               4.37775E-04   1.19559E+00   5.33187E+00   7.00458E-04   9.58766E-01   4.27573E-01   1.89730E+00   1.37324E+00   5.94396E-01   6.65846E-02
 1.07200E+01               4.37775E-04   1.19559E+00   5.33187E+00   7.00458E-04   9.58766E-01   4.27573E-01   1.89730E+00   1.37324E+00   5.94396E-01   6.65846E-02
 1.08800E+01               4.37775E-04   1.19559E+00   5.33187E+00   7.00458E-04   9.58766E-01   4.27573E-01   1.89730E+00   1.37324E+00   5.94396E-01   6.65846E-02
 1.10400E+01               4.37775E-04   1.19559E+00   5.33187E+00   7.00458E-04   9.58766E-01   4.27573E-01   1.89730E+00   1.37324E+00   5.94396E-01   6.65846E-02
 1.12000E+01               4.37775E-04   1.19559E+00   5.33187E+00   7.00458E-04   9.58766E-01   4.27573E-01   1.89730E+00   1.37324E+00   5.94396E-01   6.65846E-02
 1.13600E+01               4.37775E-04   1.19559E+00   5.33187E+00   7.00458E-04   9.58766E-01   4.27573E-01   1.89730E+00   1.37324E+00   5.94396E-01   6.65846E-02
 1.15200E+01               4.37775E-04   1.19559E+00   5.33187E+00   7.00458E-04   9.58766E-01   4.27573E-01   1.89730E+00   1.37324E+00   5.94396E-01   6.65846E-02
 1.16800E+01               4.37775E-04   1.19559E+00   5.33187E+00   7.00458E-04   9.58766E-01   4.27573E-01   1.89730E+00   1.37324E+00   5.94396E-01   6.65846E-02
 1.18400E+01               4.37775E-04   1.19559E+00   5.33187E+00   7.00458E-04   9.58766E-01   4.27573E-01   1.89730E+00   1.37324E+00   5.94396E-01   6.65846E-02
 1.20000E+01               4.37775E-04   1.19559E+00   5.33187E+00   7.00458E-04   9.58766E-01   4.27573E-01   1.89730E+00   1.37324E+00   5.94396E-01   6.65846E-02
 1.21600E+01               4.37775E-04   1.19559E+00   5.33187E+00   7.00458E-04   9.58766E-01   4.27573E-01   1.89730E+00   1.37324E+00   5.94396E-01   6.65846E-02
 1.23200E+01               4.37775E-04   1.19559E+00   5.33187E+00   7.00458E-04   9.58766E-01   4.27573E-01   1.89730E+00   1.37324E+00   5.94396E-01   6.65846E-02
 1.24800E+01               4.37775E-04   1.19559E+00   5.33187E+00   7.00458E-04   9.58766E-01   4.27573E-01   1.89730E+00   1.37324E+00   5.94396E-01   6.65846E-02
 1.26400E+01               4.37775E-04   1.19559E+00   5.33187E+00   7.00458E-04   9.58766E-01   4.27573E-01   1.89730E+00   1.37324E+00   5.94396E-01   6.65846E-02
 1.28000E+01               4.37775E-04   1.19559E+00   5.33187E+00   7.00458E-04   9.58766E-01   4.27573E-01   1.89730E+00   1.37324E+00   5.94396E-01   6.65846E-02
 1.29600E+01               4.37775E-04   1.19559E+00   5.33187E+00   7.00458E-04   9.58766E-01   4.27573E-01   1.89730E+00   1.37324E+00   5.94396E-01   6.65846E-02
 1.31200E+01               4.37775E-04   1.19559E+00   5.33187E+00   7.00458E-04   9.58766E-01   4.27573E-01   1.89730E+00   1.37324E+00   5.94396E-01   6.65846E-02
 1.32800E+01               4.37775E-04   1.19559E+00   5.33187E+00   7.00458E-04   9.58766E-01   4.27573E-01   1.89730E+00   1.37324E+00   5.94396E-01   6.65846E-02
 1.34400E+01               4.37775E-04   1.19559E+00   5.33187E+00   7.00458E-04   9.58766E-01   4.27573E-01   1.89730E+00   1.37324E+00   5.94396E-01   6.65846E-02
 1.36000E+01               4.37775E-04   1.19559E+00   5.33187E+00   7.00458E-04   9.58766E-01   4.27573E-01   1.89730E+00   1.37324E+00   5.94396E-01   6.65846E-02
 1.37600E+01               4.37775E-04   1.19559E+00   5.33187E+00   7.00458E-04   9.58766E-01   4.27573E-01   1.89730E+00   1.37324E+00   5.94396E-01   6.65846E-02
 1.39200E+01               4.37775E-04   1.19559E+00   5.33187E+00   7.00458E-04   9.58766E-01   4.27573E-01   1.89730E+00   1.37324E+00   5.94396E-01   6.65846E-02
 1.40800E+01               4.37775E-04   1.19559E+00   5.33187E+00   7.00458E-04   9.58766E-01   4.27573E-01   1.89730E+00   1.37324E+00   5.94396E-01   6.65846E-02
 1.42400E+01               4.37775E-04   1.19559E+00   5.33187E+00   7.00458E-04   9.58766E-01   4.27573E-01   1.89730E+00   1.37324E+00   5.94396E-01   6.65846E-02
 1.44000E+01               4.37775E-04   1.19559E+00   5.33187E+00   7.00458E-04   9.58766E-01   4.27573E-01   1.89730E+00   1.37324E+00   5.94396E-01   6.65846E-02
 1.45600E+01               4.37775E-04   1.19559E+00   5.33187E+00   7.00458E-04   9.58766E-01   4.27573E-01   1.89730E+00   1.37324E+00   5.94396E-01   6.65846E-02
 1.47200E+01               4.37775E-04   1.19559E+00   5.33187E+00   7.00458E-04   9.58766E-01   4.27573E-01   1.89730E+00   1.37324E+00   5.94396E-01   6.65846E-02
 1.48800E+01               4.37775E-04   1.19559E+00   5.33187E+00   7.00458E-04   9.58766E-01   4.27573E-01   1.89730E+00   1.37324E+00   5.94396E-01   6.65846E-02
 1.50400E+01               4.37775E-04   1.19559E+00   5.33187E+00   7.00458E-04   9.58766E-01   4.27573E-01   1.89730E+00   1.37324E+00   5.94396E-01   6.65846E-02
 1.52000E+01               4.37775E-04   1.19559E+00   5.33187E+00   7.00458E-04   9.58766E-01   4.27573E-01   1.89730E+00   1.37324E+00   5.94396E-01   6.65846E-02
 1.53600E+01               4.37775E-04   1.19559E+00   5.33187E+00   7.00458E-04   9.58766E-01   4.27573E-01   1.89730E+00   1.37324E+00   5.94396E-01   6.65846E-02
 1.55200E+01               4.37775E-04   1.19559E+00   5.33187E+00   7.00458E-04   9.58766E-01   4.27573E-01   1.89730E+00   1.37324E+00   5.94396E-01   6.65846E-02
 1.56800E+01               4.37775E-04   1.19559E+00   5.33187E+00   7.00458E-04   9.58766E-01   4.27573E-01   1.89730E+00   1.37324E+00   5.94396E-01   6.65846E-02
 1.58400E+01               4.37775E-04   1.19559E+00   5.33187E+00   7.00458E-04   9.58766E-01   4.27573E-01   1.89730E+00   1.37324E+00   5.94396E-01   6.65846E-02
 1.59600E+01               4.37775E-04   1.19559E+00   5.33187E+00   7.00458E-04   9.58766E-01   4.27573E-01   1.89730E+00   1.37324E+00   5.94396E-01   6.65846E-02
