# Units: Mol/m^3 porous medium
 TITLE = " Years"
VARIABLES = "X (meters)", "NaFES     ", "NaII      ", "NaPS      ", "KFES      ", "KII       ", "KPS       ", "CaPS2     ", "CsFES     ", "CsII      ", "CsPS      ", "
 ZONE F=POINT,I=         101
 4.00000E-02               3.46565E-10   8.11969E-05   4.96043E-03   1.25438E-05   1.47293E+00   8.99836E+00   1.26783E-04   3.43562E-02   1.27573E+00   1.95767E+00
 1.60000E-01               3.46642E-10   8.12131E-05   4.96136E-03   1.25443E-05   1.47296E+00   8.99843E+00   1.26830E-04   3.43562E-02   1.27570E+00   1.95760E+00
 3.20000E-01               3.47564E-10   8.14121E-05   4.97296E-03   1.25492E-05   1.47323E+00   8.99905E+00   1.27426E-04   3.43562E-02   1.27544E+00   1.95697E+00
 4.80000E-01               3.53263E-10   8.26658E-05   5.04686E-03   1.25722E-05   1.47448E+00   9.00193E+00   1.31281E-04   3.43562E-02   1.27418E+00   1.95401E+00
 6.40000E-01               3.77532E-10   8.80635E-05   5.36714E-03   1.26471E-05   1.47854E+00   9.01116E+00   1.48307E-04   3.43561E-02   1.27012E+00   1.94443E+00
 8.00000E-01               4.57920E-10   1.05956E-04   6.42964E-03   1.28375E-05   1.48874E+00   9.03398E+00   2.06158E-04   3.43559E-02   1.25991E+00   1.92043E+00
 9.60000E-01               6.80895E-10   1.54889E-04   9.31421E-03   1.32444E-05   1.50998E+00   9.08025E+00   3.68405E-04   3.43555E-02   1.23861E+00   1.87095E+00
 1.12000E+00               1.22847E-09   2.70800E-04   1.60216E-02   1.40137E-05   1.54823E+00   9.15997E+00   7.63742E-04   3.43547E-02   1.20025E+00   1.78373E+00
 1.28000E+00               2.47630E-09   5.17955E-04   2.98622E-02   1.53524E-05   1.60940E+00   9.27886E+00   1.63760E-03   3.43534E-02   1.13883E+00   1.64926E+00
 1.44000E+00               5.22318E-09   1.00756E-03   5.59862E-02   1.75582E-05   1.69753E+00   9.43250E+00   3.46031E-03   3.43512E-02   1.05021E+00   1.46584E+00
 1.60000E+00               1.12503E-08   1.93195E-03   1.02359E-01   2.10536E-05   1.81200E+00   9.60041E+00   7.18394E-03   3.43477E-02   9.34821E-01   1.24412E+00
 1.76000E+00               2.46745E-08   3.63079E-03   1.81921E-01   2.63627E-05   1.94421E+00   9.74149E+00   1.49126E-02   3.43424E-02   8.00909E-01   1.00801E+00
 1.92000E+00               5.50746E-08   6.74100E-03   3.17916E-01   3.38412E-05   2.07596E+00   9.79054E+00   3.18797E-02   3.43349E-02   6.66052E-01   7.89035E-01
 2.08000E+00               1.24343E-07   1.26389E-02   5.58263E-01   4.28540E-05   2.18313E+00   9.64295E+00   7.32518E-02   3.43258E-02   5.52979E-01   6.13534E-01
 2.24000E+00               2.83979E-07   2.50804E-02   1.01475E+00   5.06805E-05   2.24331E+00   9.07638E+00   1.90963E-01   3.43178E-02   4.80360E-01   4.88192E-01
 2.40000E+00               6.76301E-07   5.70746E-02   1.92327E+00   5.27870E-05   2.23270E+00   7.52365E+00   5.62914E-01   3.43153E-02   4.58977E-01   3.88498E-01
 2.56000E+00               1.70719E-06   1.56038E-01   3.36309E+00   4.57452E-05   2.09553E+00   4.51650E+00   1.40625E+00   3.43213E-02   4.97179E-01   2.69166E-01
 2.72000E+00               4.30527E-06   4.47525E-01   4.65717E+00   3.33150E-05   1.73563E+00   1.80618E+00   2.17503E+00   3.43311E-02   5.65595E-01   1.47846E-01
 2.88000E+00               8.23566E-06   9.00574E-01   5.34150E+00   2.28642E-05   1.25307E+00   7.43226E-01   2.39393E+00   3.43377E-02   5.95102E-01   8.86616E-02
 3.04000E+00               1.02188E-05   1.12160E+00   5.65079E+00   1.87203E-05   1.02980E+00   5.18828E-01   2.35802E+00   3.43398E-02   5.97359E-01   7.55975E-02
 3.20000E+00               1.07150E-05   1.17423E+00   5.81958E+00   1.78079E-05   9.78079E-01   4.84743E-01   2.29134E+00   3.43402E-02   5.96438E-01   7.42511E-02
 3.36000E+00               1.08440E-05   1.18678E+00   5.92288E+00   1.76173E-05   9.66322E-01   4.82262E-01   2.24072E+00   3.43403E-02   5.95644E-01   7.46704E-02
 3.52000E+00               1.08929E-05   1.19110E+00   5.98669E+00   1.75635E-05   9.62530E-01   4.83787E-01   2.20782E+00   3.43403E-02   5.95125E-01   7.51361E-02
 3.68000E+00               1.09175E-05   1.19315E+00   6.02515E+00   1.75411E-05   9.60792E-01   4.85178E-01   2.18774E+00   3.43403E-02   5.94808E-01   7.54482E-02
 3.84000E+00               1.09311E-05   1.19427E+00   6.04760E+00   1.75296E-05   9.59862E-01   4.86061E-01   2.17598E+00   3.43403E-02   5.94622E-01   7.56350E-02
 4.00000E+00               1.09387E-05   1.19488E+00   6.06031E+00   1.75233E-05   9.59348E-01   4.86570E-01   2.16931E+00   3.43403E-02   5.94517E-01   7.57414E-02
 4.16000E+00               1.09429E-05   1.19522E+00   6.06729E+00   1.75199E-05   9.59068E-01   4.86851E-01   2.16565E+00   3.43403E-02   5.94459E-01   7.57998E-02
 4.32000E+00               1.09451E-05   1.19540E+00   6.07102E+00   1.75181E-05   9.58919E-01   4.87001E-01   2.16370E+00   3.43403E-02   5.94428E-01   7.58310E-02
 4.48000E+00               1.09462E-05   1.19550E+00   6.07296E+00   1.75171E-05   9.58842E-01   4.87079E-01   2.16268E+00   3.43403E-02   5.94412E-01   7.58473E-02
 4.64000E+00               1.09468E-05   1.19554E+00   6.07394E+00   1.75167E-05   9.58802E-01   4.87118E-01   2.16217E+00   3.43403E-02   5.94404E-01   7.58555E-02
 4.80000E+00               1.09471E-05   1.19557E+00   6.07443E+00   1.75164E-05   9.58783E-01   4.87138E-01   2.16191E+00   3.43403E-02   5.94400E-01   7.58595E-02
 4.96000E+00               1.09472E-05   1.19558E+00   6.07466E+00   1.75163E-05   9.58774E-01   4.87147E-01   2.16179E+00   3.43403E-02   5.94398E-01   7.58615E-02
 5.12000E+00               1.09473E-05   1.19558E+00   6.07477E+00   1.75163E-05   9.58769E-01   4.87152E-01   2.16173E+00   3.43403E-02   5.94397E-01   7.58624E-02
 5.28000E+00               1.09473E-05   1.19559E+00   6.07482E+00   1.75162E-05   9.58767E-01   4.87154E-01   2.16171E+00   3.43403E-02   5.94396E-01   7.58628E-02
 5.44000E+00               1.09474E-05   1.19559E+00   6.07485E+00   1.75162E-05   9.58766E-01   4.87154E-01   2.16169E+00   3.43403E-02   5.94396E-01   7.58630E-02
 5.60000E+00               1.09474E-05   1.19559E+00   6.07486E+00   1.75162E-05   9.58766E-01   4.87155E-01   2.16169E+00   3.43403E-02   5.94396E-01   7.58631E-02
 5.76000E+00               1.09474E-05   1.19559E+00   6.07486E+00   1.75162E-05   9.58766E-01   4.87155E-01   2.16169E+00   3.43403E-02   5.94396E-01   7.58631E-02
 5.92000E+00               1.09474E-05   1.19559E+00   6.07486E+00   1.75162E-05   9.58766E-01   4.87155E-01   2.16168E+00   3.43403E-02   5.94396E-01   7.58631E-02
 6.08000E+00               1.09474E-05   1.19559E+00   6.07486E+00   1.75162E-05   9.58766E-01   4.87155E-01   2.16168E+00   3.43403E-02   5.94396E-01   7.58631E-02
 6.24000E+00               1.09474E-05   1.19559E+00   6.07486E+00   1.75162E-05   9.58766E-01   4.87155E-01   2.16168E+00   3.43403E-02   5.94396E-01   7.58631E-02
 6.40000E+00               1.09474E-05   1.19559E+00   6.07486E+00   1.75162E-05   9.58766E-01   4.87155E-01   2.16168E+00   3.43403E-02   5.94396E-01   7.58632E-02
 6.56000E+00               1.09474E-05   1.19559E+00   6.07486E+00   1.75162E-05   9.58766E-01   4.87155E-01   2.16168E+00   3.43403E-02   5.94396E-01   7.58632E-02
 6.72000E+00               1.09474E-05   1.19559E+00   6.07486E+00   1.75162E-05   9.58766E-01   4.87155E-01   2.16168E+00   3.43403E-02   5.94396E-01   7.58632E-02
 6.88000E+00               1.09474E-05   1.19559E+00   6.07486E+00   1.75162E-05   9.58766E-01   4.87155E-01   2.16168E+00   3.43403E-02   5.94396E-01   7.58632E-02
 7.04000E+00               1.09474E-05   1.19559E+00   6.07486E+00   1.75162E-05   9.58766E-01   4.87155E-01   2.16168E+00   3.43403E-02   5.94396E-01   7.58632E-02
 7.20000E+00               1.09474E-05   1.19559E+00   6.07486E+00   1.75162E-05   9.58766E-01   4.87155E-01   2.16168E+00   3.43403E-02   5.94396E-01   7.58632E-02
 7.36000E+00               1.09474E-05   1.19559E+00   6.07486E+00   1.75162E-05   9.58766E-01   4.87155E-01   2.16168E+00   3.43403E-02   5.94396E-01   7.58632E-02
 7.52000E+00               1.09474E-05   1.19559E+00   6.07486E+00   1.75162E-05   9.58766E-01   4.87155E-01   2.16168E+00   3.43403E-02   5.94396E-01   7.58632E-02
 7.68000E+00               1.09474E-05   1.19559E+00   6.07486E+00   1.75162E-05   9.58766E-01   4.87155E-01   2.16168E+00   3.43403E-02   5.94396E-01   7.58632E-02
 7.84000E+00               1.09474E-05   1.19559E+00   6.07486E+00   1.75162E-05   9.58766E-01   4.87155E-01   2.16168E+00   3.43403E-02   5.94396E-01   7.58632E-02
 8.00000E+00               4.37775E-04   1.19559E+00   5.33187E+00   7.00458E-04   9.58766E-01   4.27573E-01   1.89730E+00   1.37324E+00   5.94396E-01   6.65846E-02
 8.16000E+00               4.37775E-04   1.19559E+00   5.33187E+00   7.00458E-04   9.58766E-01   4.27573E-01   1.89730E+00   1.37324E+00   5.94396E-01   6.65846E-02
 8.32000E+00               4.37775E-04   1.19559E+00   5.33187E+00   7.00458E-04   9.58766E-01   4.27573E-01   1.89730E+00   1.37324E+00   5.94396E-01   6.65846E-02
 8.48000E+00               4.37775E-04   1.19559E+00   5.33187E+00   7.00458E-04   9.58766E-01   4.27573E-01   1.89730E+00   1.37324E+00   5.94396E-01   6.65846E-02
 8.64000E+00               4.37775E-04   1.19559E+00   5.33187E+00   7.00458E-04   9.58766E-01   4.27573E-01   1.89730E+00   1.37324E+00   5.94396E-01   6.65846E-02
 8.80000E+00               4.37775E-04   1.19559E+00   5.33187E+00   7.00458E-04   9.58766E-01   4.27573E-01   1.89730E+00   1.37324E+00   5.94396E-01   6.65846E-02
 8.96000E+00               4.37775E-04   1.19559E+00   5.33187E+00   7.00458E-04   9.58766E-01   4.27573E-01   1.89730E+00   1.37324E+00   5.94396E-01   6.65846E-02
 9.12000E+00               4.37775E-04   1.19559E+00   5.33187E+00   7.00458E-04   9.58766E-01   4.27573E-01   1.89730E+00   1.37324E+00   5.94396E-01   6.65846E-02
 9.28000E+00               4.37775E-04   1.19559E+00   5.33187E+00   7.00458E-04   9.58766E-01   4.27573E-01   1.89730E+00   1.37324E+00   5.94396E-01   6.65846E-02
 9.44000E+00               4.37775E-04   1.19559E+00   5.33187E+00   7.00458E-04   9.58766E-01   4.27573E-01   1.89730E+00   1.37324E+00   5.94396E-01   6.65846E-02
 9.60000E+00               4.37775E-04   1.19559E+00   5.33187E+00   7.00458E-04   9.58766E-01   4.27573E-01   1.89730E+00   1.37324E+00   5.94396E-01   6.65846E-02
 9.76000E+00               4.37775E-04   1.19559E+00   5.33187E+00   7.00458E-04   9.58766E-01   4.27573E-01   1.89730E+00   1.37324E+00   5.94396E-01   6.65846E-02
 9.92000E+00               4.37775E-04   1.19559E+00   5.33187E+00   7.00458E-04   9.58766E-01   4.27573E-01   1.89730E+00   1.37324E+00   5.94396E-01   6.65846E-02
 1.00800E+01               4.37775E-04   1.19559E+00   5.33187E+00   7.00458E-04   9.58766E-01   4.27573E-01   1.89730E+00   1.37324E+00   5.94396E-01   6.65846E-02
 1.02400E+01               4.37775E-04   1.19559E+00   5.33187E+00   7.00458E-04   9.58766E-01   4.27573E-01   1.89730E+00   1.37324E+00   5.94396E-01   6.65846E-02
 1.04000E+01               4.37775E-04   1.19559E+00   5.33187E+00   7.00458E-04   9.58766E-01   4.27573E-01   1.89730E+00   1.37324E+00   5.94396E-01   6.65846E-02
 1.05600E+01               4.37775E-04   1.19559E+00   5.33187E+00   7.00458E-04   9.58766E-01   4.27573E-01   1.89730E+00   1.37324E+00   5.94396E-01   6.65846E-02
 1.07200E+01               4.37775E-04   1.19559E+00   5.33187E+00   7.00458E-04   9.58766E-01   4.27573E-01   1.89730E+00   1.37324E+00   5.94396E-01   6.65846E-02
 1.08800E+01               4.37775E-04   1.19559E+00   5.33187E+00   7.00458E-04   9.58766E-01   4.27573E-01   1.89730E+00   1.37324E+00   5.94396E-01   6.65846E-02
 1.10400E+01               4.37775E-04   1.19559E+00   5.33187E+00   7.00458E-04   9.58766E-01   4.27573E-01   1.89730E+00   1.37324E+00   5.94396E-01   6.65846E-02
 1.12000E+01               4.37775E-04   1.19559E+00   5.33187E+00   7.00458E-04   9.58766E-01   4.27573E-01   1.89730E+00   1.37324E+00   5.94396E-01   6.65846E-02
 1.13600E+01               4.37775E-04   1.19559E+00   5.33187E+00   7.00458E-04   9.58766E-01   4.27573E-01   1.89730E+00   1.37324E+00   5.94396E-01   6.65846E-02
 1.15200E+01               4.37775E-04   1.19559E+00   5.33187E+00   7.00458E-04   9.58766E-01   4.27573E-01   1.89730E+00   1.37324E+00   5.94396E-01   6.65846E-02
 1.16800E+01               4.37775E-04   1.19559E+00   5.33187E+00   7.00458E-04   9.58766E-01   4.27573E-01   1.89730E+00   1.37324E+00   5.94396E-01   6.65846E-02
 1.18400E+01               4.37775E-04   1.19559E+00   5.33187E+00   7.00458E-04   9.58766E-01   4.27573E-01   1.89730E+00   1.37324E+00   5.94396E-01   6.65846E-02
 1.20000E+01               4.37775E-04   1.19559E+00   5.33187E+00   7.00458E-04   9.58766E-01   4.27573E-01   1.89730E+00   1.37324E+00   5.94396E-01   6.65846E-02
 1.21600E+01               4.37775E-04   1.19559E+00   5.33187E+00   7.00458E-04   9.58766E-01   4.27573E-01   1.89730E+00   1.37324E+00   5.94396E-01   6.65846E-02
 1.23200E+01               4.37775E-04   1.19559E+00   5.33187E+00   7.00458E-04   9.58766E-01   4.27573E-01   1.89730E+00   1.37324E+00   5.94396E-01   6.65846E-02
 1.24800E+01               4.37775E-04   1.19559E+00   5.33187E+00   7.00458E-04   9.58766E-01   4.27573E-01   1.89730E+00   1.37324E+00   5.94396E-01   6.65846E-02
 1.26400E+01               4.37775E-04   1.19559E+00   5.33187E+00   7.00458E-04   9.58766E-01   4.27573E-01   1.89730E+00   1.37324E+00   5.94396E-01   6.65846E-02
 1.28000E+01               4.37775E-04   1.19559E+00   5.33187E+00   7.00458E-04   9.58766E-01   4.27573E-01   1.89730E+00   1.37324E+00   5.94396E-01   6.65846E-02
 1.29600E+01               4.37775E-04   1.19559E+00   5.33187E+00   7.00458E-04   9.58766E-01   4.27573E-01   1.89730E+00   1.37324E+00   5.94396E-01   6.65846E-02
 1.31200E+01               4.37775E-04   1.19559E+00   5.33187E+00   7.00458E-04   9.58766E-01   4.27573E-01   1.89730E+00   1.37324E+00   5.94396E-01   6.65846E-02
 1.32800E+01               4.37775E-04   1.19559E+00   5.33187E+00   7.00458E-04   9.58766E-01   4.27573E-01   1.89730E+00   1.37324E+00   5.94396E-01   6.65846E-02
 1.34400E+01               4.37775E-04   1.19559E+00   5.33187E+00   7.00458E-04   9.58766E-01   4.27573E-01   1.89730E+00   1.37324E+00   5.94396E-01   6.65846E-02
 1.36000E+01               4.37775E-04   1.19559E+00   5.33187E+00   7.00458E-04   9.58766E-01   4.27573E-01   1.89730E+00   1.37324E+00   5.94396E-01   6.65846E-02
 1.37600E+01               4.37775E-04   1.19559E+00   5.33187E+00   7.00458E-04   9.58766E-01   4.27573E-01   1.89730E+00   1.37324E+00   5.94396E-01   6.65846E-02
 1.39200E+01               4.37775E-04   1.19559E+00   5.33187E+00   7.00458E-04   9.58766E-01   4.27573E-01   1.89730E+00   1.37324E+00   5.94396E-01   6.65846E-02
 1.40800E+01               4.37775E-04   1.19559E+00   5.33187E+00   7.00458E-04   9.58766E-01   4.27573E-01   1.89730E+00   1.37324E+00   5.94396E-01   6.65846E-02
 1.42400E+01               4.37775E-04   1.19559E+00   5.33187E+00   7.00458E-04   9.58766E-01   4.27573E-01   1.89730E+00   1.37324E+00   5.94396E-01   6.65846E-02
 1.44000E+01               4.37775E-04   1.19559E+00   5.33187E+00   7.00458E-04   9.58766E-01   4.27573E-01   1.89730E+00   1.37324E+00   5.94396E-01   6.65846E-02
 1.45600E+01               4.37775E-04   1.19559E+00   5.33187E+00   7.00458E-04   9.58766E-01   4.27573E-01   1.89730E+00   1.37324E+00   5.94396E-01   6.65846E-02
 1.47200E+01               4.37775E-04   1.19559E+00   5.33187E+00   7.00458E-04   9.58766E-01   4.27573E-01   1.89730E+00   1.37324E+00   5.94396E-01   6.65846E-02
 1.48800E+01               4.37775E-04   1.19559E+00   5.33187E+00   7.00458E-04   9.58766E-01   4.27573E-01   1.89730E+00   1.37324E+00   5.94396E-01   6.65846E-02
 1.50400E+01               4.37775E-04   1.19559E+00   5.33187E+00   7.00458E-04   9.58766E-01   4.27573E-01   1.89730E+00   1.37324E+00   5.94396E-01   6.65846E-02
 1.52000E+01               4.37775E-04   1.19559E+00   5.33187E+00   7.00458E-04   9.58766E-01   4.27573E-01   1.89730E+00   1.37324E+00   5.94396E-01   6.65846E-02
 1.53600E+01               4.37775E-04   1.19559E+00   5.33187E+00   7.00458E-04   9.58766E-01   4.27573E-01   1.89730E+00   1.37324E+00   5.94396E-01   6.65846E-02
 1.55200E+01               4.37775E-04   1.19559E+00   5.33187E+00   7.00458E-04   9.58766E-01   4.27573E-01   1.89730E+00   1.37324E+00   5.94396E-01   6.65846E-02
 1.56800E+01               4.37775E-04   1.19559E+00   5.33187E+00   7.00458E-04   9.58766E-01   4.27573E-01   1.89730E+00   1.37324E+00   5.94396E-01   6.65846E-02
 1.58400E+01               4.37775E-04   1.19559E+00   5.33187E+00   7.00458E-04   9.58766E-01   4.27573E-01   1.89730E+00   1.37324E+00   5.94396E-01   6.65846E-02
 1.59600E+01               4.37775E-04   1.19559E+00   5.33187E+00   7.00458E-04   9.58766E-01   4.27573E-01   1.89730E+00   1.37324E+00   5.94396E-01   6.65846E-02
