# Units: Mol/m^3 porous medium
 TITLE = " Years"
VARIABLES = "X (meters)", "NaFES     ", "NaII      ", "NaPS      ", "KFES      ", "KII       ", "KPS       ", "CaPS2     ", "CsFES     ", "CsII      ", "CsPS      ", "
 ZONE F=POINT,I=         101
 4.00000E-02               3.46565E-10   8.11969E-05   4.96043E-03   1.25438E-05   1.47293E+00   8.99836E+00   1.26783E-04   3.43562E-02   1.27573E+00   1.95767E+00
 1.60000E-01               3.46565E-10   8.11969E-05   4.96043E-03   1.25438E-05   1.47293E+00   8.99836E+00   1.26783E-04   3.43562E-02   1.27573E+00   1.95767E+00
 3.20000E-01               3.46565E-10   8.11969E-05   4.96043E-03   1.25438E-05   1.47293E+00   8.99836E+00   1.26783E-04   3.43562E-02   1.27573E+00   1.95767E+00
 4.80000E-01               3.46565E-10   8.11969E-05   4.96043E-03   1.25438E-05   1.47293E+00   8.99836E+00   1.26783E-04   3.43562E-02   1.27573E+00   1.95767E+00
 6.40000E-01               3.46565E-10   8.11969E-05   4.96043E-03   1.25438E-05   1.47293E+00   8.99836E+00   1.26783E-04   3.43562E-02   1.27573E+00   1.95767E+00
 8.00000E-01               3.46565E-10   8.11969E-05   4.96043E-03   1.25438E-05   1.47293E+00   8.99836E+00   1.26783E-04   3.43562E-02   1.27573E+00   1.95767E+00
 9.60000E-01               3.46565E-10   8.11969E-05   4.96043E-03   1.25438E-05   1.47293E+00   8.99836E+00   1.26783E-04   3.43562E-02   1.27573E+00   1.95767E+00
 1.12000E+00               3.46565E-10   8.11969E-05   4.96043E-03   1.25438E-05   1.47293E+00   8.99836E+00   1.26783E-04   3.43562E-02   1.27573E+00   1.95767E+00
 1.28000E+00               3.46565E-10   8.11969E-05   4.96043E-03   1.25438E-05   1.47293E+00   8.99836E+00   1.26783E-04   3.43562E-02   1.27573E+00   1.95767E+00
 1.44000E+00               3.46565E-10   8.11969E-05   4.96043E-03   1.25438E-05   1.47293E+00   8.99836E+00   1.26783E-04   3.43562E-02   1.27573E+00   1.95767E+00
 1.60000E+00               3.46565E-10   8.11969E-05   4.96043E-03   1.25438E-05   1.47293E+00   8.99836E+00   1.26783E-04   3.43562E-02   1.27573E+00   1.95767E+00
 1.76000E+00               3.46565E-10   8.11969E-05   4.96043E-03   1.25438E-05   1.47293E+00   8.99836E+00   1.26783E-04   3.43562E-02   1.27573E+00   1.95767E+00
 1.92000E+00               3.46565E-10   8.11969E-05   4.96043E-03   1.25438E-05   1.47293E+00   8.99836E+00   1.26783E-04   3.43562E-02   1.27573E+00   1.95767E+00
 2.08000E+00               3.46565E-10   8.11969E-05   4.96043E-03   1.25438E-05   1.47293E+00   8.99836E+00   1.26783E-04   3.43562E-02   1.27573E+00   1.95767E+00
 2.24000E+00               3.46565E-10   8.11969E-05   4.96043E-03   1.25438E-05   1.47293E+00   8.99836E+00   1.26783E-04   3.43562E-02   1.27573E+00   1.95767E+00
 2.40000E+00               3.46565E-10   8.11969E-05   4.96043E-03   1.25438E-05   1.47293E+00   8.99836E+00   1.26783E-04   3.43562E-02   1.27573E+00   1.95767E+00
 2.56000E+00               3.46565E-10   8.11969E-05   4.96043E-03   1.25438E-05   1.47293E+00   8.99836E+00   1.26783E-04   3.43562E-02   1.27573E+00   1.95767E+00
 2.72000E+00               3.46565E-10   8.11969E-05   4.96043E-03   1.25438E-05   1.47293E+00   8.99836E+00   1.26783E-04   3.43562E-02   1.27573E+00   1.95767E+00
 2.88000E+00               3.46565E-10   8.11969E-05   4.96043E-03   1.25438E-05   1.47293E+00   8.99836E+00   1.26783E-04   3.43562E-02   1.27573E+00   1.95767E+00
 3.04000E+00               3.46565E-10   8.11969E-05   4.96043E-03   1.25438E-05   1.47293E+00   8.99836E+00   1.26783E-04   3.43562E-02   1.27573E+00   1.95767E+00
 3.20000E+00               3.46565E-10   8.11969E-05   4.96043E-03   1.25438E-05   1.47293E+00   8.99836E+00   1.26783E-04   3.43562E-02   1.27573E+00   1.95767E+00
 3.36000E+00               3.46565E-10   8.11969E-05   4.96043E-03   1.25438E-05   1.47293E+00   8.99836E+00   1.26783E-04   3.43562E-02   1.27573E+00   1.95767E+00
 3.52000E+00               3.46565E-10   8.11969E-05   4.96043E-03   1.25438E-05   1.47293E+00   8.99836E+00   1.26783E-04   3.43562E-02   1.27573E+00   1.95767E+00
 3.68000E+00               3.46565E-10   8.11969E-05   4.96043E-03   1.25438E-05   1.47293E+00   8.99836E+00   1.26783E-04   3.43562E-02   1.27573E+00   1.95767E+00
 3.84000E+00               3.46565E-10   8.11969E-05   4.96043E-03   1.25438E-05   1.47293E+00   8.99836E+00   1.26783E-04   3.43562E-02   1.27573E+00   1.95767E+00
 4.00000E+00               3.46565E-10   8.11969E-05   4.96043E-03   1.25438E-05   1.47293E+00   8.99836E+00   1.26783E-04   3.43562E-02   1.27573E+00   1.95767E+00
 4.16000E+00               3.46565E-10   8.11969E-05   4.96043E-03   1.25438E-05   1.47293E+00   8.99836E+00   1.26783E-04   3.43562E-02   1.27573E+00   1.95767E+00
 4.32000E+00               3.46565E-10   8.11969E-05   4.96043E-03   1.25438E-05   1.47293E+00   8.99836E+00   1.26783E-04   3.43562E-02   1.27573E+00   1.95767E+00
 4.48000E+00               3.46565E-10   8.11969E-05   4.96043E-03   1.25438E-05   1.47293E+00   8.99836E+00   1.26783E-04   3.43562E-02   1.27573E+00   1.95767E+00
 4.64000E+00               3.46565E-10   8.11969E-05   4.96043E-03   1.25438E-05   1.47293E+00   8.99836E+00   1.26783E-04   3.43562E-02   1.27573E+00   1.95767E+00
 4.80000E+00               3.46565E-10   8.11969E-05   4.96043E-03   1.25438E-05   1.47293E+00   8.99836E+00   1.26783E-04   3.43562E-02   1.27573E+00   1.95767E+00
 4.96000E+00               3.46565E-10   8.11969E-05   4.96043E-03   1.25438E-05   1.47293E+00   8.99836E+00   1.26783E-04   3.43562E-02   1.27573E+00   1.95767E+00
 5.12000E+00               3.46565E-10   8.11969E-05   4.96043E-03   1.25438E-05   1.47293E+00   8.99836E+00   1.26783E-04   3.43562E-02   1.27573E+00   1.95767E+00
 5.28000E+00               3.46565E-10   8.11969E-05   4.96043E-03   1.25438E-05   1.47293E+00   8.99836E+00   1.26783E-04   3.43562E-02   1.27573E+00   1.95767E+00
 5.44000E+00               3.46565E-10   8.11969E-05   4.96043E-03   1.25438E-05   1.47293E+00   8.99836E+00   1.26783E-04   3.43562E-02   1.27573E+00   1.95767E+00
 5.60000E+00               3.46565E-10   8.11969E-05   4.96043E-03   1.25438E-05   1.47293E+00   8.99836E+00   1.26783E-04   3.43562E-02   1.27573E+00   1.95767E+00
 5.76000E+00               3.46565E-10   8.11969E-05   4.96043E-03   1.25438E-05   1.47293E+00   8.99836E+00   1.26783E-04   3.43562E-02   1.27573E+00   1.95767E+00
 5.92000E+00               3.46565E-10   8.11969E-05   4.96043E-03   1.25438E-05   1.47293E+00   8.99836E+00   1.26783E-04   3.43562E-02   1.27573E+00   1.95767E+00
 6.08000E+00               3.46565E-10   8.11969E-05   4.96043E-03   1.25438E-05   1.47293E+00   8.99836E+00   1.26783E-04   3.43562E-02   1.27573E+00   1.95767E+00
 6.24000E+00               3.46565E-10   8.11969E-05   4.96043E-03   1.25438E-05   1.47293E+00   8.99836E+00   1.26783E-04   3.43562E-02   1.27573E+00   1.95767E+00
 6.40000E+00               3.46565E-10   8.11969E-05   4.96043E-03   1.25438E-05   1.47293E+00   8.99836E+00   1.26783E-04   3.43562E-02   1.27573E+00   1.95767E+00
 6.56000E+00               3.46565E-10   8.11969E-05   4.96043E-03   1.25438E-05   1.47293E+00   8.99836E+00   1.26783E-04   3.43562E-02   1.27573E+00   1.95767E+00
 6.72000E+00               3.46565E-10   8.11969E-05   4.96043E-03   1.25438E-05   1.47293E+00   8.99836E+00   1.26783E-04   3.43562E-02   1.27573E+00   1.95767E+00
 6.88000E+00               3.46565E-10   8.11969E-05   4.96043E-03   1.25438E-05   1.47293E+00   8.99836E+00   1.26783E-04   3.43562E-02   1.27573E+00   1.95767E+00
 7.04000E+00               3.46565E-10   8.11969E-05   4.96043E-03   1.25438E-05   1.47293E+00   8.99836E+00   1.26783E-04   3.43562E-02   1.27573E+00   1.95767E+00
 7.20000E+00               3.46565E-10   8.11969E-05   4.96043E-03   1.25438E-05   1.47293E+00   8.99836E+00   1.26783E-04   3.43562E-02   1.27573E+00   1.95767E+00
 7.36000E+00               3.46565E-10   8.11969E-05   4.96043E-03   1.25438E-05   1.47293E+00   8.99836E+00   1.26783E-04   3.43562E-02   1.27573E+00   1.95767E+00
 7.52000E+00               3.46565E-10   8.11969E-05   4.96043E-03   1.25438E-05   1.47293E+00   8.99836E+00   1.26783E-04   3.43562E-02   1.27573E+00   1.95767E+00
 7.68000E+00               3.46565E-10   8.11969E-05   4.96043E-03   1.25438E-05   1.47293E+00   8.99836E+00   1.26783E-04   3.43562E-02   1.27573E+00   1.95767E+00
 7.84000E+00               3.46565E-10   8.11969E-05   4.96043E-03   1.25438E-05   1.47293E+00   8.99836E+00   1.26783E-04   3.43562E-02   1.27573E+00   1.95767E+00
 8.00000E+00               1.38588E-08   8.11969E-05   4.35374E-03   5.01615E-04   1.47293E+00   7.89781E+00   1.11277E-04   1.37387E+00   1.27573E+00   1.71824E+00
 8.16000E+00               1.38588E-08   8.11969E-05   4.35374E-03   5.01615E-04   1.47293E+00   7.89781E+00   1.11277E-04   1.37387E+00   1.27573E+00   1.71824E+00
 8.32000E+00               1.38588E-08   8.11969E-05   4.35374E-03   5.01615E-04   1.47293E+00   7.89781E+00   1.11277E-04   1.37387E+00   1.27573E+00   1.71824E+00
 8.48000E+00               1.38588E-08   8.11969E-05   4.35374E-03   5.01615E-04   1.47293E+00   7.89781E+00   1.11277E-04   1.37387E+00   1.27573E+00   1.71824E+00
 8.64000E+00               1.38588E-08   8.11969E-05   4.35374E-03   5.01615E-04   1.47293E+00   7.89781E+00   1.11277E-04   1.37387E+00   1.27573E+00   1.71824E+00
 8.80000E+00               1.38588E-08   8.11969E-05   4.35374E-03   5.01615E-04   1.47293E+00   7.89781E+00   1.11277E-04   1.37387E+00   1.27573E+00   1.71824E+00
 8.96000E+00               1.38588E-08   8.11969E-05   4.35374E-03   5.01615E-04   1.47293E+00   7.89781E+00   1.11277E-04   1.37387E+00   1.27573E+00   1.71824E+00
 9.12000E+00               1.38588E-08   8.11969E-05   4.35374E-03   5.01615E-04   1.47294E+00   7.89781E+00   1.11277E-04   1.37387E+00   1.27573E+00   1.71824E+00
 9.28000E+00               1.38588E-08   8.11969E-05   4.35374E-03   5.01615E-04   1.47294E+00   7.89781E+00   1.11277E-04   1.37387E+00   1.27573E+00   1.71824E+00
 9.44000E+00               1.38588E-08   8.11969E-05   4.35374E-03   5.01615E-04   1.47294E+00   7.89781E+00   1.11277E-04   1.37387E+00   1.27573E+00   1.71824E+00
 9.60000E+00               1.38588E-08   8.11969E-05   4.35374E-03   5.01615E-04   1.47294E+00   7.89781E+00   1.11277E-04   1.37387E+00   1.27573E+00   1.71824E+00
 9.76000E+00               1.38588E-08   8.11969E-05   4.35374E-03   5.01616E-04   1.47294E+00   7.89781E+00   1.11277E-04   1.37387E+00   1.27573E+00   1.71823E+00
 9.92000E+00               1.38589E-08   8.11970E-05   4.35374E-03   5.01616E-04   1.47294E+00   7.89782E+00   1.11277E-04   1.37387E+00   1.27573E+00   1.71823E+00
 1.00800E+01               1.38589E-08   8.11971E-05   4.35374E-03   5.01618E-04   1.47294E+00   7.89782E+00   1.11277E-04   1.37387E+00   1.27573E+00   1.71823E+00
 1.02400E+01               1.38589E-08   8.11972E-05   4.35374E-03   5.01620E-04   1.47294E+00   7.89783E+00   1.11277E-04   1.37387E+00   1.27573E+00   1.71822E+00
 1.04000E+01               1.38590E-08   8.11974E-05   4.35375E-03   5.01623E-04   1.47295E+00   7.89784E+00   1.11277E-04   1.37387E+00   1.27572E+00   1.71821E+00
 1.05600E+01               1.38592E-08   8.11977E-05   4.35375E-03   5.01629E-04   1.47295E+00   7.89785E+00   1.11277E-04   1.37387E+00   1.27571E+00   1.71820E+00
 1.07200E+01               1.38594E-08   8.11983E-05   4.35376E-03   5.01637E-04   1.47297E+00   7.89787E+00   1.11278E-04   1.37387E+00   1.27570E+00   1.71818E+00
 1.08800E+01               1.38597E-08   8.11991E-05   4.35377E-03   5.01649E-04   1.47298E+00   7.89791E+00   1.11278E-04   1.37387E+00   1.27569E+00   1.71814E+00
 1.10400E+01               1.38602E-08   8.12003E-05   4.35379E-03   5.01668E-04   1.47301E+00   7.89796E+00   1.11279E-04   1.37387E+00   1.27566E+00   1.71809E+00
 1.12000E+01               1.38609E-08   8.12021E-05   4.35381E-03   5.01697E-04   1.47305E+00   7.89804E+00   1.11281E-04   1.37387E+00   1.27562E+00   1.71801E+00
 1.13600E+01               1.38620E-08   8.12047E-05   4.35385E-03   5.01739E-04   1.47310E+00   7.89816E+00   1.11282E-04   1.37387E+00   1.27556E+00   1.71789E+00
 1.15200E+01               1.38636E-08   8.12086E-05   4.35391E-03   5.01801E-04   1.47319E+00   7.89834E+00   1.11285E-04   1.37387E+00   1.27548E+00   1.71771E+00
 1.16800E+01               1.38658E-08   8.12142E-05   4.35399E-03   5.01890E-04   1.47331E+00   7.89859E+00   1.11289E-04   1.37387E+00   1.27536E+00   1.71746E+00
 1.18400E+01               1.38691E-08   8.12222E-05   4.35410E-03   5.02017E-04   1.47348E+00   7.89894E+00   1.11295E-04   1.37387E+00   1.27519E+00   1.71711E+00
 1.20000E+01               1.38737E-08   8.12335E-05   4.35426E-03   5.02196E-04   1.47373E+00   7.89945E+00   1.11303E-04   1.37387E+00   1.27494E+00   1.71660E+00
 1.21600E+01               1.38801E-08   8.12492E-05   4.35449E-03   5.02446E-04   1.47407E+00   7.90015E+00   1.11314E-04   1.37387E+00   1.27460E+00   1.71590E+00
 1.23200E+01               1.38889E-08   8.12709E-05   4.35480E-03   5.02791E-04   1.47454E+00   7.90111E+00   1.11330E-04   1.37387E+00   1.27413E+00   1.71493E+00
 1.24800E+01               1.39009E-08   8.13005E-05   4.35522E-03   5.03263E-04   1.47518E+00   7.90244E+00   1.11351E-04   1.37387E+00   1.27349E+00   1.71361E+00
 1.26400E+01               1.39172E-08   8.13406E-05   4.35579E-03   5.03900E-04   1.47604E+00   7.90422E+00   1.11380E-04   1.37387E+00   1.27263E+00   1.71183E+00
 1.28000E+01               1.39390E-08   8.13940E-05   4.35655E-03   5.04754E-04   1.47720E+00   7.90660E+00   1.11418E-04   1.37387E+00   1.27147E+00   1.70945E+00
 1.29600E+01               1.39680E-08   8.14648E-05   4.35756E-03   5.05886E-04   1.47873E+00   7.90974E+00   1.11469E-04   1.37387E+00   1.26994E+00   1.70630E+00
 1.31200E+01               1.40060E-08   8.15576E-05   4.35888E-03   5.07373E-04   1.48074E+00   7.91386E+00   1.11535E-04   1.37387E+00   1.26793E+00   1.70218E+00
 1.32800E+01               1.40555E-08   8.16778E-05   4.36058E-03   5.09309E-04   1.48334E+00   7.91919E+00   1.11621E-04   1.37387E+00   1.26533E+00   1.69685E+00
 1.34400E+01               1.41193E-08   8.18324E-05   4.36277E-03   5.11808E-04   1.48668E+00   7.92602E+00   1.11731E-04   1.37386E+00   1.26199E+00   1.69002E+00
 1.36000E+01               1.42011E-08   8.20291E-05   4.36554E-03   5.15008E-04   1.49094E+00   7.93469E+00   1.11871E-04   1.37386E+00   1.25773E+00   1.68135E+00
 1.37600E+01               1.43050E-08   8.22770E-05   4.36902E-03   5.19072E-04   1.49630E+00   7.94556E+00   1.12047E-04   1.37386E+00   1.25237E+00   1.67047E+00
 1.39200E+01               1.44359E-08   8.25866E-05   4.37335E-03   5.24196E-04   1.50300E+00   7.95908E+00   1.12265E-04   1.37385E+00   1.24567E+00   1.65695E+00
 1.40800E+01               1.45999E-08   8.29695E-05   4.37867E-03   5.30611E-04   1.51128E+00   7.97570E+00   1.12534E-04   1.37384E+00   1.23739E+00   1.64033E+00
 1.42400E+01               1.48038E-08   8.34388E-05   4.38515E-03   5.38588E-04   1.52143E+00   7.99590E+00   1.12862E-04   1.37384E+00   1.22724E+00   1.62011E+00
 1.44000E+01               1.50559E-08   8.40083E-05   4.39293E-03   5.48448E-04   1.53374E+00   8.02020E+00   1.13257E-04   1.37383E+00   1.21492E+00   1.59581E+00
 1.45600E+01               1.53656E-08   8.46928E-05   4.40220E-03   5.60563E-04   1.54854E+00   8.04907E+00   1.13728E-04   1.37381E+00   1.20012E+00   1.56693E+00
 1.47200E+01               1.57440E-08   8.55071E-05   4.41308E-03   5.75367E-04   1.56614E+00   8.08296E+00   1.14282E-04   1.37380E+00   1.18252E+00   1.53302E+00
 1.48800E+01               1.62042E-08   8.64657E-05   4.42570E-03   5.93362E-04   1.58685E+00   8.12223E+00   1.14927E-04   1.37378E+00   1.16181E+00   1.49373E+00
 1.50400E+01               1.67607E-08   8.75815E-05   4.44016E-03   6.15122E-04   1.61095E+00   8.16712E+00   1.15668E-04   1.37376E+00   1.13771E+00   1.44883E+00
 1.52000E+01               1.74304E-08   8.88651E-05   4.45649E-03   6.41301E-04   1.63865E+00   8.21767E+00   1.16508E-04   1.37373E+00   1.11001E+00   1.39826E+00
 1.53600E+01               1.82321E-08   9.03229E-05   4.47468E-03   6.72630E-04   1.67008E+00   8.27372E+00   1.17448E-04   1.37370E+00   1.07858E+00   1.34220E+00
 1.55200E+01               1.91866E-08   9.19560E-05   4.49462E-03   7.09908E-04   1.70523E+00   8.33482E+00   1.18484E-04   1.37367E+00   1.04343E+00   1.28108E+00
 1.56800E+01               2.03161E-08   9.37588E-05   4.51617E-03   7.53983E-04   1.74395E+00   8.40025E+00   1.19612E-04   1.37362E+00   1.00471E+00   1.21562E+00
 1.58400E+01               2.16431E-08   9.57177E-05   4.53912E-03   8.05711E-04   1.78588E+00   8.46900E+00   1.20822E-04   1.37357E+00   9.62772E-01   1.14684E+00
 1.59600E+01               2.23854E-08   9.67452E-05   4.55095E-03   8.34631E-04   1.80783E+00   8.50416E+00   1.21449E-04   1.37354E+00   9.40818E-01   1.11168E+00
