# Units: Mol/m^3 porous medium
 TITLE = " Years"
VARIABLES = "X (meters)", "NaFES     ", "NaII      ", "NaPS      ", "KFES      ", "KII       ", "KPS       ", "CaPS2     ", "CsFES     ", "CsII      ", "CsPS      ", "
 ZONE F=POINT,I=         101
 4.00000E-02               1.09474E-05   1.19559E+00   6.07486E+00   1.75162E-05   9.58766E-01   4.87155E-01   2.16168E+00   3.43403E-02   5.94396E-01   7.58632E-02
 1.60000E-01               1.09474E-05   1.19559E+00   6.07486E+00   1.75162E-05   9.58766E-01   4.87155E-01   2.16168E+00   3.43403E-02   5.94396E-01   7.58632E-02
 3.20000E-01               1.09474E-05   1.19559E+00   6.07486E+00   1.75162E-05   9.58766E-01   4.87155E-01   2.16168E+00   3.43403E-02   5.94396E-01   7.58632E-02
 4.80000E-01               1.09474E-05   1.19559E+00   6.07486E+00   1.75162E-05   9.58766E-01   4.87155E-01   2.16168E+00   3.43403E-02   5.94396E-01   7.58632E-02
 6.40000E-01               1.09474E-05   1.19559E+00   6.07486E+00   1.75162E-05   9.58766E-01   4.87155E-01   2.16168E+00   3.43403E-02   5.94396E-01   7.58632E-02
 8.00000E-01               1.09474E-05   1.19559E+00   6.07486E+00   1.75162E-05   9.58766E-01   4.87155E-01   2.16168E+00   3.43403E-02   5.94396E-01   7.58632E-02
 9.60000E-01               1.09474E-05   1.19559E+00   6.07486E+00   1.75162E-05   9.58766E-01   4.87155E-01   2.16168E+00   3.43403E-02   5.94396E-01   7.58632E-02
 1.12000E+00               1.09474E-05   1.19559E+00   6.07486E+00   1.75162E-05   9.58766E-01   4.87155E-01   2.16168E+00   3.43403E-02   5.94396E-01   7.58632E-02
 1.28000E+00               1.09474E-05   1.19559E+00   6.07486E+00   1.75162E-05   9.58766E-01   4.87155E-01   2.16168E+00   3.43403E-02   5.94396E-01   7.58632E-02
 1.44000E+00               1.09474E-05   1.19559E+00   6.07486E+00   1.75162E-05   9.58766E-01   4.87155E-01   2.16168E+00   3.43403E-02   5.94396E-01   7.58632E-02
 1.60000E+00               1.09474E-05   1.19559E+00   6.07486E+00   1.75162E-05   9.58766E-01   4.87155E-01   2.16168E+00   3.43403E-02   5.94396E-01   7.58632E-02
 1.76000E+00               1.09474E-05   1.19559E+00   6.07486E+00   1.75162E-05   9.58766E-01   4.87155E-01   2.16168E+00   3.43403E-02   5.94396E-01   7.58632E-02
 1.92000E+00               1.09474E-05   1.19559E+00   6.07486E+00   1.75162E-05   9.58766E-01   4.87155E-01   2.16168E+00   3.43403E-02   5.94396E-01   7.58632E-02
 2.08000E+00               1.09474E-05   1.19559E+00   6.07486E+00   1.75162E-05   9.58766E-01   4.87155E-01   2.16168E+00   3.43403E-02   5.94396E-01   7.58632E-02
 2.24000E+00               1.09474E-05   1.19559E+00   6.07486E+00   1.75162E-05   9.58766E-01   4.87155E-01   2.16168E+00   3.43403E-02   5.94396E-01   7.58632E-02
 2.40000E+00               1.09474E-05   1.19559E+00   6.07486E+00   1.75162E-05   9.58766E-01   4.87155E-01   2.16168E+00   3.43403E-02   5.94396E-01   7.58632E-02
 2.56000E+00               1.09474E-05   1.19559E+00   6.07486E+00   1.75162E-05   9.58766E-01   4.87155E-01   2.16168E+00   3.43403E-02   5.94396E-01   7.58632E-02
 2.72000E+00               1.09474E-05   1.19559E+00   6.07486E+00   1.75162E-05   9.58766E-01   4.87155E-01   2.16168E+00   3.43403E-02   5.94396E-01   7.58632E-02
 2.88000E+00               1.09474E-05   1.19559E+00   6.07486E+00   1.75162E-05   9.58766E-01   4.87155E-01   2.16168E+00   3.43403E-02   5.94396E-01   7.58632E-02
 3.04000E+00               1.09474E-05   1.19559E+00   6.07486E+00   1.75162E-05   9.58766E-01   4.87155E-01   2.16168E+00   3.43403E-02   5.94396E-01   7.58632E-02
 3.20000E+00               1.09474E-05   1.19559E+00   6.07486E+00   1.75162E-05   9.58766E-01   4.87155E-01   2.16168E+00   3.43403E-02   5.94396E-01   7.58632E-02
 3.36000E+00               1.09474E-05   1.19559E+00   6.07486E+00   1.75162E-05   9.58766E-01   4.87155E-01   2.16168E+00   3.43403E-02   5.94396E-01   7.58632E-02
 3.52000E+00               1.09474E-05   1.19559E+00   6.07486E+00   1.75162E-05   9.58766E-01   4.87155E-01   2.16168E+00   3.43403E-02   5.94396E-01   7.58632E-02
 3.68000E+00               1.09474E-05   1.19559E+00   6.07486E+00   1.75162E-05   9.58766E-01   4.87155E-01   2.16168E+00   3.43403E-02   5.94396E-01   7.58632E-02
 3.84000E+00               1.09474E-05   1.19559E+00   6.07486E+00   1.75162E-05   9.58766E-01   4.87155E-01   2.16168E+00   3.43403E-02   5.94396E-01   7.58632E-02
 4.00000E+00               1.09474E-05   1.19559E+00   6.07486E+00   1.75162E-05   9.58766E-01   4.87155E-01   2.16168E+00   3.43403E-02   5.94396E-01   7.58632E-02
 4.16000E+00               1.09474E-05   1.19559E+00   6.07486E+00   1.75162E-05   9.58766E-01   4.87155E-01   2.16168E+00   3.43403E-02   5.94396E-01   7.58632E-02
 4.32000E+00               1.09474E-05   1.19559E+00   6.07486E+00   1.75162E-05   9.58766E-01   4.87155E-01   2.16168E+00   3.43403E-02   5.94396E-01   7.58632E-02
 4.48000E+00               1.09474E-05   1.19559E+00   6.07486E+00   1.75162E-05   9.58766E-01   4.87155E-01   2.16168E+00   3.43403E-02   5.94396E-01   7.58632E-02
 4.64000E+00               1.09474E-05   1.19559E+00   6.07486E+00   1.75162E-05   9.58766E-01   4.87155E-01   2.16168E+00   3.43403E-02   5.94396E-01   7.58632E-02
 4.80000E+00               1.09474E-05   1.19559E+00   6.07486E+00   1.75162E-05   9.58766E-01   4.87155E-01   2.16168E+00   3.43403E-02   5.94396E-01   7.58632E-02
 4.96000E+00               1.09474E-05   1.19559E+00   6.07486E+00   1.75162E-05   9.58766E-01   4.87155E-01   2.16168E+00   3.43403E-02   5.94396E-01   7.58632E-02
 5.12000E+00               1.09474E-05   1.19559E+00   6.07486E+00   1.75162E-05   9.58766E-01   4.87155E-01   2.16168E+00   3.43403E-02   5.94396E-01   7.58632E-02
 5.28000E+00               1.09474E-05   1.19559E+00   6.07486E+00   1.75162E-05   9.58766E-01   4.87155E-01   2.16168E+00   3.43403E-02   5.94396E-01   7.58632E-02
 5.44000E+00               1.09474E-05   1.19559E+00   6.07486E+00   1.75162E-05   9.58766E-01   4.87155E-01   2.16168E+00   3.43403E-02   5.94396E-01   7.58632E-02
 5.60000E+00               1.09474E-05   1.19559E+00   6.07486E+00   1.75162E-05   9.58766E-01   4.87155E-01   2.16168E+00   3.43403E-02   5.94396E-01   7.58632E-02
 5.76000E+00               1.09474E-05   1.19559E+00   6.07486E+00   1.75162E-05   9.58766E-01   4.87155E-01   2.16168E+00   3.43403E-02   5.94396E-01   7.58632E-02
 5.92000E+00               1.09474E-05   1.19559E+00   6.07486E+00   1.75162E-05   9.58766E-01   4.87155E-01   2.16168E+00   3.43403E-02   5.94396E-01   7.58632E-02
 6.08000E+00               1.09474E-05   1.19559E+00   6.07486E+00   1.75162E-05   9.58766E-01   4.87155E-01   2.16168E+00   3.43403E-02   5.94396E-01   7.58632E-02
 6.24000E+00               1.09474E-05   1.19559E+00   6.07486E+00   1.75162E-05   9.58766E-01   4.87155E-01   2.16168E+00   3.43403E-02   5.94396E-01   7.58632E-02
 6.40000E+00               1.09474E-05   1.19559E+00   6.07486E+00   1.75162E-05   9.58766E-01   4.87155E-01   2.16168E+00   3.43403E-02   5.94396E-01   7.58632E-02
 6.56000E+00               1.09474E-05   1.19559E+00   6.07486E+00   1.75162E-05   9.58766E-01   4.87155E-01   2.16168E+00   3.43403E-02   5.94396E-01   7.58632E-02
 6.72000E+00               1.09474E-05   1.19559E+00   6.07486E+00   1.75162E-05   9.58766E-01   4.87155E-01   2.16168E+00   3.43403E-02   5.94396E-01   7.58632E-02
 6.88000E+00               1.09474E-05   1.19559E+00   6.07486E+00   1.75162E-05   9.58766E-01   4.87155E-01   2.16168E+00   3.43403E-02   5.94396E-01   7.58632E-02
 7.04000E+00               1.09474E-05   1.19559E+00   6.07486E+00   1.75162E-05   9.58766E-01   4.87155E-01   2.16168E+00   3.43403E-02   5.94396E-01   7.58632E-02
 7.20000E+00               1.09474E-05   1.19559E+00   6.07486E+00   1.75162E-05   9.58766E-01   4.87155E-01   2.16168E+00   3.43403E-02   5.94396E-01   7.58632E-02
 7.36000E+00               1.09474E-05   1.19559E+00   6.07486E+00   1.75162E-05   9.58766E-01   4.87155E-01   2.16168E+00   3.43403E-02   5.94396E-01   7.58632E-02
 7.52000E+00               1.09474E-05   1.19559E+00   6.07486E+00   1.75162E-05   9.58766E-01   4.87155E-01   2.16168E+00   3.43403E-02   5.94396E-01   7.58632E-02
 7.68000E+00               1.09474E-05   1.19559E+00   6.07486E+00   1.75162E-05   9.58766E-01   4.87155E-01   2.16168E+00   3.43403E-02   5.94396E-01   7.58632E-02
 7.84000E+00               1.09474E-05   1.19559E+00   6.07486E+00   1.75162E-05   9.58766E-01   4.87155E-01   2.16168E+00   3.43403E-02   5.94396E-01   7.58632E-02
 8.00000E+00               4.37775E-04   1.19559E+00   5.33187E+00   7.00458E-04   9.58766E-01   4.27573E-01   1.89730E+00   1.37324E+00   5.94396E-01   6.65846E-02
 8.16000E+00               4.37775E-04   1.19559E+00   5.33187E+00   7.00458E-04   9.58766E-01   4.27573E-01   1.89730E+00   1.37324E+00   5.94396E-01   6.65846E-02
 8.32000E+00               4.37775E-04   1.19559E+00   5.33187E+00   7.00458E-04   9.58766E-01   4.27573E-01   1.89730E+00   1.37324E+00   5.94396E-01   6.65846E-02
 8.48000E+00               4.37775E-04   1.19559E+00   5.33187E+00   7.00458E-04   9.58766E-01   4.27573E-01   1.89730E+00   1.37324E+00   5.94396E-01   6.65846E-02
 8.64000E+00               4.37775E-04   1.19559E+00   5.33187E+00   7.00458E-04   9.58766E-01   4.27573E-01   1.89730E+00   1.37324E+00   5.94396E-01   6.65846E-02
 8.80000E+00               4.37775E-04   1.19559E+00   5.33187E+00   7.00458E-04   9.58766E-01   4.27573E-01   1.89730E+00   1.37324E+00   5.94396E-01   6.65846E-02
 8.96000E+00               4.37775E-04   1.19559E+00   5.33187E+00   7.00458E-04   9.58766E-01   4.27573E-01   1.89730E+00   1.37324E+00   5.94396E-01   6.65846E-02
 9.12000E+00               4.37775E-04   1.19559E+00   5.33187E+00   7.00458E-04   9.58766E-01   4.27573E-01   1.89730E+00   1.37324E+00   5.94396E-01   6.65846E-02
 9.28000E+00               4.37775E-04   1.19559E+00   5.33187E+00   7.00458E-04   9.58766E-01   4.27573E-01   1.89730E+00   1.37324E+00   5.94396E-01   6.65846E-02
 9.44000E+00               4.37775E-04   1.19559E+00   5.33187E+00   7.00458E-04   9.58766E-01   4.27573E-01   1.89730E+00   1.37324E+00   5.94396E-01   6.65846E-02
 9.60000E+00               4.37775E-04   1.19559E+00   5.33187E+00   7.00458E-04   9.58766E-01   4.27573E-01   1.89730E+00   1.37324E+00   5.94396E-01   6.65846E-02
 9.76000E+00               4.37775E-04   1.19559E+00   5.33187E+00   7.00458E-04   9.58766E-01   4.27573E-01   1.89730E+00   1.37324E+00   5.94396E-01   6.65846E-02
 9.92000E+00               4.37775E-04   1.19559E+00   5.33187E+00   7.00458E-04   9.58766E-01   4.27573E-01   1.89730E+00   1.37324E+00   5.94396E-01   6.65846E-02
 1.00800E+01               4.37775E-04   1.19559E+00   5.33187E+00   7.00458E-04   9.58766E-01   4.27573E-01   1.89730E+00   1.37324E+00   5.94396E-01   6.65846E-02
 1.02400E+01               4.37775E-04   1.19559E+00   5.33187E+00   7.00458E-04   9.58766E-01   4.27573E-01   1.89730E+00   1.37324E+00   5.94396E-01   6.65846E-02
 1.04000E+01               4.37775E-04   1.19559E+00   5.33187E+00   7.00458E-04   9.58766E-01   4.27573E-01   1.89730E+00   1.37324E+00   5.94396E-01   6.65846E-02
 1.05600E+01               4.37775E-04   1.19559E+00   5.33187E+00   7.00458E-04   9.58766E-01   4.27573E-01   1.89730E+00   1.37324E+00   5.94396E-01   6.65846E-02
 1.07200E+01               4.37775E-04   1.19559E+00   5.33187E+00   7.00458E-04   9.58766E-01   4.27573E-01   1.89730E+00   1.37324E+00   5.94396E-01   6.65846E-02
 1.08800E+01               4.37775E-04   1.19559E+00   5.33187E+00   7.00458E-04   9.58766E-01   4.27573E-01   1.89730E+00   1.37324E+00   5.94396E-01   6.65846E-02
 1.10400E+01               4.37775E-04   1.19559E+00   5.33187E+00   7.00458E-04   9.58766E-01   4.27573E-01   1.89730E+00   1.37324E+00   5.94396E-01   6.65846E-02
 1.12000E+01               4.37775E-04   1.19559E+00   5.33187E+00   7.00458E-04   9.58766E-01   4.27573E-01   1.89730E+00   1.37324E+00   5.94396E-01   6.65846E-02
 1.13600E+01               4.37775E-04   1.19559E+00   5.33187E+00   7.00458E-04   9.58766E-01   4.27573E-01   1.89730E+00   1.37324E+00   5.94396E-01   6.65846E-02
 1.15200E+01               4.37775E-04   1.19559E+00   5.33187E+00   7.00458E-04   9.58766E-01   4.27573E-01   1.89730E+00   1.37324E+00   5.94396E-01   6.65846E-02
 1.16800E+01               4.37775E-04   1.19559E+00   5.33187E+00   7.00458E-04   9.58766E-01   4.27573E-01   1.89730E+00   1.37324E+00   5.94396E-01   6.65846E-02
 1.18400E+01               4.37775E-04   1.19559E+00   5.33187E+00   7.00458E-04   9.58766E-01   4.27573E-01   1.89730E+00   1.37324E+00   5.94396E-01   6.65846E-02
 1.20000E+01               4.37775E-04   1.19559E+00   5.33187E+00   7.00458E-04   9.58766E-01   4.27573E-01   1.89730E+00   1.37324E+00   5.94396E-01   6.65846E-02
 1.21600E+01               4.37775E-04   1.19559E+00   5.33187E+00   7.00458E-04   9.58766E-01   4.27573E-01   1.89730E+00   1.37324E+00   5.94396E-01   6.65846E-02
 1.23200E+01               4.37775E-04   1.19559E+00   5.33187E+00   7.00458E-04   9.58766E-01   4.27573E-01   1.89730E+00   1.37324E+00   5.94396E-01   6.65846E-02
 1.24800E+01               4.37775E-04   1.19559E+00   5.33187E+00   7.00458E-04   9.58766E-01   4.27573E-01   1.89730E+00   1.37324E+00   5.94396E-01   6.65846E-02
 1.26400E+01               4.37775E-04   1.19559E+00   5.33187E+00   7.00458E-04   9.58766E-01   4.27573E-01   1.89730E+00   1.37324E+00   5.94396E-01   6.65846E-02
 1.28000E+01               4.37775E-04   1.19559E+00   5.33187E+00   7.00458E-04   9.58766E-01   4.27573E-01   1.89730E+00   1.37324E+00   5.94396E-01   6.65846E-02
 1.29600E+01               4.37775E-04   1.19559E+00   5.33187E+00   7.00458E-04   9.58766E-01   4.27573E-01   1.89730E+00   1.37324E+00   5.94396E-01   6.65846E-02
 1.31200E+01               4.37775E-04   1.19559E+00   5.33187E+00   7.00458E-04   9.58766E-01   4.27573E-01   1.89730E+00   1.37324E+00   5.94396E-01   6.65846E-02
 1.32800E+01               4.37775E-04   1.19559E+00   5.33187E+00   7.00458E-04   9.58766E-01   4.27573E-01   1.89730E+00   1.37324E+00   5.94396E-01   6.65846E-02
 1.34400E+01               4.37775E-04   1.19559E+00   5.33187E+00   7.00458E-04   9.58766E-01   4.27573E-01   1.89730E+00   1.37324E+00   5.94396E-01   6.65846E-02
 1.36000E+01               4.37775E-04   1.19559E+00   5.33187E+00   7.00458E-04   9.58766E-01   4.27573E-01   1.89730E+00   1.37324E+00   5.94396E-01   6.65846E-02
 1.37600E+01               4.37775E-04   1.19559E+00   5.33187E+00   7.00458E-04   9.58766E-01   4.27573E-01   1.89730E+00   1.37324E+00   5.94396E-01   6.65846E-02
 1.39200E+01               4.37775E-04   1.19559E+00   5.33187E+00   7.00458E-04   9.58766E-01   4.27573E-01   1.89730E+00   1.37324E+00   5.94396E-01   6.65846E-02
 1.40800E+01               4.37775E-04   1.19559E+00   5.33187E+00   7.00458E-04   9.58766E-01   4.27573E-01   1.89730E+00   1.37324E+00   5.94396E-01   6.65846E-02
 1.42400E+01               4.37775E-04   1.19559E+00   5.33187E+00   7.00458E-04   9.58766E-01   4.27573E-01   1.89730E+00   1.37324E+00   5.94396E-01   6.65846E-02
 1.44000E+01               4.37775E-04   1.19559E+00   5.33187E+00   7.00458E-04   9.58766E-01   4.27573E-01   1.89730E+00   1.37324E+00   5.94396E-01   6.65846E-02
 1.45600E+01               4.37775E-04   1.19559E+00   5.33187E+00   7.00458E-04   9.58766E-01   4.27573E-01   1.89730E+00   1.37324E+00   5.94396E-01   6.65846E-02
 1.47200E+01               4.37775E-04   1.19559E+00   5.33187E+00   7.00458E-04   9.58766E-01   4.27573E-01   1.89730E+00   1.37324E+00   5.94396E-01   6.65846E-02
 1.48800E+01               4.37775E-04   1.19559E+00   5.33187E+00   7.00458E-04   9.58766E-01   4.27573E-01   1.89730E+00   1.37324E+00   5.94396E-01   6.65846E-02
 1.50400E+01               4.37775E-04   1.19559E+00   5.33187E+00   7.00458E-04   9.58766E-01   4.27573E-01   1.89730E+00   1.37324E+00   5.94396E-01   6.65846E-02
 1.52000E+01               4.37775E-04   1.19559E+00   5.33187E+00   7.00458E-04   9.58766E-01   4.27573E-01   1.89730E+00   1.37324E+00   5.94396E-01   6.65846E-02
 1.53600E+01               4.37775E-04   1.19559E+00   5.33187E+00   7.00458E-04   9.58766E-01   4.27573E-01   1.89730E+00   1.37324E+00   5.94396E-01   6.65846E-02
 1.55200E+01               4.37775E-04   1.19559E+00   5.33187E+00   7.00458E-04   9.58766E-01   4.27573E-01   1.89730E+00   1.37324E+00   5.94396E-01   6.65846E-02
 1.56800E+01               4.37775E-04   1.19559E+00   5.33187E+00   7.00458E-04   9.58766E-01   4.27573E-01   1.89730E+00   1.37324E+00   5.94396E-01   6.65846E-02
 1.58400E+01               4.37775E-04   1.19559E+00   5.33187E+00   7.00458E-04   9.58766E-01   4.27573E-01   1.89730E+00   1.37324E+00   5.94396E-01   6.65846E-02
 1.59600E+01               4.37775E-04   1.19559E+00   5.33187E+00   7.00458E-04   9.58766E-01   4.27573E-01   1.89730E+00   1.37324E+00   5.94396E-01   6.65846E-02
