 TITLE = " Years"
 VARIABLES = "X (meters)", "pH "
 ZONE F=POINT,I=         101
 4.00000E-02               7.59873E+00
 1.60000E-01               7.59873E+00
 3.20000E-01               7.59873E+00
 4.80000E-01               7.59873E+00
 6.40000E-01               7.59873E+00
 8.00000E-01               7.59873E+00
 9.60000E-01               7.59873E+00
 1.12000E+00               7.59873E+00
 1.28000E+00               7.59873E+00
 1.44000E+00               7.59873E+00
 1.60000E+00               7.59873E+00
 1.76000E+00               7.59873E+00
 1.92000E+00               7.59873E+00
 2.08000E+00               7.59873E+00
 2.24000E+00               7.59873E+00
 2.40000E+00               7.59873E+00
 2.56000E+00               7.59873E+00
 2.72000E+00               7.59872E+00
 2.88000E+00               7.59872E+00
 3.04000E+00               7.59871E+00
 3.20000E+00               7.59869E+00
 3.36000E+00               7.59864E+00
 3.52000E+00               7.59857E+00
 3.68000E+00               7.59843E+00
 3.84000E+00               7.59820E+00
 4.00000E+00               7.59782E+00
 4.16000E+00               7.59721E+00
 4.32000E+00               7.59626E+00
 4.48000E+00               7.59480E+00
 4.64000E+00               7.59264E+00
 4.80000E+00               7.58950E+00
 4.96000E+00               7.58506E+00
 5.12000E+00               7.57896E+00
 5.28000E+00               7.57087E+00
 5.44000E+00               7.56080E+00
 5.60000E+00               7.54983E+00
 5.76000E+00               7.54194E+00
 5.92000E+00               7.54188E+00
 6.08000E+00               7.54813E+00
 6.24000E+00               7.55612E+00
 6.40000E+00               7.56367E+00
 6.56000E+00               7.57028E+00
 6.72000E+00               7.57590E+00
 6.88000E+00               7.58057E+00
 7.04000E+00               7.58442E+00
 7.20000E+00               7.58755E+00
 7.36000E+00               7.59006E+00
 7.52000E+00               7.59207E+00
 7.68000E+00               7.59365E+00
 7.84000E+00               7.59489E+00
 8.00000E+00               7.59586E+00
 8.16000E+00               7.59660E+00
 8.32000E+00               7.59716E+00
 8.48000E+00               7.59759E+00
 8.64000E+00               7.59791E+00
 8.80000E+00               7.59815E+00
 8.96000E+00               7.59832E+00
 9.12000E+00               7.59844E+00
 9.28000E+00               7.59853E+00
 9.44000E+00               7.59859E+00
 9.60000E+00               7.59864E+00
 9.76000E+00               7.59867E+00
 9.92000E+00               7.59869E+00
 1.00800E+01               7.59870E+00
 1.02400E+01               7.59871E+00
 1.04000E+01               7.59872E+00
 1.05600E+01               7.59872E+00
 1.07200E+01               7.59872E+00
 1.08800E+01               7.59873E+00
 1.10400E+01               7.59873E+00
 1.12000E+01               7.59873E+00
 1.13600E+01               7.59873E+00
 1.15200E+01               7.59873E+00
 1.16800E+01               7.59873E+00
 1.18400E+01               7.59873E+00
 1.20000E+01               7.59873E+00
 1.21600E+01               7.59873E+00
 1.23200E+01               7.59873E+00
 1.24800E+01               7.59873E+00
 1.26400E+01               7.59873E+00
 1.28000E+01               7.59873E+00
 1.29600E+01               7.59873E+00
 1.31200E+01               7.59873E+00
 1.32800E+01               7.59873E+00
 1.34400E+01               7.59873E+00
 1.36000E+01               7.59873E+00
 1.37600E+01               7.59873E+00
 1.39200E+01               7.59873E+00
 1.40800E+01               7.59873E+00
 1.42400E+01               7.59873E+00
 1.44000E+01               7.59873E+00
 1.45600E+01               7.59873E+00
 1.47200E+01               7.59873E+00
 1.48800E+01               7.59873E+00
 1.50400E+01               7.59873E+00
 1.52000E+01               7.59873E+00
 1.53600E+01               7.59873E+00
 1.55200E+01               7.59873E+00
 1.56800E+01               7.59873E+00
 1.58400E+01               7.59873E+00
 1.59600E+01               7.59873E+00
