# Units: Mol/kgw
 TITLE = " Years"
VARIABLES = "X (meters)", "H+        ", "Cs+       ", "Na+       ", "K+        ", "Ca++      ", "Cl-       ", "
 ZONE F=POINT,I=         101
 4.00000E-02              -5.50423E-07   2.02593E-02   1.60469E-03   2.40704E-01   1.00293E-04   2.60763E-01
 1.60000E-01              -5.50423E-07   2.02593E-02   1.60469E-03   2.40704E-01   1.00293E-04   2.60763E-01
 3.20000E-01              -5.50423E-07   2.02593E-02   1.60469E-03   2.40704E-01   1.00293E-04   2.60763E-01
 4.80000E-01              -5.50423E-07   2.02593E-02   1.60469E-03   2.40704E-01   1.00293E-04   2.60763E-01
 6.40000E-01              -5.50423E-07   2.02593E-02   1.60469E-03   2.40704E-01   1.00293E-04   2.60763E-01
 8.00000E-01              -5.50423E-07   2.02593E-02   1.60469E-03   2.40704E-01   1.00293E-04   2.60763E-01
 9.60000E-01              -5.50423E-07   2.02592E-02   1.60469E-03   2.40704E-01   1.00293E-04   2.60763E-01
 1.12000E+00              -5.50423E-07   2.02592E-02   1.60469E-03   2.40704E-01   1.00293E-04   2.60763E-01
 1.28000E+00              -5.50423E-07   2.02590E-02   1.60469E-03   2.40704E-01   1.00293E-04   2.60763E-01
 1.44000E+00              -5.50423E-07   2.02583E-02   1.60470E-03   2.40705E-01   1.00294E-04   2.60763E-01
 1.60000E+00              -5.50423E-07   2.02565E-02   1.60472E-03   2.40707E-01   1.00296E-04   2.60763E-01
 1.76000E+00              -5.50423E-07   2.02521E-02   1.60477E-03   2.40711E-01   1.00302E-04   2.60763E-01
 1.92000E+00              -5.50423E-07   2.02419E-02   1.60495E-03   2.40721E-01   1.00323E-04   2.60763E-01
 2.08000E+00              -5.50423E-07   2.02201E-02   1.60545E-03   2.40742E-01   1.00384E-04   2.60763E-01
 2.24000E+00              -5.50424E-07   2.01773E-02   1.60679E-03   2.40784E-01   1.00550E-04   2.60763E-01
 2.40000E+00              -5.50424E-07   2.00982E-02   1.61013E-03   2.40859E-01   1.00970E-04   2.60763E-01
 2.56000E+00              -5.50426E-07   1.99610E-02   1.61797E-03   2.40987E-01   1.01973E-04   2.60764E-01
 2.72000E+00              -5.50429E-07   1.97365E-02   1.63529E-03   2.41191E-01   1.04232E-04   2.60765E-01
 2.88000E+00              -5.50437E-07   1.93888E-02   1.67151E-03   2.41496E-01   1.09055E-04   2.60768E-01
 3.04000E+00              -5.50452E-07   1.88784E-02   1.74343E-03   2.41920E-01   1.18851E-04   2.60775E-01
 3.20000E+00              -5.50480E-07   1.81675E-02   1.87954E-03   2.42468E-01   1.37843E-04   2.60786E-01
 3.36000E+00              -5.50530E-07   1.72278E-02   2.12567E-03   2.43111E-01   1.73111E-04   2.60808E-01
 3.52000E+00              -5.50618E-07   1.60503E-02   2.55213E-03   2.43771E-01   2.36021E-04   2.60844E-01
 3.68000E+00              -5.50761E-07   1.46534E-02   3.26182E-03   2.44298E-01   3.44131E-04   2.60904E-01
 3.84000E+00              -5.50989E-07   1.30878E-02   4.39880E-03   2.44458E-01   5.23612E-04   2.61000E-01
 4.00000E+00              -5.51337E-07   1.14329E-02   6.15622E-03   2.43915E-01   8.12247E-04   2.61145E-01
 4.16000E+00              -5.51848E-07   9.78496E-03   8.78244E-03   2.42236E-01   1.26307E-03   2.61359E-01
 4.32000E+00              -5.52573E-07   8.23812E-03   1.25843E-02   2.38895E-01   1.94871E-03   2.61663E-01
 4.48000E+00              -5.53567E-07   6.86446E-03   1.79262E-02   2.33283E-01   2.96662E-03   2.62079E-01
 4.64000E+00              -5.54888E-07   5.70034E-03   2.52236E-02   2.24713E-01   4.44519E-03   2.62632E-01
 4.80000E+00              -5.56589E-07   4.74259E-03   3.49301E-02   2.12423E-01   6.55045E-03   2.63344E-01
 4.96000E+00              -5.58712E-07   3.95436E-03   4.75117E-02   1.95583E-01   9.49196E-03   2.64233E-01
 5.12000E+00              -5.61289E-07   3.27698E-03   6.33986E-02   1.73328E-01   1.35218E-02   2.65312E-01
 5.28000E+00              -5.64330E-07   2.64464E-03   8.28778E-02   1.44911E-01   1.89058E-02   2.66585E-01
 5.44000E+00              -5.67822E-07   2.00300E-03   1.05834E-01   1.10206E-01   2.57886E-02   2.68047E-01
 5.60000E+00              -5.71730E-07   1.34322E-03   1.31133E-01   7.13380E-02   3.36723E-02   2.69682E-01
 5.76000E+00              -5.75994E-07   7.55673E-04   1.55814E-01   3.59363E-02   4.01662E-02   2.71467E-01
 5.92000E+00              -5.80533E-07   3.63975E-04   1.76492E-01   1.37510E-02   4.20093E-02   2.73368E-01
 6.08000E+00              -5.85254E-07   1.68230E-04   1.91846E-01   4.56243E-03   3.99539E-02   2.75344E-01
 6.24000E+00              -5.90050E-07   1.06402E-04   2.02477E-01   2.08946E-03   3.68505E-02   2.77352E-01
 6.40000E+00              -5.94816E-07   9.49203E-05   2.10467E-01   1.62204E-03   3.40330E-02   2.79347E-01
 6.56000E+00              -5.99451E-07   9.40842E-05   2.16912E-01   1.55225E-03   3.17584E-02   2.81287E-01
 6.72000E+00              -6.03864E-07   9.49399E-05   2.22151E-01   1.55016E-03   3.00084E-02   2.83135E-01
 6.88000E+00              -6.07981E-07   9.59136E-05   2.26367E-01   1.55798E-03   2.87070E-02   2.84858E-01
 7.04000E+00              -6.11745E-07   9.67651E-05   2.29716E-01   1.56616E-03   2.77689E-02   2.86434E-01
 7.20000E+00              -6.15121E-07   9.74768E-05   2.32348E-01   1.57332E-03   2.71135E-02   2.87847E-01
 7.36000E+00              -6.18092E-07   9.80646E-05   2.34397E-01   1.57942E-03   2.66709E-02   2.89091E-01
 7.52000E+00              -6.20659E-07   9.85461E-05   2.35978E-01   1.58455E-03   2.63832E-02   2.90166E-01
 7.68000E+00              -6.22838E-07   9.89374E-05   2.37188E-01   1.58882E-03   2.62047E-02   2.91078E-01
 7.84000E+00              -6.24654E-07   9.92522E-05   2.38107E-01   1.59234E-03   2.61006E-02   2.91838E-01
 8.00000E+00              -6.26142E-07   9.94956E-05   2.38797E-01   1.59510E-03   2.60474E-02   2.92461E-01
 8.16000E+00              -6.27342E-07   9.96932E-05   2.39315E-01   1.59738E-03   2.60234E-02   2.92963E-01
 8.32000E+00              -6.28294E-07   9.98479E-05   2.39701E-01   1.59922E-03   2.60169E-02   2.93362E-01
 8.48000E+00              -6.29037E-07   9.99667E-05   2.39986E-01   1.60065E-03   2.60198E-02   2.93673E-01
 8.64000E+00              -6.29607E-07   1.00057E-04   2.40194E-01   1.60174E-03   2.60272E-02   2.93912E-01
 8.80000E+00              -6.30039E-07   1.00124E-04   2.40346E-01   1.60257E-03   2.60361E-02   2.94092E-01
 8.96000E+00              -6.30361E-07   1.00173E-04   2.40455E-01   1.60319E-03   2.60447E-02   2.94227E-01
 9.12000E+00              -6.30597E-07   1.00210E-04   2.40532E-01   1.60364E-03   2.60523E-02   2.94326E-01
 9.28000E+00              -6.30769E-07   1.00235E-04   2.40587E-01   1.60396E-03   2.60586E-02   2.94398E-01
 9.44000E+00              -6.30891E-07   1.00254E-04   2.40625E-01   1.60419E-03   2.60635E-02   2.94449E-01
 9.60000E+00              -6.30977E-07   1.00267E-04   2.40651E-01   1.60435E-03   2.60673E-02   2.94485E-01
 9.76000E+00              -6.31037E-07   1.00276E-04   2.40669E-01   1.60447E-03   2.60701E-02   2.94510E-01
 9.92000E+00              -6.31078E-07   1.00282E-04   2.40681E-01   1.60454E-03   2.60720E-02   2.94527E-01
 1.00800E+01              -6.31106E-07   1.00286E-04   2.40689E-01   1.60460E-03   2.60734E-02   2.94539E-01
 1.02400E+01              -6.31124E-07   1.00288E-04   2.40694E-01   1.60463E-03   2.60744E-02   2.94547E-01
 1.04000E+01              -6.31137E-07   1.00290E-04   2.40698E-01   1.60465E-03   2.60751E-02   2.94552E-01
 1.05600E+01              -6.31145E-07   1.00291E-04   2.40700E-01   1.60467E-03   2.60755E-02   2.94555E-01
 1.07200E+01              -6.31150E-07   1.00292E-04   2.40702E-01   1.60468E-03   2.60758E-02   2.94557E-01
 1.08800E+01              -6.31153E-07   1.00293E-04   2.40703E-01   1.60468E-03   2.60760E-02   2.94559E-01
 1.10400E+01              -6.31155E-07   1.00293E-04   2.40703E-01   1.60469E-03   2.60761E-02   2.94560E-01
 1.12000E+01              -6.31156E-07   1.00293E-04   2.40703E-01   1.60469E-03   2.60762E-02   2.94560E-01
 1.13600E+01              -6.31157E-07   1.00293E-04   2.40704E-01   1.60469E-03   2.60762E-02   2.94560E-01
 1.15200E+01              -6.31158E-07   1.00293E-04   2.40704E-01   1.60469E-03   2.60762E-02   2.94561E-01
 1.16800E+01              -6.31158E-07   1.00293E-04   2.40704E-01   1.60469E-03   2.60762E-02   2.94561E-01
 1.18400E+01              -6.31158E-07   1.00293E-04   2.40704E-01   1.60469E-03   2.60763E-02   2.94561E-01
 1.20000E+01              -6.31158E-07   1.00293E-04   2.40704E-01   1.60469E-03   2.60763E-02   2.94561E-01
 1.21600E+01              -6.31158E-07   1.00293E-04   2.40704E-01   1.60469E-03   2.60763E-02   2.94561E-01
 1.23200E+01              -6.31158E-07   1.00293E-04   2.40704E-01   1.60469E-03   2.60763E-02   2.94561E-01
 1.24800E+01              -6.31158E-07   1.00293E-04   2.40704E-01   1.60469E-03   2.60763E-02   2.94561E-01
 1.26400E+01              -6.31158E-07   1.00293E-04   2.40704E-01   1.60469E-03   2.60763E-02   2.94561E-01
 1.28000E+01              -6.31158E-07   1.00293E-04   2.40704E-01   1.60469E-03   2.60763E-02   2.94561E-01
 1.29600E+01              -6.31158E-07   1.00293E-04   2.40704E-01   1.60469E-03   2.60763E-02   2.94561E-01
 1.31200E+01              -6.31158E-07   1.00293E-04   2.40704E-01   1.60469E-03   2.60763E-02   2.94561E-01
 1.32800E+01              -6.31158E-07   1.00293E-04   2.40704E-01   1.60469E-03   2.60763E-02   2.94561E-01
 1.34400E+01              -6.31158E-07   1.00293E-04   2.40704E-01   1.60469E-03   2.60763E-02   2.94561E-01
 1.36000E+01              -6.31158E-07   1.00293E-04   2.40704E-01   1.60469E-03   2.60763E-02   2.94561E-01
 1.37600E+01              -6.31158E-07   1.00293E-04   2.40704E-01   1.60469E-03   2.60763E-02   2.94561E-01
 1.39200E+01              -6.31158E-07   1.00293E-04   2.40704E-01   1.60469E-03   2.60763E-02   2.94561E-01
 1.40800E+01              -6.31158E-07   1.00293E-04   2.40704E-01   1.60469E-03   2.60763E-02   2.94561E-01
 1.42400E+01              -6.31158E-07   1.00293E-04   2.40704E-01   1.60469E-03   2.60763E-02   2.94561E-01
 1.44000E+01              -6.31158E-07   1.00293E-04   2.40704E-01   1.60469E-03   2.60763E-02   2.94561E-01
 1.45600E+01              -6.31158E-07   1.00293E-04   2.40704E-01   1.60469E-03   2.60763E-02   2.94561E-01
 1.47200E+01              -6.31158E-07   1.00293E-04   2.40704E-01   1.60469E-03   2.60763E-02   2.94561E-01
 1.48800E+01              -6.31158E-07   1.00293E-04   2.40704E-01   1.60469E-03   2.60763E-02   2.94561E-01
 1.50400E+01              -6.31158E-07   1.00293E-04   2.40704E-01   1.60469E-03   2.60763E-02   2.94561E-01
 1.52000E+01              -6.31158E-07   1.00293E-04   2.40704E-01   1.60469E-03   2.60763E-02   2.94561E-01
 1.53600E+01              -6.31158E-07   1.00293E-04   2.40704E-01   1.60469E-03   2.60763E-02   2.94561E-01
 1.55200E+01              -6.31158E-07   1.00293E-04   2.40704E-01   1.60469E-03   2.60763E-02   2.94561E-01
 1.56800E+01              -6.31158E-07   1.00293E-04   2.40704E-01   1.60469E-03   2.60763E-02   2.94561E-01
 1.58400E+01              -6.31158E-07   1.00293E-04   2.40704E-01   1.60469E-03   2.60763E-02   2.94561E-01
 1.59600E+01              -6.31158E-07   1.00293E-04   2.40704E-01   1.60469E-03   2.60763E-02   2.94561E-01
