# Units: Mol/kgw
 TITLE = " Years"
VARIABLES = "X (meters)", "H+        ", "Cs+       ", "Na+       ", "K+        ", "Ca++      ", "Cl-       ", "
 ZONE F=POINT,I=         101
 4.00000E-02              -5.50423E-07   2.02593E-02   1.60469E-03   2.40704E-01   1.00293E-04   2.60763E-01
 1.60000E-01              -5.50423E-07   2.02584E-02   1.60499E-03   2.40705E-01   1.00329E-04   2.60763E-01
 3.20000E-01              -5.50424E-07   2.02508E-02   1.60865E-03   2.40708E-01   1.00790E-04   2.60763E-01
 4.80000E-01              -5.50430E-07   2.02146E-02   1.63209E-03   2.40717E-01   1.03780E-04   2.60766E-01
 6.40000E-01              -5.50455E-07   2.00952E-02   1.73390E-03   2.40718E-01   1.17002E-04   2.60776E-01
 8.00000E-01              -5.50538E-07   1.97907E-02   2.07111E-03   2.40629E-01   1.61702E-04   2.60811E-01
 9.60000E-01              -5.50762E-07   1.91511E-02   2.97963E-03   2.40201E-01   2.85016E-04   2.60904E-01
 1.12000E+00              -5.51269E-07   1.80065E-02   5.05285E-03   2.38894E-01   5.74358E-04   2.61117E-01
 1.28000E+00              -5.52269E-07   1.62301E-02   9.17406E-03   2.35753E-01   1.16896E-03   2.61535E-01
 1.44000E+00              -5.54014E-07   1.38222E-02   1.64590E-02   2.29375E-01   2.26317E-03   2.62266E-01
 1.60000E+00              -5.56753E-07   1.09752E-02   2.80912E-02   2.17998E-01   4.09829E-03   2.63413E-01
 1.76000E+00              -5.60668E-07   8.05417E-03   4.50736E-02   1.99788E-01   6.94341E-03   2.65051E-01
 1.92000E+00              -5.65810E-07   5.46256E-03   6.79417E-02   1.73296E-01   1.10637E-02   2.67204E-01
 2.08000E+00              -5.72070E-07   3.45396E-03   9.64481E-02   1.38086E-01   1.66525E-02   2.69825E-01
 2.24000E+00              -5.79181E-07   2.03782E-03   1.29078E-01   9.57816E-02   2.35977E-02   2.72802E-01
 2.40000E+00              -5.86758E-07   1.08222E-03   1.62099E-01   5.26544E-02   3.06204E-02   2.75973E-01
 2.56000E+00              -5.94370E-07   5.04304E-04   1.89733E-01   2.11706E-02   3.43332E-02   2.79160E-01
 2.72000E+00              -6.01614E-07   2.20510E-04   2.08840E-01   6.73072E-03   3.35680E-02   2.82193E-01
 2.88000E+00              -6.08164E-07   1.21662E-04   2.20316E-01   2.54757E-03   3.12604E-02   2.84935E-01
 3.04000E+00              -6.13812E-07   1.01195E-04   2.27314E-01   1.73450E-03   2.92907E-02   2.87299E-01
 3.20000E+00              -6.18471E-07   9.85218E-05   2.31964E-01   1.60581E-03   2.79484E-02   2.89250E-01
 3.36000E+00              -6.22155E-07   9.87142E-05   2.35106E-01   1.59109E-03   2.71100E-02   2.90792E-01
 3.52000E+00              -6.24956E-07   9.91884E-05   2.37194E-01   1.59322E-03   2.66162E-02   2.91965E-01
 3.68000E+00              -6.27007E-07   9.95689E-05   2.38549E-01   1.59675E-03   2.63406E-02   2.92823E-01
 3.84000E+00              -6.28457E-07   9.98337E-05   2.39408E-01   1.59951E-03   2.61952E-02   2.93430E-01
 4.00000E+00              -6.29448E-07   1.00009E-04   2.39940E-01   1.60142E-03   2.61233E-02   2.93845E-01
 4.16000E+00              -6.30103E-07   1.00121E-04   2.40262E-01   1.60269E-03   2.60906E-02   2.94119E-01
 4.32000E+00              -6.30524E-07   1.00192E-04   2.40453E-01   1.60349E-03   2.60775E-02   2.94295E-01
 4.48000E+00              -6.30786E-07   1.00235E-04   2.40564E-01   1.60399E-03   2.60733E-02   2.94405E-01
 4.64000E+00              -6.30945E-07   1.00260E-04   2.40627E-01   1.60429E-03   2.60728E-02   2.94472E-01
 4.80000E+00              -6.31039E-07   1.00275E-04   2.40663E-01   1.60447E-03   2.60735E-02   2.94511E-01
 4.96000E+00              -6.31093E-07   1.00283E-04   2.40682E-01   1.60457E-03   2.60744E-02   2.94534E-01
 5.12000E+00              -6.31123E-07   1.00288E-04   2.40693E-01   1.60463E-03   2.60751E-02   2.94546E-01
 5.28000E+00              -6.31140E-07   1.00291E-04   2.40698E-01   1.60466E-03   2.60756E-02   2.94553E-01
 5.44000E+00              -6.31149E-07   1.00292E-04   2.40701E-01   1.60468E-03   2.60759E-02   2.94557E-01
 5.60000E+00              -6.31154E-07   1.00293E-04   2.40703E-01   1.60468E-03   2.60761E-02   2.94559E-01
 5.76000E+00              -6.31156E-07   1.00293E-04   2.40703E-01   1.60469E-03   2.60762E-02   2.94560E-01
 5.92000E+00              -6.31157E-07   1.00293E-04   2.40704E-01   1.60469E-03   2.60762E-02   2.94560E-01
 6.08000E+00              -6.31158E-07   1.00293E-04   2.40704E-01   1.60469E-03   2.60762E-02   2.94561E-01
 6.24000E+00              -6.31158E-07   1.00293E-04   2.40704E-01   1.60469E-03   2.60763E-02   2.94561E-01
 6.40000E+00              -6.31158E-07   1.00293E-04   2.40704E-01   1.60469E-03   2.60763E-02   2.94561E-01
 6.56000E+00              -6.31158E-07   1.00293E-04   2.40704E-01   1.60469E-03   2.60763E-02   2.94561E-01
 6.72000E+00              -6.31158E-07   1.00293E-04   2.40704E-01   1.60469E-03   2.60763E-02   2.94561E-01
 6.88000E+00              -6.31158E-07   1.00293E-04   2.40704E-01   1.60469E-03   2.60763E-02   2.94561E-01
 7.04000E+00              -6.31158E-07   1.00293E-04   2.40704E-01   1.60469E-03   2.60763E-02   2.94561E-01
 7.20000E+00              -6.31158E-07   1.00293E-04   2.40704E-01   1.60469E-03   2.60763E-02   2.94561E-01
 7.36000E+00              -6.31158E-07   1.00293E-04   2.40704E-01   1.60469E-03   2.60763E-02   2.94561E-01
 7.52000E+00              -6.31158E-07   1.00293E-04   2.40704E-01   1.60469E-03   2.60763E-02   2.94561E-01
 7.68000E+00              -6.31158E-07   1.00293E-04   2.40704E-01   1.60469E-03   2.60763E-02   2.94561E-01
 7.84000E+00              -6.31158E-07   1.00293E-04   2.40704E-01   1.60469E-03   2.60763E-02   2.94561E-01
 8.00000E+00              -6.31158E-07   1.00293E-04   2.40704E-01   1.60469E-03   2.60763E-02   2.94561E-01
 8.16000E+00              -6.31158E-07   1.00293E-04   2.40704E-01   1.60469E-03   2.60763E-02   2.94561E-01
 8.32000E+00              -6.31158E-07   1.00293E-04   2.40704E-01   1.60469E-03   2.60763E-02   2.94561E-01
 8.48000E+00              -6.31158E-07   1.00293E-04   2.40704E-01   1.60469E-03   2.60763E-02   2.94561E-01
 8.64000E+00              -6.31158E-07   1.00293E-04   2.40704E-01   1.60469E-03   2.60763E-02   2.94561E-01
 8.80000E+00              -6.31158E-07   1.00293E-04   2.40704E-01   1.60469E-03   2.60763E-02   2.94561E-01
 8.96000E+00              -6.31158E-07   1.00293E-04   2.40704E-01   1.60469E-03   2.60763E-02   2.94561E-01
 9.12000E+00              -6.31158E-07   1.00293E-04   2.40704E-01   1.60469E-03   2.60763E-02   2.94561E-01
 9.28000E+00              -6.31158E-07   1.00293E-04   2.40704E-01   1.60469E-03   2.60763E-02   2.94561E-01
 9.44000E+00              -6.31158E-07   1.00293E-04   2.40704E-01   1.60469E-03   2.60763E-02   2.94561E-01
 9.60000E+00              -6.31158E-07   1.00293E-04   2.40704E-01   1.60469E-03   2.60763E-02   2.94561E-01
 9.76000E+00              -6.31158E-07   1.00293E-04   2.40704E-01   1.60469E-03   2.60763E-02   2.94561E-01
 9.92000E+00              -6.31158E-07   1.00293E-04   2.40704E-01   1.60469E-03   2.60763E-02   2.94561E-01
 1.00800E+01              -6.31158E-07   1.00293E-04   2.40704E-01   1.60469E-03   2.60763E-02   2.94561E-01
 1.02400E+01              -6.31158E-07   1.00293E-04   2.40704E-01   1.60469E-03   2.60763E-02   2.94561E-01
 1.04000E+01              -6.31158E-07   1.00293E-04   2.40704E-01   1.60469E-03   2.60763E-02   2.94561E-01
 1.05600E+01              -6.31158E-07   1.00293E-04   2.40704E-01   1.60469E-03   2.60763E-02   2.94561E-01
 1.07200E+01              -6.31158E-07   1.00293E-04   2.40704E-01   1.60469E-03   2.60763E-02   2.94561E-01
 1.08800E+01              -6.31158E-07   1.00293E-04   2.40704E-01   1.60469E-03   2.60763E-02   2.94561E-01
 1.10400E+01              -6.31158E-07   1.00293E-04   2.40704E-01   1.60469E-03   2.60763E-02   2.94561E-01
 1.12000E+01              -6.31158E-07   1.00293E-04   2.40704E-01   1.60469E-03   2.60763E-02   2.94561E-01
 1.13600E+01              -6.31158E-07   1.00293E-04   2.40704E-01   1.60469E-03   2.60763E-02   2.94561E-01
 1.15200E+01              -6.31158E-07   1.00293E-04   2.40704E-01   1.60469E-03   2.60763E-02   2.94561E-01
 1.16800E+01              -6.31158E-07   1.00293E-04   2.40704E-01   1.60469E-03   2.60763E-02   2.94561E-01
 1.18400E+01              -6.31158E-07   1.00293E-04   2.40704E-01   1.60469E-03   2.60763E-02   2.94561E-01
 1.20000E+01              -6.31158E-07   1.00293E-04   2.40704E-01   1.60469E-03   2.60763E-02   2.94561E-01
 1.21600E+01              -6.31158E-07   1.00293E-04   2.40704E-01   1.60469E-03   2.60763E-02   2.94561E-01
 1.23200E+01              -6.31158E-07   1.00293E-04   2.40704E-01   1.60469E-03   2.60763E-02   2.94561E-01
 1.24800E+01              -6.31158E-07   1.00293E-04   2.40704E-01   1.60469E-03   2.60763E-02   2.94561E-01
 1.26400E+01              -6.31158E-07   1.00293E-04   2.40704E-01   1.60469E-03   2.60763E-02   2.94561E-01
 1.28000E+01              -6.31158E-07   1.00293E-04   2.40704E-01   1.60469E-03   2.60763E-02   2.94561E-01
 1.29600E+01              -6.31158E-07   1.00293E-04   2.40704E-01   1.60469E-03   2.60763E-02   2.94561E-01
 1.31200E+01              -6.31158E-07   1.00293E-04   2.40704E-01   1.60469E-03   2.60763E-02   2.94561E-01
 1.32800E+01              -6.31158E-07   1.00293E-04   2.40704E-01   1.60469E-03   2.60763E-02   2.94561E-01
 1.34400E+01              -6.31158E-07   1.00293E-04   2.40704E-01   1.60469E-03   2.60763E-02   2.94561E-01
 1.36000E+01              -6.31158E-07   1.00293E-04   2.40704E-01   1.60469E-03   2.60763E-02   2.94561E-01
 1.37600E+01              -6.31158E-07   1.00293E-04   2.40704E-01   1.60469E-03   2.60763E-02   2.94561E-01
 1.39200E+01              -6.31158E-07   1.00293E-04   2.40704E-01   1.60469E-03   2.60763E-02   2.94561E-01
 1.40800E+01              -6.31158E-07   1.00293E-04   2.40704E-01   1.60469E-03   2.60763E-02   2.94561E-01
 1.42400E+01              -6.31158E-07   1.00293E-04   2.40704E-01   1.60469E-03   2.60763E-02   2.94561E-01
 1.44000E+01              -6.31158E-07   1.00293E-04   2.40704E-01   1.60469E-03   2.60763E-02   2.94561E-01
 1.45600E+01              -6.31158E-07   1.00293E-04   2.40704E-01   1.60469E-03   2.60763E-02   2.94561E-01
 1.47200E+01              -6.31158E-07   1.00293E-04   2.40704E-01   1.60469E-03   2.60763E-02   2.94561E-01
 1.48800E+01              -6.31158E-07   1.00293E-04   2.40704E-01   1.60469E-03   2.60763E-02   2.94561E-01
 1.50400E+01              -6.31158E-07   1.00293E-04   2.40704E-01   1.60469E-03   2.60763E-02   2.94561E-01
 1.52000E+01              -6.31158E-07   1.00293E-04   2.40704E-01   1.60469E-03   2.60763E-02   2.94561E-01
 1.53600E+01              -6.31158E-07   1.00293E-04   2.40704E-01   1.60469E-03   2.60763E-02   2.94561E-01
 1.55200E+01              -6.31158E-07   1.00293E-04   2.40704E-01   1.60469E-03   2.60763E-02   2.94561E-01
 1.56800E+01              -6.31158E-07   1.00293E-04   2.40704E-01   1.60469E-03   2.60763E-02   2.94561E-01
 1.58400E+01              -6.31158E-07   1.00293E-04   2.40704E-01   1.60469E-03   2.60763E-02   2.94561E-01
 1.59600E+01              -6.31158E-07   1.00293E-04   2.40704E-01   1.60469E-03   2.60763E-02   2.94561E-01
