# Units: Mol/kgw
 TITLE = " Years"
VARIABLES = "X (meters)", "H+        ", "Cs+       ", "Na+       ", "K+        ", "Ca++      ", "Cl-       ", "
 ZONE F=POINT,I=         101
 4.00000E-02              -5.50423E-07   2.02587E-02   1.60504E-03   2.40704E-01   1.00336E-04   2.60763E-01
 1.60000E-01              -5.50530E-07   2.01047E-02   2.00614E-03   2.40395E-01   1.52575E-04   2.60807E-01
 3.20000E-01              -5.51151E-07   1.93925E-02   4.34614E-03   2.38387E-01   4.64550E-04   2.61067E-01
 4.80000E-01              -5.53060E-07   1.75812E-02   1.15767E-02   2.31734E-01   1.45769E-03   2.61867E-01
 6.40000E-01              -5.57129E-07   1.43757E-02   2.71522E-02   2.16514E-01   3.68363E-03   2.63570E-01
 8.00000E-01              -5.63853E-07   1.01468E-02   5.32901E-02   1.89369E-01   7.62568E-03   2.66385E-01
 9.60000E-01              -5.73006E-07   5.94826E-03   8.94843E-02   1.49250E-01   1.34892E-02   2.70216E-01
 1.12000E+00              -5.83670E-07   2.85211E-03   1.31874E-01   9.92625E-02   2.09361E-02   2.74681E-01
 1.28000E+00              -5.94588E-07   1.15752E-03   1.72964E-01   4.97043E-02   2.81671E-02   2.79252E-01
 1.44000E+00              -6.04599E-07   4.42963E-04   2.03807E-01   1.73519E-02   3.12504E-02   2.83442E-01
 1.60000E+00              -6.12939E-07   1.82559E-04   2.21894E-01   4.99876E-03   3.01560E-02   2.86934E-01
 1.76000E+00              -6.19327E-07   1.12764E-04   2.30862E-01   2.13841E-03   2.83948E-02   2.89608E-01
 1.92000E+00              -6.23864E-07   1.01091E-04   2.35456E-01   1.67267E-03   2.72299E-02   2.91508E-01
 2.08000E+00              -6.26878E-07   9.98094E-05   2.37959E-01   1.60811E-03   2.66045E-02   2.92769E-01
 2.24000E+00              -6.28760E-07   9.99059E-05   2.39314E-01   1.60168E-03   2.63010E-02   2.93557E-01
 2.40000E+00              -6.29872E-07   1.00076E-04   2.40023E-01   1.60244E-03   2.61648E-02   2.94023E-01
 2.56000E+00              -6.30497E-07   1.00183E-04   2.40381E-01   1.60345E-03   2.61080E-02   2.94284E-01
 2.72000E+00              -6.30831E-07   1.00240E-04   2.40556E-01   1.60407E-03   2.60863E-02   2.94424E-01
 2.88000E+00              -6.31002E-07   1.00268E-04   2.40638E-01   1.60440E-03   2.60788E-02   2.94495E-01
 3.04000E+00              -6.31086E-07   1.00282E-04   2.40675E-01   1.60456E-03   2.60766E-02   2.94531E-01
 3.20000E+00              -6.31126E-07   1.00288E-04   2.40692E-01   1.60463E-03   2.60761E-02   2.94547E-01
 3.36000E+00              -6.31144E-07   1.00291E-04   2.40699E-01   1.60467E-03   2.60761E-02   2.94555E-01
 3.52000E+00              -6.31153E-07   1.00292E-04   2.40702E-01   1.60468E-03   2.60761E-02   2.94559E-01
 3.68000E+00              -6.31156E-07   1.00293E-04   2.40703E-01   1.60469E-03   2.60762E-02   2.94560E-01
 3.84000E+00              -6.31157E-07   1.00293E-04   2.40704E-01   1.60469E-03   2.60762E-02   2.94561E-01
 4.00000E+00              -6.31158E-07   1.00293E-04   2.40704E-01   1.60469E-03   2.60763E-02   2.94561E-01
 4.16000E+00              -6.31158E-07   1.00293E-04   2.40704E-01   1.60469E-03   2.60763E-02   2.94561E-01
 4.32000E+00              -6.31158E-07   1.00293E-04   2.40704E-01   1.60469E-03   2.60763E-02   2.94561E-01
 4.48000E+00              -6.31158E-07   1.00293E-04   2.40704E-01   1.60469E-03   2.60763E-02   2.94561E-01
 4.64000E+00              -6.31158E-07   1.00293E-04   2.40704E-01   1.60469E-03   2.60763E-02   2.94561E-01
 4.80000E+00              -6.31158E-07   1.00293E-04   2.40704E-01   1.60469E-03   2.60763E-02   2.94561E-01
 4.96000E+00              -6.31158E-07   1.00293E-04   2.40704E-01   1.60469E-03   2.60763E-02   2.94561E-01
 5.12000E+00              -6.31158E-07   1.00293E-04   2.40704E-01   1.60469E-03   2.60763E-02   2.94561E-01
 5.28000E+00              -6.31158E-07   1.00293E-04   2.40704E-01   1.60469E-03   2.60763E-02   2.94561E-01
 5.44000E+00              -6.31158E-07   1.00293E-04   2.40704E-01   1.60469E-03   2.60763E-02   2.94561E-01
 5.60000E+00              -6.31158E-07   1.00293E-04   2.40704E-01   1.60469E-03   2.60763E-02   2.94561E-01
 5.76000E+00              -6.31158E-07   1.00293E-04   2.40704E-01   1.60469E-03   2.60763E-02   2.94561E-01
 5.92000E+00              -6.31158E-07   1.00293E-04   2.40704E-01   1.60469E-03   2.60763E-02   2.94561E-01
 6.08000E+00              -6.31158E-07   1.00293E-04   2.40704E-01   1.60469E-03   2.60763E-02   2.94561E-01
 6.24000E+00              -6.31158E-07   1.00293E-04   2.40704E-01   1.60469E-03   2.60763E-02   2.94561E-01
 6.40000E+00              -6.31158E-07   1.00293E-04   2.40704E-01   1.60469E-03   2.60763E-02   2.94561E-01
 6.56000E+00              -6.31158E-07   1.00293E-04   2.40704E-01   1.60469E-03   2.60763E-02   2.94561E-01
 6.72000E+00              -6.31158E-07   1.00293E-04   2.40704E-01   1.60469E-03   2.60763E-02   2.94561E-01
 6.88000E+00              -6.31158E-07   1.00293E-04   2.40704E-01   1.60469E-03   2.60763E-02   2.94561E-01
 7.04000E+00              -6.31158E-07   1.00293E-04   2.40704E-01   1.60469E-03   2.60763E-02   2.94561E-01
 7.20000E+00              -6.31158E-07   1.00293E-04   2.40704E-01   1.60469E-03   2.60763E-02   2.94561E-01
 7.36000E+00              -6.31158E-07   1.00293E-04   2.40704E-01   1.60469E-03   2.60763E-02   2.94561E-01
 7.52000E+00              -6.31158E-07   1.00293E-04   2.40704E-01   1.60469E-03   2.60763E-02   2.94561E-01
 7.68000E+00              -6.31158E-07   1.00293E-04   2.40704E-01   1.60469E-03   2.60763E-02   2.94561E-01
 7.84000E+00              -6.31158E-07   1.00293E-04   2.40704E-01   1.60469E-03   2.60763E-02   2.94561E-01
 8.00000E+00              -6.31158E-07   1.00293E-04   2.40704E-01   1.60469E-03   2.60763E-02   2.94561E-01
 8.16000E+00              -6.31158E-07   1.00293E-04   2.40704E-01   1.60469E-03   2.60763E-02   2.94561E-01
 8.32000E+00              -6.31158E-07   1.00293E-04   2.40704E-01   1.60469E-03   2.60763E-02   2.94561E-01
 8.48000E+00              -6.31158E-07   1.00293E-04   2.40704E-01   1.60469E-03   2.60763E-02   2.94561E-01
 8.64000E+00              -6.31158E-07   1.00293E-04   2.40704E-01   1.60469E-03   2.60763E-02   2.94561E-01
 8.80000E+00              -6.31158E-07   1.00293E-04   2.40704E-01   1.60469E-03   2.60763E-02   2.94561E-01
 8.96000E+00              -6.31158E-07   1.00293E-04   2.40704E-01   1.60469E-03   2.60763E-02   2.94561E-01
 9.12000E+00              -6.31158E-07   1.00293E-04   2.40704E-01   1.60469E-03   2.60763E-02   2.94561E-01
 9.28000E+00              -6.31158E-07   1.00293E-04   2.40704E-01   1.60469E-03   2.60763E-02   2.94561E-01
 9.44000E+00              -6.31158E-07   1.00293E-04   2.40704E-01   1.60469E-03   2.60763E-02   2.94561E-01
 9.60000E+00              -6.31158E-07   1.00293E-04   2.40704E-01   1.60469E-03   2.60763E-02   2.94561E-01
 9.76000E+00              -6.31158E-07   1.00293E-04   2.40704E-01   1.60469E-03   2.60763E-02   2.94561E-01
 9.92000E+00              -6.31158E-07   1.00293E-04   2.40704E-01   1.60469E-03   2.60763E-02   2.94561E-01
 1.00800E+01              -6.31158E-07   1.00293E-04   2.40704E-01   1.60469E-03   2.60763E-02   2.94561E-01
 1.02400E+01              -6.31158E-07   1.00293E-04   2.40704E-01   1.60469E-03   2.60763E-02   2.94561E-01
 1.04000E+01              -6.31158E-07   1.00293E-04   2.40704E-01   1.60469E-03   2.60763E-02   2.94561E-01
 1.05600E+01              -6.31158E-07   1.00293E-04   2.40704E-01   1.60469E-03   2.60763E-02   2.94561E-01
 1.07200E+01              -6.31158E-07   1.00293E-04   2.40704E-01   1.60469E-03   2.60763E-02   2.94561E-01
 1.08800E+01              -6.31158E-07   1.00293E-04   2.40704E-01   1.60469E-03   2.60763E-02   2.94561E-01
 1.10400E+01              -6.31158E-07   1.00293E-04   2.40704E-01   1.60469E-03   2.60763E-02   2.94561E-01
 1.12000E+01              -6.31158E-07   1.00293E-04   2.40704E-01   1.60469E-03   2.60763E-02   2.94561E-01
 1.13600E+01              -6.31158E-07   1.00293E-04   2.40704E-01   1.60469E-03   2.60763E-02   2.94561E-01
 1.15200E+01              -6.31158E-07   1.00293E-04   2.40704E-01   1.60469E-03   2.60763E-02   2.94561E-01
 1.16800E+01              -6.31158E-07   1.00293E-04   2.40704E-01   1.60469E-03   2.60763E-02   2.94561E-01
 1.18400E+01              -6.31158E-07   1.00293E-04   2.40704E-01   1.60469E-03   2.60763E-02   2.94561E-01
 1.20000E+01              -6.31158E-07   1.00293E-04   2.40704E-01   1.60469E-03   2.60763E-02   2.94561E-01
 1.21600E+01              -6.31158E-07   1.00293E-04   2.40704E-01   1.60469E-03   2.60763E-02   2.94561E-01
 1.23200E+01              -6.31158E-07   1.00293E-04   2.40704E-01   1.60469E-03   2.60763E-02   2.94561E-01
 1.24800E+01              -6.31158E-07   1.00293E-04   2.40704E-01   1.60469E-03   2.60763E-02   2.94561E-01
 1.26400E+01              -6.31158E-07   1.00293E-04   2.40704E-01   1.60469E-03   2.60763E-02   2.94561E-01
 1.28000E+01              -6.31158E-07   1.00293E-04   2.40704E-01   1.60469E-03   2.60763E-02   2.94561E-01
 1.29600E+01              -6.31158E-07   1.00293E-04   2.40704E-01   1.60469E-03   2.60763E-02   2.94561E-01
 1.31200E+01              -6.31158E-07   1.00293E-04   2.40704E-01   1.60469E-03   2.60763E-02   2.94561E-01
 1.32800E+01              -6.31158E-07   1.00293E-04   2.40704E-01   1.60469E-03   2.60763E-02   2.94561E-01
 1.34400E+01              -6.31158E-07   1.00293E-04   2.40704E-01   1.60469E-03   2.60763E-02   2.94561E-01
 1.36000E+01              -6.31158E-07   1.00293E-04   2.40704E-01   1.60469E-03   2.60763E-02   2.94561E-01
 1.37600E+01              -6.31158E-07   1.00293E-04   2.40704E-01   1.60469E-03   2.60763E-02   2.94561E-01
 1.39200E+01              -6.31158E-07   1.00293E-04   2.40704E-01   1.60469E-03   2.60763E-02   2.94561E-01
 1.40800E+01              -6.31158E-07   1.00293E-04   2.40704E-01   1.60469E-03   2.60763E-02   2.94561E-01
 1.42400E+01              -6.31158E-07   1.00293E-04   2.40704E-01   1.60469E-03   2.60763E-02   2.94561E-01
 1.44000E+01              -6.31158E-07   1.00293E-04   2.40704E-01   1.60469E-03   2.60763E-02   2.94561E-01
 1.45600E+01              -6.31158E-07   1.00293E-04   2.40704E-01   1.60469E-03   2.60763E-02   2.94561E-01
 1.47200E+01              -6.31158E-07   1.00293E-04   2.40704E-01   1.60469E-03   2.60763E-02   2.94561E-01
 1.48800E+01              -6.31158E-07   1.00293E-04   2.40704E-01   1.60469E-03   2.60763E-02   2.94561E-01
 1.50400E+01              -6.31158E-07   1.00293E-04   2.40704E-01   1.60469E-03   2.60763E-02   2.94561E-01
 1.52000E+01              -6.31158E-07   1.00293E-04   2.40704E-01   1.60469E-03   2.60763E-02   2.94561E-01
 1.53600E+01              -6.31158E-07   1.00293E-04   2.40704E-01   1.60469E-03   2.60763E-02   2.94561E-01
 1.55200E+01              -6.31158E-07   1.00293E-04   2.40704E-01   1.60469E-03   2.60763E-02   2.94561E-01
 1.56800E+01              -6.31158E-07   1.00293E-04   2.40704E-01   1.60469E-03   2.60763E-02   2.94561E-01
 1.58400E+01              -6.31158E-07   1.00293E-04   2.40704E-01   1.60469E-03   2.60763E-02   2.94561E-01
 1.59600E+01              -6.31158E-07   1.00293E-04   2.40704E-01   1.60469E-03   2.60763E-02   2.94561E-01
