# Units: Mol/kgw
 TITLE = " Years"
VARIABLES = "X (meters)", "H+        ", "Cs+       ", "Na+       ", "K+        ", "Ca++      ", "Cl-       ", "
 ZONE F=POINT,I=         101
 4.00000E-02              -5.50423E-07   2.02593E-02   1.60469E-03   2.40704E-01   1.00293E-04   2.60763E-01
 1.60000E-01              -5.50423E-07   2.02593E-02   1.60469E-03   2.40704E-01   1.00293E-04   2.60763E-01
 3.20000E-01              -5.50423E-07   2.02593E-02   1.60469E-03   2.40704E-01   1.00293E-04   2.60763E-01
 4.80000E-01              -5.50423E-07   2.02593E-02   1.60469E-03   2.40704E-01   1.00293E-04   2.60763E-01
 6.40000E-01              -5.50423E-07   2.02593E-02   1.60469E-03   2.40704E-01   1.00293E-04   2.60763E-01
 8.00000E-01              -5.50423E-07   2.02593E-02   1.60469E-03   2.40704E-01   1.00293E-04   2.60763E-01
 9.60000E-01              -5.50423E-07   2.02593E-02   1.60469E-03   2.40704E-01   1.00293E-04   2.60763E-01
 1.12000E+00              -5.50423E-07   2.02593E-02   1.60469E-03   2.40704E-01   1.00293E-04   2.60763E-01
 1.28000E+00              -5.50423E-07   2.02593E-02   1.60469E-03   2.40704E-01   1.00293E-04   2.60763E-01
 1.44000E+00              -5.50423E-07   2.02593E-02   1.60469E-03   2.40704E-01   1.00293E-04   2.60763E-01
 1.60000E+00              -5.50423E-07   2.02593E-02   1.60469E-03   2.40704E-01   1.00293E-04   2.60763E-01
 1.76000E+00              -5.50423E-07   2.02593E-02   1.60469E-03   2.40704E-01   1.00293E-04   2.60763E-01
 1.92000E+00              -5.50423E-07   2.02593E-02   1.60469E-03   2.40704E-01   1.00293E-04   2.60763E-01
 2.08000E+00              -5.50423E-07   2.02593E-02   1.60469E-03   2.40704E-01   1.00293E-04   2.60763E-01
 2.24000E+00              -5.50423E-07   2.02593E-02   1.60469E-03   2.40704E-01   1.00293E-04   2.60763E-01
 2.40000E+00              -5.50423E-07   2.02593E-02   1.60469E-03   2.40704E-01   1.00293E-04   2.60763E-01
 2.56000E+00              -5.50423E-07   2.02593E-02   1.60469E-03   2.40704E-01   1.00293E-04   2.60763E-01
 2.72000E+00              -5.50423E-07   2.02593E-02   1.60469E-03   2.40704E-01   1.00293E-04   2.60763E-01
 2.88000E+00              -5.50423E-07   2.02593E-02   1.60469E-03   2.40704E-01   1.00293E-04   2.60763E-01
 3.04000E+00              -5.50423E-07   2.02593E-02   1.60469E-03   2.40704E-01   1.00293E-04   2.60763E-01
 3.20000E+00              -5.50423E-07   2.02593E-02   1.60469E-03   2.40704E-01   1.00293E-04   2.60763E-01
 3.36000E+00              -5.50423E-07   2.02593E-02   1.60469E-03   2.40704E-01   1.00293E-04   2.60763E-01
 3.52000E+00              -5.50423E-07   2.02593E-02   1.60469E-03   2.40704E-01   1.00293E-04   2.60763E-01
 3.68000E+00              -5.50423E-07   2.02593E-02   1.60469E-03   2.40704E-01   1.00293E-04   2.60763E-01
 3.84000E+00              -5.50423E-07   2.02593E-02   1.60469E-03   2.40704E-01   1.00293E-04   2.60763E-01
 4.00000E+00              -5.50423E-07   2.02593E-02   1.60469E-03   2.40704E-01   1.00293E-04   2.60763E-01
 4.16000E+00              -5.50423E-07   2.02593E-02   1.60469E-03   2.40704E-01   1.00293E-04   2.60763E-01
 4.32000E+00              -5.50423E-07   2.02593E-02   1.60469E-03   2.40704E-01   1.00293E-04   2.60763E-01
 4.48000E+00              -5.50423E-07   2.02593E-02   1.60469E-03   2.40704E-01   1.00293E-04   2.60763E-01
 4.64000E+00              -5.50423E-07   2.02593E-02   1.60469E-03   2.40704E-01   1.00293E-04   2.60763E-01
 4.80000E+00              -5.50423E-07   2.02593E-02   1.60469E-03   2.40704E-01   1.00293E-04   2.60763E-01
 4.96000E+00              -5.50423E-07   2.02593E-02   1.60469E-03   2.40704E-01   1.00293E-04   2.60763E-01
 5.12000E+00              -5.50423E-07   2.02593E-02   1.60469E-03   2.40704E-01   1.00293E-04   2.60763E-01
 5.28000E+00              -5.50423E-07   2.02593E-02   1.60469E-03   2.40704E-01   1.00293E-04   2.60763E-01
 5.44000E+00              -5.50423E-07   2.02593E-02   1.60469E-03   2.40704E-01   1.00293E-04   2.60763E-01
 5.60000E+00              -5.50423E-07   2.02593E-02   1.60469E-03   2.40704E-01   1.00293E-04   2.60763E-01
 5.76000E+00              -5.50423E-07   2.02593E-02   1.60469E-03   2.40704E-01   1.00293E-04   2.60763E-01
 5.92000E+00              -5.50423E-07   2.02593E-02   1.60469E-03   2.40704E-01   1.00293E-04   2.60763E-01
 6.08000E+00              -5.50423E-07   2.02593E-02   1.60469E-03   2.40704E-01   1.00293E-04   2.60763E-01
 6.24000E+00              -5.50423E-07   2.02593E-02   1.60469E-03   2.40704E-01   1.00293E-04   2.60763E-01
 6.40000E+00              -5.50423E-07   2.02593E-02   1.60469E-03   2.40704E-01   1.00293E-04   2.60763E-01
 6.56000E+00              -5.50423E-07   2.02593E-02   1.60469E-03   2.40704E-01   1.00293E-04   2.60763E-01
 6.72000E+00              -5.50423E-07   2.02593E-02   1.60469E-03   2.40704E-01   1.00293E-04   2.60763E-01
 6.88000E+00              -5.50423E-07   2.02593E-02   1.60469E-03   2.40704E-01   1.00293E-04   2.60763E-01
 7.04000E+00              -5.50423E-07   2.02593E-02   1.60469E-03   2.40704E-01   1.00293E-04   2.60763E-01
 7.20000E+00              -5.50423E-07   2.02593E-02   1.60469E-03   2.40704E-01   1.00293E-04   2.60763E-01
 7.36000E+00              -5.50423E-07   2.02593E-02   1.60469E-03   2.40704E-01   1.00293E-04   2.60763E-01
 7.52000E+00              -5.50423E-07   2.02593E-02   1.60469E-03   2.40704E-01   1.00293E-04   2.60763E-01
 7.68000E+00              -5.50423E-07   2.02593E-02   1.60469E-03   2.40704E-01   1.00293E-04   2.60763E-01
 7.84000E+00              -5.50423E-07   2.02593E-02   1.60469E-03   2.40704E-01   1.00293E-04   2.60763E-01
 8.00000E+00              -5.50423E-07   2.02593E-02   1.60469E-03   2.40704E-01   1.00293E-04   2.60763E-01
 8.16000E+00              -5.50423E-07   2.02593E-02   1.60469E-03   2.40704E-01   1.00293E-04   2.60763E-01
 8.32000E+00              -5.50423E-07   2.02593E-02   1.60469E-03   2.40704E-01   1.00293E-04   2.60763E-01
 8.48000E+00              -5.50423E-07   2.02593E-02   1.60469E-03   2.40704E-01   1.00293E-04   2.60763E-01
 8.64000E+00              -5.50423E-07   2.02593E-02   1.60469E-03   2.40704E-01   1.00293E-04   2.60763E-01
 8.80000E+00              -5.50423E-07   2.02593E-02   1.60469E-03   2.40704E-01   1.00293E-04   2.60763E-01
 8.96000E+00              -5.50423E-07   2.02593E-02   1.60469E-03   2.40704E-01   1.00293E-04   2.60763E-01
 9.12000E+00              -5.50423E-07   2.02593E-02   1.60469E-03   2.40704E-01   1.00293E-04   2.60763E-01
 9.28000E+00              -5.50423E-07   2.02592E-02   1.60469E-03   2.40704E-01   1.00293E-04   2.60763E-01
 9.44000E+00              -5.50423E-07   2.02592E-02   1.60469E-03   2.40704E-01   1.00293E-04   2.60763E-01
 9.60000E+00              -5.50423E-07   2.02592E-02   1.60469E-03   2.40704E-01   1.00293E-04   2.60763E-01
 9.76000E+00              -5.50423E-07   2.02592E-02   1.60469E-03   2.40704E-01   1.00293E-04   2.60763E-01
 9.92000E+00              -5.50423E-07   2.02592E-02   1.60469E-03   2.40704E-01   1.00293E-04   2.60763E-01
 1.00800E+01              -5.50423E-07   2.02591E-02   1.60469E-03   2.40704E-01   1.00293E-04   2.60763E-01
 1.02400E+01              -5.50423E-07   2.02591E-02   1.60469E-03   2.40704E-01   1.00293E-04   2.60763E-01
 1.04000E+01              -5.50423E-07   2.02589E-02   1.60469E-03   2.40704E-01   1.00293E-04   2.60763E-01
 1.05600E+01              -5.50423E-07   2.02587E-02   1.60469E-03   2.40705E-01   1.00293E-04   2.60763E-01
 1.07200E+01              -5.50423E-07   2.02584E-02   1.60469E-03   2.40705E-01   1.00293E-04   2.60763E-01
 1.08800E+01              -5.50423E-07   2.02580E-02   1.60469E-03   2.40705E-01   1.00293E-04   2.60763E-01
 1.10400E+01              -5.50423E-07   2.02572E-02   1.60469E-03   2.40706E-01   1.00293E-04   2.60763E-01
 1.12000E+01              -5.50423E-07   2.02562E-02   1.60469E-03   2.40707E-01   1.00293E-04   2.60763E-01
 1.13600E+01              -5.50423E-07   2.02546E-02   1.60469E-03   2.40709E-01   1.00293E-04   2.60763E-01
 1.15200E+01              -5.50423E-07   2.02523E-02   1.60470E-03   2.40711E-01   1.00293E-04   2.60763E-01
 1.16800E+01              -5.50423E-07   2.02490E-02   1.60470E-03   2.40714E-01   1.00293E-04   2.60763E-01
 1.18400E+01              -5.50423E-07   2.02443E-02   1.60470E-03   2.40719E-01   1.00294E-04   2.60763E-01
 1.20000E+01              -5.50423E-07   2.02376E-02   1.60470E-03   2.40726E-01   1.00294E-04   2.60763E-01
 1.21600E+01              -5.50423E-07   2.02283E-02   1.60470E-03   2.40735E-01   1.00294E-04   2.60763E-01
 1.23200E+01              -5.50423E-07   2.02155E-02   1.60470E-03   2.40748E-01   1.00294E-04   2.60763E-01
 1.24800E+01              -5.50423E-07   2.01980E-02   1.60471E-03   2.40765E-01   1.00294E-04   2.60763E-01
 1.26400E+01              -5.50423E-07   2.01744E-02   1.60471E-03   2.40789E-01   1.00294E-04   2.60763E-01
 1.28000E+01              -5.50423E-07   2.01429E-02   1.60472E-03   2.40820E-01   1.00295E-04   2.60763E-01
 1.29600E+01              -5.50423E-07   2.01013E-02   1.60473E-03   2.40862E-01   1.00295E-04   2.60763E-01
 1.31200E+01              -5.50423E-07   2.00469E-02   1.60474E-03   2.40916E-01   1.00296E-04   2.60763E-01
 1.32800E+01              -5.50423E-07   1.99765E-02   1.60476E-03   2.40987E-01   1.00296E-04   2.60763E-01
 1.34400E+01              -5.50423E-07   1.98863E-02   1.60478E-03   2.41077E-01   1.00297E-04   2.60763E-01
 1.36000E+01              -5.50423E-07   1.97721E-02   1.60481E-03   2.41191E-01   1.00299E-04   2.60763E-01
 1.37600E+01              -5.50423E-07   1.96289E-02   1.60484E-03   2.41334E-01   1.00300E-04   2.60763E-01
 1.39200E+01              -5.50423E-07   1.94513E-02   1.60488E-03   2.41512E-01   1.00302E-04   2.60763E-01
 1.40800E+01              -5.50423E-07   1.92334E-02   1.60493E-03   2.41730E-01   1.00305E-04   2.60763E-01
 1.42400E+01              -5.50423E-07   1.89691E-02   1.60500E-03   2.41994E-01   1.00308E-04   2.60763E-01
 1.44000E+01              -5.50423E-07   1.86523E-02   1.60507E-03   2.42311E-01   1.00312E-04   2.60763E-01
 1.45600E+01              -5.50423E-07   1.82772E-02   1.60517E-03   2.42686E-01   1.00317E-04   2.60763E-01
 1.47200E+01              -5.50423E-07   1.78389E-02   1.60528E-03   2.43124E-01   1.00324E-04   2.60763E-01
 1.48800E+01              -5.50423E-07   1.73337E-02   1.60542E-03   2.43629E-01   1.00333E-04   2.60763E-01
 1.50400E+01              -5.50423E-07   1.67596E-02   1.60559E-03   2.44203E-01   1.00344E-04   2.60763E-01
 1.52000E+01              -5.50423E-07   1.61174E-02   1.60579E-03   2.44845E-01   1.00359E-04   2.60763E-01
 1.53600E+01              -5.50423E-07   1.54107E-02   1.60604E-03   2.45551E-01   1.00379E-04   2.60763E-01
 1.55200E+01              -5.50423E-07   1.46465E-02   1.60635E-03   2.46315E-01   1.00407E-04   2.60763E-01
 1.56800E+01              -5.50423E-07   1.38353E-02   1.60675E-03   2.47126E-01   1.00448E-04   2.60763E-01
 1.58400E+01              -5.50423E-07   1.29907E-02   1.60728E-03   2.47970E-01   1.00506E-04   2.60763E-01
 1.59600E+01              -5.50423E-07   1.25620E-02   1.60758E-03   2.48398E-01   1.00541E-04   2.60763E-01
