# Units: Mol/m^3 porous medium
 TITLE = " Years"
VARIABLES = "X (meters)", "H+        ", "Cs+       ", "Na+       ", "K+        ", "Ca++      ", "Cl-       ", "
 ZONE F=POINT,I=         101
 4.00000E-02               0.00000E+00   3.26776E+00   5.04163E-03   1.04713E+01   1.26783E-04   0.00000E+00
 1.60000E-01               0.00000E+00   3.26776E+00   5.04163E-03   1.04713E+01   1.26783E-04   0.00000E+00
 3.20000E-01               0.00000E+00   3.26776E+00   5.04163E-03   1.04713E+01   1.26783E-04   0.00000E+00
 4.80000E-01               0.00000E+00   3.26776E+00   5.04163E-03   1.04713E+01   1.26783E-04   0.00000E+00
 6.40000E-01               0.00000E+00   3.26776E+00   5.04163E-03   1.04713E+01   1.26783E-04   0.00000E+00
 8.00000E-01               0.00000E+00   3.26776E+00   5.04163E-03   1.04713E+01   1.26783E-04   0.00000E+00
 9.60000E-01               0.00000E+00   3.26776E+00   5.04163E-03   1.04713E+01   1.26783E-04   0.00000E+00
 1.12000E+00               0.00000E+00   3.26776E+00   5.04163E-03   1.04713E+01   1.26783E-04   0.00000E+00
 1.28000E+00               0.00000E+00   3.26776E+00   5.04163E-03   1.04713E+01   1.26783E-04   0.00000E+00
 1.44000E+00               0.00000E+00   3.26776E+00   5.04163E-03   1.04713E+01   1.26783E-04   0.00000E+00
 1.60000E+00               0.00000E+00   3.26776E+00   5.04163E-03   1.04713E+01   1.26783E-04   0.00000E+00
 1.76000E+00               0.00000E+00   3.26776E+00   5.04163E-03   1.04713E+01   1.26783E-04   0.00000E+00
 1.92000E+00               0.00000E+00   3.26776E+00   5.04163E-03   1.04713E+01   1.26783E-04   0.00000E+00
 2.08000E+00               0.00000E+00   3.26776E+00   5.04163E-03   1.04713E+01   1.26783E-04   0.00000E+00
 2.24000E+00               0.00000E+00   3.26776E+00   5.04163E-03   1.04713E+01   1.26783E-04   0.00000E+00
 2.40000E+00               0.00000E+00   3.26776E+00   5.04163E-03   1.04713E+01   1.26783E-04   0.00000E+00
 2.56000E+00               0.00000E+00   3.26776E+00   5.04163E-03   1.04713E+01   1.26783E-04   0.00000E+00
 2.72000E+00               0.00000E+00   3.26776E+00   5.04163E-03   1.04713E+01   1.26783E-04   0.00000E+00
 2.88000E+00               0.00000E+00   3.26776E+00   5.04163E-03   1.04713E+01   1.26783E-04   0.00000E+00
 3.04000E+00               0.00000E+00   3.26776E+00   5.04163E-03   1.04713E+01   1.26783E-04   0.00000E+00
 3.20000E+00               0.00000E+00   3.26776E+00   5.04163E-03   1.04713E+01   1.26783E-04   0.00000E+00
 3.36000E+00               0.00000E+00   3.26776E+00   5.04163E-03   1.04713E+01   1.26783E-04   0.00000E+00
 3.52000E+00               0.00000E+00   3.26776E+00   5.04163E-03   1.04713E+01   1.26783E-04   0.00000E+00
 3.68000E+00               0.00000E+00   3.26776E+00   5.04163E-03   1.04713E+01   1.26783E-04   0.00000E+00
 3.84000E+00               0.00000E+00   3.26776E+00   5.04163E-03   1.04713E+01   1.26783E-04   0.00000E+00
 4.00000E+00               0.00000E+00   3.26776E+00   5.04163E-03   1.04713E+01   1.26783E-04   0.00000E+00
 4.16000E+00               0.00000E+00   3.26776E+00   5.04163E-03   1.04713E+01   1.26783E-04   0.00000E+00
 4.32000E+00               0.00000E+00   3.26776E+00   5.04163E-03   1.04713E+01   1.26783E-04   0.00000E+00
 4.48000E+00               0.00000E+00   3.26776E+00   5.04163E-03   1.04713E+01   1.26783E-04   0.00000E+00
 4.64000E+00               0.00000E+00   3.26776E+00   5.04163E-03   1.04713E+01   1.26783E-04   0.00000E+00
 4.80000E+00               0.00000E+00   3.26776E+00   5.04163E-03   1.04713E+01   1.26783E-04   0.00000E+00
 4.96000E+00               0.00000E+00   3.26776E+00   5.04163E-03   1.04713E+01   1.26783E-04   0.00000E+00
 5.12000E+00               0.00000E+00   3.26776E+00   5.04163E-03   1.04713E+01   1.26783E-04   0.00000E+00
 5.28000E+00               0.00000E+00   3.26776E+00   5.04163E-03   1.04713E+01   1.26783E-04   0.00000E+00
 5.44000E+00               0.00000E+00   3.26776E+00   5.04163E-03   1.04713E+01   1.26783E-04   0.00000E+00
 5.60000E+00               0.00000E+00   3.26776E+00   5.04163E-03   1.04713E+01   1.26783E-04   0.00000E+00
 5.76000E+00               0.00000E+00   3.26776E+00   5.04163E-03   1.04713E+01   1.26783E-04   0.00000E+00
 5.92000E+00               0.00000E+00   3.26776E+00   5.04163E-03   1.04713E+01   1.26783E-04   0.00000E+00
 6.08000E+00               0.00000E+00   3.26776E+00   5.04163E-03   1.04713E+01   1.26783E-04   0.00000E+00
 6.24000E+00               0.00000E+00   3.26776E+00   5.04163E-03   1.04713E+01   1.26783E-04   0.00000E+00
 6.40000E+00               0.00000E+00   3.26776E+00   5.04163E-03   1.04713E+01   1.26783E-04   0.00000E+00
 6.56000E+00               0.00000E+00   3.26776E+00   5.04163E-03   1.04713E+01   1.26783E-04   0.00000E+00
 6.72000E+00               0.00000E+00   3.26776E+00   5.04163E-03   1.04713E+01   1.26783E-04   0.00000E+00
 6.88000E+00               0.00000E+00   3.26776E+00   5.04163E-03   1.04713E+01   1.26783E-04   0.00000E+00
 7.04000E+00               0.00000E+00   3.26776E+00   5.04163E-03   1.04713E+01   1.26783E-04   0.00000E+00
 7.20000E+00               0.00000E+00   3.26776E+00   5.04163E-03   1.04713E+01   1.26783E-04   0.00000E+00
 7.36000E+00               0.00000E+00   3.26776E+00   5.04163E-03   1.04713E+01   1.26783E-04   0.00000E+00
 7.52000E+00               0.00000E+00   3.26776E+00   5.04163E-03   1.04713E+01   1.26783E-04   0.00000E+00
 7.68000E+00               0.00000E+00   3.26776E+00   5.04163E-03   1.04713E+01   1.26783E-04   0.00000E+00
 7.84000E+00               0.00000E+00   3.26776E+00   5.04163E-03   1.04713E+01   1.26783E-04   0.00000E+00
 8.00000E+00               0.00000E+00   4.36785E+00   4.43495E-03   9.37125E+00   1.11277E-04   0.00000E+00
 8.16000E+00               0.00000E+00   4.36785E+00   4.43495E-03   9.37125E+00   1.11277E-04   0.00000E+00
 8.32000E+00               0.00000E+00   4.36785E+00   4.43495E-03   9.37125E+00   1.11277E-04   0.00000E+00
 8.48000E+00               0.00000E+00   4.36785E+00   4.43495E-03   9.37125E+00   1.11277E-04   0.00000E+00
 8.64000E+00               0.00000E+00   4.36785E+00   4.43495E-03   9.37125E+00   1.11277E-04   0.00000E+00
 8.80000E+00               0.00000E+00   4.36785E+00   4.43495E-03   9.37125E+00   1.11277E-04   0.00000E+00
 8.96000E+00               0.00000E+00   4.36784E+00   4.43495E-03   9.37125E+00   1.11277E-04   0.00000E+00
 9.12000E+00               0.00000E+00   4.36784E+00   4.43495E-03   9.37125E+00   1.11277E-04   0.00000E+00
 9.28000E+00               0.00000E+00   4.36784E+00   4.43495E-03   9.37125E+00   1.11277E-04   0.00000E+00
 9.44000E+00               0.00000E+00   4.36784E+00   4.43495E-03   9.37125E+00   1.11277E-04   0.00000E+00
 9.60000E+00               0.00000E+00   4.36784E+00   4.43495E-03   9.37125E+00   1.11277E-04   0.00000E+00
 9.76000E+00               0.00000E+00   4.36784E+00   4.43495E-03   9.37125E+00   1.11277E-04   0.00000E+00
 9.92000E+00               0.00000E+00   4.36784E+00   4.43495E-03   9.37126E+00   1.11277E-04   0.00000E+00
 1.00800E+01               0.00000E+00   4.36783E+00   4.43495E-03   9.37126E+00   1.11277E-04   0.00000E+00
 1.02400E+01               0.00000E+00   4.36782E+00   4.43496E-03   9.37127E+00   1.11277E-04   0.00000E+00
 1.04000E+01               0.00000E+00   4.36781E+00   4.43496E-03   9.37128E+00   1.11277E-04   0.00000E+00
 1.05600E+01               0.00000E+00   4.36779E+00   4.43496E-03   9.37131E+00   1.11277E-04   0.00000E+00
 1.07200E+01               0.00000E+00   4.36775E+00   4.43497E-03   9.37134E+00   1.11278E-04   0.00000E+00
 1.08800E+01               0.00000E+00   4.36770E+00   4.43498E-03   9.37139E+00   1.11278E-04   0.00000E+00
 1.10400E+01               0.00000E+00   4.36762E+00   4.43500E-03   9.37147E+00   1.11279E-04   0.00000E+00
 1.12000E+01               0.00000E+00   4.36750E+00   4.43503E-03   9.37159E+00   1.11281E-04   0.00000E+00
 1.13600E+01               0.00000E+00   4.36732E+00   4.43507E-03   9.37177E+00   1.11282E-04   0.00000E+00
 1.15200E+01               0.00000E+00   4.36707E+00   4.43513E-03   9.37203E+00   1.11285E-04   0.00000E+00
 1.16800E+01               0.00000E+00   4.36669E+00   4.43522E-03   9.37240E+00   1.11289E-04   0.00000E+00
 1.18400E+01               0.00000E+00   4.36616E+00   4.43534E-03   9.37293E+00   1.11295E-04   0.00000E+00
 1.20000E+01               0.00000E+00   4.36542E+00   4.43551E-03   9.37367E+00   1.11303E-04   0.00000E+00
 1.21600E+01               0.00000E+00   4.36437E+00   4.43575E-03   9.37472E+00   1.11314E-04   0.00000E+00
 1.23200E+01               0.00000E+00   4.36294E+00   4.43608E-03   9.37615E+00   1.11330E-04   0.00000E+00
 1.24800E+01               0.00000E+00   4.36097E+00   4.43653E-03   9.37812E+00   1.11351E-04   0.00000E+00
 1.26400E+01               0.00000E+00   4.35833E+00   4.43714E-03   9.38076E+00   1.11380E-04   0.00000E+00
 1.28000E+01               0.00000E+00   4.35479E+00   4.43796E-03   9.38430E+00   1.11418E-04   0.00000E+00
 1.29600E+01               0.00000E+00   4.35011E+00   4.43904E-03   9.38898E+00   1.11469E-04   0.00000E+00
 1.31200E+01               0.00000E+00   4.34398E+00   4.44045E-03   9.39511E+00   1.11535E-04   0.00000E+00
 1.32800E+01               0.00000E+00   4.33604E+00   4.44227E-03   9.40304E+00   1.11621E-04   0.00000E+00
 1.34400E+01               0.00000E+00   4.32587E+00   4.44462E-03   9.41322E+00   1.11731E-04   0.00000E+00
 1.36000E+01               0.00000E+00   4.31294E+00   4.44759E-03   9.42614E+00   1.11871E-04   0.00000E+00
 1.37600E+01               0.00000E+00   4.29669E+00   4.45132E-03   9.44238E+00   1.12047E-04   0.00000E+00
 1.39200E+01               0.00000E+00   4.27647E+00   4.45595E-03   9.46260E+00   1.12265E-04   0.00000E+00
 1.40800E+01               0.00000E+00   4.25156E+00   4.46166E-03   9.48750E+00   1.12534E-04   0.00000E+00
 1.42400E+01               0.00000E+00   4.22119E+00   4.46860E-03   9.51787E+00   1.12862E-04   0.00000E+00
 1.44000E+01               0.00000E+00   4.18456E+00   4.47696E-03   9.55449E+00   1.13257E-04   0.00000E+00
 1.45600E+01               0.00000E+00   4.14087E+00   4.48690E-03   9.59817E+00   1.13728E-04   0.00000E+00
 1.47200E+01               0.00000E+00   4.08934E+00   4.49860E-03   9.64968E+00   1.14282E-04   0.00000E+00
 1.48800E+01               0.00000E+00   4.02933E+00   4.51219E-03   9.70968E+00   1.14927E-04   0.00000E+00
 1.50400E+01               0.00000E+00   3.96030E+00   4.52776E-03   9.77869E+00   1.15668E-04   0.00000E+00
 1.52000E+01               0.00000E+00   3.88201E+00   4.54538E-03   9.85696E+00   1.16508E-04   0.00000E+00
 1.53600E+01               0.00000E+00   3.79448E+00   4.56502E-03   9.94447E+00   1.17448E-04   0.00000E+00
 1.55200E+01               0.00000E+00   3.69817E+00   4.58660E-03   1.00408E+01   1.18484E-04   0.00000E+00
 1.56800E+01               0.00000E+00   3.59395E+00   4.60995E-03   1.01450E+01   1.19612E-04   0.00000E+00
 1.58400E+01               0.00000E+00   3.48318E+00   4.63486E-03   1.02557E+01   1.20822E-04   0.00000E+00
 1.59600E+01               0.00000E+00   3.42603E+00   4.64772E-03   1.03128E+01   1.21449E-04   0.00000E+00
