# Units: Mol/m^3 porous medium
 TITLE = " Years"
VARIABLES = "X (meters)", "H+        ", "Cs+       ", "Na+       ", "K+        ", "Ca++      ", "Cl-       ", "
 ZONE F=POINT,I=         101
 4.00000E-02               0.00000E+00   3.26776E+00   5.04163E-03   1.04713E+01   1.26783E-04   0.00000E+00
 1.60000E-01               0.00000E+00   3.26766E+00   5.04257E-03   1.04714E+01   1.26830E-04   0.00000E+00
 3.20000E-01               0.00000E+00   3.26677E+00   5.05437E-03   1.04723E+01   1.27426E-04   0.00000E+00
 4.80000E-01               0.00000E+00   3.26255E+00   5.12953E-03   1.04764E+01   1.31281E-04   0.00000E+00
 6.40000E-01               0.00000E+00   3.24891E+00   5.45521E-03   1.04897E+01   1.48307E-04   0.00000E+00
 8.00000E-01               0.00000E+00   3.21469E+00   6.53560E-03   1.05227E+01   2.06158E-04   0.00000E+00
 9.60000E-01               0.00000E+00   3.14392E+00   9.46910E-03   1.05902E+01   3.68405E-04   0.00000E+00
 1.12000E+00               0.00000E+00   3.01833E+00   1.62925E-02   1.07082E+01   7.63742E-04   0.00000E+00
 1.28000E+00               0.00000E+00   2.82244E+00   3.03801E-02   1.08883E+01   1.63760E-03   0.00000E+00
 1.44000E+00               0.00000E+00   2.55041E+00   5.69938E-02   1.11300E+01   3.46031E-03   0.00000E+00
 1.60000E+00               0.00000E+00   2.21328E+00   1.04291E-01   1.14124E+01   7.18394E-03   0.00000E+00
 1.76000E+00               0.00000E+00   1.84326E+00   1.85552E-01   1.16857E+01   1.49126E-02   0.00000E+00
 1.92000E+00               0.00000E+00   1.48942E+00   3.24657E-01   1.18665E+01   3.18797E-02   0.00000E+00
 2.08000E+00               0.00000E+00   1.20084E+00   5.70902E-01   1.18261E+01   7.32518E-02   0.00000E+00
 2.24000E+00               0.00000E+00   1.00287E+00   1.03983E+00   1.13197E+01   1.90963E-01   0.00000E+00
 2.40000E+00               0.00000E+00   8.81790E-01   1.98035E+00   9.75640E+00   5.62914E-01   0.00000E+00
 2.56000E+00               0.00000E+00   8.00667E-01   3.51913E+00   6.61208E+00   1.40625E+00   0.00000E+00
 2.72000E+00               0.00000E+00   7.47772E-01   5.10470E+00   3.54184E+00   2.17503E+00   0.00000E+00
 2.88000E+00               0.00000E+00   7.18101E-01   6.24208E+00   1.99632E+00   2.39393E+00   0.00000E+00
 3.04000E+00               0.00000E+00   7.07296E-01   6.77239E+00   1.54864E+00   2.35802E+00   0.00000E+00
 3.20000E+00               0.00000E+00   7.05029E-01   6.99383E+00   1.46284E+00   2.29134E+00   0.00000E+00
 3.36000E+00               0.00000E+00   7.04655E-01   7.10967E+00   1.44860E+00   2.24072E+00   0.00000E+00
 3.52000E+00               0.00000E+00   7.04601E-01   7.17780E+00   1.44633E+00   2.20782E+00   0.00000E+00
 3.68000E+00               0.00000E+00   7.04596E-01   7.21831E+00   1.44599E+00   2.18774E+00   0.00000E+00
 3.84000E+00               0.00000E+00   7.04597E-01   7.24188E+00   1.44594E+00   2.17598E+00   0.00000E+00
 4.00000E+00               0.00000E+00   7.04599E-01   7.25521E+00   1.44594E+00   2.16931E+00   0.00000E+00
 4.16000E+00               0.00000E+00   7.04599E-01   7.26253E+00   1.44594E+00   2.16565E+00   0.00000E+00
 4.32000E+00               0.00000E+00   7.04599E-01   7.26644E+00   1.44594E+00   2.16370E+00   0.00000E+00
 4.48000E+00               0.00000E+00   7.04600E-01   7.26847E+00   1.44594E+00   2.16268E+00   0.00000E+00
 4.64000E+00               0.00000E+00   7.04600E-01   7.26950E+00   1.44594E+00   2.16217E+00   0.00000E+00
 4.80000E+00               0.00000E+00   7.04600E-01   7.27001E+00   1.44594E+00   2.16191E+00   0.00000E+00
 4.96000E+00               0.00000E+00   7.04600E-01   7.27025E+00   1.44594E+00   2.16179E+00   0.00000E+00
 5.12000E+00               0.00000E+00   7.04600E-01   7.27037E+00   1.44594E+00   2.16173E+00   0.00000E+00
 5.28000E+00               0.00000E+00   7.04600E-01   7.27042E+00   1.44594E+00   2.16171E+00   0.00000E+00
 5.44000E+00               0.00000E+00   7.04600E-01   7.27044E+00   1.44594E+00   2.16169E+00   0.00000E+00
 5.60000E+00               0.00000E+00   7.04600E-01   7.27046E+00   1.44594E+00   2.16169E+00   0.00000E+00
 5.76000E+00               0.00000E+00   7.04600E-01   7.27046E+00   1.44594E+00   2.16169E+00   0.00000E+00
 5.92000E+00               0.00000E+00   7.04600E-01   7.27046E+00   1.44594E+00   2.16168E+00   0.00000E+00
 6.08000E+00               0.00000E+00   7.04600E-01   7.27046E+00   1.44594E+00   2.16168E+00   0.00000E+00
 6.24000E+00               0.00000E+00   7.04600E-01   7.27046E+00   1.44594E+00   2.16168E+00   0.00000E+00
 6.40000E+00               0.00000E+00   7.04600E-01   7.27046E+00   1.44594E+00   2.16168E+00   0.00000E+00
 6.56000E+00               0.00000E+00   7.04600E-01   7.27046E+00   1.44594E+00   2.16168E+00   0.00000E+00
 6.72000E+00               0.00000E+00   7.04600E-01   7.27046E+00   1.44594E+00   2.16168E+00   0.00000E+00
 6.88000E+00               0.00000E+00   7.04600E-01   7.27046E+00   1.44594E+00   2.16168E+00   0.00000E+00
 7.04000E+00               0.00000E+00   7.04600E-01   7.27046E+00   1.44594E+00   2.16168E+00   0.00000E+00
 7.20000E+00               0.00000E+00   7.04600E-01   7.27046E+00   1.44594E+00   2.16168E+00   0.00000E+00
 7.36000E+00               0.00000E+00   7.04600E-01   7.27046E+00   1.44594E+00   2.16168E+00   0.00000E+00
 7.52000E+00               0.00000E+00   7.04600E-01   7.27046E+00   1.44594E+00   2.16168E+00   0.00000E+00
 7.68000E+00               0.00000E+00   7.04600E-01   7.27046E+00   1.44594E+00   2.16168E+00   0.00000E+00
 7.84000E+00               0.00000E+00   7.04600E-01   7.27046E+00   1.44594E+00   2.16168E+00   0.00000E+00
 8.00000E+00               0.00000E+00   2.03422E+00   6.52790E+00   1.38704E+00   1.89730E+00   0.00000E+00
 8.16000E+00               0.00000E+00   2.03422E+00   6.52790E+00   1.38704E+00   1.89730E+00   0.00000E+00
 8.32000E+00               0.00000E+00   2.03422E+00   6.52790E+00   1.38704E+00   1.89730E+00   0.00000E+00
 8.48000E+00               0.00000E+00   2.03422E+00   6.52790E+00   1.38704E+00   1.89730E+00   0.00000E+00
 8.64000E+00               0.00000E+00   2.03422E+00   6.52790E+00   1.38704E+00   1.89730E+00   0.00000E+00
 8.80000E+00               0.00000E+00   2.03422E+00   6.52790E+00   1.38704E+00   1.89730E+00   0.00000E+00
 8.96000E+00               0.00000E+00   2.03422E+00   6.52790E+00   1.38704E+00   1.89730E+00   0.00000E+00
 9.12000E+00               0.00000E+00   2.03422E+00   6.52790E+00   1.38704E+00   1.89730E+00   0.00000E+00
 9.28000E+00               0.00000E+00   2.03422E+00   6.52790E+00   1.38704E+00   1.89730E+00   0.00000E+00
 9.44000E+00               0.00000E+00   2.03422E+00   6.52790E+00   1.38704E+00   1.89730E+00   0.00000E+00
 9.60000E+00               0.00000E+00   2.03422E+00   6.52790E+00   1.38704E+00   1.89730E+00   0.00000E+00
 9.76000E+00               0.00000E+00   2.03422E+00   6.52790E+00   1.38704E+00   1.89730E+00   0.00000E+00
 9.92000E+00               0.00000E+00   2.03422E+00   6.52790E+00   1.38704E+00   1.89730E+00   0.00000E+00
 1.00800E+01               0.00000E+00   2.03422E+00   6.52790E+00   1.38704E+00   1.89730E+00   0.00000E+00
 1.02400E+01               0.00000E+00   2.03422E+00   6.52790E+00   1.38704E+00   1.89730E+00   0.00000E+00
 1.04000E+01               0.00000E+00   2.03422E+00   6.52790E+00   1.38704E+00   1.89730E+00   0.00000E+00
 1.05600E+01               0.00000E+00   2.03422E+00   6.52790E+00   1.38704E+00   1.89730E+00   0.00000E+00
 1.07200E+01               0.00000E+00   2.03422E+00   6.52790E+00   1.38704E+00   1.89730E+00   0.00000E+00
 1.08800E+01               0.00000E+00   2.03422E+00   6.52790E+00   1.38704E+00   1.89730E+00   0.00000E+00
 1.10400E+01               0.00000E+00   2.03422E+00   6.52790E+00   1.38704E+00   1.89730E+00   0.00000E+00
 1.12000E+01               0.00000E+00   2.03422E+00   6.52790E+00   1.38704E+00   1.89730E+00   0.00000E+00
 1.13600E+01               0.00000E+00   2.03422E+00   6.52790E+00   1.38704E+00   1.89730E+00   0.00000E+00
 1.15200E+01               0.00000E+00   2.03422E+00   6.52790E+00   1.38704E+00   1.89730E+00   0.00000E+00
 1.16800E+01               0.00000E+00   2.03422E+00   6.52790E+00   1.38704E+00   1.89730E+00   0.00000E+00
 1.18400E+01               0.00000E+00   2.03422E+00   6.52790E+00   1.38704E+00   1.89730E+00   0.00000E+00
 1.20000E+01               0.00000E+00   2.03422E+00   6.52790E+00   1.38704E+00   1.89730E+00   0.00000E+00
 1.21600E+01               0.00000E+00   2.03422E+00   6.52790E+00   1.38704E+00   1.89730E+00   0.00000E+00
 1.23200E+01               0.00000E+00   2.03422E+00   6.52790E+00   1.38704E+00   1.89730E+00   0.00000E+00
 1.24800E+01               0.00000E+00   2.03422E+00   6.52790E+00   1.38704E+00   1.89730E+00   0.00000E+00
 1.26400E+01               0.00000E+00   2.03422E+00   6.52790E+00   1.38704E+00   1.89730E+00   0.00000E+00
 1.28000E+01               0.00000E+00   2.03422E+00   6.52790E+00   1.38704E+00   1.89730E+00   0.00000E+00
 1.29600E+01               0.00000E+00   2.03422E+00   6.52790E+00   1.38704E+00   1.89730E+00   0.00000E+00
 1.31200E+01               0.00000E+00   2.03422E+00   6.52790E+00   1.38704E+00   1.89730E+00   0.00000E+00
 1.32800E+01               0.00000E+00   2.03422E+00   6.52790E+00   1.38704E+00   1.89730E+00   0.00000E+00
 1.34400E+01               0.00000E+00   2.03422E+00   6.52790E+00   1.38704E+00   1.89730E+00   0.00000E+00
 1.36000E+01               0.00000E+00   2.03422E+00   6.52790E+00   1.38704E+00   1.89730E+00   0.00000E+00
 1.37600E+01               0.00000E+00   2.03422E+00   6.52790E+00   1.38704E+00   1.89730E+00   0.00000E+00
 1.39200E+01               0.00000E+00   2.03422E+00   6.52790E+00   1.38704E+00   1.89730E+00   0.00000E+00
 1.40800E+01               0.00000E+00   2.03422E+00   6.52790E+00   1.38704E+00   1.89730E+00   0.00000E+00
 1.42400E+01               0.00000E+00   2.03422E+00   6.52790E+00   1.38704E+00   1.89730E+00   0.00000E+00
 1.44000E+01               0.00000E+00   2.03422E+00   6.52790E+00   1.38704E+00   1.89730E+00   0.00000E+00
 1.45600E+01               0.00000E+00   2.03422E+00   6.52790E+00   1.38704E+00   1.89730E+00   0.00000E+00
 1.47200E+01               0.00000E+00   2.03422E+00   6.52790E+00   1.38704E+00   1.89730E+00   0.00000E+00
 1.48800E+01               0.00000E+00   2.03422E+00   6.52790E+00   1.38704E+00   1.89730E+00   0.00000E+00
 1.50400E+01               0.00000E+00   2.03422E+00   6.52790E+00   1.38704E+00   1.89730E+00   0.00000E+00
 1.52000E+01               0.00000E+00   2.03422E+00   6.52790E+00   1.38704E+00   1.89730E+00   0.00000E+00
 1.53600E+01               0.00000E+00   2.03422E+00   6.52790E+00   1.38704E+00   1.89730E+00   0.00000E+00
 1.55200E+01               0.00000E+00   2.03422E+00   6.52790E+00   1.38704E+00   1.89730E+00   0.00000E+00
 1.56800E+01               0.00000E+00   2.03422E+00   6.52790E+00   1.38704E+00   1.89730E+00   0.00000E+00
 1.58400E+01               0.00000E+00   2.03422E+00   6.52790E+00   1.38704E+00   1.89730E+00   0.00000E+00
 1.59600E+01               0.00000E+00   2.03422E+00   6.52790E+00   1.38704E+00   1.89730E+00   0.00000E+00
