# Units: Mol/m^3 porous medium
 TITLE = " Years"
VARIABLES = "X (meters)", "H+        ", "Cs+       ", "Na+       ", "K+        ", "Ca++      ", "Cl-       ", "
 ZONE F=POINT,I=         101
 4.00000E-02               0.00000E+00   3.26770E+00   5.04274E-03   1.04714E+01   1.26838E-04   0.00000E+00
 1.60000E-01               0.00000E+00   3.25277E+00   6.31770E-03   1.04849E+01   1.93763E-04   0.00000E+00
 3.20000E-01               0.00000E+00   3.18755E+00   1.38627E-02   1.05417E+01   6.04925E-04   0.00000E+00
 4.80000E-01               0.00000E+00   3.02579E+00   3.83696E-02   1.06761E+01   2.04680E-03   0.00000E+00
 6.40000E-01               0.00000E+00   2.73037E+00   9.78764E-02   1.09039E+01   6.10161E-03   0.00000E+00
 8.00000E-01               0.00000E+00   2.29682E+00   2.23514E-01   1.11900E+01   1.70239E-02   0.00000E+00
 9.60000E-01               0.00000E+00   1.78007E+00   4.78625E-01   1.13884E+01   4.86566E-02   0.00000E+00
 1.12000E+00               0.00000E+00   1.29930E+00   1.01581E+00   1.11188E+01   1.55250E-01   0.00000E+00
 1.28000E+00               0.00000E+00   9.68903E-01   2.17814E+00   9.49772E+00   5.49804E-01   0.00000E+00
 1.44000E+00               0.00000E+00   8.02752E-01   4.05087E+00   5.98075E+00   1.45500E+00   0.00000E+00
 1.60000E+00               0.00000E+00   7.38148E-01   5.75473E+00   2.98830E+00   2.13159E+00   0.00000E+00
 1.76000E+00               0.00000E+00   7.12810E-01   6.73138E+00   1.77195E+00   2.26412E+00   0.00000E+00
 1.92000E+00               0.00000E+00   7.05964E-01   7.07204E+00   1.49746E+00   2.23445E+00   0.00000E+00
 2.08000E+00               0.00000E+00   7.04793E-01   7.18565E+00   1.45340E+00   2.20026E+00   0.00000E+00
 2.24000E+00               0.00000E+00   7.04624E-01   7.23241E+00   1.44698E+00   2.18018E+00   0.00000E+00
 2.40000E+00               0.00000E+00   7.04602E-01   7.25359E+00   1.44608E+00   2.17005E+00   0.00000E+00
 2.56000E+00               0.00000E+00   7.04599E-01   7.26320E+00   1.44596E+00   2.16531E+00   0.00000E+00
 2.72000E+00               0.00000E+00   7.04599E-01   7.26745E+00   1.44594E+00   2.16319E+00   0.00000E+00
 2.88000E+00               0.00000E+00   7.04599E-01   7.26925E+00   1.44594E+00   2.16229E+00   0.00000E+00
 3.04000E+00               0.00000E+00   7.04600E-01   7.26999E+00   1.44594E+00   2.16192E+00   0.00000E+00
 3.20000E+00               0.00000E+00   7.04600E-01   7.27029E+00   1.44594E+00   2.16177E+00   0.00000E+00
 3.36000E+00               0.00000E+00   7.04600E-01   7.27040E+00   1.44594E+00   2.16172E+00   0.00000E+00
 3.52000E+00               0.00000E+00   7.04600E-01   7.27044E+00   1.44594E+00   2.16170E+00   0.00000E+00
 3.68000E+00               0.00000E+00   7.04600E-01   7.27046E+00   1.44594E+00   2.16169E+00   0.00000E+00
 3.84000E+00               0.00000E+00   7.04600E-01   7.27046E+00   1.44594E+00   2.16169E+00   0.00000E+00
 4.00000E+00               0.00000E+00   7.04600E-01   7.27046E+00   1.44594E+00   2.16168E+00   0.00000E+00
 4.16000E+00               0.00000E+00   7.04600E-01   7.27046E+00   1.44594E+00   2.16168E+00   0.00000E+00
 4.32000E+00               0.00000E+00   7.04600E-01   7.27046E+00   1.44594E+00   2.16168E+00   0.00000E+00
 4.48000E+00               0.00000E+00   7.04600E-01   7.27046E+00   1.44594E+00   2.16168E+00   0.00000E+00
 4.64000E+00               0.00000E+00   7.04600E-01   7.27046E+00   1.44594E+00   2.16168E+00   0.00000E+00
 4.80000E+00               0.00000E+00   7.04600E-01   7.27046E+00   1.44594E+00   2.16168E+00   0.00000E+00
 4.96000E+00               0.00000E+00   7.04600E-01   7.27046E+00   1.44594E+00   2.16168E+00   0.00000E+00
 5.12000E+00               0.00000E+00   7.04600E-01   7.27046E+00   1.44594E+00   2.16168E+00   0.00000E+00
 5.28000E+00               0.00000E+00   7.04600E-01   7.27046E+00   1.44594E+00   2.16168E+00   0.00000E+00
 5.44000E+00               0.00000E+00   7.04600E-01   7.27046E+00   1.44594E+00   2.16168E+00   0.00000E+00
 5.60000E+00               0.00000E+00   7.04600E-01   7.27046E+00   1.44594E+00   2.16168E+00   0.00000E+00
 5.76000E+00               0.00000E+00   7.04600E-01   7.27046E+00   1.44594E+00   2.16168E+00   0.00000E+00
 5.92000E+00               0.00000E+00   7.04600E-01   7.27046E+00   1.44594E+00   2.16168E+00   0.00000E+00
 6.08000E+00               0.00000E+00   7.04600E-01   7.27046E+00   1.44594E+00   2.16168E+00   0.00000E+00
 6.24000E+00               0.00000E+00   7.04600E-01   7.27046E+00   1.44594E+00   2.16168E+00   0.00000E+00
 6.40000E+00               0.00000E+00   7.04600E-01   7.27046E+00   1.44594E+00   2.16168E+00   0.00000E+00
 6.56000E+00               0.00000E+00   7.04600E-01   7.27046E+00   1.44594E+00   2.16168E+00   0.00000E+00
 6.72000E+00               0.00000E+00   7.04600E-01   7.27046E+00   1.44594E+00   2.16168E+00   0.00000E+00
 6.88000E+00               0.00000E+00   7.04600E-01   7.27046E+00   1.44594E+00   2.16168E+00   0.00000E+00
 7.04000E+00               0.00000E+00   7.04600E-01   7.27046E+00   1.44594E+00   2.16168E+00   0.00000E+00
 7.20000E+00               0.00000E+00   7.04600E-01   7.27046E+00   1.44594E+00   2.16168E+00   0.00000E+00
 7.36000E+00               0.00000E+00   7.04600E-01   7.27046E+00   1.44594E+00   2.16168E+00   0.00000E+00
 7.52000E+00               0.00000E+00   7.04600E-01   7.27046E+00   1.44594E+00   2.16168E+00   0.00000E+00
 7.68000E+00               0.00000E+00   7.04600E-01   7.27046E+00   1.44594E+00   2.16168E+00   0.00000E+00
 7.84000E+00               0.00000E+00   7.04600E-01   7.27046E+00   1.44594E+00   2.16168E+00   0.00000E+00
 8.00000E+00               0.00000E+00   2.03422E+00   6.52790E+00   1.38704E+00   1.89730E+00   0.00000E+00
 8.16000E+00               0.00000E+00   2.03422E+00   6.52790E+00   1.38704E+00   1.89730E+00   0.00000E+00
 8.32000E+00               0.00000E+00   2.03422E+00   6.52790E+00   1.38704E+00   1.89730E+00   0.00000E+00
 8.48000E+00               0.00000E+00   2.03422E+00   6.52790E+00   1.38704E+00   1.89730E+00   0.00000E+00
 8.64000E+00               0.00000E+00   2.03422E+00   6.52790E+00   1.38704E+00   1.89730E+00   0.00000E+00
 8.80000E+00               0.00000E+00   2.03422E+00   6.52790E+00   1.38704E+00   1.89730E+00   0.00000E+00
 8.96000E+00               0.00000E+00   2.03422E+00   6.52790E+00   1.38704E+00   1.89730E+00   0.00000E+00
 9.12000E+00               0.00000E+00   2.03422E+00   6.52790E+00   1.38704E+00   1.89730E+00   0.00000E+00
 9.28000E+00               0.00000E+00   2.03422E+00   6.52790E+00   1.38704E+00   1.89730E+00   0.00000E+00
 9.44000E+00               0.00000E+00   2.03422E+00   6.52790E+00   1.38704E+00   1.89730E+00   0.00000E+00
 9.60000E+00               0.00000E+00   2.03422E+00   6.52790E+00   1.38704E+00   1.89730E+00   0.00000E+00
 9.76000E+00               0.00000E+00   2.03422E+00   6.52790E+00   1.38704E+00   1.89730E+00   0.00000E+00
 9.92000E+00               0.00000E+00   2.03422E+00   6.52790E+00   1.38704E+00   1.89730E+00   0.00000E+00
 1.00800E+01               0.00000E+00   2.03422E+00   6.52790E+00   1.38704E+00   1.89730E+00   0.00000E+00
 1.02400E+01               0.00000E+00   2.03422E+00   6.52790E+00   1.38704E+00   1.89730E+00   0.00000E+00
 1.04000E+01               0.00000E+00   2.03422E+00   6.52790E+00   1.38704E+00   1.89730E+00   0.00000E+00
 1.05600E+01               0.00000E+00   2.03422E+00   6.52790E+00   1.38704E+00   1.89730E+00   0.00000E+00
 1.07200E+01               0.00000E+00   2.03422E+00   6.52790E+00   1.38704E+00   1.89730E+00   0.00000E+00
 1.08800E+01               0.00000E+00   2.03422E+00   6.52790E+00   1.38704E+00   1.89730E+00   0.00000E+00
 1.10400E+01               0.00000E+00   2.03422E+00   6.52790E+00   1.38704E+00   1.89730E+00   0.00000E+00
 1.12000E+01               0.00000E+00   2.03422E+00   6.52790E+00   1.38704E+00   1.89730E+00   0.00000E+00
 1.13600E+01               0.00000E+00   2.03422E+00   6.52790E+00   1.38704E+00   1.89730E+00   0.00000E+00
 1.15200E+01               0.00000E+00   2.03422E+00   6.52790E+00   1.38704E+00   1.89730E+00   0.00000E+00
 1.16800E+01               0.00000E+00   2.03422E+00   6.52790E+00   1.38704E+00   1.89730E+00   0.00000E+00
 1.18400E+01               0.00000E+00   2.03422E+00   6.52790E+00   1.38704E+00   1.89730E+00   0.00000E+00
 1.20000E+01               0.00000E+00   2.03422E+00   6.52790E+00   1.38704E+00   1.89730E+00   0.00000E+00
 1.21600E+01               0.00000E+00   2.03422E+00   6.52790E+00   1.38704E+00   1.89730E+00   0.00000E+00
 1.23200E+01               0.00000E+00   2.03422E+00   6.52790E+00   1.38704E+00   1.89730E+00   0.00000E+00
 1.24800E+01               0.00000E+00   2.03422E+00   6.52790E+00   1.38704E+00   1.89730E+00   0.00000E+00
 1.26400E+01               0.00000E+00   2.03422E+00   6.52790E+00   1.38704E+00   1.89730E+00   0.00000E+00
 1.28000E+01               0.00000E+00   2.03422E+00   6.52790E+00   1.38704E+00   1.89730E+00   0.00000E+00
 1.29600E+01               0.00000E+00   2.03422E+00   6.52790E+00   1.38704E+00   1.89730E+00   0.00000E+00
 1.31200E+01               0.00000E+00   2.03422E+00   6.52790E+00   1.38704E+00   1.89730E+00   0.00000E+00
 1.32800E+01               0.00000E+00   2.03422E+00   6.52790E+00   1.38704E+00   1.89730E+00   0.00000E+00
 1.34400E+01               0.00000E+00   2.03422E+00   6.52790E+00   1.38704E+00   1.89730E+00   0.00000E+00
 1.36000E+01               0.00000E+00   2.03422E+00   6.52790E+00   1.38704E+00   1.89730E+00   0.00000E+00
 1.37600E+01               0.00000E+00   2.03422E+00   6.52790E+00   1.38704E+00   1.89730E+00   0.00000E+00
 1.39200E+01               0.00000E+00   2.03422E+00   6.52790E+00   1.38704E+00   1.89730E+00   0.00000E+00
 1.40800E+01               0.00000E+00   2.03422E+00   6.52790E+00   1.38704E+00   1.89730E+00   0.00000E+00
 1.42400E+01               0.00000E+00   2.03422E+00   6.52790E+00   1.38704E+00   1.89730E+00   0.00000E+00
 1.44000E+01               0.00000E+00   2.03422E+00   6.52790E+00   1.38704E+00   1.89730E+00   0.00000E+00
 1.45600E+01               0.00000E+00   2.03422E+00   6.52790E+00   1.38704E+00   1.89730E+00   0.00000E+00
 1.47200E+01               0.00000E+00   2.03422E+00   6.52790E+00   1.38704E+00   1.89730E+00   0.00000E+00
 1.48800E+01               0.00000E+00   2.03422E+00   6.52790E+00   1.38704E+00   1.89730E+00   0.00000E+00
 1.50400E+01               0.00000E+00   2.03422E+00   6.52790E+00   1.38704E+00   1.89730E+00   0.00000E+00
 1.52000E+01               0.00000E+00   2.03422E+00   6.52790E+00   1.38704E+00   1.89730E+00   0.00000E+00
 1.53600E+01               0.00000E+00   2.03422E+00   6.52790E+00   1.38704E+00   1.89730E+00   0.00000E+00
 1.55200E+01               0.00000E+00   2.03422E+00   6.52790E+00   1.38704E+00   1.89730E+00   0.00000E+00
 1.56800E+01               0.00000E+00   2.03422E+00   6.52790E+00   1.38704E+00   1.89730E+00   0.00000E+00
 1.58400E+01               0.00000E+00   2.03422E+00   6.52790E+00   1.38704E+00   1.89730E+00   0.00000E+00
 1.59600E+01               0.00000E+00   2.03422E+00   6.52790E+00   1.38704E+00   1.89730E+00   0.00000E+00
