# Units: Mol/m^3 porous medium
 TITLE = " Years"
VARIABLES = "X (meters)", "H+        ", "Cs+       ", "Na+       ", "K+        ", "Ca++      ", "Cl-       ", "
 ZONE F=POINT,I=         101
 4.00000E-02               0.00000E+00   3.26776E+00   5.04163E-03   1.04713E+01   1.26783E-04   0.00000E+00
 1.60000E-01               0.00000E+00   3.26776E+00   5.04163E-03   1.04713E+01   1.26783E-04   0.00000E+00
 3.20000E-01               0.00000E+00   3.26776E+00   5.04163E-03   1.04713E+01   1.26783E-04   0.00000E+00
 4.80000E-01               0.00000E+00   3.26776E+00   5.04163E-03   1.04713E+01   1.26783E-04   0.00000E+00
 6.40000E-01               0.00000E+00   3.26776E+00   5.04163E-03   1.04713E+01   1.26783E-04   0.00000E+00
 8.00000E-01               0.00000E+00   3.26776E+00   5.04163E-03   1.04713E+01   1.26783E-04   0.00000E+00
 9.60000E-01               0.00000E+00   3.26776E+00   5.04163E-03   1.04713E+01   1.26783E-04   0.00000E+00
 1.12000E+00               0.00000E+00   3.26775E+00   5.04163E-03   1.04713E+01   1.26783E-04   0.00000E+00
 1.28000E+00               0.00000E+00   3.26773E+00   5.04164E-03   1.04713E+01   1.26784E-04   0.00000E+00
 1.44000E+00               0.00000E+00   3.26765E+00   5.04167E-03   1.04714E+01   1.26785E-04   0.00000E+00
 1.60000E+00               0.00000E+00   3.26743E+00   5.04177E-03   1.04716E+01   1.26790E-04   0.00000E+00
 1.76000E+00               0.00000E+00   3.26688E+00   5.04208E-03   1.04722E+01   1.26804E-04   0.00000E+00
 1.92000E+00               0.00000E+00   3.26563E+00   5.04292E-03   1.04734E+01   1.26845E-04   0.00000E+00
 2.08000E+00               0.00000E+00   3.26297E+00   5.04512E-03   1.04761E+01   1.26952E-04   0.00000E+00
 2.24000E+00               0.00000E+00   3.25772E+00   5.05058E-03   1.04813E+01   1.27222E-04   0.00000E+00
 2.40000E+00               0.00000E+00   3.24804E+00   5.06343E-03   1.04910E+01   1.27866E-04   0.00000E+00
 2.56000E+00               0.00000E+00   3.23121E+00   5.09219E-03   1.05078E+01   1.29335E-04   0.00000E+00
 2.72000E+00               0.00000E+00   3.20362E+00   5.15358E-03   1.05353E+01   1.32540E-04   0.00000E+00
 2.88000E+00               0.00000E+00   3.16074E+00   5.27885E-03   1.05781E+01   1.39235E-04   0.00000E+00
 3.04000E+00               0.00000E+00   3.09742E+00   5.52354E-03   1.06411E+01   1.52670E-04   0.00000E+00
 3.20000E+00               0.00000E+00   3.00839E+00   5.98217E-03   1.07296E+01   1.78632E-04   0.00000E+00
 3.36000E+00               0.00000E+00   2.88917E+00   6.80880E-03   1.08479E+01   2.27093E-04   0.00000E+00
 3.52000E+00               0.00000E+00   2.73713E+00   8.24481E-03   1.09984E+01   3.14729E-04   0.00000E+00
 3.68000E+00               0.00000E+00   2.55271E+00   1.06548E-02   1.11801E+01   4.68748E-04   0.00000E+00
 3.84000E+00               0.00000E+00   2.34050E+00   1.45715E-02   1.13878E+01   7.32705E-04   0.00000E+00
 4.00000E+00               0.00000E+00   2.10954E+00   2.07525E-02   1.16117E+01   1.17553E-03   0.00000E+00
 4.16000E+00               0.00000E+00   1.87270E+00   3.02541E-02   1.18376E+01   1.90623E-03   0.00000E+00
 4.32000E+00               0.00000E+00   1.64466E+00   4.45403E-02   1.20490E+01   3.09982E-03   0.00000E+00
 4.48000E+00               0.00000E+00   1.43918E+00   6.56658E-02   1.22294E+01   5.04661E-03   0.00000E+00
 4.64000E+00               0.00000E+00   1.26628E+00   9.66154E-02   1.23650E+01   8.25390E-03   0.00000E+00
 4.80000E+00               0.00000E+00   1.13063E+00   1.41978E-01   1.24444E+01   1.36715E-02   0.00000E+00
 4.96000E+00               0.00000E+00   1.03147E+00   2.09360E-01   1.24571E+01   2.32357E-02   0.00000E+00
 5.12000E+00               0.00000E+00   9.63829E-01   3.12539E-01   1.23853E+01   4.13286E-02   0.00000E+00
 5.28000E+00               0.00000E+00   9.20114E-01   4.79102E-01   1.21867E+01   7.92141E-02   0.00000E+00
 5.44000E+00               0.00000E+00   8.91041E-01   7.69929E-01   1.17427E+01   1.70369E-01   0.00000E+00
 5.60000E+00               0.00000E+00   8.64371E-01   1.32110E+00   1.07122E+01   4.23361E-01   0.00000E+00
 5.76000E+00               0.00000E+00   8.24562E-01   2.32119E+00   8.43020E+00   1.08421E+00   0.00000E+00
 5.92000E+00               0.00000E+00   7.74845E-01   3.63675E+00   5.21555E+00   2.05861E+00   0.00000E+00
 6.08000E+00               0.00000E+00   7.35854E-01   4.88266E+00   2.83880E+00   2.64352E+00   0.00000E+00
 6.24000E+00               0.00000E+00   7.13378E-01   5.78388E+00   1.78830E+00   2.72940E+00   0.00000E+00
 6.40000E+00               0.00000E+00   7.06205E-01   6.24799E+00   1.50927E+00   2.64045E+00   0.00000E+00
 6.56000E+00               0.00000E+00   7.04787E-01   6.51854E+00   1.45623E+00   2.53241E+00   0.00000E+00
 6.72000E+00               0.00000E+00   7.04567E-01   6.71493E+00   1.44726E+00   2.43881E+00   0.00000E+00
 6.88000E+00               0.00000E+00   7.04550E-01   6.86586E+00   1.44591E+00   2.36402E+00   0.00000E+00
 7.04000E+00               0.00000E+00   7.04562E-01   6.98096E+00   1.44579E+00   2.30653E+00   0.00000E+00
 7.20000E+00               0.00000E+00   7.04574E-01   7.06687E+00   1.44583E+00   2.26355E+00   0.00000E+00
 7.36000E+00               0.00000E+00   7.04583E-01   7.12961E+00   1.44587E+00   2.23215E+00   0.00000E+00
 7.52000E+00               0.00000E+00   7.04589E-01   7.17451E+00   1.44590E+00   2.20969E+00   0.00000E+00
 7.68000E+00               0.00000E+00   7.04593E-01   7.20604E+00   1.44592E+00   2.19391E+00   0.00000E+00
 7.84000E+00               0.00000E+00   7.04595E-01   7.22781E+00   1.44592E+00   2.18302E+00   0.00000E+00
 8.00000E+00               0.00000E+00   2.03422E+00   6.50317E+00   1.38711E+00   1.90962E+00   0.00000E+00
 8.16000E+00               0.00000E+00   2.03422E+00   6.51186E+00   1.38706E+00   1.90530E+00   0.00000E+00
 8.32000E+00               0.00000E+00   2.03422E+00   6.51763E+00   1.38704E+00   1.90243E+00   0.00000E+00
 8.48000E+00               0.00000E+00   2.03422E+00   6.52140E+00   1.38704E+00   1.90055E+00   0.00000E+00
 8.64000E+00               0.00000E+00   2.03422E+00   6.52384E+00   1.38704E+00   1.89933E+00   0.00000E+00
 8.80000E+00               0.00000E+00   2.03422E+00   6.52539E+00   1.38704E+00   1.89855E+00   0.00000E+00
 8.96000E+00               0.00000E+00   2.03422E+00   6.52637E+00   1.38704E+00   1.89806E+00   0.00000E+00
 9.12000E+00               0.00000E+00   2.03422E+00   6.52698E+00   1.38704E+00   1.89776E+00   0.00000E+00
 9.28000E+00               0.00000E+00   2.03422E+00   6.52735E+00   1.38704E+00   1.89757E+00   0.00000E+00
 9.44000E+00               0.00000E+00   2.03422E+00   6.52758E+00   1.38704E+00   1.89746E+00   0.00000E+00
 9.60000E+00               0.00000E+00   2.03422E+00   6.52771E+00   1.38704E+00   1.89739E+00   0.00000E+00
 9.76000E+00               0.00000E+00   2.03422E+00   6.52779E+00   1.38704E+00   1.89735E+00   0.00000E+00
 9.92000E+00               0.00000E+00   2.03422E+00   6.52784E+00   1.38704E+00   1.89733E+00   0.00000E+00
 1.00800E+01               0.00000E+00   2.03422E+00   6.52786E+00   1.38704E+00   1.89731E+00   0.00000E+00
 1.02400E+01               0.00000E+00   2.03422E+00   6.52788E+00   1.38704E+00   1.89731E+00   0.00000E+00
 1.04000E+01               0.00000E+00   2.03422E+00   6.52789E+00   1.38704E+00   1.89730E+00   0.00000E+00
 1.05600E+01               0.00000E+00   2.03422E+00   6.52789E+00   1.38704E+00   1.89730E+00   0.00000E+00
 1.07200E+01               0.00000E+00   2.03422E+00   6.52790E+00   1.38704E+00   1.89730E+00   0.00000E+00
 1.08800E+01               0.00000E+00   2.03422E+00   6.52790E+00   1.38704E+00   1.89730E+00   0.00000E+00
 1.10400E+01               0.00000E+00   2.03422E+00   6.52790E+00   1.38704E+00   1.89730E+00   0.00000E+00
 1.12000E+01               0.00000E+00   2.03422E+00   6.52790E+00   1.38704E+00   1.89730E+00   0.00000E+00
 1.13600E+01               0.00000E+00   2.03422E+00   6.52790E+00   1.38704E+00   1.89730E+00   0.00000E+00
 1.15200E+01               0.00000E+00   2.03422E+00   6.52790E+00   1.38704E+00   1.89730E+00   0.00000E+00
 1.16800E+01               0.00000E+00   2.03422E+00   6.52790E+00   1.38704E+00   1.89730E+00   0.00000E+00
 1.18400E+01               0.00000E+00   2.03422E+00   6.52790E+00   1.38704E+00   1.89730E+00   0.00000E+00
 1.20000E+01               0.00000E+00   2.03422E+00   6.52790E+00   1.38704E+00   1.89730E+00   0.00000E+00
 1.21600E+01               0.00000E+00   2.03422E+00   6.52790E+00   1.38704E+00   1.89730E+00   0.00000E+00
 1.23200E+01               0.00000E+00   2.03422E+00   6.52790E+00   1.38704E+00   1.89730E+00   0.00000E+00
 1.24800E+01               0.00000E+00   2.03422E+00   6.52790E+00   1.38704E+00   1.89730E+00   0.00000E+00
 1.26400E+01               0.00000E+00   2.03422E+00   6.52790E+00   1.38704E+00   1.89730E+00   0.00000E+00
 1.28000E+01               0.00000E+00   2.03422E+00   6.52790E+00   1.38704E+00   1.89730E+00   0.00000E+00
 1.29600E+01               0.00000E+00   2.03422E+00   6.52790E+00   1.38704E+00   1.89730E+00   0.00000E+00
 1.31200E+01               0.00000E+00   2.03422E+00   6.52790E+00   1.38704E+00   1.89730E+00   0.00000E+00
 1.32800E+01               0.00000E+00   2.03422E+00   6.52790E+00   1.38704E+00   1.89730E+00   0.00000E+00
 1.34400E+01               0.00000E+00   2.03422E+00   6.52790E+00   1.38704E+00   1.89730E+00   0.00000E+00
 1.36000E+01               0.00000E+00   2.03422E+00   6.52790E+00   1.38704E+00   1.89730E+00   0.00000E+00
 1.37600E+01               0.00000E+00   2.03422E+00   6.52790E+00   1.38704E+00   1.89730E+00   0.00000E+00
 1.39200E+01               0.00000E+00   2.03422E+00   6.52790E+00   1.38704E+00   1.89730E+00   0.00000E+00
 1.40800E+01               0.00000E+00   2.03422E+00   6.52790E+00   1.38704E+00   1.89730E+00   0.00000E+00
 1.42400E+01               0.00000E+00   2.03422E+00   6.52790E+00   1.38704E+00   1.89730E+00   0.00000E+00
 1.44000E+01               0.00000E+00   2.03422E+00   6.52790E+00   1.38704E+00   1.89730E+00   0.00000E+00
 1.45600E+01               0.00000E+00   2.03422E+00   6.52790E+00   1.38704E+00   1.89730E+00   0.00000E+00
 1.47200E+01               0.00000E+00   2.03422E+00   6.52790E+00   1.38704E+00   1.89730E+00   0.00000E+00
 1.48800E+01               0.00000E+00   2.03422E+00   6.52790E+00   1.38704E+00   1.89730E+00   0.00000E+00
 1.50400E+01               0.00000E+00   2.03422E+00   6.52790E+00   1.38704E+00   1.89730E+00   0.00000E+00
 1.52000E+01               0.00000E+00   2.03422E+00   6.52790E+00   1.38704E+00   1.89730E+00   0.00000E+00
 1.53600E+01               0.00000E+00   2.03422E+00   6.52790E+00   1.38704E+00   1.89730E+00   0.00000E+00
 1.55200E+01               0.00000E+00   2.03422E+00   6.52790E+00   1.38704E+00   1.89730E+00   0.00000E+00
 1.56800E+01               0.00000E+00   2.03422E+00   6.52790E+00   1.38704E+00   1.89730E+00   0.00000E+00
 1.58400E+01               0.00000E+00   2.03422E+00   6.52790E+00   1.38704E+00   1.89730E+00   0.00000E+00
 1.59600E+01               0.00000E+00   2.03422E+00   6.52790E+00   1.38704E+00   1.89730E+00   0.00000E+00
