
Press Enter to Continue.

    ------------------------------------------------
          M     M  I  N     N  333333  PPPPPP       
          MM   MM  I  NN    N       3  P    P       
          M M M M  I  N N   N       3  P    P       
          M  M  M  I  N  N  N    3333  PPPPPP       
          M     M  I  N   N N       3  P            
          M     M  I  N    NN       3  P            
          M     M  I  N     N  333333  P            

                     Version 1.1

          A Numerical Model for the Analysis
                       of the
                Geochemical Evolution
                         of
              Mineral-Water-Gas-Systems

                  (c) 2000 U. Mayer
    ------------------------------------------------


    now provide prefix of problem filename ...


 ~/gas_advection/min3p-database/                                                                                                                                                                                                                                 
 
 ch4-source  
 ------------------------------------------------------------------------
 number of parallel reaction pathways 1
 searching for log rate constant:
 searching for activation energy:
 searching for exponent m:
 searching for exponent n:
 searching for shrinking core parameters:
 searching for fractional order terms: T^a
 searching for fractional order terms: C^c
 searching for fractional order terms: C_x
 searching for hyperbolic terms: T^a
 searching for inhibition terms: T^a
 searching for hyperbolic terms: C^c
 searching for inhibition terms: C^c
 searching for hyperbolic terms: phi^m
 searching for inhibition terms: phi^m
 10
 initial condition - variably saturated flow
 ------------------------------------------------------------------------
 
 boundary conditions - variably saturated flow
 ------------------------------------------------------------------------

 initial condition - reactive transport
 ------------------------------------------------------------------------

 boundary conditions - reactive transport
 ------------------------------------------------------------------------

 steady state flow - variably saturated conditions
 ------------------------------------------------------------------------

 enter timeloop
 ------------------------------------------------------------------------
 timestep:       10  time: 6.827E-05 seconds      delt: 5.120E-05 seconds     
 timestep:       21  time: 3.438E+00 seconds      delt: 1.307E+00 seconds     
 timestep:       32  time: 2.835E+01 seconds      delt: 2.520E+00 seconds     
 timestep:       43  time: 5.705E+01 seconds      delt: 2.729E+00 seconds     
 timestep:       54  time: 9.002E+01 seconds      delt: 3.094E+00 seconds     

 write contour data, T =   1.0000E+02 seconds     
 ------------------------------------------------------------------------

 timestep:       65  time: 1.178E+02 seconds      delt: 3.127E+00 seconds     
 timestep:       76  time: 1.517E+02 seconds      delt: 3.179E+00 seconds     
 timestep:       87  time: 1.862E+02 seconds      delt: 3.124E+00 seconds     
 timestep:       98  time: 2.238E+02 seconds      delt: 3.526E+00 seconds     
 timestep:      109  time: 2.621E+02 seconds      delt: 3.429E+00 seconds     
 timestep:      120  time: 3.009E+02 seconds      delt: 3.571E+00 seconds     
 timestep:      131  time: 3.397E+02 seconds      delt: 3.472E+00 seconds     
 timestep:      142  time: 3.799E+02 seconds      delt: 3.685E+00 seconds     
 timestep:      153  time: 4.198E+02 seconds      delt: 3.568E+00 seconds     
 timestep:      164  time: 4.597E+02 seconds      delt: 3.685E+00 seconds     
 timestep:      175  time: 4.996E+02 seconds      delt: 3.568E+00 seconds     
 timestep:      186  time: 5.397E+02 seconds      delt: 3.629E+00 seconds     
 timestep:      197  time: 5.803E+02 seconds      delt: 3.748E+00 seconds     
 timestep:      208  time: 6.208E+02 seconds      delt: 3.629E+00 seconds     
 timestep:      219  time: 6.617E+02 seconds      delt: 3.748E+00 seconds     
 timestep:      230  time: 7.037E+02 seconds      delt: 3.871E+00 seconds     
 timestep:      241  time: 7.456E+02 seconds      delt: 3.808E+00 seconds     
 timestep:      252  time: 7.878E+02 seconds      delt: 3.863E+00 seconds     
 timestep:      263  time: 8.303E+02 seconds      delt: 3.919E+00 seconds     
 timestep:      274  time: 8.729E+02 seconds      delt: 3.975E+00 seconds     
 timestep:      285  time: 9.159E+02 seconds      delt: 3.841E+00 seconds     
 timestep:      296  time: 9.588E+02 seconds      delt: 3.896E+00 seconds     
 timestep:      307  time: 1.000E+03 seconds      delt: 1.538E+00 seconds     

 write contour data, T =   1.0000E+03 seconds     
 ------------------------------------------------------------------------

 timestep:      317  time: 1.023E+03 seconds      delt: 1.547E+00 seconds     
 timestep:      328  time: 1.041E+03 seconds      delt: 1.621E+00 seconds     
 timestep:      338  time: 1.058E+03 seconds      delt: 1.711E+00 seconds     
 timestep:      349  time: 1.076E+03 seconds      delt: 1.627E+00 seconds     
 timestep:      360  time: 1.094E+03 seconds      delt: 1.602E+00 seconds     
 timestep:      371  time: 1.112E+03 seconds      delt: 1.683E+00 seconds     
 timestep:      382  time: 1.130E+03 seconds      delt: 1.605E+00 seconds     
 timestep:      393  time: 1.148E+03 seconds      delt: 1.632E+00 seconds     
 timestep:      404  time: 1.166E+03 seconds      delt: 1.659E+00 seconds     
 timestep:      415  time: 1.184E+03 seconds      delt: 1.683E+00 seconds     
 timestep:      426  time: 1.203E+03 seconds      delt: 1.626E+00 seconds     
 timestep:      437  time: 1.221E+03 seconds      delt: 1.650E+00 seconds     
 timestep:      448  time: 1.239E+03 seconds      delt: 1.649E+00 seconds     
 timestep:      459  time: 1.257E+03 seconds      delt: 1.677E+00 seconds     
 timestep:      470  time: 1.276E+03 seconds      delt: 1.648E+00 seconds     
 timestep:      481  time: 1.294E+03 seconds      delt: 1.671E+00 seconds     
 timestep:      492  time: 1.312E+03 seconds      delt: 1.695E+00 seconds     
 timestep:      503  time: 1.331E+03 seconds      delt: 1.638E+00 seconds     
 timestep:      514  time: 1.349E+03 seconds      delt: 1.665E+00 seconds     
 timestep:      525  time: 1.368E+03 seconds      delt: 1.665E+00 seconds     
 timestep:      536  time: 1.386E+03 seconds      delt: 1.689E+00 seconds     
 timestep:      547  time: 1.405E+03 seconds      delt: 1.713E+00 seconds     
 timestep:      558  time: 1.423E+03 seconds      delt: 1.655E+00 seconds     
 timestep:      569  time: 1.442E+03 seconds      delt: 1.654E+00 seconds     
 timestep:      580  time: 1.461E+03 seconds      delt: 1.682E+00 seconds     
 timestep:      591  time: 1.480E+03 seconds      delt: 1.735E+00 seconds     
 timestep:      602  time: 1.498E+03 seconds      delt: 1.677E+00 seconds     
 timestep:      613  time: 1.517E+03 seconds      delt: 1.701E+00 seconds     
 timestep:      624  time: 1.536E+03 seconds      delt: 1.755E+00 seconds     
 timestep:      635  time: 1.555E+03 seconds      delt: 1.671E+00 seconds     
 timestep:      646  time: 1.574E+03 seconds      delt: 1.965E+00 seconds     
 timestep:      655  time: 1.584E+03 seconds      delt: 1.076E+00 seconds     
 timestep:      666  time: 1.596E+03 seconds      delt: 1.139E+00 seconds     
 timestep:      677  time: 1.608E+03 seconds      delt: 1.081E+00 seconds     
 timestep:      688  time: 1.621E+03 seconds      delt: 1.131E+00 seconds     
 timestep:      699  time: 1.633E+03 seconds      delt: 1.087E+00 seconds     
 timestep:      710  time: 1.645E+03 seconds      delt: 1.136E+00 seconds     
 timestep:      721  time: 1.657E+03 seconds      delt: 1.076E+00 seconds     
 timestep:      732  time: 1.670E+03 seconds      delt: 1.142E+00 seconds     
 timestep:      743  time: 1.682E+03 seconds      delt: 1.084E+00 seconds     
 timestep:      754  time: 1.694E+03 seconds      delt: 1.148E+00 seconds     
 timestep:      765  time: 1.706E+03 seconds      delt: 1.089E+00 seconds     
 timestep:      776  time: 1.719E+03 seconds      delt: 1.156E+00 seconds     
 timestep:      787  time: 1.731E+03 seconds      delt: 1.095E+00 seconds     
 timestep:      798  time: 1.743E+03 seconds      delt: 1.145E+00 seconds     
 timestep:      809  time: 1.756E+03 seconds      delt: 1.100E+00 seconds     
 timestep:      820  time: 1.768E+03 seconds      delt: 1.150E+00 seconds     
 timestep:      831  time: 1.780E+03 seconds      delt: 1.092E+00 seconds     
 timestep:      842  time: 1.793E+03 seconds      delt: 1.156E+00 seconds     
 timestep:      853  time: 1.805E+03 seconds      delt: 1.097E+00 seconds     
 timestep:      864  time: 1.818E+03 seconds      delt: 1.165E+00 seconds     
 timestep:      875  time: 1.830E+03 seconds      delt: 1.106E+00 seconds     
 timestep:      886  time: 1.842E+03 seconds      delt: 1.159E+00 seconds     
 timestep:      897  time: 1.855E+03 seconds      delt: 1.103E+00 seconds     
 timestep:      908  time: 1.867E+03 seconds      delt: 1.174E+00 seconds     
 timestep:      919  time: 1.880E+03 seconds      delt: 1.095E+00 seconds     
 timestep:      930  time: 1.892E+03 seconds      delt: 1.165E+00 seconds     
 timestep:      941  time: 1.905E+03 seconds      delt: 1.109E+00 seconds     
 timestep:      952  time: 1.917E+03 seconds      delt: 1.163E+00 seconds     
 timestep:      963  time: 1.930E+03 seconds      delt: 1.104E+00 seconds     
 timestep:      974  time: 1.942E+03 seconds      delt: 1.172E+00 seconds     
 timestep:      985  time: 1.955E+03 seconds      delt: 1.115E+00 seconds     
 timestep:      996  time: 1.967E+03 seconds      delt: 1.169E+00 seconds     
 timestep:     1007  time: 1.980E+03 seconds      delt: 1.113E+00 seconds     
 timestep:     1018  time: 1.993E+03 seconds      delt: 1.181E+00 seconds     
 timestep:     1029  time: 2.005E+03 seconds      delt: 1.121E+00 seconds     
 timestep:     1040  time: 2.018E+03 seconds      delt: 1.175E+00 seconds     
 timestep:     1051  time: 2.030E+03 seconds      delt: 1.119E+00 seconds     
 timestep:     1062  time: 2.043E+03 seconds      delt: 1.190E+00 seconds     
 timestep:     1073  time: 2.056E+03 seconds      delt: 1.110E+00 seconds     
 timestep:     1084  time: 2.068E+03 seconds      delt: 1.182E+00 seconds     
 timestep:     1095  time: 2.081E+03 seconds      delt: 1.125E+00 seconds     
 timestep:     1106  time: 2.094E+03 seconds      delt: 1.183E+00 seconds     
 timestep:     1117  time: 2.106E+03 seconds      delt: 1.126E+00 seconds     
 timestep:     1128  time: 2.119E+03 seconds      delt: 1.180E+00 seconds     
 timestep:     1139  time: 2.132E+03 seconds      delt: 1.120E+00 seconds     
 timestep:     1150  time: 2.145E+03 seconds      delt: 1.189E+00 seconds     
 timestep:     1161  time: 2.157E+03 seconds      delt: 1.132E+00 seconds     
 timestep:     1172  time: 2.170E+03 seconds      delt: 1.187E+00 seconds     
 timestep:     1183  time: 2.183E+03 seconds      delt: 1.129E+00 seconds     
 timestep:     1194  time: 2.196E+03 seconds      delt: 1.199E+00 seconds     
 timestep:     1205  time: 2.208E+03 seconds      delt: 1.138E+00 seconds     
 timestep:     1216  time: 2.221E+03 seconds      delt: 1.200E+00 seconds     
 timestep:     1227  time: 2.234E+03 seconds      delt: 1.139E+00 seconds     
 timestep:     1238  time: 2.247E+03 seconds      delt: 1.194E+00 seconds     
 timestep:     1249  time: 2.260E+03 seconds      delt: 1.136E+00 seconds     
 timestep:     1260  time: 2.273E+03 seconds      delt: 1.209E+00 seconds     
 timestep:     1271  time: 2.285E+03 seconds      delt: 1.128E+00 seconds     
 timestep:     1282  time: 2.298E+03 seconds      delt: 1.200E+00 seconds     
 timestep:     1293  time: 2.311E+03 seconds      delt: 1.136E+00 seconds     
 timestep:     1304  time: 2.324E+03 seconds      delt: 1.224E+00 seconds     
 timestep:     1315  time: 2.337E+03 seconds      delt: 1.140E+00 seconds     
 timestep:     1326  time: 2.350E+03 seconds      delt: 1.206E+00 seconds     
 timestep:     1337  time: 2.363E+03 seconds      delt: 1.148E+00 seconds     
 timestep:     1348  time: 2.376E+03 seconds      delt: 1.215E+00 seconds     
 timestep:     1359  time: 2.389E+03 seconds      delt: 1.129E+00 seconds     
 timestep:     1370  time: 2.402E+03 seconds      delt: 1.219E+00 seconds     
 timestep:     1381  time: 2.414E+03 seconds      delt: 1.124E+00 seconds     
 timestep:     1392  time: 2.427E+03 seconds      delt: 1.219E+00 seconds     
 timestep:     1403  time: 2.440E+03 seconds      delt: 1.144E+00 seconds     
 timestep:     1414  time: 2.453E+03 seconds      delt: 1.227E+00 seconds     
 timestep:     1425  time: 2.466E+03 seconds      delt: 1.148E+00 seconds     
 timestep:     1436  time: 2.479E+03 seconds      delt: 1.227E+00 seconds     
 timestep:     1447  time: 2.492E+03 seconds      delt: 1.152E+00 seconds     
 timestep:     1458  time: 2.506E+03 seconds      delt: 1.231E+00 seconds     
 timestep:     1469  time: 2.519E+03 seconds      delt: 1.140E+00 seconds     
 timestep:     1480  time: 2.532E+03 seconds      delt: 1.240E+00 seconds     
 timestep:     1491  time: 2.545E+03 seconds      delt: 1.153E+00 seconds     
 timestep:     1502  time: 2.558E+03 seconds      delt: 1.232E+00 seconds     
 timestep:     1513  time: 2.571E+03 seconds      delt: 1.145E+00 seconds     
 timestep:     1524  time: 2.584E+03 seconds      delt: 1.246E+00 seconds     
 timestep:     1535  time: 2.597E+03 seconds      delt: 1.137E+00 seconds     
 timestep:     1546  time: 2.610E+03 seconds      delt: 1.237E+00 seconds     
 timestep:     1557  time: 2.623E+03 seconds      delt: 1.154E+00 seconds     
 timestep:     1568  time: 2.636E+03 seconds      delt: 1.243E+00 seconds     
 timestep:     1579  time: 2.650E+03 seconds      delt: 1.151E+00 seconds     
 timestep:     1590  time: 2.663E+03 seconds      delt: 1.252E+00 seconds     
 timestep:     1601  time: 2.676E+03 seconds      delt: 1.143E+00 seconds     
 timestep:     1612  time: 2.689E+03 seconds      delt: 1.244E+00 seconds     
 timestep:     1623  time: 2.702E+03 seconds      delt: 1.160E+00 seconds     
 timestep:     1634  time: 2.715E+03 seconds      delt: 1.250E+00 seconds     
 timestep:     1645  time: 2.729E+03 seconds      delt: 1.157E+00 seconds     
 timestep:     1656  time: 2.742E+03 seconds      delt: 1.259E+00 seconds     
 timestep:     1667  time: 2.755E+03 seconds      delt: 1.149E+00 seconds     
 timestep:     1678  time: 2.768E+03 seconds      delt: 1.250E+00 seconds     
 timestep:     1689  time: 2.782E+03 seconds      delt: 1.166E+00 seconds     
 timestep:     1700  time: 2.795E+03 seconds      delt: 1.246E+00 seconds     
 timestep:     1711  time: 2.808E+03 seconds      delt: 1.163E+00 seconds     
 timestep:     1722  time: 2.822E+03 seconds      delt: 1.265E+00 seconds     
 timestep:     1733  time: 2.835E+03 seconds      delt: 1.155E+00 seconds     
 timestep:     1744  time: 2.848E+03 seconds      delt: 1.257E+00 seconds     
 timestep:     1755  time: 2.861E+03 seconds      delt: 1.163E+00 seconds     
 timestep:     1766  time: 2.875E+03 seconds      delt: 1.253E+00 seconds     
 timestep:     1777  time: 2.888E+03 seconds      delt: 1.169E+00 seconds     
 timestep:     1788  time: 2.902E+03 seconds      delt: 1.272E+00 seconds     
 timestep:     1799  time: 2.915E+03 seconds      delt: 1.165E+00 seconds     
 timestep:     1810  time: 2.928E+03 seconds      delt: 1.265E+00 seconds     
 timestep:     1821  time: 2.942E+03 seconds      delt: 1.171E+00 seconds     
 timestep:     1832  time: 2.955E+03 seconds      delt: 1.256E+00 seconds     
 timestep:     1843  time: 2.968E+03 seconds      delt: 1.171E+00 seconds     
 timestep:     1854  time: 2.982E+03 seconds      delt: 1.262E+00 seconds     
 timestep:     1865  time: 2.995E+03 seconds      delt: 1.165E+00 seconds     
 timestep:     1876  time: 3.009E+03 seconds      delt: 1.259E+00 seconds     
 timestep:     1887  time: 3.022E+03 seconds      delt: 1.175E+00 seconds     
 timestep:     1898  time: 3.036E+03 seconds      delt: 1.265E+00 seconds     
 timestep:     1909  time: 3.049E+03 seconds      delt: 1.168E+00 seconds     
 timestep:     1920  time: 3.062E+03 seconds      delt: 1.263E+00 seconds     
 timestep:     1931  time: 3.076E+03 seconds      delt: 1.178E+00 seconds     
 timestep:     1942  time: 3.089E+03 seconds      delt: 1.279E+00 seconds     
 timestep:     1953  time: 3.103E+03 seconds      delt: 1.180E+00 seconds     
 timestep:     1964  time: 3.116E+03 seconds      delt: 1.271E+00 seconds     
 timestep:     1975  time: 3.130E+03 seconds      delt: 1.174E+00 seconds     
 timestep:     1986  time: 3.144E+03 seconds      delt: 1.298E+00 seconds     
 timestep:     1997  time: 3.157E+03 seconds      delt: 1.163E+00 seconds     
 timestep:     2008  time: 3.171E+03 seconds      delt: 1.277E+00 seconds     
 timestep:     2019  time: 3.184E+03 seconds      delt: 1.178E+00 seconds     
 timestep:     2030  time: 3.198E+03 seconds      delt: 1.299E+00 seconds     
 timestep:     2041  time: 3.211E+03 seconds      delt: 1.190E+00 seconds     
 timestep:     2052  time: 3.225E+03 seconds      delt: 1.300E+00 seconds     
 timestep:     2063  time: 3.238E+03 seconds      delt: 1.174E+00 seconds     
 timestep:     2074  time: 3.252E+03 seconds      delt: 1.296E+00 seconds     
 timestep:     2085  time: 3.266E+03 seconds      delt: 1.175E+00 seconds     
 timestep:     2096  time: 3.279E+03 seconds      delt: 1.290E+00 seconds     
 timestep:     2107  time: 3.293E+03 seconds      delt: 1.172E+00 seconds     
 timestep:     2118  time: 3.307E+03 seconds      delt: 1.291E+00 seconds     
 timestep:     2129  time: 3.320E+03 seconds      delt: 1.173E+00 seconds     
 timestep:     2140  time: 3.334E+03 seconds      delt: 1.305E+00 seconds     
 timestep:     2151  time: 3.347E+03 seconds      delt: 1.174E+00 seconds     
 timestep:     2162  time: 3.361E+03 seconds      delt: 1.307E+00 seconds     
 timestep:     2173  time: 3.375E+03 seconds      delt: 1.180E+00 seconds     
 timestep:     2184  time: 3.389E+03 seconds      delt: 1.296E+00 seconds     
 timestep:     2195  time: 3.402E+03 seconds      delt: 1.181E+00 seconds     
 timestep:     2206  time: 3.416E+03 seconds      delt: 1.315E+00 seconds     
 timestep:     2217  time: 3.430E+03 seconds      delt: 1.178E+00 seconds     
 timestep:     2228  time: 3.443E+03 seconds      delt: 1.316E+00 seconds     
 timestep:     2239  time: 3.457E+03 seconds      delt: 1.195E+00 seconds     
 timestep:     2250  time: 3.471E+03 seconds      delt: 1.312E+00 seconds     
 timestep:     2261  time: 3.484E+03 seconds      delt: 1.196E+00 seconds     
 timestep:     2272  time: 3.498E+03 seconds      delt: 1.313E+00 seconds     
 timestep:     2283  time: 3.512E+03 seconds      delt: 1.197E+00 seconds     
 timestep:     2294  time: 3.526E+03 seconds      delt: 1.319E+00 seconds     
 timestep:     2305  time: 3.540E+03 seconds      delt: 1.192E+00 seconds     
 timestep:     2316  time: 3.553E+03 seconds      delt: 1.315E+00 seconds     
 timestep:     2327  time: 3.567E+03 seconds      delt: 1.193E+00 seconds     
 timestep:     2338  time: 3.581E+03 seconds      delt: 1.317E+00 seconds     
 timestep:     2349  time: 3.595E+03 seconds      delt: 1.211E+00 seconds     
 timestep:     2360  time: 3.609E+03 seconds      delt: 1.323E+00 seconds     
 timestep:     2371  time: 3.622E+03 seconds      delt: 1.212E+00 seconds     
 timestep:     2382  time: 3.636E+03 seconds      delt: 1.311E+00 seconds     
 timestep:     2393  time: 3.650E+03 seconds      delt: 1.190E+00 seconds     
 timestep:     2404  time: 3.664E+03 seconds      delt: 1.312E+00 seconds     
 timestep:     2415  time: 3.678E+03 seconds      delt: 1.196E+00 seconds     
 timestep:     2426  time: 3.692E+03 seconds      delt: 1.313E+00 seconds     
 timestep:     2437  time: 3.706E+03 seconds      delt: 1.207E+00 seconds     
 timestep:     2448  time: 3.719E+03 seconds      delt: 1.326E+00 seconds     
 timestep:     2459  time: 3.733E+03 seconds      delt: 1.187E+00 seconds     
 timestep:     2470  time: 3.747E+03 seconds      delt: 1.327E+00 seconds     
 timestep:     2481  time: 3.761E+03 seconds      delt: 1.189E+00 seconds     
 timestep:     2492  time: 3.775E+03 seconds      delt: 1.329E+00 seconds     
 timestep:     2503  time: 3.789E+03 seconds      delt: 1.191E+00 seconds     
 timestep:     2514  time: 3.803E+03 seconds      delt: 1.331E+00 seconds     
 timestep:     2525  time: 3.817E+03 seconds      delt: 1.192E+00 seconds     
 timestep:     2536  time: 3.831E+03 seconds      delt: 1.349E+00 seconds     
 timestep:     2547  time: 3.845E+03 seconds      delt: 1.200E+00 seconds     
 timestep:     2558  time: 3.859E+03 seconds      delt: 1.357E+00 seconds     
 timestep:     2569  time: 3.873E+03 seconds      delt: 1.190E+00 seconds     
 timestep:     2580  time: 3.887E+03 seconds      delt: 1.350E+00 seconds     
 timestep:     2591  time: 3.901E+03 seconds      delt: 1.171E+00 seconds     
 timestep:     2602  time: 3.915E+03 seconds      delt: 1.370E+00 seconds     
 timestep:     2613  time: 3.928E+03 seconds      delt: 1.187E+00 seconds     
 timestep:     2624  time: 3.943E+03 seconds      delt: 1.355E+00 seconds     
 timestep:     2635  time: 3.956E+03 seconds      delt: 1.175E+00 seconds     
 timestep:     2646  time: 3.971E+03 seconds      delt: 1.360E+00 seconds     
 timestep:     2657  time: 3.984E+03 seconds      delt: 1.176E+00 seconds     
 timestep:     2668  time: 3.999E+03 seconds      delt: 1.376E+00 seconds     
 timestep:     2679  time: 4.013E+03 seconds      delt: 1.189E+00 seconds     
 timestep:     2690  time: 4.027E+03 seconds      delt: 1.365E+00 seconds     
 timestep:     2701  time: 4.041E+03 seconds      delt: 1.182E+00 seconds     
 timestep:     2712  time: 4.055E+03 seconds      delt: 1.362E+00 seconds     
 timestep:     2723  time: 4.069E+03 seconds      delt: 1.181E+00 seconds     
 timestep:     2734  time: 4.083E+03 seconds      delt: 1.354E+00 seconds     
 timestep:     2745  time: 4.097E+03 seconds      delt: 1.187E+00 seconds     
 timestep:     2756  time: 4.111E+03 seconds      delt: 1.370E+00 seconds     
 timestep:     2767  time: 4.125E+03 seconds      delt: 1.187E+00 seconds     
 timestep:     2778  time: 4.139E+03 seconds      delt: 1.370E+00 seconds     
 timestep:     2789  time: 4.153E+03 seconds      delt: 1.199E+00 seconds     
 timestep:     2800  time: 4.167E+03 seconds      delt: 1.368E+00 seconds     
 timestep:     2811  time: 4.181E+03 seconds      delt: 1.172E+00 seconds     
 timestep:     2822  time: 4.196E+03 seconds      delt: 1.378E+00 seconds     
 timestep:     2833  time: 4.210E+03 seconds      delt: 1.194E+00 seconds     
 timestep:     2844  time: 4.224E+03 seconds      delt: 1.378E+00 seconds     
 timestep:     2855  time: 4.238E+03 seconds      delt: 1.194E+00 seconds     
 timestep:     2866  time: 4.252E+03 seconds      delt: 1.378E+00 seconds     
 timestep:     2877  time: 4.266E+03 seconds      delt: 1.194E+00 seconds     
 timestep:     2888  time: 4.280E+03 seconds      delt: 1.378E+00 seconds     
 timestep:     2899  time: 4.294E+03 seconds      delt: 1.194E+00 seconds     
 timestep:     2910  time: 4.309E+03 seconds      delt: 1.378E+00 seconds     
 timestep:     2921  time: 4.323E+03 seconds      delt: 1.180E+00 seconds     
 timestep:     2932  time: 4.337E+03 seconds      delt: 1.415E+00 seconds     
 timestep:     2943  time: 4.351E+03 seconds      delt: 1.175E+00 seconds     
 timestep:     2954  time: 4.365E+03 seconds      delt: 1.408E+00 seconds     
 timestep:     2964  time: 4.378E+03 seconds      delt: 7.140E-01 seconds     
 timestep:     2975  time: 4.392E+03 seconds      delt: 1.415E+00 seconds     
 timestep:     2986  time: 4.406E+03 seconds      delt: 1.174E+00 seconds     
 timestep:     2996  time: 4.418E+03 seconds      delt: 1.395E+00 seconds     
 timestep:     3006  time: 4.431E+03 seconds      delt: 1.240E+00 seconds     
 timestep:     3017  time: 4.445E+03 seconds      delt: 1.421E+00 seconds     
 timestep:     3027  time: 4.457E+03 seconds      delt: 1.200E+00 seconds     
 timestep:     3038  time: 4.472E+03 seconds      delt: 1.386E+00 seconds     
 timestep:     3048  time: 4.484E+03 seconds      delt: 7.159E-01 seconds     
 timestep:     3059  time: 4.498E+03 seconds      delt: 1.432E+00 seconds     
 timestep:     3069  time: 4.511E+03 seconds      delt: 1.160E+00 seconds     
 timestep:     3079  time: 4.523E+03 seconds      delt: 1.421E+00 seconds     
 timestep:     3089  time: 4.535E+03 seconds      delt: 1.198E+00 seconds     
 timestep:     3099  time: 4.548E+03 seconds      delt: 1.419E+00 seconds     
 timestep:     3109  time: 4.560E+03 seconds      delt: 1.204E+00 seconds     
 timestep:     3119  time: 4.573E+03 seconds      delt: 1.390E+00 seconds     
 timestep:     3129  time: 4.585E+03 seconds      delt: 1.253E+00 seconds     
 timestep:     3139  time: 4.597E+03 seconds      delt: 1.354E+00 seconds     
 timestep:     3149  time: 4.610E+03 seconds      delt: 7.181E-01 seconds     
 timestep:     3160  time: 4.624E+03 seconds      delt: 1.427E+00 seconds     
 timestep:     3170  time: 4.636E+03 seconds      delt: 1.184E+00 seconds     
 timestep:     3180  time: 4.649E+03 seconds      delt: 1.417E+00 seconds     
 timestep:     3190  time: 4.661E+03 seconds      delt: 1.175E+00 seconds     
 timestep:     3200  time: 4.674E+03 seconds      delt: 1.424E+00 seconds     
 timestep:     3210  time: 4.686E+03 seconds      delt: 1.207E+00 seconds     
 timestep:     3220  time: 4.699E+03 seconds      delt: 1.394E+00 seconds     
 timestep:     3230  time: 4.711E+03 seconds      delt: 1.193E+00 seconds     
 timestep:     3239  time: 4.722E+03 seconds      delt: 1.356E+00 seconds     
 timestep:     3249  time: 4.734E+03 seconds      delt: 1.221E+00 seconds     
 timestep:     3259  time: 4.747E+03 seconds      delt: 1.399E+00 seconds     
 timestep:     3269  time: 4.759E+03 seconds      delt: 1.261E+00 seconds     
 timestep:     3279  time: 4.772E+03 seconds      delt: 1.362E+00 seconds     
 timestep:     3289  time: 4.784E+03 seconds      delt: 7.227E-01 seconds     
 timestep:     3300  time: 4.798E+03 seconds      delt: 1.446E+00 seconds     
 timestep:     3310  time: 4.811E+03 seconds      delt: 1.171E+00 seconds     
 timestep:     3320  time: 4.823E+03 seconds      delt: 1.435E+00 seconds     
 timestep:     3330  time: 4.836E+03 seconds      delt: 1.190E+00 seconds     
 timestep:     3340  time: 4.848E+03 seconds      delt: 1.425E+00 seconds     
 timestep:     3350  time: 4.861E+03 seconds      delt: 1.182E+00 seconds     
 timestep:     3360  time: 4.873E+03 seconds      delt: 1.445E+00 seconds     
 timestep:     3369  time: 4.884E+03 seconds      delt: 1.261E+00 seconds     
 timestep:     3379  time: 4.897E+03 seconds      delt: 1.416E+00 seconds     
 timestep:     3389  time: 4.909E+03 seconds      delt: 1.217E+00 seconds     
 timestep:     3399  time: 4.922E+03 seconds      delt: 1.405E+00 seconds     
 timestep:     3409  time: 4.934E+03 seconds      delt: 1.267E+00 seconds     
 timestep:     3419  time: 4.947E+03 seconds      delt: 1.415E+00 seconds     
 timestep:     3429  time: 4.959E+03 seconds      delt: 1.231E+00 seconds     
 timestep:     3439  time: 4.972E+03 seconds      delt: 1.449E+00 seconds     
 timestep:     3448  time: 4.982E+03 seconds      delt: 1.264E+00 seconds     
 timestep:     3458  time: 4.995E+03 seconds      delt: 1.432E+00 seconds     
 timestep:     3468  time: 5.007E+03 seconds      delt: 1.188E+00 seconds     
 timestep:     3478  time: 5.020E+03 seconds      delt: 1.441E+00 seconds     
 timestep:     3487  time: 5.031E+03 seconds      delt: 7.259E-01 seconds     
 timestep:     3497  time: 5.043E+03 seconds      delt: 1.405E+00 seconds     
 timestep:     3507  time: 5.056E+03 seconds      delt: 1.199E+00 seconds     
 timestep:     3517  time: 5.069E+03 seconds      delt: 1.469E+00 seconds     
 timestep:     3526  time: 5.079E+03 seconds      delt: 1.243E+00 seconds     
 timestep:     3536  time: 5.092E+03 seconds      delt: 1.442E+00 seconds     
 timestep:     3545  time: 5.103E+03 seconds      delt: 1.286E+00 seconds     
 timestep:     3555  time: 5.115E+03 seconds      delt: 1.412E+00 seconds     
 timestep:     3565  time: 5.128E+03 seconds      delt: 1.189E+00 seconds     
 timestep:     3574  time: 5.139E+03 seconds      delt: 1.411E+00 seconds     
 timestep:     3584  time: 5.151E+03 seconds      delt: 1.207E+00 seconds     
 timestep:     3593  time: 5.162E+03 seconds      delt: 1.372E+00 seconds     
 timestep:     3603  time: 5.174E+03 seconds      delt: 1.207E+00 seconds     
 timestep:     3612  time: 5.185E+03 seconds      delt: 1.384E+00 seconds     
 timestep:     3622  time: 5.198E+03 seconds      delt: 1.208E+00 seconds     
 timestep:     3631  time: 5.209E+03 seconds      delt: 1.385E+00 seconds     
 timestep:     3641  time: 5.221E+03 seconds      delt: 1.191E+00 seconds     
 timestep:     3650  time: 5.232E+03 seconds      delt: 1.413E+00 seconds     
 timestep:     3660  time: 5.244E+03 seconds      delt: 1.191E+00 seconds     
 timestep:     3669  time: 5.255E+03 seconds      delt: 1.407E+00 seconds     
 timestep:     3678  time: 5.266E+03 seconds      delt: 7.302E-01 seconds     
 timestep:     3688  time: 5.279E+03 seconds      delt: 1.407E+00 seconds     
 timestep:     3697  time: 5.289E+03 seconds      delt: 7.304E-01 seconds     
 timestep:     3707  time: 5.302E+03 seconds      delt: 1.434E+00 seconds     
 timestep:     3716  time: 5.313E+03 seconds      delt: 7.307E-01 seconds     
 timestep:     3726  time: 5.326E+03 seconds      delt: 1.435E+00 seconds     
 timestep:     3735  time: 5.336E+03 seconds      delt: 7.373E-01 seconds     
 timestep:     3745  time: 5.349E+03 seconds      delt: 1.435E+00 seconds     
 timestep:     3754  time: 5.360E+03 seconds      delt: 7.375E-01 seconds     
 timestep:     3764  time: 5.373E+03 seconds      delt: 1.448E+00 seconds     
 timestep:     3773  time: 5.383E+03 seconds      delt: 1.279E+00 seconds     
 timestep:     3783  time: 5.396E+03 seconds      delt: 1.480E+00 seconds     
 timestep:     3792  time: 5.407E+03 seconds      delt: 1.232E+00 seconds     
 timestep:     3801  time: 5.418E+03 seconds      delt: 1.386E+00 seconds     
 timestep:     3811  time: 5.430E+03 seconds      delt: 1.205E+00 seconds     
 timestep:     3820  time: 5.441E+03 seconds      delt: 1.387E+00 seconds     
 timestep:     3829  time: 5.452E+03 seconds      delt: 7.331E-01 seconds     
 timestep:     3839  time: 5.465E+03 seconds      delt: 1.439E+00 seconds     
 timestep:     3848  time: 5.475E+03 seconds      delt: 7.397E-01 seconds     
 timestep:     3858  time: 5.488E+03 seconds      delt: 1.452E+00 seconds     
 timestep:     3867  time: 5.499E+03 seconds      delt: 1.301E+00 seconds     
 timestep:     3877  time: 5.512E+03 seconds      delt: 1.470E+00 seconds     
 timestep:     3886  time: 5.522E+03 seconds      delt: 1.235E+00 seconds     
 timestep:     3895  time: 5.533E+03 seconds      delt: 1.406E+00 seconds     
 timestep:     3904  time: 5.544E+03 seconds      delt: 1.285E+00 seconds     
 timestep:     3914  time: 5.557E+03 seconds      delt: 1.507E+00 seconds     
 timestep:     3923  time: 5.568E+03 seconds      delt: 1.201E+00 seconds     
 timestep:     3932  time: 5.579E+03 seconds      delt: 1.418E+00 seconds     
 timestep:     3941  time: 5.589E+03 seconds      delt: 7.360E-01 seconds     
 timestep:     3951  time: 5.602E+03 seconds      delt: 1.445E+00 seconds     
 timestep:     3960  time: 5.613E+03 seconds      delt: 7.426E-01 seconds     
 timestep:     3970  time: 5.626E+03 seconds      delt: 1.458E+00 seconds     
 timestep:     3979  time: 5.637E+03 seconds      delt: 1.288E+00 seconds     
 timestep:     3989  time: 5.650E+03 seconds      delt: 1.510E+00 seconds     
 timestep:     3998  time: 5.660E+03 seconds      delt: 1.203E+00 seconds     
 timestep:     4007  time: 5.671E+03 seconds      delt: 1.436E+00 seconds     
 timestep:     4016  time: 5.682E+03 seconds      delt: 1.290E+00 seconds     
 timestep:     4026  time: 5.695E+03 seconds      delt: 1.479E+00 seconds     
 timestep:     4035  time: 5.706E+03 seconds      delt: 1.284E+00 seconds     
 timestep:     4044  time: 5.717E+03 seconds      delt: 1.429E+00 seconds     
 timestep:     4053  time: 5.727E+03 seconds      delt: 1.293E+00 seconds     
 timestep:     4062  time: 5.738E+03 seconds      delt: 1.392E+00 seconds     
 timestep:     4072  time: 5.751E+03 seconds      delt: 1.225E+00 seconds     
 timestep:     4081  time: 5.762E+03 seconds      delt: 1.404E+00 seconds     
 timestep:     4091  time: 5.775E+03 seconds      delt: 1.207E+00 seconds     
 timestep:     4100  time: 5.786E+03 seconds      delt: 1.426E+00 seconds     
 timestep:     4109  time: 5.796E+03 seconds      delt: 7.401E-01 seconds     
 timestep:     4119  time: 5.809E+03 seconds      delt: 1.453E+00 seconds     
 timestep:     4128  time: 5.820E+03 seconds      delt: 1.283E+00 seconds     
 timestep:     4138  time: 5.833E+03 seconds      delt: 1.492E+00 seconds     
 timestep:     4147  time: 5.844E+03 seconds      delt: 1.269E+00 seconds     
 timestep:     4156  time: 5.855E+03 seconds      delt: 1.397E+00 seconds     
 timestep:     4166  time: 5.868E+03 seconds      delt: 1.230E+00 seconds     
 timestep:     4175  time: 5.879E+03 seconds      delt: 1.410E+00 seconds     
 timestep:     4184  time: 5.890E+03 seconds      delt: 7.470E-01 seconds     
 timestep:     4192  time: 5.899E+03 seconds      delt: 1.483E+00 seconds     
 timestep:     4197  time: 5.902E+03 seconds      delt: 7.414E-01 seconds     
 timestep:     4203  time: 5.907E+03 seconds      delt: 1.483E+00 seconds     
 timestep:     4208  time: 5.910E+03 seconds      delt: 7.414E-01 seconds     
 timestep:     4214  time: 5.915E+03 seconds      delt: 1.483E+00 seconds     
 timestep:     4219  time: 5.918E+03 seconds      delt: 7.414E-01 seconds     
 timestep:     4225  time: 5.923E+03 seconds      delt: 1.483E+00 seconds     
 timestep:     4230  time: 5.926E+03 seconds      delt: 7.414E-01 seconds     
 timestep:     4236  time: 5.931E+03 seconds      delt: 1.483E+00 seconds     
 timestep:     4241  time: 5.934E+03 seconds      delt: 7.414E-01 seconds     
 timestep:     4247  time: 5.939E+03 seconds      delt: 1.483E+00 seconds     
 timestep:     4252  time: 5.942E+03 seconds      delt: 7.414E-01 seconds     
 timestep:     4258  time: 5.948E+03 seconds      delt: 1.483E+00 seconds     
 timestep:     4263  time: 5.951E+03 seconds      delt: 7.414E-01 seconds     
 timestep:     4269  time: 5.956E+03 seconds      delt: 1.483E+00 seconds     
 timestep:     4274  time: 5.959E+03 seconds      delt: 7.414E-01 seconds     
 timestep:     4280  time: 5.964E+03 seconds      delt: 1.483E+00 seconds     
 timestep:     4285  time: 5.967E+03 seconds      delt: 7.414E-01 seconds     
 timestep:     4291  time: 5.972E+03 seconds      delt: 1.483E+00 seconds     
 timestep:     4296  time: 5.975E+03 seconds      delt: 7.414E-01 seconds     
 timestep:     4302  time: 5.980E+03 seconds      delt: 1.483E+00 seconds     
 timestep:     4307  time: 5.983E+03 seconds      delt: 7.414E-01 seconds     
 timestep:     4313  time: 5.988E+03 seconds      delt: 1.483E+00 seconds     
 timestep:     4318  time: 5.991E+03 seconds      delt: 7.414E-01 seconds     
 timestep:     4324  time: 5.997E+03 seconds      delt: 1.483E+00 seconds     
 timestep:     4329  time: 5.999E+03 seconds      delt: 7.414E-01 seconds     
 timestep:     4335  time: 6.005E+03 seconds      delt: 1.483E+00 seconds     
 timestep:     4340  time: 6.008E+03 seconds      delt: 7.414E-01 seconds     
 timestep:     4346  time: 6.013E+03 seconds      delt: 1.483E+00 seconds     
 timestep:     4351  time: 6.016E+03 seconds      delt: 7.414E-01 seconds     
 timestep:     4357  time: 6.021E+03 seconds      delt: 1.483E+00 seconds     
 timestep:     4362  time: 6.024E+03 seconds      delt: 7.414E-01 seconds     
 timestep:     4368  time: 6.029E+03 seconds      delt: 1.483E+00 seconds     
 timestep:     4373  time: 6.032E+03 seconds      delt: 7.414E-01 seconds     
 timestep:     4379  time: 6.037E+03 seconds      delt: 1.483E+00 seconds     
 timestep:     4384  time: 6.040E+03 seconds      delt: 7.414E-01 seconds     
 timestep:     4390  time: 6.045E+03 seconds      delt: 1.483E+00 seconds     
 timestep:     4395  time: 6.048E+03 seconds      delt: 7.414E-01 seconds     
 timestep:     4401  time: 6.054E+03 seconds      delt: 1.483E+00 seconds     
 timestep:     4406  time: 6.057E+03 seconds      delt: 7.414E-01 seconds     
 timestep:     4412  time: 6.062E+03 seconds      delt: 1.483E+00 seconds     
 timestep:     4417  time: 6.065E+03 seconds      delt: 7.414E-01 seconds     
 timestep:     4423  time: 6.070E+03 seconds      delt: 1.483E+00 seconds     
 timestep:     4428  time: 6.073E+03 seconds      delt: 7.414E-01 seconds     
 timestep:     4434  time: 6.078E+03 seconds      delt: 1.483E+00 seconds     
 timestep:     4439  time: 6.081E+03 seconds      delt: 7.414E-01 seconds     
 timestep:     4445  time: 6.086E+03 seconds      delt: 1.483E+00 seconds     
 timestep:     4450  time: 6.089E+03 seconds      delt: 7.414E-01 seconds     
 timestep:     4456  time: 6.094E+03 seconds      delt: 1.483E+00 seconds     
 timestep:     4461  time: 6.097E+03 seconds      delt: 7.414E-01 seconds     
 timestep:     4467  time: 6.103E+03 seconds      delt: 1.483E+00 seconds     
 timestep:     4472  time: 6.105E+03 seconds      delt: 7.414E-01 seconds     
 timestep:     4478  time: 6.111E+03 seconds      delt: 1.483E+00 seconds     
 timestep:     4483  time: 6.114E+03 seconds      delt: 7.414E-01 seconds     
 timestep:     4489  time: 6.119E+03 seconds      delt: 1.483E+00 seconds     
 timestep:     4494  time: 6.122E+03 seconds      delt: 7.414E-01 seconds     
 timestep:     4500  time: 6.127E+03 seconds      delt: 1.483E+00 seconds     
 timestep:     4505  time: 6.130E+03 seconds      delt: 7.414E-01 seconds     
 timestep:     4511  time: 6.135E+03 seconds      delt: 1.483E+00 seconds     
 timestep:     4516  time: 6.138E+03 seconds      delt: 7.414E-01 seconds     
 timestep:     4522  time: 6.143E+03 seconds      delt: 1.483E+00 seconds     
 timestep:     4527  time: 6.146E+03 seconds      delt: 7.414E-01 seconds     
 timestep:     4533  time: 6.151E+03 seconds      delt: 1.483E+00 seconds     
 timestep:     4538  time: 6.154E+03 seconds      delt: 7.414E-01 seconds     
 timestep:     4544  time: 6.160E+03 seconds      delt: 1.483E+00 seconds     
 timestep:     4549  time: 6.163E+03 seconds      delt: 7.414E-01 seconds     
 timestep:     4555  time: 6.168E+03 seconds      delt: 1.483E+00 seconds     
 timestep:     4560  time: 6.171E+03 seconds      delt: 7.414E-01 seconds     
 timestep:     4566  time: 6.176E+03 seconds      delt: 1.483E+00 seconds     
 timestep:     4572  time: 6.181E+03 seconds      delt: 7.657E-01 seconds     
 timestep:     4579  time: 6.188E+03 seconds      delt: 1.494E+00 seconds     
 timestep:     4584  time: 6.191E+03 seconds      delt: 7.469E-01 seconds     
 timestep:     4590  time: 6.196E+03 seconds      delt: 1.494E+00 seconds     
 timestep:     4595  time: 6.199E+03 seconds      delt: 7.469E-01 seconds     
 timestep:     4601  time: 6.204E+03 seconds      delt: 1.494E+00 seconds     
 timestep:     4606  time: 6.207E+03 seconds      delt: 7.469E-01 seconds     
 timestep:     4612  time: 6.213E+03 seconds      delt: 1.494E+00 seconds     
 timestep:     4617  time: 6.216E+03 seconds      delt: 7.469E-01 seconds     
 timestep:     4623  time: 6.221E+03 seconds      delt: 1.494E+00 seconds     
 timestep:     4628  time: 6.224E+03 seconds      delt: 7.469E-01 seconds     
 timestep:     4638  time: 6.297E+03 seconds      delt: 1.402E+01 seconds     
 timestep:     4649  time: 6.476E+03 seconds      delt: 1.673E+01 seconds     
 timestep:     4660  time: 6.662E+03 seconds      delt: 1.697E+01 seconds     
 timestep:     4671  time: 6.849E+03 seconds      delt: 1.722E+01 seconds     
 timestep:     4682  time: 7.039E+03 seconds      delt: 1.747E+01 seconds     
 timestep:     4693  time: 7.230E+03 seconds      delt: 1.772E+01 seconds     
 timestep:     4704  time: 7.423E+03 seconds      delt: 1.797E+01 seconds     
 timestep:     4715  time: 7.617E+03 seconds      delt: 1.737E+01 seconds     
 timestep:     4726  time: 7.814E+03 seconds      delt: 1.762E+01 seconds     
 timestep:     4737  time: 8.013E+03 seconds      delt: 1.787E+01 seconds     
 timestep:     4748  time: 8.213E+03 seconds      delt: 1.813E+01 seconds     
 timestep:     4759  time: 8.416E+03 seconds      delt: 1.839E+01 seconds     
 timestep:     4770  time: 8.622E+03 seconds      delt: 1.866E+01 seconds     
 timestep:     4781  time: 8.830E+03 seconds      delt: 1.893E+01 seconds     
 timestep:     4792  time: 9.040E+03 seconds      delt: 1.920E+01 seconds     
 timestep:     4803  time: 9.259E+03 seconds      delt: 2.115E+01 seconds     
 timestep:     4814  time: 9.490E+03 seconds      delt: 2.150E+01 seconds     
 timestep:     4825  time: 9.720E+03 seconds      delt: 2.047E+01 seconds     
 timestep:     4836  time: 9.953E+03 seconds      delt: 2.081E+01 seconds     
 timestep:     4847  time: 1.019E+04 seconds      delt: 2.116E+01 seconds     
 timestep:     4858  time: 1.042E+04 seconds      delt: 2.151E+01 seconds     
 timestep:     4869  time: 1.066E+04 seconds      delt: 2.182E+01 seconds     
 timestep:     4880  time: 1.093E+04 seconds      delt: 2.442E+01 seconds     
 timestep:     4891  time: 1.120E+04 seconds      delt: 2.523E+01 seconds     
 timestep:     4902  time: 1.147E+04 seconds      delt: 2.442E+01 seconds     
 timestep:     4913  time: 1.175E+04 seconds      delt: 2.520E+01 seconds     
 timestep:     4924  time: 1.203E+04 seconds      delt: 2.556E+01 seconds     
 timestep:     4935  time: 1.231E+04 seconds      delt: 2.593E+01 seconds     
 timestep:     4946  time: 1.260E+04 seconds      delt: 2.630E+01 seconds     
 timestep:     4957  time: 1.288E+04 seconds      delt: 2.542E+01 seconds     
 timestep:     4968  time: 1.317E+04 seconds      delt: 2.578E+01 seconds     
 timestep:     4979  time: 1.346E+04 seconds      delt: 2.615E+01 seconds     
 timestep:     4990  time: 1.375E+04 seconds      delt: 2.653E+01 seconds     
 timestep:     5001  time: 1.404E+04 seconds      delt: 2.691E+01 seconds     
 timestep:     5012  time: 1.434E+04 seconds      delt: 2.730E+01 seconds     
 timestep:     5023  time: 1.463E+04 seconds      delt: 2.770E+01 seconds     
 timestep:     5034  time: 1.493E+04 seconds      delt: 2.676E+01 seconds     
 timestep:     5045  time: 1.524E+04 seconds      delt: 2.715E+01 seconds     
 timestep:     5056  time: 1.554E+04 seconds      delt: 2.754E+01 seconds     
 timestep:     5067  time: 1.585E+04 seconds      delt: 2.793E+01 seconds     
 timestep:     5078  time: 1.616E+04 seconds      delt: 2.834E+01 seconds     
 timestep:     5089  time: 1.647E+04 seconds      delt: 2.875E+01 seconds     
 timestep:     5100  time: 1.679E+04 seconds      delt: 2.916E+01 seconds     
 timestep:     5111  time: 1.711E+04 seconds      delt: 2.958E+01 seconds     
 timestep:     5122  time: 1.743E+04 seconds      delt: 3.001E+01 seconds     
 timestep:     5133  time: 1.776E+04 seconds      delt: 3.044E+01 seconds     
 timestep:     5144  time: 1.810E+04 seconds      delt: 3.194E+01 seconds     
 timestep:     5155  time: 1.845E+04 seconds      delt: 3.247E+01 seconds     
 timestep:     5166  time: 1.881E+04 seconds      delt: 3.301E+01 seconds     
 timestep:     5177  time: 1.917E+04 seconds      delt: 3.356E+01 seconds     
 timestep:     5188  time: 1.953E+04 seconds      delt: 3.195E+01 seconds     
 timestep:     5199  time: 1.989E+04 seconds      delt: 3.249E+01 seconds     
 timestep:     5210  time: 2.026E+04 seconds      delt: 3.303E+01 seconds     
 timestep:     5221  time: 2.065E+04 seconds      delt: 3.756E+01 seconds     
 timestep:     5232  time: 2.106E+04 seconds      delt: 3.637E+01 seconds     
 timestep:     5243  time: 2.146E+04 seconds      delt: 3.756E+01 seconds     
 timestep:     5254  time: 2.187E+04 seconds      delt: 3.637E+01 seconds     
 timestep:     5265  time: 2.228E+04 seconds      delt: 3.693E+01 seconds     
 timestep:     5276  time: 2.270E+04 seconds      delt: 3.871E+01 seconds     
 timestep:     5287  time: 2.312E+04 seconds      delt: 3.740E+01 seconds     
 timestep:     5298  time: 2.354E+04 seconds      delt: 3.794E+01 seconds     
 timestep:     5309  time: 2.397E+04 seconds      delt: 3.849E+01 seconds     
 timestep:     5320  time: 2.439E+04 seconds      delt: 3.904E+01 seconds     
 timestep:     5331  time: 2.482E+04 seconds      delt: 3.961E+01 seconds     
 timestep:     5342  time: 2.525E+04 seconds      delt: 4.018E+01 seconds     
 timestep:     5353  time: 2.569E+04 seconds      delt: 3.882E+01 seconds     
 timestep:     5364  time: 2.613E+04 seconds      delt: 3.938E+01 seconds     
 timestep:     5375  time: 2.657E+04 seconds      delt: 3.995E+01 seconds     
 timestep:     5386  time: 2.701E+04 seconds      delt: 4.052E+01 seconds     
 timestep:     5397  time: 2.746E+04 seconds      delt: 4.111E+01 seconds     
 timestep:     5408  time: 2.792E+04 seconds      delt: 4.314E+01 seconds     
 timestep:     5419  time: 2.840E+04 seconds      delt: 4.465E+01 seconds     
 timestep:     5430  time: 2.887E+04 seconds      delt: 4.260E+01 seconds     
 timestep:     5441  time: 2.936E+04 seconds      delt: 4.340E+01 seconds     
 timestep:     5452  time: 2.985E+04 seconds      delt: 4.422E+01 seconds     
 timestep:     5463  time: 3.035E+04 seconds      delt: 4.505E+01 seconds     
 timestep:     5474  time: 3.086E+04 seconds      delt: 4.748E+01 seconds     
 timestep:     5485  time: 3.137E+04 seconds      delt: 4.612E+01 seconds     
 timestep:     5496  time: 3.190E+04 seconds      delt: 4.943E+01 seconds     
 timestep:     5507  time: 3.246E+04 seconds      delt: 5.200E+01 seconds     
 timestep:     5518  time: 3.301E+04 seconds      delt: 4.973E+01 seconds     
 timestep:     5529  time: 3.358E+04 seconds      delt: 5.151E+01 seconds     
 timestep:     5540  time: 3.415E+04 seconds      delt: 5.336E+01 seconds     
 timestep:     5551  time: 3.474E+04 seconds      delt: 5.527E+01 seconds     
 timestep:     5562  time: 3.533E+04 seconds      delt: 5.286E+01 seconds     
 timestep:     5573  time: 3.592E+04 seconds      delt: 5.476E+01 seconds     
 timestep:     5584  time: 3.651E+04 seconds      delt: 5.237E+01 seconds     
 timestep:     5595  time: 3.711E+04 seconds      delt: 5.425E+01 seconds     
 timestep:     5606  time: 3.771E+04 seconds      delt: 5.619E+01 seconds     
 timestep:     5617  time: 3.831E+04 seconds      delt: 5.449E+01 seconds     
 timestep:     5628  time: 3.891E+04 seconds      delt: 5.451E+01 seconds     
 timestep:     5639  time: 3.953E+04 seconds      delt: 5.530E+01 seconds     
 timestep:     5650  time: 4.015E+04 seconds      delt: 5.610E+01 seconds     
 timestep:     5661  time: 4.077E+04 seconds      delt: 5.690E+01 seconds     
 timestep:     5672  time: 4.139E+04 seconds      delt: 5.772E+01 seconds     
 timestep:     5683  time: 4.202E+04 seconds      delt: 5.578E+01 seconds     
 timestep:     5694  time: 4.264E+04 seconds      delt: 5.658E+01 seconds     
 timestep:     5705  time: 4.327E+04 seconds      delt: 5.740E+01 seconds     
 timestep:     5716  time: 4.390E+04 seconds      delt: 5.822E+01 seconds     
 timestep:     5727  time: 4.454E+04 seconds      delt: 5.906E+01 seconds     
 timestep:     5738  time: 4.517E+04 seconds      delt: 5.707E+01 seconds     
 timestep:     5749  time: 4.581E+04 seconds      delt: 5.789E+01 seconds     
 timestep:     5760  time: 4.646E+04 seconds      delt: 5.872E+01 seconds     
 timestep:     5771  time: 4.710E+04 seconds      delt: 5.957E+01 seconds     
 timestep:     5782  time: 4.774E+04 seconds      delt: 5.756E+01 seconds     
 timestep:     5793  time: 4.840E+04 seconds      delt: 5.839E+01 seconds     
 timestep:     5804  time: 4.905E+04 seconds      delt: 5.923E+01 seconds     
 timestep:     5815  time: 4.970E+04 seconds      delt: 6.009E+01 seconds     
 timestep:     5826  time: 5.036E+04 seconds      delt: 6.095E+01 seconds     
 timestep:     5837  time: 5.102E+04 seconds      delt: 5.889E+01 seconds     
 timestep:     5848  time: 5.168E+04 seconds      delt: 5.974E+01 seconds     
 timestep:     5859  time: 5.235E+04 seconds      delt: 6.060E+01 seconds     
 timestep:     5870  time: 5.301E+04 seconds      delt: 6.148E+01 seconds     
 timestep:     5881  time: 5.369E+04 seconds      delt: 6.236E+01 seconds     
 timestep:     5892  time: 5.436E+04 seconds      delt: 6.026E+01 seconds     
 timestep:     5903  time: 5.503E+04 seconds      delt: 6.113E+01 seconds     
 timestep:     5914  time: 5.572E+04 seconds      delt: 6.201E+01 seconds     
 timestep:     5925  time: 5.640E+04 seconds      delt: 6.290E+01 seconds     
 timestep:     5936  time: 5.710E+04 seconds      delt: 7.064E+01 seconds     
 timestep:     5947  time: 5.785E+04 seconds      delt: 6.667E+01 seconds     
 timestep:     5958  time: 5.862E+04 seconds      delt: 6.948E+01 seconds     
 timestep:     5969  time: 5.937E+04 seconds      delt: 6.662E+01 seconds     
 timestep:     5980  time: 6.014E+04 seconds      delt: 6.942E+01 seconds     
 timestep:     5991  time: 6.090E+04 seconds      delt: 7.234E+01 seconds     
 timestep:     6002  time: 6.166E+04 seconds      delt: 6.936E+01 seconds     
 timestep:     6013  time: 6.243E+04 seconds      delt: 7.228E+01 seconds     
 timestep:     6024  time: 6.320E+04 seconds      delt: 6.822E+01 seconds     
 timestep:     6035  time: 6.396E+04 seconds      delt: 6.970E+01 seconds     
 timestep:     6046  time: 6.473E+04 seconds      delt: 6.790E+01 seconds     
 timestep:     6057  time: 6.551E+04 seconds      delt: 7.076E+01 seconds     
 timestep:     6068  time: 6.628E+04 seconds      delt: 6.893E+01 seconds     
 timestep:     6079  time: 6.705E+04 seconds      delt: 7.043E+01 seconds     
 timestep:     6090  time: 6.783E+04 seconds      delt: 7.312E+01 seconds     
 timestep:     6101  time: 6.867E+04 seconds      delt: 7.730E+01 seconds     
 timestep:     6112  time: 6.955E+04 seconds      delt: 8.184E+01 seconds     
 timestep:     6123  time: 7.043E+04 seconds      delt: 7.864E+01 seconds     
 timestep:     6134  time: 7.132E+04 seconds      delt: 8.326E+01 seconds     
 timestep:     6145  time: 7.222E+04 seconds      delt: 8.001E+01 seconds     
 timestep:     6156  time: 7.312E+04 seconds      delt: 8.470E+01 seconds     
 timestep:     6167  time: 7.404E+04 seconds      delt: 8.140E+01 seconds     
 timestep:     6178  time: 7.496E+04 seconds      delt: 8.617E+01 seconds     
 timestep:     6189  time: 7.589E+04 seconds      delt: 8.281E+01 seconds     
 timestep:     6200  time: 7.683E+04 seconds      delt: 8.767E+01 seconds     
 timestep:     6211  time: 7.774E+04 seconds      delt: 8.425E+01 seconds     
 timestep:     6222  time: 7.865E+04 seconds      delt: 8.096E+01 seconds     
 timestep:     6233  time: 7.956E+04 seconds      delt: 8.571E+01 seconds     
 timestep:     6244  time: 8.049E+04 seconds      delt: 8.236E+01 seconds     
 timestep:     6255  time: 8.142E+04 seconds      delt: 8.720E+01 seconds     
 timestep:     6266  time: 8.243E+04 seconds      delt: 9.659E+01 seconds     
 timestep:     6277  time: 8.344E+04 seconds      delt: 9.426E+01 seconds     
 timestep:     6288  time: 8.444E+04 seconds      delt: 9.198E+01 seconds     
 timestep:     6299  time: 8.548E+04 seconds      delt: 9.298E+01 seconds     
 timestep:     6310  time: 8.652E+04 seconds      delt: 9.936E+01 seconds     
 timestep:     6321  time: 8.756E+04 seconds      delt: 9.069E+01 seconds     
 timestep:     6332  time: 8.861E+04 seconds      delt: 9.552E+01 seconds     
 timestep:     6343  time: 8.967E+04 seconds      delt: 1.006E+02 seconds     
 timestep:     6354  time: 9.072E+04 seconds      delt: 9.723E+01 seconds     
 timestep:     6365  time: 9.177E+04 seconds      delt: 9.314E+01 seconds     
 timestep:     6376  time: 9.283E+04 seconds      delt: 9.133E+01 seconds     
 timestep:     6387  time: 9.390E+04 seconds      delt: 1.033E+02 seconds     
 timestep:     6398  time: 9.496E+04 seconds      delt: 9.214E+01 seconds     
 timestep:     6409  time: 9.604E+04 seconds      delt: 1.042E+02 seconds     
 timestep:     6420  time: 9.711E+04 seconds      delt: 9.297E+01 seconds     
 timestep:     6431  time: 9.818E+04 seconds      delt: 9.792E+01 seconds     
 timestep:     6442  time: 9.926E+04 seconds      delt: 9.380E+01 seconds     
 timestep:     6453  time: 1.003E+05 seconds      delt: 9.879E+01 seconds     
 timestep:     6464  time: 1.014E+05 seconds      delt: 1.002E+02 seconds     
 timestep:     6475  time: 1.025E+05 seconds      delt: 9.598E+01 seconds     
 timestep:     6486  time: 1.036E+05 seconds      delt: 9.734E+01 seconds     
 timestep:     6497  time: 1.047E+05 seconds      delt: 1.040E+02 seconds     
 timestep:     6508  time: 1.058E+05 seconds      delt: 1.055E+02 seconds     
 timestep:     6519  time: 1.069E+05 seconds      delt: 9.408E+01 seconds     
 timestep:     6530  time: 1.080E+05 seconds      delt: 1.064E+02 seconds     
 timestep:     6541  time: 1.091E+05 seconds      delt: 9.492E+01 seconds     
 timestep:     6552  time: 1.102E+05 seconds      delt: 9.998E+01 seconds     
 timestep:     6563  time: 1.112E+05 seconds      delt: 9.717E+01 seconds     
 timestep:     6574  time: 1.123E+05 seconds      delt: 1.038E+02 seconds     
 timestep:     6585  time: 1.134E+05 seconds      delt: 9.395E+01 seconds     
 timestep:     6596  time: 1.145E+05 seconds      delt: 9.845E+01 seconds     
 timestep:     6607  time: 1.156E+05 seconds      delt: 1.006E+02 seconds     
 timestep:     6618  time: 1.167E+05 seconds      delt: 1.004E+02 seconds     
 timestep:     6629  time: 1.178E+05 seconds      delt: 9.549E+01 seconds     
 timestep:     6640  time: 1.189E+05 seconds      delt: 1.043E+02 seconds     
 timestep:     6651  time: 1.201E+05 seconds      delt: 1.033E+02 seconds     
 timestep:     6662  time: 1.212E+05 seconds      delt: 9.985E+01 seconds     
 timestep:     6673  time: 1.223E+05 seconds      delt: 1.013E+02 seconds     
 timestep:     6684  time: 1.234E+05 seconds      delt: 1.027E+02 seconds     
 timestep:     6695  time: 1.246E+05 seconds      delt: 1.042E+02 seconds     
 timestep:     6706  time: 1.257E+05 seconds      delt: 1.007E+02 seconds     
 timestep:     6717  time: 1.268E+05 seconds      delt: 1.022E+02 seconds     
 timestep:     6728  time: 1.279E+05 seconds      delt: 1.036E+02 seconds     
 timestep:     6739  time: 1.291E+05 seconds      delt: 1.051E+02 seconds     
 timestep:     6750  time: 1.302E+05 seconds      delt: 1.016E+02 seconds     
 timestep:     6761  time: 1.313E+05 seconds      delt: 1.030E+02 seconds     
 timestep:     6772  time: 1.325E+05 seconds      delt: 1.045E+02 seconds     
 timestep:     6783  time: 1.336E+05 seconds      delt: 1.060E+02 seconds     
 timestep:     6794  time: 1.348E+05 seconds      delt: 1.025E+02 seconds     
 timestep:     6805  time: 1.359E+05 seconds      delt: 1.039E+02 seconds     
 timestep:     6816  time: 1.371E+05 seconds      delt: 1.054E+02 seconds     
 timestep:     6827  time: 1.383E+05 seconds      delt: 1.187E+02 seconds     
 timestep:     6838  time: 1.395E+05 seconds      delt: 1.095E+02 seconds     
 timestep:     6849  time: 1.408E+05 seconds      delt: 1.189E+02 seconds     
 timestep:     6860  time: 1.421E+05 seconds      delt: 1.098E+02 seconds     
 timestep:     6871  time: 1.433E+05 seconds      delt: 1.209E+02 seconds     
 timestep:     6882  time: 1.446E+05 seconds      delt: 1.116E+02 seconds     
 timestep:     6893  time: 1.459E+05 seconds      delt: 1.211E+02 seconds     
 timestep:     6904  time: 1.472E+05 seconds      delt: 1.220E+02 seconds     
 timestep:     6915  time: 1.484E+05 seconds      delt: 1.093E+02 seconds     
 timestep:     6926  time: 1.497E+05 seconds      delt: 1.168E+02 seconds     
 timestep:     6937  time: 1.510E+05 seconds      delt: 1.092E+02 seconds     
 timestep:     6948  time: 1.523E+05 seconds      delt: 1.154E+02 seconds     
 timestep:     6959  time: 1.535E+05 seconds      delt: 1.151E+02 seconds     
 timestep:     6970  time: 1.548E+05 seconds      delt: 1.185E+02 seconds     
 timestep:     6981  time: 1.561E+05 seconds      delt: 1.219E+02 seconds     
 timestep:     6992  time: 1.574E+05 seconds      delt: 1.133E+02 seconds     
 timestep:     7003  time: 1.587E+05 seconds      delt: 1.148E+02 seconds     
 timestep:     7014  time: 1.600E+05 seconds      delt: 1.200E+02 seconds     
 timestep:     7025  time: 1.613E+05 seconds      delt: 1.234E+02 seconds     
 timestep:     7036  time: 1.626E+05 seconds      delt: 1.147E+02 seconds     
 timestep:     7047  time: 1.639E+05 seconds      delt: 1.199E+02 seconds     
 timestep:     7058  time: 1.652E+05 seconds      delt: 1.234E+02 seconds     
 timestep:     7069  time: 1.665E+05 seconds      delt: 1.147E+02 seconds     
 timestep:     7080  time: 1.678E+05 seconds      delt: 1.199E+02 seconds     
 timestep:     7091  time: 1.691E+05 seconds      delt: 1.254E+02 seconds     
 timestep:     7102  time: 1.704E+05 seconds      delt: 1.165E+02 seconds     
 timestep:     7113  time: 1.717E+05 seconds      delt: 1.238E+02 seconds     
 timestep:     7124  time: 1.730E+05 seconds      delt: 1.151E+02 seconds     
 timestep:     7135  time: 1.744E+05 seconds      delt: 1.203E+02 seconds     
 timestep:     7146  time: 1.757E+05 seconds      delt: 1.257E+02 seconds     
 timestep:     7157  time: 1.770E+05 seconds      delt: 1.169E+02 seconds     
 timestep:     7168  time: 1.783E+05 seconds      delt: 1.222E+02 seconds     
 timestep:     7179  time: 1.796E+05 seconds      delt: 1.154E+02 seconds     
 timestep:     7190  time: 1.809E+05 seconds      delt: 1.206E+02 seconds     
 timestep:     7201  time: 1.822E+05 seconds      delt: 1.261E+02 seconds     
 timestep:     7212  time: 1.836E+05 seconds      delt: 1.172E+02 seconds     
 timestep:     7223  time: 1.849E+05 seconds      delt: 1.226E+02 seconds     
 timestep:     7234  time: 1.862E+05 seconds      delt: 1.158E+02 seconds     
 timestep:     7245  time: 1.875E+05 seconds      delt: 1.191E+02 seconds     
 timestep:     7256  time: 1.889E+05 seconds      delt: 1.265E+02 seconds     
 timestep:     7267  time: 1.902E+05 seconds      delt: 1.176E+02 seconds     
 timestep:     7278  time: 1.915E+05 seconds      delt: 1.229E+02 seconds     
 timestep:     7289  time: 1.929E+05 seconds      delt: 1.262E+02 seconds     
 timestep:     7300  time: 1.942E+05 seconds      delt: 1.276E+02 seconds     
 timestep:     7311  time: 1.957E+05 seconds      delt: 1.250E+02 seconds     
 timestep:     7322  time: 1.971E+05 seconds      delt: 1.353E+02 seconds     
 timestep:     7333  time: 1.986E+05 seconds      delt: 1.305E+02 seconds     
 timestep:     7344  time: 2.000E+05 seconds      delt: 1.279E+02 seconds     
 timestep:     7355  time: 2.014E+05 seconds      delt: 1.253E+02 seconds     
 timestep:     7366  time: 2.029E+05 seconds      delt: 1.268E+02 seconds     
 timestep:     7377  time: 2.044E+05 seconds      delt: 1.552E+02 seconds     
 timestep:     7388  time: 2.060E+05 seconds      delt: 1.454E+02 seconds     
 timestep:     7399  time: 2.075E+05 seconds      delt: 1.363E+02 seconds     
 timestep:     7410  time: 2.091E+05 seconds      delt: 1.350E+02 seconds     
 timestep:     7421  time: 2.106E+05 seconds      delt: 1.337E+02 seconds     
 timestep:     7432  time: 2.122E+05 seconds      delt: 1.305E+02 seconds     
 timestep:     7443  time: 2.137E+05 seconds      delt: 1.312E+02 seconds     
 timestep:     7454  time: 2.153E+05 seconds      delt: 1.300E+02 seconds     
 timestep:     7465  time: 2.168E+05 seconds      delt: 1.308E+02 seconds     
 timestep:     7476  time: 2.184E+05 seconds      delt: 1.335E+02 seconds     
 timestep:     7487  time: 2.199E+05 seconds      delt: 1.343E+02 seconds     
 timestep:     7498  time: 2.215E+05 seconds      delt: 1.350E+02 seconds     
 timestep:     7509  time: 2.231E+05 seconds      delt: 1.358E+02 seconds     
 timestep:     7520  time: 2.246E+05 seconds      delt: 1.430E+02 seconds     
 timestep:     7531  time: 2.262E+05 seconds      delt: 1.529E+02 seconds     
 timestep:     7542  time: 2.277E+05 seconds      delt: 1.329E+02 seconds     
 timestep:     7553  time: 2.293E+05 seconds      delt: 1.378E+02 seconds     
 timestep:     7564  time: 2.308E+05 seconds      delt: 1.429E+02 seconds     
 timestep:     7575  time: 2.324E+05 seconds      delt: 1.528E+02 seconds     
 timestep:     7586  time: 2.339E+05 seconds      delt: 1.328E+02 seconds     
 timestep:     7597  time: 2.355E+05 seconds      delt: 1.377E+02 seconds     
 timestep:     7608  time: 2.371E+05 seconds      delt: 1.450E+02 seconds     
 timestep:     7619  time: 2.387E+05 seconds      delt: 1.550E+02 seconds     
 timestep:     7630  time: 2.402E+05 seconds      delt: 1.348E+02 seconds     
 timestep:     7641  time: 2.418E+05 seconds      delt: 1.398E+02 seconds     
 timestep:     7652  time: 2.434E+05 seconds      delt: 1.517E+02 seconds     
 timestep:     7663  time: 2.449E+05 seconds      delt: 1.319E+02 seconds     
 timestep:     7674  time: 2.465E+05 seconds      delt: 1.368E+02 seconds     
 timestep:     7685  time: 2.481E+05 seconds      delt: 1.440E+02 seconds     
 timestep:     7696  time: 2.496E+05 seconds      delt: 1.540E+02 seconds     
 timestep:     7707  time: 2.512E+05 seconds      delt: 1.339E+02 seconds     
 timestep:     7718  time: 2.528E+05 seconds      delt: 1.453E+02 seconds     
 timestep:     7729  time: 2.543E+05 seconds      delt: 1.525E+02 seconds     
 timestep:     7740  time: 2.559E+05 seconds      delt: 1.441E+02 seconds     
 timestep:     7751  time: 2.575E+05 seconds      delt: 1.564E+02 seconds     
 timestep:     7762  time: 2.591E+05 seconds      delt: 1.360E+02 seconds     
 timestep:     7773  time: 2.607E+05 seconds      delt: 1.457E+02 seconds     
 timestep:     7784  time: 2.623E+05 seconds      delt: 1.331E+02 seconds     
 timestep:     7795  time: 2.639E+05 seconds      delt: 1.427E+02 seconds     
 timestep:     7806  time: 2.656E+05 seconds      delt: 1.511E+02 seconds     
 timestep:     7817  time: 2.672E+05 seconds      delt: 1.452E+02 seconds     
 timestep:     7828  time: 2.688E+05 seconds      delt: 1.537E+02 seconds     
 timestep:     7839  time: 2.705E+05 seconds      delt: 1.500E+02 seconds     
 timestep:     7850  time: 2.721E+05 seconds      delt: 1.442E+02 seconds     
 timestep:     7861  time: 2.737E+05 seconds      delt: 1.526E+02 seconds     
 timestep:     7872  time: 2.754E+05 seconds      delt: 1.467E+02 seconds     
 timestep:     7883  time: 2.770E+05 seconds      delt: 1.431E+02 seconds     
 timestep:     7894  time: 2.787E+05 seconds      delt: 1.515E+02 seconds     
 timestep:     7905  time: 2.803E+05 seconds      delt: 1.456E+02 seconds     
 timestep:     7916  time: 2.819E+05 seconds      delt: 1.541E+02 seconds     
 timestep:     7927  time: 2.836E+05 seconds      delt: 1.481E+02 seconds     
 timestep:     7938  time: 2.852E+05 seconds      delt: 1.446E+02 seconds     
 timestep:     7949  time: 2.869E+05 seconds      delt: 1.530E+02 seconds     
 timestep:     7960  time: 2.885E+05 seconds      delt: 1.471E+02 seconds     
 timestep:     7971  time: 2.902E+05 seconds      delt: 1.557E+02 seconds     
 timestep:     7982  time: 2.918E+05 seconds      delt: 1.519E+02 seconds     
 timestep:     7993  time: 2.935E+05 seconds      delt: 1.460E+02 seconds     
 timestep:     8004  time: 2.951E+05 seconds      delt: 1.546E+02 seconds     
 timestep:     8015  time: 2.968E+05 seconds      delt: 1.485E+02 seconds     
 timestep:     8026  time: 2.985E+05 seconds      delt: 1.450E+02 seconds     
 timestep:     8037  time: 3.001E+05 seconds      delt: 1.535E+02 seconds     
 timestep:     8048  time: 3.018E+05 seconds      delt: 1.475E+02 seconds     
 timestep:     8059  time: 3.034E+05 seconds      delt: 1.561E+02 seconds     
 timestep:     8070  time: 3.051E+05 seconds      delt: 1.500E+02 seconds     
 timestep:     8081  time: 3.068E+05 seconds      delt: 1.464E+02 seconds     
 timestep:     8092  time: 3.084E+05 seconds      delt: 1.550E+02 seconds     
 timestep:     8103  time: 3.101E+05 seconds      delt: 1.489E+02 seconds     
 timestep:     8114  time: 3.118E+05 seconds      delt: 1.577E+02 seconds     
 timestep:     8125  time: 3.135E+05 seconds      delt: 1.539E+02 seconds     
 timestep:     8136  time: 3.151E+05 seconds      delt: 1.479E+02 seconds     
 timestep:     8147  time: 3.168E+05 seconds      delt: 1.566E+02 seconds     
 timestep:     8158  time: 3.185E+05 seconds      delt: 1.504E+02 seconds     
 timestep:     8169  time: 3.202E+05 seconds      delt: 1.593E+02 seconds     
 timestep:     8180  time: 3.219E+05 seconds      delt: 1.554E+02 seconds     
 timestep:     8191  time: 3.236E+05 seconds      delt: 1.494E+02 seconds     
 timestep:     8202  time: 3.253E+05 seconds      delt: 1.581E+02 seconds     
 timestep:     8213  time: 3.271E+05 seconds      delt: 1.593E+02 seconds     
 timestep:     8224  time: 3.289E+05 seconds      delt: 1.709E+02 seconds     
 timestep:     8235  time: 3.307E+05 seconds      delt: 1.668E+02 seconds     
 timestep:     8246  time: 3.325E+05 seconds      delt: 1.652E+02 seconds     
 timestep:     8257  time: 3.343E+05 seconds      delt: 1.612E+02 seconds     
 timestep:     8268  time: 3.362E+05 seconds      delt: 1.597E+02 seconds     
 timestep:     8279  time: 3.380E+05 seconds      delt: 1.714E+02 seconds     
 timestep:     8290  time: 3.398E+05 seconds      delt: 1.672E+02 seconds     
 timestep:     8301  time: 3.417E+05 seconds      delt: 1.656E+02 seconds     
 timestep:     8312  time: 3.435E+05 seconds      delt: 1.616E+02 seconds     
 timestep:     8323  time: 3.453E+05 seconds      delt: 1.734E+02 seconds     
 timestep:     8334  time: 3.472E+05 seconds      delt: 1.718E+02 seconds     
 timestep:     8345  time: 3.490E+05 seconds      delt: 1.676E+02 seconds     
 timestep:     8356  time: 3.509E+05 seconds      delt: 1.636E+02 seconds     
 timestep:     8367  time: 3.527E+05 seconds      delt: 1.620E+02 seconds     
 timestep:     8378  time: 3.546E+05 seconds      delt: 1.739E+02 seconds     
 timestep:     8389  time: 3.564E+05 seconds      delt: 1.697E+02 seconds     
 timestep:     8400  time: 3.583E+05 seconds      delt: 1.681E+02 seconds     
 timestep:     8411  time: 3.601E+05 seconds      delt: 1.640E+02 seconds     
 timestep:     8422  time: 3.620E+05 seconds      delt: 1.760E+02 seconds     
 timestep:     8433  time: 3.639E+05 seconds      delt: 1.743E+02 seconds     
 timestep:     8444  time: 3.657E+05 seconds      delt: 1.701E+02 seconds     
 timestep:     8455  time: 3.676E+05 seconds      delt: 1.660E+02 seconds     
 timestep:     8466  time: 3.695E+05 seconds      delt: 1.696E+02 seconds     
 timestep:     8477  time: 3.714E+05 seconds      delt: 1.655E+02 seconds     
 timestep:     8488  time: 3.733E+05 seconds      delt: 1.739E+02 seconds     
 timestep:     8499  time: 3.752E+05 seconds      delt: 1.770E+02 seconds     
 timestep:     8510  time: 3.771E+05 seconds      delt: 1.740E+02 seconds     
 timestep:     8521  time: 3.790E+05 seconds      delt: 1.765E+02 seconds     
 timestep:     8532  time: 3.809E+05 seconds      delt: 1.791E+02 seconds     
 timestep:     8543  time: 3.829E+05 seconds      delt: 1.730E+02 seconds     
 timestep:     8554  time: 3.848E+05 seconds      delt: 1.755E+02 seconds     
 timestep:     8565  time: 3.868E+05 seconds      delt: 1.781E+02 seconds     
 timestep:     8576  time: 3.887E+05 seconds      delt: 1.806E+02 seconds     
 timestep:     8587  time: 3.907E+05 seconds      delt: 1.745E+02 seconds     
 timestep:     8598  time: 3.926E+05 seconds      delt: 1.770E+02 seconds     
 timestep:     8609  time: 3.946E+05 seconds      delt: 1.796E+02 seconds     
 timestep:     8620  time: 3.966E+05 seconds      delt: 1.822E+02 seconds     
 timestep:     8631  time: 3.985E+05 seconds      delt: 1.760E+02 seconds     
 timestep:     8642  time: 4.005E+05 seconds      delt: 1.786E+02 seconds     
 timestep:     8653  time: 4.025E+05 seconds      delt: 1.811E+02 seconds     
 timestep:     8664  time: 4.045E+05 seconds      delt: 1.838E+02 seconds     
 timestep:     8675  time: 4.065E+05 seconds      delt: 1.864E+02 seconds     
 timestep:     8686  time: 4.085E+05 seconds      delt: 1.801E+02 seconds     
 timestep:     8697  time: 4.105E+05 seconds      delt: 1.827E+02 seconds     
 timestep:     8708  time: 4.126E+05 seconds      delt: 1.853E+02 seconds     
 timestep:     8719  time: 4.146E+05 seconds      delt: 1.880E+02 seconds     
 timestep:     8730  time: 4.167E+05 seconds      delt: 1.907E+02 seconds     
 timestep:     8741  time: 4.187E+05 seconds      delt: 1.843E+02 seconds     
 timestep:     8752  time: 4.208E+05 seconds      delt: 1.869E+02 seconds     
 timestep:     8763  time: 4.229E+05 seconds      delt: 1.896E+02 seconds     
 timestep:     8774  time: 4.251E+05 seconds      delt: 1.924E+02 seconds     
 timestep:     8785  time: 4.272E+05 seconds      delt: 1.951E+02 seconds     
 timestep:     8796  time: 4.294E+05 seconds      delt: 1.979E+02 seconds     
 timestep:     8807  time: 4.316E+05 seconds      delt: 2.008E+02 seconds     
 timestep:     8818  time: 4.338E+05 seconds      delt: 2.037E+02 seconds     
 timestep:     8829  time: 4.360E+05 seconds      delt: 1.968E+02 seconds     
 timestep:     8840  time: 4.382E+05 seconds      delt: 1.997E+02 seconds     
 timestep:     8851  time: 4.404E+05 seconds      delt: 2.025E+02 seconds     
 timestep:     8862  time: 4.426E+05 seconds      delt: 1.957E+02 seconds     
 timestep:     8873  time: 4.448E+05 seconds      delt: 1.985E+02 seconds     
 timestep:     8884  time: 4.470E+05 seconds      delt: 2.014E+02 seconds     
 timestep:     8895  time: 4.492E+05 seconds      delt: 2.043E+02 seconds     
 timestep:     8906  time: 4.515E+05 seconds      delt: 1.974E+02 seconds     
 timestep:     8917  time: 4.537E+05 seconds      delt: 2.002E+02 seconds     
 timestep:     8928  time: 4.559E+05 seconds      delt: 2.031E+02 seconds     
 timestep:     8939  time: 4.581E+05 seconds      delt: 2.060E+02 seconds     
 timestep:     8950  time: 4.603E+05 seconds      delt: 1.991E+02 seconds     
 timestep:     8961  time: 4.626E+05 seconds      delt: 2.020E+02 seconds     
 timestep:     8972  time: 4.648E+05 seconds      delt: 2.049E+02 seconds     
 timestep:     8983  time: 4.670E+05 seconds      delt: 1.979E+02 seconds     
 timestep:     8994  time: 4.692E+05 seconds      delt: 2.008E+02 seconds     
 timestep:     9005  time: 4.715E+05 seconds      delt: 2.037E+02 seconds     
 timestep:     9016  time: 4.737E+05 seconds      delt: 2.066E+02 seconds     
 timestep:     9027  time: 4.759E+05 seconds      delt: 1.997E+02 seconds     
 timestep:     9038  time: 4.782E+05 seconds      delt: 2.025E+02 seconds     
 timestep:     9049  time: 4.804E+05 seconds      delt: 2.055E+02 seconds     
 timestep:     9060  time: 4.827E+05 seconds      delt: 2.084E+02 seconds     
 timestep:     9071  time: 4.849E+05 seconds      delt: 2.014E+02 seconds     
 timestep:     9082  time: 4.872E+05 seconds      delt: 2.043E+02 seconds     
 timestep:     9093  time: 4.894E+05 seconds      delt: 2.072E+02 seconds     
 timestep:     9104  time: 4.917E+05 seconds      delt: 2.102E+02 seconds     
 timestep:     9115  time: 4.940E+05 seconds      delt: 2.031E+02 seconds     
 timestep:     9126  time: 4.962E+05 seconds      delt: 2.060E+02 seconds     
 timestep:     9137  time: 4.985E+05 seconds      delt: 2.090E+02 seconds     
 timestep:     9148  time: 5.007E+05 seconds      delt: 2.020E+02 seconds     
 timestep:     9159  time: 5.030E+05 seconds      delt: 2.049E+02 seconds     
 timestep:     9170  time: 5.053E+05 seconds      delt: 2.078E+02 seconds     
 timestep:     9181  time: 5.076E+05 seconds      delt: 2.108E+02 seconds     
 timestep:     9192  time: 5.099E+05 seconds      delt: 2.037E+02 seconds     
 timestep:     9203  time: 5.122E+05 seconds      delt: 2.066E+02 seconds     
 timestep:     9214  time: 5.145E+05 seconds      delt: 2.096E+02 seconds     
 timestep:     9225  time: 5.168E+05 seconds      delt: 2.126E+02 seconds     
 timestep:     9236  time: 5.191E+05 seconds      delt: 2.055E+02 seconds     
 timestep:     9247  time: 5.214E+05 seconds      delt: 2.084E+02 seconds     
 timestep:     9258  time: 5.237E+05 seconds      delt: 2.114E+02 seconds     
 timestep:     9269  time: 5.260E+05 seconds      delt: 2.145E+02 seconds     
 timestep:     9280  time: 5.284E+05 seconds      delt: 2.072E+02 seconds     
 timestep:     9291  time: 5.307E+05 seconds      delt: 2.216E+02 seconds     
 timestep:     9302  time: 5.331E+05 seconds      delt: 2.150E+02 seconds     
 timestep:     9313  time: 5.355E+05 seconds      delt: 2.198E+02 seconds     
 timestep:     9324  time: 5.379E+05 seconds      delt: 2.248E+02 seconds     
 timestep:     9335  time: 5.403E+05 seconds      delt: 2.299E+02 seconds     
 timestep:     9346  time: 5.427E+05 seconds      delt: 2.124E+02 seconds     
 timestep:     9357  time: 5.452E+05 seconds      delt: 2.172E+02 seconds     
 timestep:     9368  time: 5.477E+05 seconds      delt: 2.221E+02 seconds     
 timestep:     9379  time: 5.501E+05 seconds      delt: 2.271E+02 seconds     
 timestep:     9390  time: 5.526E+05 seconds      delt: 2.323E+02 seconds     
 timestep:     9401  time: 5.551E+05 seconds      delt: 2.375E+02 seconds     
 timestep:     9412  time: 5.576E+05 seconds      delt: 2.195E+02 seconds     
 timestep:     9423  time: 5.602E+05 seconds      delt: 2.244E+02 seconds     
 timestep:     9434  time: 5.627E+05 seconds      delt: 2.295E+02 seconds     
 timestep:     9445  time: 5.653E+05 seconds      delt: 2.876E+02 seconds     
 timestep:     9456  time: 5.682E+05 seconds      delt: 2.599E+02 seconds     
 timestep:     9467  time: 5.711E+05 seconds      delt: 2.675E+02 seconds     
 timestep:     9478  time: 5.740E+05 seconds      delt: 2.818E+02 seconds     
 timestep:     9489  time: 5.770E+05 seconds      delt: 2.601E+02 seconds     
 timestep:     9500  time: 5.803E+05 seconds      delt: 3.607E+02 seconds     
 timestep:     9511  time: 5.848E+05 seconds      delt: 4.102E+02 seconds     
 timestep:     9522  time: 5.894E+05 seconds      delt: 4.161E+02 seconds     
 timestep:     9533  time: 5.941E+05 seconds      delt: 4.221E+02 seconds     
 timestep:     9544  time: 5.987E+05 seconds      delt: 4.282E+02 seconds     
 timestep:     9555  time: 6.033E+05 seconds      delt: 4.138E+02 seconds     
 timestep:     9566  time: 6.080E+05 seconds      delt: 4.197E+02 seconds     
 timestep:     9577  time: 6.126E+05 seconds      delt: 4.258E+02 seconds     
 timestep:     9588  time: 6.172E+05 seconds      delt: 4.319E+02 seconds     
 timestep:     9599  time: 6.219E+05 seconds      delt: 4.173E+02 seconds     
 timestep:     9610  time: 6.266E+05 seconds      delt: 4.233E+02 seconds     
 timestep:     9621  time: 6.312E+05 seconds      delt: 4.294E+02 seconds     
 timestep:     9632  time: 6.359E+05 seconds      delt: 4.149E+02 seconds     
 timestep:     9643  time: 6.413E+05 seconds      delt: 6.804E+02 seconds     
 timestep:     9654  time: 6.518E+05 seconds      delt: 1.229E+03 seconds     
 timestep:     9665  time: 6.666E+05 seconds      delt: 1.309E+03 seconds     
 timestep:     9676  time: 6.809E+05 seconds      delt: 1.265E+03 seconds     
 timestep:     9687  time: 6.946E+05 seconds      delt: 1.222E+03 seconds     
 timestep:     9698  time: 7.078E+05 seconds      delt: 1.181E+03 seconds     
 timestep:     9709  time: 7.205E+05 seconds      delt: 1.141E+03 seconds     
 timestep:     9720  time: 7.329E+05 seconds      delt: 1.102E+03 seconds     
 timestep:     9731  time: 7.448E+05 seconds      delt: 1.065E+03 seconds     
 timestep:     9742  time: 7.564E+05 seconds      delt: 1.029E+03 seconds     
 timestep:     9753  time: 7.706E+05 seconds      delt: 1.698E+03 seconds     
 timestep:     9764  time: 7.905E+05 seconds      delt: 1.943E+03 seconds     
 timestep:     9775  time: 8.101E+05 seconds      delt: 1.839E+03 seconds     
 timestep:     9786  time: 8.289E+05 seconds      delt: 1.740E+03 seconds     
 timestep:     9797  time: 8.469E+05 seconds      delt: 1.647E+03 seconds     
 timestep:     9808  time: 8.645E+05 seconds      delt: 1.558E+03 seconds     
 timestep:     9819  time: 8.817E+05 seconds      delt: 1.474E+03 seconds     
 timestep:     9830  time: 9.010E+05 seconds      delt: 1.989E+03 seconds     
 timestep:     9841  time: 9.214E+05 seconds      delt: 1.846E+03 seconds     
 timestep:     9852  time: 9.415E+05 seconds      delt: 1.713E+03 seconds     
 timestep:     9863  time: 9.612E+05 seconds      delt: 1.854E+03 seconds     
 timestep:     9874  time: 9.802E+05 seconds      delt: 1.720E+03 seconds     
 timestep:     9885  time: 9.989E+05 seconds      delt: 1.596E+03 seconds     
 timestep:     9896  time: 1.017E+06 seconds      delt: 1.727E+03 seconds     
 timestep:     9907  time: 1.036E+06 seconds      delt: 1.603E+03 seconds     
 timestep:     9918  time: 1.054E+06 seconds      delt: 1.735E+03 seconds     
 timestep:     9929  time: 1.073E+06 seconds      delt: 1.610E+03 seconds     
 timestep:     9940  time: 1.091E+06 seconds      delt: 1.742E+03 seconds     
 timestep:     9951  time: 1.109E+06 seconds      delt: 1.616E+03 seconds     
 timestep:     9962  time: 1.129E+06 seconds      delt: 2.151E+03 seconds     
 timestep:     9973  time: 1.152E+06 seconds      delt: 1.953E+03 seconds     
 timestep:     9984  time: 1.175E+06 seconds      delt: 2.062E+03 seconds     
 timestep:     9995  time: 1.198E+06 seconds      delt: 2.176E+03 seconds     
 timestep:    10006  time: 1.221E+06 seconds      delt: 1.976E+03 seconds     
 timestep:    10017  time: 1.244E+06 seconds      delt: 2.086E+03 seconds     
 timestep:    10028  time: 1.268E+06 seconds      delt: 2.202E+03 seconds     
 timestep:    10039  time: 1.292E+06 seconds      delt: 2.223E+03 seconds     
 timestep:    10050  time: 1.317E+06 seconds      delt: 2.255E+03 seconds     
 timestep:    10061  time: 1.342E+06 seconds      delt: 2.288E+03 seconds     
 timestep:    10072  time: 1.367E+06 seconds      delt: 2.321E+03 seconds     
 timestep:    10083  time: 1.393E+06 seconds      delt: 2.354E+03 seconds     
 timestep:    10094  time: 1.419E+06 seconds      delt: 2.388E+03 seconds     
 timestep:    10105  time: 1.445E+06 seconds      delt: 2.423E+03 seconds     
 timestep:    10116  time: 1.472E+06 seconds      delt: 2.458E+03 seconds     
 timestep:    10127  time: 1.500E+06 seconds      delt: 2.493E+03 seconds     
 timestep:    10138  time: 1.528E+06 seconds      delt: 2.529E+03 seconds     
 timestep:    10149  time: 1.556E+06 seconds      delt: 2.693E+03 seconds     
 timestep:    10160  time: 1.586E+06 seconds      delt: 2.732E+03 seconds     
 timestep:    10171  time: 1.616E+06 seconds      delt: 2.772E+03 seconds     
 timestep:    10182  time: 1.647E+06 seconds      delt: 2.952E+03 seconds     
 timestep:    10193  time: 1.680E+06 seconds      delt: 2.994E+03 seconds     
 timestep:    10204  time: 1.714E+06 seconds      delt: 3.189E+03 seconds     
 timestep:    10215  time: 1.749E+06 seconds      delt: 3.235E+03 seconds     
 timestep:    10226  time: 1.786E+06 seconds      delt: 3.445E+03 seconds     
 timestep:    10237  time: 1.825E+06 seconds      delt: 3.669E+03 seconds     
 timestep:    10248  time: 1.867E+06 seconds      delt: 3.908E+03 seconds     
 timestep:    10259  time: 1.911E+06 seconds      delt: 4.162E+03 seconds     
 timestep:    10270  time: 1.960E+06 seconds      delt: 4.653E+03 seconds     
 timestep:    10281  time: 2.014E+06 seconds      delt: 5.203E+03 seconds     
 timestep:    10292  time: 2.076E+06 seconds      delt: 6.107E+03 seconds     
 timestep:    10303  time: 2.148E+06 seconds      delt: 7.169E+03 seconds     
 timestep:    10314  time: 2.237E+06 seconds      delt: 9.276E+03 seconds     
 timestep:    10325  time: 2.346E+06 seconds      delt: 1.000E+04 seconds     
 timestep:    10336  time: 2.456E+06 seconds      delt: 1.000E+04 seconds     
 timestep:    10347  time: 2.566E+06 seconds      delt: 1.000E+04 seconds     
 timestep:    10358  time: 2.676E+06 seconds      delt: 1.000E+04 seconds     
 timestep:    10369  time: 2.786E+06 seconds      delt: 1.000E+04 seconds     
 timestep:    10380  time: 2.896E+06 seconds      delt: 1.000E+04 seconds     
 timestep:    10391  time: 3.006E+06 seconds      delt: 1.000E+04 seconds     
 timestep:    10402  time: 3.116E+06 seconds      delt: 1.000E+04 seconds     
 timestep:    10413  time: 3.226E+06 seconds      delt: 1.000E+04 seconds     
 timestep:    10424  time: 3.336E+06 seconds      delt: 1.000E+04 seconds     
 timestep:    10435  time: 3.446E+06 seconds      delt: 1.000E+04 seconds     
 timestep:    10446  time: 3.556E+06 seconds      delt: 1.000E+04 seconds     
 timestep:    10457  time: 3.666E+06 seconds      delt: 1.000E+04 seconds     
 timestep:    10468  time: 3.776E+06 seconds      delt: 1.000E+04 seconds     
 timestep:    10479  time: 3.886E+06 seconds      delt: 1.000E+04 seconds     
 timestep:    10490  time: 3.996E+06 seconds      delt: 1.000E+04 seconds     
 timestep:    10501  time: 4.106E+06 seconds      delt: 1.000E+04 seconds     
 timestep:    10512  time: 4.216E+06 seconds      delt: 1.000E+04 seconds     
 timestep:    10523  time: 4.326E+06 seconds      delt: 1.000E+04 seconds     
 timestep:    10534  time: 4.436E+06 seconds      delt: 1.000E+04 seconds     
 timestep:    10545  time: 4.546E+06 seconds      delt: 1.000E+04 seconds     
 timestep:    10556  time: 4.656E+06 seconds      delt: 1.000E+04 seconds     
 timestep:    10567  time: 4.766E+06 seconds      delt: 1.000E+04 seconds     
 timestep:    10578  time: 4.876E+06 seconds      delt: 1.000E+04 seconds     
 timestep:    10589  time: 4.986E+06 seconds      delt: 1.000E+04 seconds     
 timestep:    10600  time: 5.096E+06 seconds      delt: 1.000E+04 seconds     
 timestep:    10611  time: 5.206E+06 seconds      delt: 1.000E+04 seconds     
 timestep:    10622  time: 5.316E+06 seconds      delt: 1.000E+04 seconds     
 timestep:    10633  time: 5.426E+06 seconds      delt: 1.000E+04 seconds     
 timestep:    10644  time: 5.536E+06 seconds      delt: 1.000E+04 seconds     
 timestep:    10655  time: 5.646E+06 seconds      delt: 1.000E+04 seconds     
 timestep:    10666  time: 5.756E+06 seconds      delt: 1.000E+04 seconds     
 timestep:    10677  time: 5.866E+06 seconds      delt: 1.000E+04 seconds     
 timestep:    10688  time: 5.976E+06 seconds      delt: 1.000E+04 seconds     
 timestep:    10699  time: 6.086E+06 seconds      delt: 1.000E+04 seconds     
 timestep:    10710  time: 6.196E+06 seconds      delt: 1.000E+04 seconds     
 timestep:    10721  time: 6.306E+06 seconds      delt: 1.000E+04 seconds     
 timestep:    10732  time: 6.416E+06 seconds      delt: 1.000E+04 seconds     
 timestep:    10743  time: 6.526E+06 seconds      delt: 1.000E+04 seconds     
 timestep:    10754  time: 6.636E+06 seconds      delt: 1.000E+04 seconds     
 timestep:    10765  time: 6.746E+06 seconds      delt: 1.000E+04 seconds     
 timestep:    10776  time: 6.856E+06 seconds      delt: 1.000E+04 seconds     
 timestep:    10787  time: 6.966E+06 seconds      delt: 1.000E+04 seconds     
 timestep:    10798  time: 7.076E+06 seconds      delt: 1.000E+04 seconds     
 timestep:    10809  time: 7.186E+06 seconds      delt: 1.000E+04 seconds     
 timestep:    10820  time: 7.296E+06 seconds      delt: 1.000E+04 seconds     
 timestep:    10831  time: 7.406E+06 seconds      delt: 1.000E+04 seconds     
 timestep:    10842  time: 7.516E+06 seconds      delt: 1.000E+04 seconds     
 timestep:    10853  time: 7.626E+06 seconds      delt: 1.000E+04 seconds     
 timestep:    10864  time: 7.736E+06 seconds      delt: 1.000E+04 seconds     
 timestep:    10875  time: 7.846E+06 seconds      delt: 1.000E+04 seconds     
 timestep:    10886  time: 7.956E+06 seconds      delt: 1.000E+04 seconds     
 timestep:    10897  time: 8.066E+06 seconds      delt: 1.000E+04 seconds     
 timestep:    10908  time: 8.176E+06 seconds      delt: 1.000E+04 seconds     
 timestep:    10919  time: 8.286E+06 seconds      delt: 1.000E+04 seconds     
 timestep:    10930  time: 8.396E+06 seconds      delt: 1.000E+04 seconds     
 timestep:    10941  time: 8.506E+06 seconds      delt: 1.000E+04 seconds     
 timestep:    10952  time: 8.616E+06 seconds      delt: 1.000E+04 seconds     
 timestep:    10963  time: 8.726E+06 seconds      delt: 1.000E+04 seconds     
 timestep:    10974  time: 8.836E+06 seconds      delt: 1.000E+04 seconds     
 timestep:    10985  time: 8.946E+06 seconds      delt: 1.000E+04 seconds     
 timestep:    10996  time: 9.056E+06 seconds      delt: 1.000E+04 seconds     
 timestep:    11007  time: 9.166E+06 seconds      delt: 1.000E+04 seconds     
 timestep:    11018  time: 9.276E+06 seconds      delt: 1.000E+04 seconds     
 timestep:    11029  time: 9.386E+06 seconds      delt: 1.000E+04 seconds     
 timestep:    11040  time: 9.496E+06 seconds      delt: 1.000E+04 seconds     
 timestep:    11051  time: 9.606E+06 seconds      delt: 1.000E+04 seconds     
 timestep:    11062  time: 9.716E+06 seconds      delt: 1.000E+04 seconds     
 timestep:    11073  time: 9.826E+06 seconds      delt: 1.000E+04 seconds     
 timestep:    11084  time: 9.936E+06 seconds      delt: 1.000E+04 seconds     

 write contour data, T =   1.0000E+07 seconds     
 ------------------------------------------------------------------------


     ***************** normal exit ******************


