# Units: Log10 mol/kgw
 TITLE = " Years"
VARIABLES = "X (meters)", "H+        ", "Cl-       ", "Na+       ", "NO3-      ", "
 ZONE F=POINT,I=         100
 5.00000E-01              -4.00802E+00  -3.99934E+00  -4.00073E+00  -4.00944E+00
 1.50000E+00              -4.02439E+00  -3.99788E+00  -4.00229E+00  -4.02907E+00
 2.50000E+00              -4.04119E+00  -3.99627E+00  -4.00395E+00  -4.04971E+00
 3.50000E+00              -4.05841E+00  -3.99453E+00  -4.00568E+00  -4.07135E+00
 4.50000E+00              -4.07604E+00  -3.99267E+00  -4.00745E+00  -4.09401E+00
 5.50000E+00              -4.09407E+00  -3.99072E+00  -4.00923E+00  -4.11770E+00
 6.50000E+00              -4.11247E+00  -3.98871E+00  -4.01101E+00  -4.14239E+00
 7.50000E+00              -4.13124E+00  -3.98665E+00  -4.01274E+00  -4.16809E+00
 8.50000E+00              -4.15036E+00  -3.98459E+00  -4.01442E+00  -4.19479E+00
 9.50000E+00              -4.16980E+00  -3.98253E+00  -4.01601E+00  -4.22247E+00
 1.05000E+01              -4.18955E+00  -3.98050E+00  -4.01751E+00  -4.25111E+00
 1.15000E+01              -4.20959E+00  -3.97853E+00  -4.01889E+00  -4.28071E+00
 1.25000E+01              -4.22990E+00  -3.97664E+00  -4.02015E+00  -4.31123E+00
 1.35000E+01              -4.25046E+00  -3.97484E+00  -4.02127E+00  -4.34266E+00
 1.45000E+01              -4.27125E+00  -3.97315E+00  -4.02227E+00  -4.37496E+00
 1.55000E+01              -4.29225E+00  -3.97158E+00  -4.02312E+00  -4.40812E+00
 1.65000E+01              -4.31345E+00  -3.97014E+00  -4.02384E+00  -4.44209E+00
 1.75000E+01              -4.33482E+00  -3.96885E+00  -4.02442E+00  -4.47686E+00
 1.85000E+01              -4.35634E+00  -3.96770E+00  -4.02487E+00  -4.51238E+00
 1.95000E+01              -4.37800E+00  -3.96670E+00  -4.02520E+00  -4.54862E+00
 2.05000E+01              -4.39978E+00  -3.96585E+00  -4.02540E+00  -4.58555E+00
 2.15000E+01              -4.42167E+00  -3.96516E+00  -4.02550E+00  -4.62313E+00
 2.25000E+01              -4.44365E+00  -3.96461E+00  -4.02549E+00  -4.66131E+00
 2.35000E+01              -4.46570E+00  -3.96421E+00  -4.02539E+00  -4.70005E+00
 2.45000E+01              -4.48782E+00  -3.96394E+00  -4.02521E+00  -4.73930E+00
 2.55000E+01              -4.50998E+00  -3.96381E+00  -4.02495E+00  -4.77903E+00
 2.65000E+01              -4.53218E+00  -3.96381E+00  -4.02461E+00  -4.81917E+00
 2.75000E+01              -4.55441E+00  -3.96393E+00  -4.02422E+00  -4.85967E+00
 2.85000E+01              -4.57666E+00  -3.96416E+00  -4.02378E+00  -4.90047E+00
 2.95000E+01              -4.59891E+00  -3.96449E+00  -4.02328E+00  -4.94152E+00
 3.05000E+01              -4.62117E+00  -3.96491E+00  -4.02275E+00  -4.98274E+00
 3.15000E+01              -4.64341E+00  -3.96542E+00  -4.02219E+00  -5.02407E+00
 3.25000E+01              -4.66564E+00  -3.96601E+00  -4.02160E+00  -5.06544E+00
 3.35000E+01              -4.68785E+00  -3.96666E+00  -4.02099E+00  -5.10677E+00
 3.45000E+01              -4.71003E+00  -3.96737E+00  -4.02037E+00  -5.14797E+00
 3.55000E+01              -4.73218E+00  -3.96813E+00  -4.01973E+00  -5.18897E+00
 3.65000E+01              -4.75428E+00  -3.96894E+00  -4.01909E+00  -5.22966E+00
 3.75000E+01              -4.77635E+00  -3.96978E+00  -4.01844E+00  -5.26996E+00
 3.85000E+01              -4.79836E+00  -3.97064E+00  -4.01780E+00  -5.30978E+00
 3.95000E+01              -4.82032E+00  -3.97153E+00  -4.01715E+00  -5.34900E+00
 4.05000E+01              -4.84223E+00  -3.97244E+00  -4.01652E+00  -5.38753E+00
 4.15000E+01              -4.86408E+00  -3.97336E+00  -4.01589E+00  -5.42526E+00
 4.25000E+01              -4.88586E+00  -3.97428E+00  -4.01526E+00  -5.46209E+00
 4.35000E+01              -4.90758E+00  -3.97520E+00  -4.01465E+00  -5.49793E+00
 4.45000E+01              -4.92922E+00  -3.97612E+00  -4.01406E+00  -5.53267E+00
 4.55000E+01              -4.95079E+00  -3.97703E+00  -4.01347E+00  -5.56621E+00
 4.65000E+01              -4.97228E+00  -3.97794E+00  -4.01290E+00  -5.59848E+00
 4.75000E+01              -4.99370E+00  -3.97883E+00  -4.01235E+00  -5.62940E+00
 4.85000E+01              -5.01502E+00  -3.97970E+00  -4.01181E+00  -5.65890E+00
 4.95000E+01              -5.03626E+00  -3.98056E+00  -4.01128E+00  -5.68693E+00
 5.05000E+01              -5.05741E+00  -3.98140E+00  -4.01078E+00  -5.71345E+00
 5.15000E+01              -5.07846E+00  -3.98221E+00  -4.01028E+00  -5.73842E+00
 5.25000E+01              -5.09942E+00  -3.98301E+00  -4.00981E+00  -5.76184E+00
 5.35000E+01              -5.12027E+00  -3.98378E+00  -4.00935E+00  -5.78370E+00
 5.45000E+01              -5.14102E+00  -3.98453E+00  -4.00891E+00  -5.80403E+00
 5.55000E+01              -5.16166E+00  -3.98526E+00  -4.00849E+00  -5.82286E+00
 5.65000E+01              -5.18219E+00  -3.98596E+00  -4.00808E+00  -5.84022E+00
 5.75000E+01              -5.20260E+00  -3.98664E+00  -4.00769E+00  -5.85617E+00
 5.85000E+01              -5.22289E+00  -3.98729E+00  -4.00731E+00  -5.87077E+00
 5.95000E+01              -5.24306E+00  -3.98792E+00  -4.00695E+00  -5.88408E+00
 6.05000E+01              -5.26310E+00  -3.98852E+00  -4.00660E+00  -5.89618E+00
 6.15000E+01              -5.28301E+00  -3.98910E+00  -4.00627E+00  -5.90715E+00
 6.25000E+01              -5.30279E+00  -3.98966E+00  -4.00595E+00  -5.91706E+00
 6.35000E+01              -5.32244E+00  -3.99019E+00  -4.00564E+00  -5.92599E+00
 6.45000E+01              -5.34194E+00  -3.99071E+00  -4.00535E+00  -5.93402E+00
 6.55000E+01              -5.36131E+00  -3.99120E+00  -4.00507E+00  -5.94123E+00
 6.65000E+01              -5.38053E+00  -3.99167E+00  -4.00480E+00  -5.94768E+00
 6.75000E+01              -5.39961E+00  -3.99212E+00  -4.00454E+00  -5.95345E+00
 6.85000E+01              -5.41854E+00  -3.99255E+00  -4.00430E+00  -5.95859E+00
 6.95000E+01              -5.43733E+00  -3.99296E+00  -4.00406E+00  -5.96318E+00
 7.05000E+01              -5.45597E+00  -3.99335E+00  -4.00384E+00  -5.96726E+00
 7.15000E+01              -5.47446E+00  -3.99373E+00  -4.00362E+00  -5.97090E+00
 7.25000E+01              -5.49281E+00  -3.99409E+00  -4.00342E+00  -5.97413E+00
 7.35000E+01              -5.51102E+00  -3.99443E+00  -4.00322E+00  -5.97699E+00
 7.45000E+01              -5.52910E+00  -3.99476E+00  -4.00303E+00  -5.97954E+00
 7.55000E+01              -5.54704E+00  -3.99507E+00  -4.00285E+00  -5.98180E+00
 7.65000E+01              -5.56485E+00  -3.99537E+00  -4.00268E+00  -5.98381E+00
 7.75000E+01              -5.58255E+00  -3.99566E+00  -4.00251E+00  -5.98559E+00
 7.85000E+01              -5.60013E+00  -3.99594E+00  -4.00236E+00  -5.98718E+00
 7.95000E+01              -5.61762E+00  -3.99620E+00  -4.00221E+00  -5.98859E+00
 8.05000E+01              -5.63501E+00  -3.99645E+00  -4.00206E+00  -5.98984E+00
 8.15000E+01              -5.65233E+00  -3.99669E+00  -4.00192E+00  -5.99096E+00
 8.25000E+01              -5.66960E+00  -3.99692E+00  -4.00179E+00  -5.99195E+00
 8.35000E+01              -5.68682E+00  -3.99715E+00  -4.00166E+00  -5.99284E+00
 8.45000E+01              -5.70403E+00  -3.99736E+00  -4.00153E+00  -5.99364E+00
 8.55000E+01              -5.72125E+00  -3.99757E+00  -4.00141E+00  -5.99435E+00
 8.65000E+01              -5.73850E+00  -3.99777E+00  -4.00130E+00  -5.99499E+00
 8.75000E+01              -5.75582E+00  -3.99796E+00  -4.00119E+00  -5.99557E+00
 8.85000E+01              -5.77325E+00  -3.99814E+00  -4.00108E+00  -5.99610E+00
 8.95000E+01              -5.79081E+00  -3.99832E+00  -4.00097E+00  -5.99658E+00
 9.05000E+01              -5.80857E+00  -3.99850E+00  -4.00087E+00  -5.99701E+00
 9.15000E+01              -5.82656E+00  -3.99867E+00  -4.00077E+00  -5.99741E+00
 9.25000E+01              -5.84485E+00  -3.99884E+00  -4.00068E+00  -5.99778E+00
 9.35000E+01              -5.86351E+00  -3.99900E+00  -4.00058E+00  -5.99813E+00
 9.45000E+01              -5.88260E+00  -3.99916E+00  -4.00049E+00  -5.99845E+00
 9.55000E+01              -5.90222E+00  -3.99931E+00  -4.00040E+00  -5.99875E+00
 9.65000E+01              -5.92245E+00  -3.99947E+00  -4.00031E+00  -5.99904E+00
 9.75000E+01              -5.94343E+00  -3.99962E+00  -4.00022E+00  -5.99932E+00
 9.85000E+01              -5.96527E+00  -3.99977E+00  -4.00013E+00  -5.99960E+00
 9.95000E+01              -5.98813E+00  -3.99992E+00  -4.00004E+00  -5.99987E+00
