# Units: Log10 mol/kgw
 TITLE = " Years"
VARIABLES = "X (meters)", "H+        ", "Cl-       ", "Na+       ", "NO3-      ", "
 ZONE F=POINT,I=         100
 5.00000E-01              -4.00706E+00  -3.99943E+00  -4.00064E+00  -4.00829E+00
 1.50000E+00              -4.02143E+00  -3.99818E+00  -4.00199E+00  -4.02545E+00
 2.50000E+00              -4.03614E+00  -3.99680E+00  -4.00342E+00  -4.04339E+00
 3.50000E+00              -4.05119E+00  -3.99532E+00  -4.00492E+00  -4.06212E+00
 4.50000E+00              -4.06656E+00  -3.99374E+00  -4.00646E+00  -4.08164E+00
 5.50000E+00              -4.08225E+00  -3.99208E+00  -4.00803E+00  -4.10196E+00
 6.50000E+00              -4.09824E+00  -3.99035E+00  -4.00960E+00  -4.12308E+00
 7.50000E+00              -4.11454E+00  -3.98857E+00  -4.01116E+00  -4.14501E+00
 8.50000E+00              -4.13112E+00  -3.98676E+00  -4.01270E+00  -4.16773E+00
 9.50000E+00              -4.14798E+00  -3.98493E+00  -4.01419E+00  -4.19126E+00
 1.05000E+01              -4.16510E+00  -3.98310E+00  -4.01563E+00  -4.21558E+00
 1.15000E+01              -4.18248E+00  -3.98129E+00  -4.01699E+00  -4.24068E+00
 1.25000E+01              -4.20009E+00  -3.97951E+00  -4.01828E+00  -4.26657E+00
 1.35000E+01              -4.21794E+00  -3.97777E+00  -4.01947E+00  -4.29322E+00
 1.45000E+01              -4.23600E+00  -3.97610E+00  -4.02057E+00  -4.32064E+00
 1.55000E+01              -4.25427E+00  -3.97450E+00  -4.02156E+00  -4.34880E+00
 1.65000E+01              -4.27273E+00  -3.97298E+00  -4.02245E+00  -4.37769E+00
 1.75000E+01              -4.29136E+00  -3.97155E+00  -4.02323E+00  -4.40730E+00
 1.85000E+01              -4.31016E+00  -3.97022E+00  -4.02390E+00  -4.43761E+00
 1.95000E+01              -4.32911E+00  -3.96901E+00  -4.02447E+00  -4.46861E+00
 2.05000E+01              -4.34820E+00  -3.96790E+00  -4.02493E+00  -4.50026E+00
 2.15000E+01              -4.36742E+00  -3.96691E+00  -4.02529E+00  -4.53256E+00
 2.25000E+01              -4.38675E+00  -3.96604E+00  -4.02555E+00  -4.56548E+00
 2.35000E+01              -4.40618E+00  -3.96529E+00  -4.02572E+00  -4.59899E+00
 2.45000E+01              -4.42571E+00  -3.96466E+00  -4.02580E+00  -4.63308E+00
 2.55000E+01              -4.44532E+00  -3.96415E+00  -4.02580E+00  -4.66770E+00
 2.65000E+01              -4.46501E+00  -3.96376E+00  -4.02572E+00  -4.70283E+00
 2.75000E+01              -4.48476E+00  -3.96349E+00  -4.02557E+00  -4.73844E+00
 2.85000E+01              -4.50456E+00  -3.96332E+00  -4.02536E+00  -4.77449E+00
 2.95000E+01              -4.52441E+00  -3.96326E+00  -4.02509E+00  -4.81095E+00
 3.05000E+01              -4.54429E+00  -3.96330E+00  -4.02476E+00  -4.84778E+00
 3.15000E+01              -4.56421E+00  -3.96344E+00  -4.02438E+00  -4.88493E+00
 3.25000E+01              -4.58415E+00  -3.96367E+00  -4.02397E+00  -4.92236E+00
 3.35000E+01              -4.60411E+00  -3.96398E+00  -4.02351E+00  -4.96003E+00
 3.45000E+01              -4.62408E+00  -3.96437E+00  -4.02303E+00  -4.99788E+00
 3.55000E+01              -4.64406E+00  -3.96483E+00  -4.02251E+00  -5.03585E+00
 3.65000E+01              -4.66404E+00  -3.96535E+00  -4.02198E+00  -5.07389E+00
 3.75000E+01              -4.68402E+00  -3.96594E+00  -4.02142E+00  -5.11194E+00
 3.85000E+01              -4.70399E+00  -3.96657E+00  -4.02086E+00  -5.14993E+00
 3.95000E+01              -4.72395E+00  -3.96725E+00  -4.02028E+00  -5.18779E+00
 4.05000E+01              -4.74389E+00  -3.96798E+00  -4.01969E+00  -5.22545E+00
 4.15000E+01              -4.76382E+00  -3.96873E+00  -4.01909E+00  -5.26283E+00
 4.25000E+01              -4.78373E+00  -3.96952E+00  -4.01850E+00  -5.29986E+00
 4.35000E+01              -4.80362E+00  -3.97033E+00  -4.01790E+00  -5.33645E+00
 4.45000E+01              -4.82348E+00  -3.97116E+00  -4.01731E+00  -5.37251E+00
 4.55000E+01              -4.84331E+00  -3.97200E+00  -4.01672E+00  -5.40796E+00
 4.65000E+01              -4.86311E+00  -3.97285E+00  -4.01613E+00  -5.44272E+00
 4.75000E+01              -4.88289E+00  -3.97371E+00  -4.01556E+00  -5.47670E+00
 4.85000E+01              -4.90263E+00  -3.97457E+00  -4.01499E+00  -5.50980E+00
 4.95000E+01              -4.92233E+00  -3.97543E+00  -4.01443E+00  -5.54196E+00
 5.05000E+01              -4.94200E+00  -3.97629E+00  -4.01388E+00  -5.57309E+00
 5.15000E+01              -4.96163E+00  -3.97714E+00  -4.01334E+00  -5.60311E+00
 5.25000E+01              -4.98123E+00  -3.97798E+00  -4.01282E+00  -5.63197E+00
 5.35000E+01              -5.00078E+00  -3.97881E+00  -4.01230E+00  -5.65960E+00
 5.45000E+01              -5.02030E+00  -3.97963E+00  -4.01180E+00  -5.68596E+00
 5.55000E+01              -5.03977E+00  -3.98044E+00  -4.01132E+00  -5.71100E+00
 5.65000E+01              -5.05920E+00  -3.98122E+00  -4.01084E+00  -5.73470E+00
 5.75000E+01              -5.07860E+00  -3.98200E+00  -4.01038E+00  -5.75704E+00
 5.85000E+01              -5.09795E+00  -3.98275E+00  -4.00994E+00  -5.77802E+00
 5.95000E+01              -5.11725E+00  -3.98348E+00  -4.00950E+00  -5.79764E+00
 6.05000E+01              -5.13652E+00  -3.98420E+00  -4.00908E+00  -5.81592E+00
 6.15000E+01              -5.15575E+00  -3.98490E+00  -4.00868E+00  -5.83290E+00
 6.25000E+01              -5.17494E+00  -3.98557E+00  -4.00828E+00  -5.84860E+00
 6.35000E+01              -5.19409E+00  -3.98623E+00  -4.00790E+00  -5.86307E+00
 6.45000E+01              -5.21321E+00  -3.98686E+00  -4.00754E+00  -5.87637E+00
 6.55000E+01              -5.23229E+00  -3.98748E+00  -4.00718E+00  -5.88855E+00
 6.65000E+01              -5.25134E+00  -3.98808E+00  -4.00684E+00  -5.89967E+00
 6.75000E+01              -5.27036E+00  -3.98865E+00  -4.00651E+00  -5.90980E+00
 6.85000E+01              -5.28936E+00  -3.98921E+00  -4.00619E+00  -5.91900E+00
 6.95000E+01              -5.30834E+00  -3.98975E+00  -4.00588E+00  -5.92734E+00
 7.05000E+01              -5.32730E+00  -3.99026E+00  -4.00559E+00  -5.93488E+00
 7.15000E+01              -5.34626E+00  -3.99077E+00  -4.00530E+00  -5.94168E+00
 7.25000E+01              -5.36522E+00  -3.99125E+00  -4.00502E+00  -5.94781E+00
 7.35000E+01              -5.38419E+00  -3.99172E+00  -4.00476E+00  -5.95332E+00
 7.45000E+01              -5.40318E+00  -3.99216E+00  -4.00450E+00  -5.95828E+00
 7.55000E+01              -5.42220E+00  -3.99260E+00  -4.00425E+00  -5.96272E+00
 7.65000E+01              -5.44126E+00  -3.99302E+00  -4.00401E+00  -5.96671E+00
 7.75000E+01              -5.46038E+00  -3.99342E+00  -4.00378E+00  -5.97028E+00
 7.85000E+01              -5.47958E+00  -3.99381E+00  -4.00356E+00  -5.97348E+00
 7.95000E+01              -5.49888E+00  -3.99419E+00  -4.00334E+00  -5.97634E+00
 8.05000E+01              -5.51829E+00  -3.99455E+00  -4.00314E+00  -5.97890E+00
 8.15000E+01              -5.53785E+00  -3.99490E+00  -4.00293E+00  -5.98120E+00
 8.25000E+01              -5.55758E+00  -3.99524E+00  -4.00274E+00  -5.98325E+00
 8.35000E+01              -5.57751E+00  -3.99557E+00  -4.00255E+00  -5.98510E+00
 8.45000E+01              -5.59768E+00  -3.99589E+00  -4.00237E+00  -5.98675E+00
 8.55000E+01              -5.61814E+00  -3.99620E+00  -4.00219E+00  -5.98824E+00
 8.65000E+01              -5.63893E+00  -3.99650E+00  -4.00201E+00  -5.98958E+00
 8.75000E+01              -5.66010E+00  -3.99679E+00  -4.00185E+00  -5.99080E+00
 8.85000E+01              -5.68172E+00  -3.99708E+00  -4.00168E+00  -5.99189E+00
 8.95000E+01              -5.70386E+00  -3.99735E+00  -4.00152E+00  -5.99289E+00
 9.05000E+01              -5.72659E+00  -3.99762E+00  -4.00136E+00  -5.99380E+00
 9.15000E+01              -5.75003E+00  -3.99789E+00  -4.00121E+00  -5.99464E+00
 9.25000E+01              -5.77427E+00  -3.99815E+00  -4.00106E+00  -5.99541E+00
 9.35000E+01              -5.79944E+00  -3.99841E+00  -4.00091E+00  -5.99612E+00
 9.45000E+01              -5.82570E+00  -3.99866E+00  -4.00077E+00  -5.99679E+00
 9.55000E+01              -5.85324E+00  -3.99891E+00  -4.00062E+00  -5.99742E+00
 9.65000E+01              -5.88226E+00  -3.99915E+00  -4.00048E+00  -5.99803E+00
 9.75000E+01              -5.91303E+00  -3.99940E+00  -4.00034E+00  -5.99861E+00
 9.85000E+01              -5.94589E+00  -3.99964E+00  -4.00021E+00  -5.99917E+00
 9.95000E+01              -5.98124E+00  -3.99988E+00  -4.00007E+00  -5.99972E+00
