# Units: Log10 mol/kgw
 TITLE = " Years"
VARIABLES = "X (meters)", "H+        ", "Cl-       ", "Na+       ", "NO3-      ", "
 ZONE F=POINT,I=         100
 5.00000E-01              -4.02320E+00  -3.99794E+00  -4.00223E+00  -4.02774E+00
 1.50000E+00              -4.07223E+00  -3.99294E+00  -4.00719E+00  -4.08939E+00
 2.50000E+00              -4.12446E+00  -3.98723E+00  -4.01225E+00  -4.15917E+00
 3.50000E+00              -4.17950E+00  -3.98139E+00  -4.01683E+00  -4.23682E+00
 4.50000E+00              -4.23688E+00  -3.97597E+00  -4.02051E+00  -4.32186E+00
 5.50000E+00              -4.29615E+00  -3.97139E+00  -4.02312E+00  -4.41374E+00
 6.50000E+00              -4.35685E+00  -3.96789E+00  -4.02465E+00  -4.51179E+00
 7.50000E+00              -4.41856E+00  -3.96557E+00  -4.02522E+00  -4.61525E+00
 8.50000E+00              -4.48093E+00  -3.96441E+00  -4.02499E+00  -4.72327E+00
 9.50000E+00              -4.54363E+00  -3.96430E+00  -4.02414E+00  -4.83489E+00
 1.05000E+01              -4.60642E+00  -3.96506E+00  -4.02286E+00  -4.94897E+00
 1.15000E+01              -4.66911E+00  -3.96652E+00  -4.02129E+00  -5.06417E+00
 1.25000E+01              -4.73153E+00  -3.96849E+00  -4.01957E+00  -5.17895E+00
 1.35000E+01              -4.79356E+00  -3.97078E+00  -4.01780E+00  -5.29148E+00
 1.45000E+01              -4.85511E+00  -3.97325E+00  -4.01603E+00  -5.39972E+00
 1.55000E+01              -4.91607E+00  -3.97579E+00  -4.01434E+00  -5.50151E+00
 1.65000E+01              -4.97635E+00  -3.97829E+00  -4.01274E+00  -5.59473E+00
 1.75000E+01              -5.03587E+00  -3.98068E+00  -4.01125E+00  -5.67760E+00
 1.85000E+01              -5.09454E+00  -3.98293E+00  -4.00989E+00  -5.74891E+00
 1.95000E+01              -5.15224E+00  -3.98501E+00  -4.00867E+00  -5.80827E+00
 2.05000E+01              -5.20886E+00  -3.98690E+00  -4.00756E+00  -5.85611E+00
 2.15000E+01              -5.26427E+00  -3.98860E+00  -4.00658E+00  -5.89354E+00
 2.25000E+01              -5.31832E+00  -3.99011E+00  -4.00571E+00  -5.92208E+00
 2.35000E+01              -5.37086E+00  -3.99145E+00  -4.00494E+00  -5.94339E+00
 2.45000E+01              -5.42172E+00  -3.99263E+00  -4.00426E+00  -5.95904E+00
 2.55000E+01              -5.47074E+00  -3.99366E+00  -4.00367E+00  -5.97039E+00
 2.65000E+01              -5.51775E+00  -3.99456E+00  -4.00316E+00  -5.97856E+00
 2.75000E+01              -5.56259E+00  -3.99534E+00  -4.00271E+00  -5.98441E+00
 2.85000E+01              -5.60510E+00  -3.99602E+00  -4.00233E+00  -5.98859E+00
 2.95000E+01              -5.64517E+00  -3.99660E+00  -4.00199E+00  -5.99159E+00
 3.05000E+01              -5.68268E+00  -3.99710E+00  -4.00170E+00  -5.99374E+00
 3.15000E+01              -5.71757E+00  -3.99753E+00  -4.00145E+00  -5.99528E+00
 3.25000E+01              -5.74978E+00  -3.99789E+00  -4.00124E+00  -5.99641E+00
 3.35000E+01              -5.77933E+00  -3.99821E+00  -4.00106E+00  -5.99724E+00
 3.45000E+01              -5.80625E+00  -3.99848E+00  -4.00090E+00  -5.99785E+00
 3.55000E+01              -5.83059E+00  -3.99871E+00  -4.00076E+00  -5.99830E+00
 3.65000E+01              -5.85246E+00  -3.99891E+00  -4.00065E+00  -5.99865E+00
 3.75000E+01              -5.87200E+00  -3.99907E+00  -4.00055E+00  -5.99892E+00
 3.85000E+01              -5.88933E+00  -3.99921E+00  -4.00047E+00  -5.99912E+00
 3.95000E+01              -5.90463E+00  -3.99934E+00  -4.00039E+00  -5.99929E+00
 4.05000E+01              -5.91805E+00  -3.99944E+00  -4.00033E+00  -5.99941E+00
 4.15000E+01              -5.92978E+00  -3.99953E+00  -4.00028E+00  -5.99952E+00
 4.25000E+01              -5.93998E+00  -3.99960E+00  -4.00024E+00  -5.99960E+00
 4.35000E+01              -5.94882E+00  -3.99966E+00  -4.00020E+00  -5.99967E+00
 4.45000E+01              -5.95644E+00  -3.99971E+00  -4.00017E+00  -5.99972E+00
 4.55000E+01              -5.96299E+00  -3.99976E+00  -4.00014E+00  -5.99977E+00
 4.65000E+01              -5.96861E+00  -3.99980E+00  -4.00012E+00  -5.99981E+00
 4.75000E+01              -5.97342E+00  -3.99983E+00  -4.00010E+00  -5.99984E+00
 4.85000E+01              -5.97752E+00  -3.99986E+00  -4.00009E+00  -5.99987E+00
 4.95000E+01              -5.98101E+00  -3.99988E+00  -4.00007E+00  -5.99989E+00
 5.05000E+01              -5.98398E+00  -3.99990E+00  -4.00006E+00  -5.99991E+00
 5.15000E+01              -5.98650E+00  -3.99991E+00  -4.00005E+00  -5.99992E+00
 5.25000E+01              -5.98863E+00  -3.99993E+00  -4.00004E+00  -5.99993E+00
 5.35000E+01              -5.99043E+00  -3.99994E+00  -4.00004E+00  -5.99994E+00
 5.45000E+01              -5.99195E+00  -3.99995E+00  -4.00003E+00  -5.99995E+00
 5.55000E+01              -5.99324E+00  -3.99996E+00  -4.00003E+00  -5.99996E+00
 5.65000E+01              -5.99432E+00  -3.99996E+00  -4.00002E+00  -5.99997E+00
 5.75000E+01              -5.99523E+00  -3.99997E+00  -4.00002E+00  -5.99997E+00
 5.85000E+01              -5.99600E+00  -3.99997E+00  -4.00001E+00  -5.99998E+00
 5.95000E+01              -5.99665E+00  -3.99998E+00  -4.00001E+00  -5.99998E+00
 6.05000E+01              -5.99719E+00  -3.99998E+00  -4.00001E+00  -5.99998E+00
 6.15000E+01              -5.99765E+00  -3.99999E+00  -4.00001E+00  -5.99999E+00
 6.25000E+01              -5.99803E+00  -3.99999E+00  -4.00001E+00  -5.99999E+00
 6.35000E+01              -5.99835E+00  -3.99999E+00  -4.00001E+00  -5.99999E+00
 6.45000E+01              -5.99862E+00  -3.99999E+00  -4.00001E+00  -5.99999E+00
 6.55000E+01              -5.99885E+00  -3.99999E+00  -4.00000E+00  -5.99999E+00
 6.65000E+01              -5.99903E+00  -3.99999E+00  -4.00000E+00  -5.99999E+00
 6.75000E+01              -5.99919E+00  -3.99999E+00  -4.00000E+00  -6.00000E+00
 6.85000E+01              -5.99933E+00  -4.00000E+00  -4.00000E+00  -6.00000E+00
 6.95000E+01              -5.99944E+00  -4.00000E+00  -4.00000E+00  -6.00000E+00
 7.05000E+01              -5.99953E+00  -4.00000E+00  -4.00000E+00  -6.00000E+00
 7.15000E+01              -5.99961E+00  -4.00000E+00  -4.00000E+00  -6.00000E+00
 7.25000E+01              -5.99967E+00  -4.00000E+00  -4.00000E+00  -6.00000E+00
 7.35000E+01              -5.99973E+00  -4.00000E+00  -4.00000E+00  -6.00000E+00
 7.45000E+01              -5.99977E+00  -4.00000E+00  -4.00000E+00  -6.00000E+00
 7.55000E+01              -5.99981E+00  -4.00000E+00  -4.00000E+00  -6.00000E+00
 7.65000E+01              -5.99984E+00  -4.00000E+00  -4.00000E+00  -6.00000E+00
 7.75000E+01              -5.99987E+00  -4.00000E+00  -4.00000E+00  -6.00000E+00
 7.85000E+01              -5.99989E+00  -4.00000E+00  -4.00000E+00  -6.00000E+00
 7.95000E+01              -5.99991E+00  -4.00000E+00  -4.00000E+00  -6.00000E+00
 8.05000E+01              -5.99992E+00  -4.00000E+00  -4.00000E+00  -6.00000E+00
 8.15000E+01              -5.99994E+00  -4.00000E+00  -4.00000E+00  -6.00000E+00
 8.25000E+01              -5.99995E+00  -4.00000E+00  -4.00000E+00  -6.00000E+00
 8.35000E+01              -5.99996E+00  -4.00000E+00  -4.00000E+00  -6.00000E+00
 8.45000E+01              -5.99996E+00  -4.00000E+00  -4.00000E+00  -6.00000E+00
 8.55000E+01              -5.99997E+00  -4.00000E+00  -4.00000E+00  -6.00000E+00
 8.65000E+01              -5.99997E+00  -4.00000E+00  -4.00000E+00  -6.00000E+00
 8.75000E+01              -5.99998E+00  -4.00000E+00  -4.00000E+00  -6.00000E+00
 8.85000E+01              -5.99998E+00  -4.00000E+00  -4.00000E+00  -6.00000E+00
 8.95000E+01              -5.99999E+00  -4.00000E+00  -4.00000E+00  -6.00000E+00
 9.05000E+01              -5.99999E+00  -4.00000E+00  -4.00000E+00  -6.00000E+00
 9.15000E+01              -5.99999E+00  -4.00000E+00  -4.00000E+00  -6.00000E+00
 9.25000E+01              -5.99999E+00  -4.00000E+00  -4.00000E+00  -6.00000E+00
 9.35000E+01              -5.99999E+00  -4.00000E+00  -4.00000E+00  -6.00000E+00
 9.45000E+01              -5.99999E+00  -4.00000E+00  -4.00000E+00  -6.00000E+00
 9.55000E+01              -6.00000E+00  -4.00000E+00  -4.00000E+00  -6.00000E+00
 9.65000E+01              -6.00000E+00  -4.00000E+00  -4.00000E+00  -6.00000E+00
 9.75000E+01              -6.00000E+00  -4.00000E+00  -4.00000E+00  -6.00000E+00
 9.85000E+01              -6.00000E+00  -4.00000E+00  -4.00000E+00  -6.00000E+00
 9.95000E+01              -6.00000E+00  -4.00000E+00  -4.00000E+00  -6.00000E+00
