 TITLE = " Years"
 VARIABLES = "X (meters)", "pH "
 ZONE F=POINT,I=         100
 5.00000E-01               4.02320E+00
 1.50000E+00               4.07223E+00
 2.50000E+00               4.12446E+00
 3.50000E+00               4.17950E+00
 4.50000E+00               4.23688E+00
 5.50000E+00               4.29615E+00
 6.50000E+00               4.35685E+00
 7.50000E+00               4.41856E+00
 8.50000E+00               4.48093E+00
 9.50000E+00               4.54363E+00
 1.05000E+01               4.60642E+00
 1.15000E+01               4.66911E+00
 1.25000E+01               4.73153E+00
 1.35000E+01               4.79356E+00
 1.45000E+01               4.85511E+00
 1.55000E+01               4.91607E+00
 1.65000E+01               4.97635E+00
 1.75000E+01               5.03587E+00
 1.85000E+01               5.09454E+00
 1.95000E+01               5.15224E+00
 2.05000E+01               5.20886E+00
 2.15000E+01               5.26427E+00
 2.25000E+01               5.31832E+00
 2.35000E+01               5.37086E+00
 2.45000E+01               5.42172E+00
 2.55000E+01               5.47074E+00
 2.65000E+01               5.51775E+00
 2.75000E+01               5.56259E+00
 2.85000E+01               5.60510E+00
 2.95000E+01               5.64517E+00
 3.05000E+01               5.68268E+00
 3.15000E+01               5.71757E+00
 3.25000E+01               5.74978E+00
 3.35000E+01               5.77933E+00
 3.45000E+01               5.80625E+00
 3.55000E+01               5.83059E+00
 3.65000E+01               5.85246E+00
 3.75000E+01               5.87200E+00
 3.85000E+01               5.88933E+00
 3.95000E+01               5.90463E+00
 4.05000E+01               5.91805E+00
 4.15000E+01               5.92978E+00
 4.25000E+01               5.93998E+00
 4.35000E+01               5.94882E+00
 4.45000E+01               5.95644E+00
 4.55000E+01               5.96299E+00
 4.65000E+01               5.96861E+00
 4.75000E+01               5.97342E+00
 4.85000E+01               5.97752E+00
 4.95000E+01               5.98101E+00
 5.05000E+01               5.98398E+00
 5.15000E+01               5.98650E+00
 5.25000E+01               5.98863E+00
 5.35000E+01               5.99043E+00
 5.45000E+01               5.99195E+00
 5.55000E+01               5.99324E+00
 5.65000E+01               5.99432E+00
 5.75000E+01               5.99523E+00
 5.85000E+01               5.99600E+00
 5.95000E+01               5.99665E+00
 6.05000E+01               5.99719E+00
 6.15000E+01               5.99765E+00
 6.25000E+01               5.99803E+00
 6.35000E+01               5.99835E+00
 6.45000E+01               5.99862E+00
 6.55000E+01               5.99885E+00
 6.65000E+01               5.99903E+00
 6.75000E+01               5.99919E+00
 6.85000E+01               5.99933E+00
 6.95000E+01               5.99944E+00
 7.05000E+01               5.99953E+00
 7.15000E+01               5.99961E+00
 7.25000E+01               5.99967E+00
 7.35000E+01               5.99973E+00
 7.45000E+01               5.99977E+00
 7.55000E+01               5.99981E+00
 7.65000E+01               5.99984E+00
 7.75000E+01               5.99987E+00
 7.85000E+01               5.99989E+00
 7.95000E+01               5.99991E+00
 8.05000E+01               5.99992E+00
 8.15000E+01               5.99994E+00
 8.25000E+01               5.99995E+00
 8.35000E+01               5.99996E+00
 8.45000E+01               5.99996E+00
 8.55000E+01               5.99997E+00
 8.65000E+01               5.99997E+00
 8.75000E+01               5.99998E+00
 8.85000E+01               5.99998E+00
 8.95000E+01               5.99999E+00
 9.05000E+01               5.99999E+00
 9.15000E+01               5.99999E+00
 9.25000E+01               5.99999E+00
 9.35000E+01               5.99999E+00
 9.45000E+01               5.99999E+00
 9.55000E+01               6.00000E+00
 9.65000E+01               6.00000E+00
 9.75000E+01               6.00000E+00
 9.85000E+01               6.00000E+00
 9.95000E+01               6.00000E+00
