 TITLE = " Years"
 VARIABLES = "X (meters)", "pH "
 ZONE F=POINT,I=         100
 5.00000E-01               4.00802E+00
 1.50000E+00               4.02439E+00
 2.50000E+00               4.04119E+00
 3.50000E+00               4.05841E+00
 4.50000E+00               4.07604E+00
 5.50000E+00               4.09407E+00
 6.50000E+00               4.11247E+00
 7.50000E+00               4.13124E+00
 8.50000E+00               4.15036E+00
 9.50000E+00               4.16980E+00
 1.05000E+01               4.18955E+00
 1.15000E+01               4.20959E+00
 1.25000E+01               4.22990E+00
 1.35000E+01               4.25046E+00
 1.45000E+01               4.27125E+00
 1.55000E+01               4.29225E+00
 1.65000E+01               4.31345E+00
 1.75000E+01               4.33482E+00
 1.85000E+01               4.35634E+00
 1.95000E+01               4.37800E+00
 2.05000E+01               4.39978E+00
 2.15000E+01               4.42167E+00
 2.25000E+01               4.44365E+00
 2.35000E+01               4.46570E+00
 2.45000E+01               4.48782E+00
 2.55000E+01               4.50998E+00
 2.65000E+01               4.53218E+00
 2.75000E+01               4.55441E+00
 2.85000E+01               4.57666E+00
 2.95000E+01               4.59891E+00
 3.05000E+01               4.62117E+00
 3.15000E+01               4.64341E+00
 3.25000E+01               4.66564E+00
 3.35000E+01               4.68785E+00
 3.45000E+01               4.71003E+00
 3.55000E+01               4.73218E+00
 3.65000E+01               4.75428E+00
 3.75000E+01               4.77635E+00
 3.85000E+01               4.79836E+00
 3.95000E+01               4.82032E+00
 4.05000E+01               4.84223E+00
 4.15000E+01               4.86408E+00
 4.25000E+01               4.88586E+00
 4.35000E+01               4.90758E+00
 4.45000E+01               4.92922E+00
 4.55000E+01               4.95079E+00
 4.65000E+01               4.97228E+00
 4.75000E+01               4.99370E+00
 4.85000E+01               5.01502E+00
 4.95000E+01               5.03626E+00
 5.05000E+01               5.05741E+00
 5.15000E+01               5.07846E+00
 5.25000E+01               5.09942E+00
 5.35000E+01               5.12027E+00
 5.45000E+01               5.14102E+00
 5.55000E+01               5.16166E+00
 5.65000E+01               5.18219E+00
 5.75000E+01               5.20260E+00
 5.85000E+01               5.22289E+00
 5.95000E+01               5.24306E+00
 6.05000E+01               5.26310E+00
 6.15000E+01               5.28301E+00
 6.25000E+01               5.30279E+00
 6.35000E+01               5.32244E+00
 6.45000E+01               5.34194E+00
 6.55000E+01               5.36131E+00
 6.65000E+01               5.38053E+00
 6.75000E+01               5.39961E+00
 6.85000E+01               5.41854E+00
 6.95000E+01               5.43733E+00
 7.05000E+01               5.45597E+00
 7.15000E+01               5.47446E+00
 7.25000E+01               5.49281E+00
 7.35000E+01               5.51102E+00
 7.45000E+01               5.52910E+00
 7.55000E+01               5.54704E+00
 7.65000E+01               5.56485E+00
 7.75000E+01               5.58255E+00
 7.85000E+01               5.60013E+00
 7.95000E+01               5.61762E+00
 8.05000E+01               5.63501E+00
 8.15000E+01               5.65233E+00
 8.25000E+01               5.66960E+00
 8.35000E+01               5.68682E+00
 8.45000E+01               5.70403E+00
 8.55000E+01               5.72125E+00
 8.65000E+01               5.73850E+00
 8.75000E+01               5.75582E+00
 8.85000E+01               5.77325E+00
 8.95000E+01               5.79081E+00
 9.05000E+01               5.80857E+00
 9.15000E+01               5.82656E+00
 9.25000E+01               5.84485E+00
 9.35000E+01               5.86351E+00
 9.45000E+01               5.88260E+00
 9.55000E+01               5.90222E+00
 9.65000E+01               5.92245E+00
 9.75000E+01               5.94343E+00
 9.85000E+01               5.96527E+00
 9.95000E+01               5.98813E+00
