 TITLE = " Years"
 VARIABLES = "X (meters)", "pH "
 ZONE F=POINT,I=         100
 5.00000E-01               4.00706E+00
 1.50000E+00               4.02143E+00
 2.50000E+00               4.03614E+00
 3.50000E+00               4.05119E+00
 4.50000E+00               4.06656E+00
 5.50000E+00               4.08225E+00
 6.50000E+00               4.09824E+00
 7.50000E+00               4.11454E+00
 8.50000E+00               4.13112E+00
 9.50000E+00               4.14798E+00
 1.05000E+01               4.16510E+00
 1.15000E+01               4.18248E+00
 1.25000E+01               4.20009E+00
 1.35000E+01               4.21794E+00
 1.45000E+01               4.23600E+00
 1.55000E+01               4.25427E+00
 1.65000E+01               4.27273E+00
 1.75000E+01               4.29136E+00
 1.85000E+01               4.31016E+00
 1.95000E+01               4.32911E+00
 2.05000E+01               4.34820E+00
 2.15000E+01               4.36742E+00
 2.25000E+01               4.38675E+00
 2.35000E+01               4.40618E+00
 2.45000E+01               4.42571E+00
 2.55000E+01               4.44532E+00
 2.65000E+01               4.46501E+00
 2.75000E+01               4.48476E+00
 2.85000E+01               4.50456E+00
 2.95000E+01               4.52441E+00
 3.05000E+01               4.54429E+00
 3.15000E+01               4.56421E+00
 3.25000E+01               4.58415E+00
 3.35000E+01               4.60411E+00
 3.45000E+01               4.62408E+00
 3.55000E+01               4.64406E+00
 3.65000E+01               4.66404E+00
 3.75000E+01               4.68402E+00
 3.85000E+01               4.70399E+00
 3.95000E+01               4.72395E+00
 4.05000E+01               4.74389E+00
 4.15000E+01               4.76382E+00
 4.25000E+01               4.78373E+00
 4.35000E+01               4.80362E+00
 4.45000E+01               4.82348E+00
 4.55000E+01               4.84331E+00
 4.65000E+01               4.86311E+00
 4.75000E+01               4.88289E+00
 4.85000E+01               4.90263E+00
 4.95000E+01               4.92233E+00
 5.05000E+01               4.94200E+00
 5.15000E+01               4.96163E+00
 5.25000E+01               4.98123E+00
 5.35000E+01               5.00078E+00
 5.45000E+01               5.02030E+00
 5.55000E+01               5.03977E+00
 5.65000E+01               5.05920E+00
 5.75000E+01               5.07860E+00
 5.85000E+01               5.09795E+00
 5.95000E+01               5.11725E+00
 6.05000E+01               5.13652E+00
 6.15000E+01               5.15575E+00
 6.25000E+01               5.17494E+00
 6.35000E+01               5.19409E+00
 6.45000E+01               5.21321E+00
 6.55000E+01               5.23229E+00
 6.65000E+01               5.25134E+00
 6.75000E+01               5.27036E+00
 6.85000E+01               5.28936E+00
 6.95000E+01               5.30834E+00
 7.05000E+01               5.32730E+00
 7.15000E+01               5.34626E+00
 7.25000E+01               5.36522E+00
 7.35000E+01               5.38419E+00
 7.45000E+01               5.40318E+00
 7.55000E+01               5.42220E+00
 7.65000E+01               5.44126E+00
 7.75000E+01               5.46038E+00
 7.85000E+01               5.47958E+00
 7.95000E+01               5.49888E+00
 8.05000E+01               5.51829E+00
 8.15000E+01               5.53785E+00
 8.25000E+01               5.55758E+00
 8.35000E+01               5.57751E+00
 8.45000E+01               5.59768E+00
 8.55000E+01               5.61814E+00
 8.65000E+01               5.63893E+00
 8.75000E+01               5.66010E+00
 8.85000E+01               5.68172E+00
 8.95000E+01               5.70386E+00
 9.05000E+01               5.72659E+00
 9.15000E+01               5.75003E+00
 9.25000E+01               5.77427E+00
 9.35000E+01               5.79944E+00
 9.45000E+01               5.82570E+00
 9.55000E+01               5.85324E+00
 9.65000E+01               5.88226E+00
 9.75000E+01               5.91303E+00
 9.85000E+01               5.94589E+00
 9.95000E+01               5.98124E+00
