# Units: Mol/kgw
 TITLE = " Years"
VARIABLES = "X (meters)", "H+        ", "Cl-       ", "Na+       ", "NO3-      ", "
 ZONE F=POINT,I=         100
 5.00000E-01               9.81708E-05   1.00153E-04   9.98314E-05   9.78494E-05
 1.50000E+00               9.45398E-05   1.00489E-04   9.94742E-05   9.35252E-05
 2.50000E+00               9.09522E-05   1.00862E-04   9.90954E-05   8.91856E-05
 3.50000E+00               8.74158E-05   1.01268E-04   9.87017E-05   8.48494E-05
 4.50000E+00               8.39378E-05   1.01702E-04   9.82998E-05   8.05351E-05
 5.50000E+00               8.05251E-05   1.02160E-04   9.78961E-05   7.62614E-05
 6.50000E+00               7.71837E-05   1.02635E-04   9.74970E-05   7.20462E-05
 7.50000E+00               7.39192E-05   1.03121E-04   9.71081E-05   6.79063E-05
 8.50000E+00               7.07365E-05   1.03613E-04   9.67343E-05   6.38576E-05
 9.50000E+00               6.76397E-05   1.04105E-04   9.63801E-05   5.99146E-05
 1.05000E+01               6.46326E-05   1.04592E-04   9.60490E-05   5.60900E-05
 1.15000E+01               6.17180E-05   1.05067E-04   9.57439E-05   5.23950E-05
 1.25000E+01               5.88982E-05   1.05526E-04   9.54669E-05   4.88391E-05
 1.35000E+01               5.61748E-05   1.05964E-04   9.52195E-05   4.54300E-05
 1.45000E+01               5.35488E-05   1.06378E-04   9.50024E-05   4.21734E-05
 1.55000E+01               5.10208E-05   1.06763E-04   9.48158E-05   3.90737E-05
 1.65000E+01               4.85906E-05   1.07117E-04   9.46595E-05   3.61334E-05
 1.75000E+01               4.62577E-05   1.07437E-04   9.45327E-05   3.33537E-05
 1.85000E+01               4.40210E-05   1.07721E-04   9.44346E-05   3.07342E-05
 1.95000E+01               4.18792E-05   1.07969E-04   9.43636E-05   2.82734E-05
 2.05000E+01               3.98305E-05   1.08180E-04   9.43185E-05   2.59686E-05
 2.15000E+01               3.78729E-05   1.08354E-04   9.42974E-05   2.38163E-05
 2.25000E+01               3.60040E-05   1.08491E-04   9.42986E-05   2.18119E-05
 2.35000E+01               3.42214E-05   1.08591E-04   9.43203E-05   1.99505E-05
 2.45000E+01               3.25225E-05   1.08657E-04   9.43607E-05   1.82262E-05
 2.55000E+01               3.09043E-05   1.08689E-04   9.44178E-05   1.66331E-05
 2.65000E+01               2.93641E-05   1.08689E-04   9.44900E-05   1.51647E-05
 2.75000E+01               2.78989E-05   1.08660E-04   9.45755E-05   1.38145E-05
 2.85000E+01               2.65058E-05   1.08603E-04   9.46726E-05   1.25756E-05
 2.95000E+01               2.51818E-05   1.08520E-04   9.47798E-05   1.14415E-05
 3.05000E+01               2.39240E-05   1.08414E-04   9.48956E-05   1.04054E-05
 3.15000E+01               2.27294E-05   1.08287E-04   9.50185E-05   9.46077E-06
 3.25000E+01               2.15952E-05   1.08141E-04   9.51473E-05   8.60119E-06
 3.35000E+01               2.05187E-05   1.07979E-04   9.52809E-05   7.82045E-06
 3.45000E+01               1.94971E-05   1.07803E-04   9.54180E-05   7.11260E-06
 3.55000E+01               1.85278E-05   1.07614E-04   9.55579E-05   6.47193E-06
 3.65000E+01               1.76083E-05   1.07415E-04   9.56994E-05   5.89303E-06
 3.75000E+01               1.67361E-05   1.07207E-04   9.58419E-05   5.37076E-06
 3.85000E+01               1.59088E-05   1.06993E-04   9.59847E-05   4.90032E-06
 3.95000E+01               1.51243E-05   1.06774E-04   9.61270E-05   4.47716E-06
 4.05000E+01               1.43803E-05   1.06552E-04   9.62684E-05   4.09707E-06
 4.15000E+01               1.36748E-05   1.06327E-04   9.64084E-05   3.75613E-06
 4.25000E+01               1.30059E-05   1.06102E-04   9.65464E-05   3.45069E-06
 4.35000E+01               1.23715E-05   1.05876E-04   9.66822E-05   3.17740E-06
 4.45000E+01               1.17701E-05   1.05652E-04   9.68154E-05   2.93315E-06
 4.55000E+01               1.11998E-05   1.05430E-04   9.69459E-05   2.71511E-06
 4.65000E+01               1.06590E-05   1.05212E-04   9.70732E-05   2.52067E-06
 4.75000E+01               1.01462E-05   1.04996E-04   9.71974E-05   2.34745E-06
 4.85000E+01               9.65999E-06   1.04785E-04   9.73182E-05   2.19329E-06
 4.95000E+01               9.19892E-06   1.04578E-04   9.74356E-05   2.05621E-06
 5.05000E+01               8.76171E-06   1.04377E-04   9.75494E-05   1.93444E-06
 5.15000E+01               8.34709E-06   1.04180E-04   9.76596E-05   1.82634E-06
 5.25000E+01               7.95389E-06   1.03990E-04   9.77663E-05   1.73047E-06
 5.35000E+01               7.58099E-06   1.03805E-04   9.78693E-05   1.64550E-06
 5.45000E+01               7.22733E-06   1.03626E-04   9.79687E-05   1.57024E-06
 5.55000E+01               6.89189E-06   1.03453E-04   9.80646E-05   1.50362E-06
 5.65000E+01               6.57372E-06   1.03286E-04   9.81569E-05   1.44470E-06
 5.75000E+01               6.27191E-06   1.03125E-04   9.82458E-05   1.39261E-06
 5.85000E+01               5.98561E-06   1.02970E-04   9.83312E-05   1.34658E-06
 5.95000E+01               5.71400E-06   1.02821E-04   9.84133E-05   1.30593E-06
 6.05000E+01               5.45630E-06   1.02678E-04   9.84921E-05   1.27004E-06
 6.15000E+01               5.21178E-06   1.02541E-04   9.85677E-05   1.23837E-06
 6.25000E+01               4.97973E-06   1.02410E-04   9.86403E-05   1.21043E-06
 6.35000E+01               4.75951E-06   1.02284E-04   9.87098E-05   1.18579E-06
 6.45000E+01               4.55048E-06   1.02163E-04   9.87765E-05   1.16406E-06
 6.55000E+01               4.35203E-06   1.02047E-04   9.88403E-05   1.14491E-06
 6.65000E+01               4.16361E-06   1.01937E-04   9.89014E-05   1.12803E-06
 6.75000E+01               3.98467E-06   1.01831E-04   9.89599E-05   1.11315E-06
 6.85000E+01               3.81470E-06   1.01731E-04   9.90159E-05   1.10004E-06
 6.95000E+01               3.65320E-06   1.01634E-04   9.90695E-05   1.08848E-06
 7.05000E+01               3.49972E-06   1.01542E-04   9.91207E-05   1.07829E-06
 7.15000E+01               3.35381E-06   1.01454E-04   9.91697E-05   1.06931E-06
 7.25000E+01               3.21504E-06   1.01370E-04   9.92167E-05   1.06139E-06
 7.35000E+01               3.08301E-06   1.01290E-04   9.92616E-05   1.05440E-06
 7.45000E+01               2.95734E-06   1.01214E-04   9.93045E-05   1.04823E-06
 7.55000E+01               2.83766E-06   1.01141E-04   9.93456E-05   1.04279E-06
 7.65000E+01               2.72362E-06   1.01071E-04   9.93850E-05   1.03798E-06
 7.75000E+01               2.61488E-06   1.01004E-04   9.94227E-05   1.03372E-06
 7.85000E+01               2.51112E-06   1.00940E-04   9.94589E-05   1.02996E-06
 7.95000E+01               2.41204E-06   1.00879E-04   9.94935E-05   1.02663E-06
 8.05000E+01               2.31733E-06   1.00820E-04   9.95268E-05   1.02367E-06
 8.15000E+01               2.22673E-06   1.00764E-04   9.95587E-05   1.02104E-06
 8.25000E+01               2.13994E-06   1.00711E-04   9.95894E-05   1.01870E-06
 8.35000E+01               2.05672E-06   1.00659E-04   9.96190E-05   1.01662E-06
 8.45000E+01               1.97681E-06   1.00609E-04   9.96474E-05   1.01476E-06
 8.55000E+01               1.89998E-06   1.00562E-04   9.96748E-05   1.01309E-06
 8.65000E+01               1.82598E-06   1.00516E-04   9.97013E-05   1.01159E-06
 8.75000E+01               1.75459E-06   1.00471E-04   9.97269E-05   1.01024E-06
 8.85000E+01               1.68559E-06   1.00428E-04   9.97517E-05   1.00902E-06
 8.95000E+01               1.61877E-06   1.00387E-04   9.97758E-05   1.00792E-06
 9.05000E+01               1.55393E-06   1.00346E-04   9.97992E-05   1.00691E-06
 9.15000E+01               1.49087E-06   1.00307E-04   9.98220E-05   1.00598E-06
 9.25000E+01               1.42938E-06   1.00269E-04   9.98443E-05   1.00512E-06
 9.35000E+01               1.36928E-06   1.00231E-04   9.98661E-05   1.00433E-06
 9.45000E+01               1.31039E-06   1.00194E-04   9.98874E-05   1.00358E-06
 9.55000E+01               1.25252E-06   1.00158E-04   9.99085E-05   1.00288E-06
 9.65000E+01               1.19549E-06   1.00122E-04   9.99292E-05   1.00220E-06
 9.75000E+01               1.13913E-06   1.00087E-04   9.99496E-05   1.00156E-06
 9.85000E+01               1.08326E-06   1.00052E-04   9.99699E-05   1.00093E-06
 9.95000E+01               1.02771E-06   1.00017E-04   9.99900E-05   1.00031E-06
