# Units: Mol/kgw
 TITLE = " Years"
VARIABLES = "X (meters)", "H+        ", "Cl-       ", "Na+       ", "NO3-      ", "
 ZONE F=POINT,I=         100
 5.00000E-01               9.47973E-05   1.00475E-04   9.94887E-05   9.38113E-05
 1.50000E+00               8.46775E-05   1.01638E-04   9.83586E-05   8.13977E-05
 2.50000E+00               7.50821E-05   1.02985E-04   9.72181E-05   6.93152E-05
 3.50000E+00               6.61460E-05   1.04378E-04   9.62000E-05   5.79675E-05
 4.50000E+00               5.79586E-05   1.05688E-04   9.53877E-05   4.76581E-05
 5.50000E+00               5.05648E-05   1.06810E-04   9.48158E-05   3.85707E-05
 6.50000E+00               4.39691E-05   1.07675E-04   9.44815E-05   3.07760E-05
 7.50000E+00               3.81448E-05   1.08251E-04   9.43584E-05   2.42522E-05
 8.50000E+00               3.30426E-05   1.08540E-04   9.44093E-05   1.89115E-05
 9.50000E+00               2.86005E-05   1.08569E-04   9.45936E-05   1.46255E-05
 1.05000E+01               2.47503E-05   1.08377E-04   9.48734E-05   1.12469E-05
 1.15000E+01               2.14237E-05   1.08013E-04   9.52156E-05   8.62634E-06
 1.25000E+01               1.85554E-05   1.07526E-04   9.55932E-05   6.62294E-06
 1.35000E+01               1.60855E-05   1.06959E-04   9.59850E-05   5.11118E-06
 1.45000E+01               1.39602E-05   1.06352E-04   9.63753E-05   3.98361E-06
 1.55000E+01               1.21321E-05   1.05734E-04   9.67527E-05   3.15128E-06
 1.65000E+01               1.05596E-05   1.05127E-04   9.71099E-05   2.54252E-06
 1.75000E+01               9.20715E-06   1.04549E-04   9.74423E-05   2.10089E-06
 1.85000E+01               8.04377E-06   1.04008E-04   9.77474E-05   1.78276E-06
 1.95000E+01               7.04299E-06   1.03512E-04   9.80245E-05   1.55501E-06
 2.05000E+01               6.18212E-06   1.03063E-04   9.82739E-05   1.39281E-06
 2.15000E+01               5.44164E-06   1.02661E-04   9.84967E-05   1.27779E-06
 2.25000E+01               4.80485E-06   1.02303E-04   9.86945E-05   1.19651E-06
 2.35000E+01               4.25738E-06   1.01987E-04   9.88693E-05   1.13922E-06
 2.45000E+01               3.78686E-06   1.01711E-04   9.90230E-05   1.09891E-06
 2.55000E+01               3.38267E-06   1.01470E-04   9.91575E-05   1.07055E-06
 2.65000E+01               3.03565E-06   1.01260E-04   9.92750E-05   1.05060E-06
 2.75000E+01               2.73788E-06   1.01078E-04   9.93772E-05   1.03654E-06
 2.85000E+01               2.48255E-06   1.00922E-04   9.94658E-05   1.02661E-06
 2.95000E+01               2.26376E-06   1.00787E-04   9.95426E-05   1.01956E-06
 3.05000E+01               2.07643E-06   1.00671E-04   9.96088E-05   1.01453E-06
 3.15000E+01               1.91617E-06   1.00571E-04   9.96660E-05   1.01092E-06
 3.25000E+01               1.77916E-06   1.00486E-04   9.97151E-05   1.00830E-06
 3.35000E+01               1.66214E-06   1.00413E-04   9.97573E-05   1.00639E-06
 3.45000E+01               1.56227E-06   1.00351E-04   9.97935E-05   1.00497E-06
 3.55000E+01               1.47710E-06   1.00298E-04   9.98244E-05   1.00391E-06
 3.65000E+01               1.40455E-06   1.00252E-04   9.98509E-05   1.00311E-06
 3.75000E+01               1.34278E-06   1.00214E-04   9.98735E-05   1.00250E-06
 3.85000E+01               1.29024E-06   1.00181E-04   9.98928E-05   1.00202E-06
 3.95000E+01               1.24558E-06   1.00153E-04   9.99092E-05   1.00165E-06
 4.05000E+01               1.20766E-06   1.00129E-04   9.99231E-05   1.00135E-06
 4.15000E+01               1.17549E-06   1.00109E-04   9.99350E-05   1.00111E-06
 4.25000E+01               1.14820E-06   1.00092E-04   9.99451E-05   1.00092E-06
 4.35000E+01               1.12508E-06   1.00078E-04   9.99536E-05   1.00076E-06
 4.45000E+01               1.10551E-06   1.00066E-04   9.99609E-05   1.00064E-06
 4.55000E+01               1.08895E-06   1.00055E-04   9.99670E-05   1.00053E-06
 4.65000E+01               1.07494E-06   1.00047E-04   9.99722E-05   1.00044E-06
 4.75000E+01               1.06311E-06   1.00039E-04   9.99766E-05   1.00037E-06
 4.85000E+01               1.05312E-06   1.00033E-04   9.99803E-05   1.00031E-06
 4.95000E+01               1.04469E-06   1.00028E-04   9.99834E-05   1.00026E-06
 5.05000E+01               1.03758E-06   1.00023E-04   9.99860E-05   1.00022E-06
 5.15000E+01               1.03158E-06   1.00020E-04   9.99883E-05   1.00018E-06
 5.25000E+01               1.02653E-06   1.00017E-04   9.99901E-05   1.00015E-06
 5.35000E+01               1.02228E-06   1.00014E-04   9.99917E-05   1.00013E-06
 5.45000E+01               1.01870E-06   1.00012E-04   9.99930E-05   1.00011E-06
 5.55000E+01               1.01569E-06   1.00010E-04   9.99942E-05   1.00009E-06
 5.65000E+01               1.01316E-06   1.00008E-04   9.99951E-05   1.00008E-06
 5.75000E+01               1.01103E-06   1.00007E-04   9.99959E-05   1.00006E-06
 5.85000E+01               1.00925E-06   1.00006E-04   9.99966E-05   1.00005E-06
 5.95000E+01               1.00775E-06   1.00005E-04   9.99971E-05   1.00004E-06
 6.05000E+01               1.00649E-06   1.00004E-04   9.99976E-05   1.00004E-06
 6.15000E+01               1.00543E-06   1.00003E-04   9.99980E-05   1.00003E-06
 6.25000E+01               1.00455E-06   1.00003E-04   9.99983E-05   1.00003E-06
 6.35000E+01               1.00380E-06   1.00002E-04   9.99986E-05   1.00002E-06
 6.45000E+01               1.00318E-06   1.00002E-04   9.99988E-05   1.00002E-06
 6.55000E+01               1.00266E-06   1.00002E-04   9.99990E-05   1.00002E-06
 6.65000E+01               1.00222E-06   1.00001E-04   9.99992E-05   1.00001E-06
 6.75000E+01               1.00186E-06   1.00001E-04   9.99993E-05   1.00001E-06
 6.85000E+01               1.00155E-06   1.00001E-04   9.99994E-05   1.00001E-06
 6.95000E+01               1.00130E-06   1.00001E-04   9.99995E-05   1.00001E-06
 7.05000E+01               1.00108E-06   1.00001E-04   9.99996E-05   1.00001E-06
 7.15000E+01               1.00090E-06   1.00001E-04   9.99997E-05   1.00001E-06
 7.25000E+01               1.00076E-06   1.00000E-04   9.99997E-05   1.00000E-06
 7.35000E+01               1.00063E-06   1.00000E-04   9.99998E-05   1.00000E-06
 7.45000E+01               1.00053E-06   1.00000E-04   9.99998E-05   1.00000E-06
 7.55000E+01               1.00044E-06   1.00000E-04   9.99998E-05   1.00000E-06
 7.65000E+01               1.00037E-06   1.00000E-04   9.99999E-05   1.00000E-06
 7.75000E+01               1.00031E-06   1.00000E-04   9.99999E-05   1.00000E-06
 7.85000E+01               1.00025E-06   1.00000E-04   9.99999E-05   1.00000E-06
 7.95000E+01               1.00021E-06   1.00000E-04   9.99999E-05   1.00000E-06
 8.05000E+01               1.00018E-06   1.00000E-04   9.99999E-05   1.00000E-06
 8.15000E+01               1.00015E-06   1.00000E-04   9.99999E-05   1.00000E-06
 8.25000E+01               1.00012E-06   1.00000E-04   1.00000E-04   1.00000E-06
 8.35000E+01               1.00010E-06   1.00000E-04   1.00000E-04   1.00000E-06
 8.45000E+01               1.00008E-06   1.00000E-04   1.00000E-04   1.00000E-06
 8.55000E+01               1.00007E-06   1.00000E-04   1.00000E-04   1.00000E-06
 8.65000E+01               1.00006E-06   1.00000E-04   1.00000E-04   1.00000E-06
 8.75000E+01               1.00005E-06   1.00000E-04   1.00000E-04   1.00000E-06
 8.85000E+01               1.00004E-06   1.00000E-04   1.00000E-04   1.00000E-06
 8.95000E+01               1.00003E-06   1.00000E-04   1.00000E-04   1.00000E-06
 9.05000E+01               1.00003E-06   1.00000E-04   1.00000E-04   1.00000E-06
 9.15000E+01               1.00002E-06   1.00000E-04   1.00000E-04   1.00000E-06
 9.25000E+01               1.00002E-06   1.00000E-04   1.00000E-04   1.00000E-06
 9.35000E+01               1.00001E-06   1.00000E-04   1.00000E-04   1.00000E-06
 9.45000E+01               1.00001E-06   1.00000E-04   1.00000E-04   1.00000E-06
 9.55000E+01               1.00001E-06   1.00000E-04   1.00000E-04   1.00000E-06
 9.65000E+01               1.00001E-06   1.00000E-04   1.00000E-04   1.00000E-06
 9.75000E+01               1.00000E-06   1.00000E-04   1.00000E-04   1.00000E-06
 9.85000E+01               1.00000E-06   1.00000E-04   1.00000E-04   1.00000E-06
 9.95000E+01               1.00000E-06   1.00000E-04   1.00000E-04   1.00000E-06
