# Units: Mol/kgw
 TITLE = " Years"
VARIABLES = "X (meters)", "H+        ", "Cl-       ", "Na+       ", "NO3-      ", "
 ZONE F=POINT,I=         100
 5.00000E-01               9.83881E-05   1.00132E-04   9.98531E-05   9.81089E-05
 1.50000E+00               9.51851E-05   1.00421E-04   9.95432E-05   9.43077E-05
 2.50000E+00               9.20144E-05   1.00738E-04   9.92155E-05   9.04915E-05
 3.50000E+00               8.88812E-05   1.01083E-04   9.88743E-05   8.66724E-05
 4.50000E+00               8.57904E-05   1.01452E-04   9.85241E-05   8.28628E-05
 5.50000E+00               8.27468E-05   1.01841E-04   9.81691E-05   7.90750E-05
 6.50000E+00               7.97547E-05   1.02247E-04   9.78138E-05   7.53212E-05
 7.50000E+00               7.68180E-05   1.02667E-04   9.74622E-05   7.16131E-05
 8.50000E+00               7.39405E-05   1.03096E-04   9.71180E-05   6.79621E-05
 9.50000E+00               7.11254E-05   1.03531E-04   9.67848E-05   6.43787E-05
 1.05000E+01               6.83757E-05   1.03968E-04   9.64656E-05   6.08730E-05
 1.15000E+01               6.56939E-05   1.04403E-04   9.61630E-05   5.74538E-05
 1.25000E+01               6.30822E-05   1.04832E-04   9.58793E-05   5.41295E-05
 1.35000E+01               6.05424E-05   1.05251E-04   9.56162E-05   5.09071E-05
 1.45000E+01               5.80760E-05   1.05658E-04   9.53751E-05   4.77930E-05
 1.55000E+01               5.56839E-05   1.06049E-04   9.51570E-05   4.47923E-05
 1.65000E+01               5.33670E-05   1.06420E-04   9.49624E-05   4.19093E-05
 1.75000E+01               5.11257E-05   1.06770E-04   9.47917E-05   3.91470E-05
 1.85000E+01               4.89599E-05   1.07097E-04   9.46448E-05   3.65079E-05
 1.95000E+01               4.68695E-05   1.07398E-04   9.45214E-05   3.39933E-05
 2.05000E+01               4.48540E-05   1.07671E-04   9.44210E-05   3.16035E-05
 2.15000E+01               4.29125E-05   1.07917E-04   9.43427E-05   2.93384E-05
 2.25000E+01               4.10442E-05   1.08133E-04   9.42857E-05   2.71968E-05
 2.35000E+01               3.92479E-05   1.08320E-04   9.42490E-05   2.51771E-05
 2.45000E+01               3.75221E-05   1.08477E-04   9.42314E-05   2.32769E-05
 2.55000E+01               3.58654E-05   1.08604E-04   9.42318E-05   2.14933E-05
 2.65000E+01               3.42761E-05   1.08702E-04   9.42489E-05   1.98231E-05
 2.75000E+01               3.27524E-05   1.08771E-04   9.42814E-05   1.82626E-05
 2.85000E+01               3.12926E-05   1.08813E-04   9.43280E-05   1.68078E-05
 2.95000E+01               2.98947E-05   1.08828E-04   9.43875E-05   1.54543E-05
 3.05000E+01               2.85567E-05   1.08817E-04   9.44587E-05   1.41979E-05
 3.15000E+01               2.72766E-05   1.08783E-04   9.45402E-05   1.30338E-05
 3.25000E+01               2.60525E-05   1.08726E-04   9.46310E-05   1.19574E-05
 3.35000E+01               2.48823E-05   1.08648E-04   9.47300E-05   1.09641E-05
 3.45000E+01               2.37639E-05   1.08551E-04   9.48360E-05   1.00490E-05
 3.55000E+01               2.26955E-05   1.08436E-04   9.49480E-05   9.20769E-06
 3.65000E+01               2.16751E-05   1.08305E-04   9.50652E-05   8.43546E-06
 3.75000E+01               2.07006E-05   1.08159E-04   9.51866E-05   7.72789E-06
 3.85000E+01               1.97703E-05   1.08001E-04   9.53114E-05   7.08062E-06
 3.95000E+01               1.88822E-05   1.07832E-04   9.54388E-05   6.48949E-06
 4.05000E+01               1.80346E-05   1.07652E-04   9.55682E-05   5.95046E-06
 4.15000E+01               1.72257E-05   1.07465E-04   9.56988E-05   5.45969E-06
 4.25000E+01               1.64539E-05   1.07271E-04   9.58302E-05   5.01351E-06
 4.35000E+01               1.57175E-05   1.07071E-04   9.59618E-05   4.60845E-06
 4.45000E+01               1.50149E-05   1.06867E-04   9.60931E-05   4.24123E-06
 4.55000E+01               1.43446E-05   1.06660E-04   9.62238E-05   3.90875E-06
 4.65000E+01               1.37052E-05   1.06450E-04   9.63533E-05   3.60811E-06
 4.75000E+01               1.30952E-05   1.06240E-04   9.64814E-05   3.33660E-06
 4.85000E+01               1.25134E-05   1.06030E-04   9.66078E-05   3.09170E-06
 4.95000E+01               1.19583E-05   1.05820E-04   9.67323E-05   2.87105E-06
 5.05000E+01               1.14288E-05   1.05611E-04   9.68546E-05   2.67247E-06
 5.15000E+01               1.09236E-05   1.05404E-04   9.69745E-05   2.49394E-06
 5.25000E+01               1.04418E-05   1.05200E-04   9.70920E-05   2.33361E-06
 5.35000E+01               9.98203E-06   1.04999E-04   9.72067E-05   2.18977E-06
 5.45000E+01               9.54342E-06   1.04801E-04   9.73188E-05   2.06083E-06
 5.55000E+01               9.12494E-06   1.04608E-04   9.74280E-05   1.94536E-06
 5.65000E+01               8.72563E-06   1.04418E-04   9.75343E-05   1.84205E-06
 5.75000E+01               8.34459E-06   1.04233E-04   9.76378E-05   1.74969E-06
 5.85000E+01               7.98095E-06   1.04052E-04   9.77382E-05   1.66718E-06
 5.95000E+01               7.63388E-06   1.03876E-04   9.78358E-05   1.59353E-06
 6.05000E+01               7.30260E-06   1.03705E-04   9.79303E-05   1.52783E-06
 6.15000E+01               6.98633E-06   1.03539E-04   9.80220E-05   1.46927E-06
 6.25000E+01               6.68437E-06   1.03378E-04   9.81107E-05   1.41710E-06
 6.35000E+01               6.39602E-06   1.03222E-04   9.81966E-05   1.37065E-06
 6.45000E+01               6.12061E-06   1.03071E-04   9.82797E-05   1.32932E-06
 6.55000E+01               5.85752E-06   1.02925E-04   9.83600E-05   1.29256E-06
 6.65000E+01               5.60614E-06   1.02784E-04   9.84376E-05   1.25988E-06
 6.75000E+01               5.36589E-06   1.02648E-04   9.85125E-05   1.23083E-06
 6.85000E+01               5.13622E-06   1.02516E-04   9.85849E-05   1.20503E-06
 6.95000E+01               4.91659E-06   1.02389E-04   9.86548E-05   1.18212E-06
 7.05000E+01               4.70650E-06   1.02267E-04   9.87222E-05   1.16178E-06
 7.15000E+01               4.50547E-06   1.02149E-04   9.87873E-05   1.14372E-06
 7.25000E+01               4.31301E-06   1.02035E-04   9.88501E-05   1.12769E-06
 7.35000E+01               4.12868E-06   1.01926E-04   9.89107E-05   1.11347E-06
 7.45000E+01               3.95206E-06   1.01820E-04   9.89692E-05   1.10084E-06
 7.55000E+01               3.78272E-06   1.01719E-04   9.90257E-05   1.08963E-06
 7.65000E+01               3.62026E-06   1.01621E-04   9.90803E-05   1.07967E-06
 7.75000E+01               3.46431E-06   1.01526E-04   9.91330E-05   1.07083E-06
 7.85000E+01               3.31450E-06   1.01435E-04   9.91839E-05   1.06298E-06
 7.95000E+01               3.17046E-06   1.01348E-04   9.92331E-05   1.05600E-06
 8.05000E+01               3.03186E-06   1.01263E-04   9.92807E-05   1.04978E-06
 8.15000E+01               2.89836E-06   1.01181E-04   9.93268E-05   1.04425E-06
 8.25000E+01               2.76964E-06   1.01102E-04   9.93714E-05   1.03931E-06
 8.35000E+01               2.64540E-06   1.01025E-04   9.94147E-05   1.03491E-06
 8.45000E+01               2.52532E-06   1.00951E-04   9.94567E-05   1.03097E-06
 8.55000E+01               2.40913E-06   1.00879E-04   9.94975E-05   1.02744E-06
 8.65000E+01               2.29653E-06   1.00809E-04   9.95372E-05   1.02427E-06
 8.75000E+01               2.18726E-06   1.00742E-04   9.95758E-05   1.02142E-06
 8.85000E+01               2.08104E-06   1.00676E-04   9.96135E-05   1.01884E-06
 8.95000E+01               1.97763E-06   1.00611E-04   9.96503E-05   1.01650E-06
 9.05000E+01               1.87675E-06   1.00549E-04   9.96863E-05   1.01438E-06
 9.15000E+01               1.77817E-06   1.00487E-04   9.97215E-05   1.01243E-06
 9.25000E+01               1.68165E-06   1.00427E-04   9.97560E-05   1.01063E-06
 9.35000E+01               1.58694E-06   1.00368E-04   9.97899E-05   1.00897E-06
 9.45000E+01               1.49382E-06   1.00310E-04   9.98233E-05   1.00741E-06
 9.55000E+01               1.40205E-06   1.00252E-04   9.98562E-05   1.00595E-06
 9.65000E+01               1.31142E-06   1.00196E-04   9.98887E-05   1.00456E-06
 9.75000E+01               1.22171E-06   1.00139E-04   9.99208E-05   1.00322E-06
 9.85000E+01               1.13269E-06   1.00083E-04   9.99527E-05   1.00192E-06
 9.95000E+01               1.04415E-06   1.00028E-04   9.99843E-05   1.00064E-06
