 
  ************************** CRUNCH ******************************
  ************************ VERSION 1.0 ***************************
 
                      Author:  C.I. STEEFEL 
  COPYRIGHT (c) 2000. The Regents of the University of California. 
                       All Rights Reserved 
 
  ****************************************************************
  This work was produced at the University of California, Lawrence 
  Livermore National Laboratory (UC LLNL) under contract no. W-7405-ENG-48 
  (Contract 48) between the U.S. Department of Energy (DOE) and The Regents 
  of the University of California (University) for the operation of UC LLNL. 
  Copyright is reserved to the University for purposes of controlled dissem- 
  ination, commercialization through formal licensing, or other disposition 
  under terms of Contract 48; DOE policies, regulations and orders; and U.S. 
  statutes. The rights of the Federal Government are reserved under Contract 
  48 subject to the restrictions agreed upon by the DOE and University as 
  allowed under DOE Acquisition Letter 97-1. 
 
                                DISCLAIMER                            
  This work was prepared as an account of work sponsored by an agency of the
  United States Government. Neither the United States Government nor the 
  University of California nor any of their employees, makes any warranty, 
  express or implied, or assumes any liability or responsibility for the 
  accuracy, completeness, or usefulness of any information, apparatus, product,
  or process disclosed, or represents that its use would not infringe 
  privately-owned rights.  Reference herein to any specific commercial products,
  process, or service by trade name, trademark, manufacturer or otherwise does 
  not necessarily constitute or imply its endorsement, recommendation, or 
  favoring by the United States Government or the University of California. 
  The views and opinions of authors expressed herein do not necessarily state 
  or reflect those of the United States Government or the University of 
  California, and shall not be used for advertising or product endorsement 
  purposes. 
  ****************************************************************
 
 
                                                                          
 
 
 
   ---> Using database: datacom_mingliang_simple_new.dbs                                                                    
 
 
 Number of components =                     8
 
  1 H+                
  2 SO4--             
  3 Zn++              
  4 Pb++              
  5 Ca++              
  6 Mg++              
  7 K+                
  8 Na+               
 
 Number of secondary species in input file =           24
 
  1 OH-               
  2 HSO4-             
  3 CaSO4(aq)         
  4 CaOH+             
  5 CaHSO4+           
  6 KSO4-             
  7 KOH(aq)           
  8 MgSO4(aq)         
  9 MgOH+             
 10 NaSO4-            
 11 NaOH(aq)          
 12 PbOH+             
 13 PbSO4(aq)         
 14 Pb(OH)2(aq)       
 15 Pb(SO4)2--        
 16 Pb(OH)3-          
 17 Pb2OH+++          
 18 Pb(OH)4--         
 19 ZnOH+             
 20 ZnSO4(aq)         
 21 Zn(OH)2(aq)       
 22 Zn(SO4)2--        
 23 Zn(OH)3-          
 24 Zn(OH)4--         
 
 Number of kinetic minerals =            0
 
 
  Using database file: datacom_mingliang_simple_new.dbs
 
  temperature interpolation coefficients
                  ln(T+Tk)        1         T+Tk      (T+Tk)**-1   (t+tk)**-2
 
    HOMOGENEOUS REACTIONS
 
 Species         log K         Stoichiometric Coefficients
                            H+     SO4--  Zn++   Pb++   Ca++   Mg++   K+     Na+    
 OH-           1.3998E+01  -1.00   0.00   0.00   0.00   0.00   0.00   0.00   0.00
 HSO4-        -1.9870E+00   1.00   1.00   0.00   0.00   0.00   0.00   0.00   0.00
 CaSO4(aq)    -2.3090E+00   0.00   1.00   0.00   0.00   1.00   0.00   0.00   0.00
 CaOH+         1.2780E+01  -1.00   0.00   0.00   0.00   1.00   0.00   0.00   0.00
 CaHSO4+      -3.0680E+00   1.00   1.00   0.00   0.00   1.00   0.00   0.00   0.00
 KSO4-        -8.5000E-01   0.00   1.00   0.00   0.00   0.00   0.00   1.00   0.00
 KOH(aq)       1.4460E+01  -1.00   0.00   0.00   0.00   0.00   0.00   1.00   0.00
 MgSO4(aq)    -2.3763E+00   0.00   1.00   0.00   0.00   0.00   1.00   0.00   0.00
 MgOH+         1.1440E+01  -1.00   0.00   0.00   0.00   0.00   1.00   0.00   0.00
 NaSO4-       -7.0000E-01   0.00   1.00   0.00   0.00   0.00   0.00   0.00   1.00
 NaOH(aq)      1.4799E+01  -1.00   0.00   0.00   0.00   0.00   0.00   0.00   1.00
 PbOH+         7.7100E+00  -1.00   0.00   0.00   1.00   0.00   0.00   0.00   0.00
 PbSO4(aq)    -2.7500E+00   0.00   1.00   0.00   1.00   0.00   0.00   0.00   0.00
 Pb(OH)2(aq)   1.7120E+01  -2.00   0.00   0.00   1.00   0.00   0.00   0.00   0.00
 Pb(SO4)2--   -3.4700E+00   0.00   2.00   0.00   1.00   0.00   0.00   0.00   0.00
 Pb(OH)3-      2.8060E+01  -3.00   0.00   0.00   1.00   0.00   0.00   0.00   0.00
 Pb2OH+++      6.3600E+00  -1.00   0.00   0.00   2.00   0.00   0.00   0.00   0.00
 Pb(OH)4--     3.9700E+01  -4.00   0.00   0.00   1.00   0.00   0.00   0.00   0.00
 ZnOH+         8.9598E+00  -1.00   0.00   1.00   0.00   0.00   0.00   0.00   0.00
 ZnSO4(aq)    -2.3637E+00   0.00   1.00   1.00   0.00   0.00   0.00   0.00   0.00
 Zn(OH)2(aq)   1.6900E+01  -2.00   0.00   1.00   0.00   0.00   0.00   0.00   0.00
 Zn(SO4)2--   -3.2800E+00   0.00   2.00   1.00   0.00   0.00   0.00   0.00   0.00
 Zn(OH)3-      2.8400E+01  -3.00   0.00   1.00   0.00   0.00   0.00   0.00   0.00
 Zn(OH)4--     4.1200E+01  -4.00   0.00   1.00   0.00   0.00   0.00   0.00   0.00
 
  ***KINETIC INPUTS***
 
   MINERAL
 
 
  ******  GEOCHEMICAL CONDITIONS INPUT  ******
 
 Number of geochemical conditions specified =            3
 
  Condition Label: infiltration_solution
 
 
  Primary species    itype     guess      Total conc.  Constraint phase
  H+                   7    1.0029E-03    0.0000E+00                       
  SO4--                1    1.0029E-06    3.6542E-03                       
  Zn++                 1    1.0029E-06    1.0029E-03                       
  Pb++                 1    1.0029E-06    1.0029E-03                       
  Ca++                 1    1.0029E-06    1.0029E-03                       
  Mg++                 1    1.0029E-06    1.0029E-10                       
  K+                   1    1.0029E-06    1.0029E-10                       
  Na+                  1    1.0029E-06    1.0029E-10                       
 
  Porosity for this chemical condition =   0.2500
 
 
 
  Condition Label: initial_condition
 
 
  Primary species    itype     guess      Total conc.  Constraint phase
  H+                   7    1.0029E-08    0.0000E+00                       
  SO4--                1    5.1621E-04    5.1621E-04                       
  Zn++                 1    1.0029E-06    1.0029E-07                       
  Pb++                 1    1.0029E-06    1.0029E-07                       
  Ca++                 1    1.0029E-06    1.0029E-10                       
  Mg++                 1    1.0029E-06    1.0029E-05                       
  K+                   1    1.0029E-06    1.0029E-05                       
  Na+                  1    1.0029E-06    1.0029E-03                       
 
  Porosity for this chemical condition =   0.2500
 
 
 
  Condition Label: initial_condition_right
 
 
  Primary species    itype     guess      Total conc.  Constraint phase
  H+                   7    1.0029E-08    0.0000E+00                       
  SO4--                1    5.1621E-04    5.1621E-04                       
  Zn++                 1    1.0029E-06    1.0029E-07                       
  Pb++                 1    1.0029E-06    1.0029E-07                       
  Ca++                 1    1.0029E-06    1.0029E-10                       
  Mg++                 1    1.0029E-06    1.0029E-05                       
  K+                   1    1.0029E-06    1.0029E-05                       
  Na+                  1    1.0029E-06    1.0029E-03                       
 
  Porosity for this chemical condition =   0.2500
 
 
 
   ********  SPECIATION OF GEOCHEMICAL CONDITIONS  ********
 
