
    ------------------------------------------------
          M     M  I  N     N  333333  PPPPPP       
          MM   MM  I  NN    N       3  P    P       
          M M M M  I  N N   N       3  P    P       
          M  M  M  I  N  N  N    3333  PPPPPP       
          M     M  I  N   N N       3  P            
          M     M  I  N    NN       3  P            
          M     M  I  N     N  333333  P            

                     Version 1.1

          A Numerical Model for the Analysis
                       of the
                Geochemical Evolution
                         of
              Mineral-Water-Gas-Systems

                  (c) 2000 U. Mayer
    ------------------------------------------------


    now provide prefix of problem filename ...


 /global/home/smolins/min3p-database/min3p-database6                            
                                                                                
                                                                                
                    
 
 ch4-source  
 ------------------------------------------------------------------------
 number of parallel reaction pathways           1
 searching for log rate constant:
 searching for activation energy:
 searching for exponent m:
 searching for exponent n:
 searching for shrinking core parameters:
 searching for fractional order terms: T^a
 searching for fractional order terms: C^c
 searching for fractional order terms: C_x
 searching for hyperbolic terms: T^a
 searching for inhibition terms: T^a
 searching for hyperbolic terms: C^c
 searching for inhibition terms: C^c
 searching for hyperbolic terms: phi^m
 searching for inhibition terms: phi^m
 
 co2-source  
 ------------------------------------------------------------------------
 number of parallel reaction pathways           1
 searching for log rate constant:
 searching for activation energy:
 searching for exponent m:
 searching for exponent n:
 searching for shrinking core parameters:
 searching for fractional order terms: T^a
 searching for fractional order terms: C^c
 searching for fractional order terms: C_x
 searching for hyperbolic terms: T^a
 searching for inhibition terms: T^a
 searching for hyperbolic terms: C^c
 searching for inhibition terms: C^c
 searching for hyperbolic terms: phi^m
 searching for inhibition terms: phi^m
 
 calcite     
 ------------------------------------------------------------------------
 number of parallel reaction pathways           1
 searching for log rate constant:
 searching for activation energy:
 searching for exponent m:
 searching for exponent n:
 searching for shrinking core parameters:
 searching for fractional order terms: T^a
 searching for fractional order terms: C^c
 searching for fractional order terms: C_x
 searching for hyperbolic terms: T^a
 searching for inhibition terms: T^a
 searching for hyperbolic terms: C^c
 searching for inhibition terms: C^c
 searching for hyperbolic terms: phi^m
 searching for inhibition terms: phi^m
 ---------------------------
 ch4-o2x     
 searching for log rate constant: ch4-o2x     
 searching for activation energy: ch4-o2x     
 searching for fractional order terms: T^a
 searching for fractional order terms: C^c
 searching for fractional order terms: C^x
 searching for hyperbolic terms: T^a
 hyperbolic T^a                                                          
           4
 searching for hyperbolic terms: C^c
 searching for hyperbolic terms: phi^m
 searching for inhibition terms: T^a
 searching for inhibition terms: C^c
 searching for inhibition terms: phi^m
           0
 initial condition - variably saturated flow
 ------------------------------------------------------------------------
 
 boundary conditions - variably saturated flow
 ------------------------------------------------------------------------

 initial condition - reactive transport
 ------------------------------------------------------------------------

 boundary conditions - reactive transport
 ------------------------------------------------------------------------

 steady state flow - variably saturated conditions
 ------------------------------------------------------------------------

 enter timeloop
 ------------------------------------------------------------------------
 timestep:        1  time: 1.000E-10 seconds      delt: 1.000E-10 seconds     
 timestep:        2  time: 3.530E-10 seconds      delt: 2.530E-10 seconds     
 timestep:        3  time: 9.930E-10 seconds      delt: 6.400E-10 seconds     
 timestep:        4  time: 2.471E-09 seconds      delt: 1.478E-09 seconds     
 timestep:        5  time: 5.631E-09 seconds      delt: 3.160E-09 seconds     
 timestep:        6  time: 1.195E-08 seconds      delt: 6.320E-09 seconds     
 timestep:        7  time: 2.459E-08 seconds      delt: 1.264E-08 seconds     
 timestep:        8  time: 4.843E-08 seconds      delt: 2.384E-08 seconds     
 timestep:        9  time: 9.337E-08 seconds      delt: 4.494E-08 seconds     
 timestep:       10  time: 1.738E-07 seconds      delt: 8.040E-08 seconds     
 timestep:       11  time: 3.176E-07 seconds      delt: 1.438E-07 seconds     
 timestep:       12  time: 5.629E-07 seconds      delt: 2.453E-07 seconds     
 timestep:       13  time: 9.813E-07 seconds      delt: 4.184E-07 seconds     
 timestep:       14  time: 1.665E-06 seconds      delt: 6.832E-07 seconds     
 timestep:       15  time: 2.780E-06 seconds      delt: 1.116E-06 seconds     
 timestep:       16  time: 4.602E-06 seconds      delt: 1.822E-06 seconds     
 timestep:       17  time: 7.461E-06 seconds      delt: 2.858E-06 seconds     
 timestep:       18  time: 1.195E-05 seconds      delt: 4.485E-06 seconds     
 timestep:       19  time: 1.873E-05 seconds      delt: 6.780E-06 seconds     
 timestep:       20  time: 2.898E-05 seconds      delt: 1.025E-05 seconds     
 timestep:       21  time: 4.447E-05 seconds      delt: 1.550E-05 seconds     
 timestep:       22  time: 6.711E-05 seconds      delt: 2.264E-05 seconds     
 timestep:       23  time: 1.002E-04 seconds      delt: 3.306E-05 seconds     
 timestep:       24  time: 1.485E-04 seconds      delt: 4.829E-05 seconds     
 timestep:       25  time: 2.168E-04 seconds      delt: 6.829E-05 seconds     
 timestep:       26  time: 3.133E-04 seconds      delt: 9.658E-05 seconds     
 timestep:       27  time: 4.499E-04 seconds      delt: 1.366E-04 seconds     
 timestep:       28  time: 6.431E-04 seconds      delt: 1.932E-04 seconds     
 timestep:       29  time: 9.081E-04 seconds      delt: 2.650E-04 seconds     
 timestep:       30  time: 1.272E-03 seconds      delt: 3.636E-04 seconds     
 timestep:       31  time: 1.771E-03 seconds      delt: 4.989E-04 seconds     
 timestep:       32  time: 2.455E-03 seconds      delt: 6.844E-04 seconds     
 timestep:       33  time: 3.394E-03 seconds      delt: 9.390E-04 seconds     
 timestep:       34  time: 4.682E-03 seconds      delt: 1.288E-03 seconds     
 timestep:       35  time: 6.400E-03 seconds      delt: 1.718E-03 seconds     
 timestep:       36  time: 8.690E-03 seconds      delt: 2.290E-03 seconds     
 timestep:       37  time: 1.174E-02 seconds      delt: 3.054E-03 seconds     
 timestep:       38  time: 1.582E-02 seconds      delt: 4.072E-03 seconds     
 timestep:       39  time: 2.124E-02 seconds      delt: 5.429E-03 seconds     
 timestep:       40  time: 2.829E-02 seconds      delt: 7.046E-03 seconds     
 timestep:       41  time: 3.743E-02 seconds      delt: 9.144E-03 seconds     
 timestep:       42  time: 4.930E-02 seconds      delt: 1.187E-02 seconds     
 timestep:       43  time: 6.470E-02 seconds      delt: 1.540E-02 seconds     
 timestep:       44  time: 8.469E-02 seconds      delt: 1.999E-02 seconds     
 timestep:       45  time: 1.113E-01 seconds      delt: 2.665E-02 seconds     
 timestep:       46  time: 1.469E-01 seconds      delt: 3.553E-02 seconds     
 timestep:       47  time: 1.942E-01 seconds      delt: 4.737E-02 seconds     
 timestep:       48  time: 2.574E-01 seconds      delt: 6.316E-02 seconds     
 timestep:       49  time: 3.416E-01 seconds      delt: 8.422E-02 seconds     
 timestep:       50  time: 4.539E-01 seconds      delt: 1.123E-01 seconds     
 timestep:       51  time: 6.036E-01 seconds      delt: 1.497E-01 seconds     
 timestep:       52  time: 8.033E-01 seconds      delt: 1.996E-01 seconds     
 timestep:       53  time: 1.069E+00 seconds      delt: 2.662E-01 seconds     
 timestep:       54  time: 1.424E+00 seconds      delt: 3.549E-01 seconds     
 timestep:       55  time: 1.898E+00 seconds      delt: 4.732E-01 seconds     
 timestep:       56  time: 2.528E+00 seconds      delt: 6.309E-01 seconds     
 timestep:       57  time: 3.370E+00 seconds      delt: 8.412E-01 seconds     
 timestep:       58  time: 4.491E+00 seconds      delt: 1.122E+00 seconds     
 timestep:       59  time: 5.987E+00 seconds      delt: 1.496E+00 seconds     
 timestep:       60  time: 7.981E+00 seconds      delt: 1.994E+00 seconds     
 timestep:       61  time: 1.064E+01 seconds      delt: 2.659E+00 seconds     
 timestep:       62  time: 1.418E+01 seconds      delt: 3.545E+00 seconds     
 timestep:       63  time: 1.891E+01 seconds      delt: 4.727E+00 seconds     
 timestep:       64  time: 2.521E+01 seconds      delt: 6.302E+00 seconds     
 timestep:       65  time: 3.362E+01 seconds      delt: 8.403E+00 seconds     
 timestep:       66  time: 4.482E+01 seconds      delt: 1.120E+01 seconds     
 timestep:       67  time: 5.976E+01 seconds      delt: 1.494E+01 seconds     
 timestep:       68  time: 7.968E+01 seconds      delt: 1.992E+01 seconds     
 timestep:       69  time: 1.062E+02 seconds      delt: 2.656E+01 seconds     
 timestep:       70  time: 1.416E+02 seconds      delt: 3.541E+01 seconds     
 timestep:       71  time: 1.889E+02 seconds      delt: 4.721E+01 seconds     
 timestep:       72  time: 2.501E+02 seconds      delt: 6.127E+01 seconds     
 timestep:       73  time: 3.296E+02 seconds      delt: 7.952E+01 seconds     
 timestep:       74  time: 4.328E+02 seconds      delt: 1.032E+02 seconds     
 timestep:       75  time: 5.668E+02 seconds      delt: 1.339E+02 seconds     
 timestep:       76  time: 7.406E+02 seconds      delt: 1.738E+02 seconds     
 timestep:       77  time: 9.661E+02 seconds      delt: 2.256E+02 seconds     
 timestep:       78  time: 1.259E+03 seconds      delt: 2.927E+02 seconds     
 timestep:       79  time: 1.639E+03 seconds      delt: 3.799E+02 seconds     
 timestep:       80  time: 2.132E+03 seconds      delt: 4.930E+02 seconds     
 timestep:       81  time: 2.771E+03 seconds      delt: 6.398E+02 seconds     
 timestep:       82  time: 3.581E+03 seconds      delt: 8.093E+02 seconds     
 timestep:       83  time: 4.604E+03 seconds      delt: 1.024E+03 seconds     
 timestep:       84  time: 5.868E+03 seconds      delt: 1.264E+03 seconds     
 timestep:       85  time: 7.428E+03 seconds      delt: 1.560E+03 seconds     
 timestep:       86  time: 9.353E+03 seconds      delt: 1.926E+03 seconds     
 timestep:       87  time: 1.173E+04 seconds      delt: 2.377E+03 seconds     
 timestep:       88  time: 1.466E+04 seconds      delt: 2.934E+03 seconds     
 timestep:       89  time: 1.820E+04 seconds      delt: 3.539E+03 seconds     
 timestep:       90  time: 2.216E+04 seconds      delt: 3.961E+03 seconds     
 timestep:       91  time: 2.699E+04 seconds      delt: 4.825E+03 seconds     
 timestep:       92  time: 3.281E+04 seconds      delt: 5.819E+03 seconds     
 timestep:       93  time: 3.943E+04 seconds      delt: 6.623E+03 seconds     
 timestep:       94  time: 4.608E+04 seconds      delt: 6.645E+03 seconds     
 timestep:       95  time: 5.409E+04 seconds      delt: 8.014E+03 seconds     
 timestep:       96  time: 6.376E+04 seconds      delt: 9.665E+03 seconds     
 timestep:       97  time: 7.281E+04 seconds      delt: 9.055E+03 seconds     
 timestep:       98  time: 8.373E+04 seconds      delt: 1.092E+04 seconds     
 timestep:       99  time: 9.690E+04 seconds      delt: 1.317E+04 seconds     
 timestep:      100  time: 1.091E+05 seconds      delt: 1.224E+04 seconds     
 timestep:      101  time: 1.239E+05 seconds      delt: 1.476E+04 seconds     
 timestep:      102  time: 1.399E+05 seconds      delt: 1.604E+04 seconds     
 timestep:      103  time: 1.566E+05 seconds      delt: 1.665E+04 seconds     
 timestep:      104  time: 1.762E+05 seconds      delt: 1.964E+04 seconds     
 timestep:      105  time: 1.955E+05 seconds      delt: 1.929E+04 seconds     
 timestep:      106  time: 2.183E+05 seconds      delt: 2.276E+04 seconds     
 timestep:      107  time: 2.446E+05 seconds      delt: 2.628E+04 seconds     
 timestep:      108  time: 2.689E+05 seconds      delt: 2.439E+04 seconds     
 timestep:      109  time: 2.977E+05 seconds      delt: 2.877E+04 seconds     
 timestep:      110  time: 3.293E+05 seconds      delt: 3.158E+04 seconds     
 timestep:      111  time: 3.620E+05 seconds      delt: 3.267E+04 seconds     
 timestep:      112  time: 3.989E+05 seconds      delt: 3.696E+04 seconds     
 timestep:      113  time: 4.361E+05 seconds      delt: 3.716E+04 seconds     
 timestep:      114  time: 4.790E+05 seconds      delt: 4.291E+04 seconds     
 timestep:      115  time: 5.275E+05 seconds      delt: 4.855E+04 seconds     
 timestep:      116  time: 5.749E+05 seconds      delt: 4.734E+04 seconds     
 timestep:      117  time: 6.284E+05 seconds      delt: 5.355E+04 seconds     
 timestep:      118  time: 6.867E+05 seconds      delt: 5.830E+04 seconds     
 timestep:      119  time: 7.491E+05 seconds      delt: 6.233E+04 seconds     
 timestep:      120  time: 8.169E+05 seconds      delt: 6.785E+04 seconds     
 timestep:      121  time: 8.860E+05 seconds      delt: 6.913E+04 seconds     
 timestep:      122  time: 9.600E+05 seconds      delt: 7.391E+04 seconds     
 timestep:      123  time: 1.036E+06 seconds      delt: 7.618E+04 seconds     
 timestep:      124  time: 1.111E+06 seconds      delt: 7.471E+04 seconds     
 timestep:      125  time: 1.178E+06 seconds      delt: 6.675E+04 seconds     
 timestep:      126  time: 1.249E+06 seconds      delt: 7.136E+04 seconds     
 timestep:      127  time: 1.325E+06 seconds      delt: 7.629E+04 seconds     
 timestep:      128  time: 1.405E+06 seconds      delt: 8.014E+04 seconds     
 timestep:      129  time: 1.488E+06 seconds      delt: 8.276E+04 seconds     
 timestep:      130  time: 1.574E+06 seconds      delt: 8.548E+04 seconds     
 timestep:      131  time: 1.662E+06 seconds      delt: 8.828E+04 seconds     
 timestep:      132  time: 1.753E+06 seconds      delt: 9.118E+04 seconds     
 timestep:      133  time: 1.843E+06 seconds      delt: 8.970E+04 seconds     
 timestep:      134  time: 1.931E+06 seconds      delt: 8.824E+04 seconds     
 timestep:      135  time: 2.022E+06 seconds      delt: 9.113E+04 seconds     
 timestep:      136  time: 2.112E+06 seconds      delt: 8.965E+04 seconds     
 timestep:      137  time: 2.200E+06 seconds      delt: 8.819E+04 seconds     
 timestep:      138  time: 2.291E+06 seconds      delt: 9.108E+04 seconds     
 timestep:      139  time: 2.381E+06 seconds      delt: 8.960E+04 seconds     
 timestep:      140  time: 2.469E+06 seconds      delt: 8.814E+04 seconds     
 timestep:      141  time: 2.560E+06 seconds      delt: 9.104E+04 seconds     
 timestep:      142  time: 2.649E+06 seconds      delt: 8.956E+04 seconds     
 timestep:      143  time: 2.742E+06 seconds      delt: 9.249E+04 seconds     
 timestep:      144  time: 2.833E+06 seconds      delt: 9.099E+04 seconds     
 timestep:      145  time: 2.922E+06 seconds      delt: 8.951E+04 seconds     
 timestep:      146  time: 3.015E+06 seconds      delt: 9.244E+04 seconds     
 timestep:      147  time: 3.106E+06 seconds      delt: 9.094E+04 seconds     
 timestep:      148  time: 3.195E+06 seconds      delt: 8.946E+04 seconds     
 timestep:      149  time: 3.288E+06 seconds      delt: 9.240E+04 seconds     
 timestep:      150  time: 3.379E+06 seconds      delt: 9.089E+04 seconds     
 timestep:      151  time: 3.468E+06 seconds      delt: 8.942E+04 seconds     
 timestep:      152  time: 3.560E+06 seconds      delt: 9.235E+04 seconds     
 timestep:      153  time: 3.651E+06 seconds      delt: 9.085E+04 seconds     
 timestep:      154  time: 3.741E+06 seconds      delt: 8.937E+04 seconds     
 timestep:      155  time: 3.833E+06 seconds      delt: 9.230E+04 seconds     
 timestep:      156  time: 3.924E+06 seconds      delt: 9.080E+04 seconds     
 timestep:      157  time: 4.013E+06 seconds      delt: 8.932E+04 seconds     
 timestep:      158  time: 4.105E+06 seconds      delt: 9.225E+04 seconds     
 timestep:      159  time: 4.196E+06 seconds      delt: 9.075E+04 seconds     
 timestep:      160  time: 4.285E+06 seconds      delt: 8.928E+04 seconds     
 timestep:      161  time: 4.377E+06 seconds      delt: 9.220E+04 seconds     
 timestep:      162  time: 4.468E+06 seconds      delt: 9.070E+04 seconds     
 timestep:      163  time: 4.557E+06 seconds      delt: 8.923E+04 seconds     
 timestep:      164  time: 4.649E+06 seconds      delt: 9.216E+04 seconds     
 timestep:      165  time: 4.740E+06 seconds      delt: 9.066E+04 seconds     
 timestep:      166  time: 4.829E+06 seconds      delt: 8.918E+04 seconds     
 timestep:      167  time: 4.921E+06 seconds      delt: 9.211E+04 seconds     
 timestep:      168  time: 5.012E+06 seconds      delt: 9.061E+04 seconds     
 timestep:      169  time: 5.101E+06 seconds      delt: 8.914E+04 seconds     
 timestep:      170  time: 5.193E+06 seconds      delt: 9.206E+04 seconds     
 timestep:      171  time: 5.284E+06 seconds      delt: 9.056E+04 seconds     
 timestep:      172  time: 5.377E+06 seconds      delt: 9.353E+04 seconds     
 timestep:      173  time: 5.469E+06 seconds      delt: 9.201E+04 seconds     
 timestep:      174  time: 5.560E+06 seconds      delt: 9.052E+04 seconds     
 timestep:      175  time: 5.653E+06 seconds      delt: 9.348E+04 seconds     
 timestep:      176  time: 5.745E+06 seconds      delt: 9.196E+04 seconds     
 timestep:      177  time: 5.836E+06 seconds      delt: 9.047E+04 seconds     
 timestep:      178  time: 5.929E+06 seconds      delt: 9.344E+04 seconds     
 timestep:      179  time: 6.021E+06 seconds      delt: 9.192E+04 seconds     
 timestep:      180  time: 6.112E+06 seconds      delt: 9.042E+04 seconds     
 timestep:      181  time: 6.205E+06 seconds      delt: 9.339E+04 seconds     
 timestep:      182  time: 6.297E+06 seconds      delt: 9.187E+04 seconds     
 timestep:      183  time: 6.392E+06 seconds      delt: 9.488E+04 seconds     
 timestep:      184  time: 6.485E+06 seconds      delt: 9.334E+04 seconds     
 timestep:      185  time: 6.577E+06 seconds      delt: 9.182E+04 seconds     
 timestep:      186  time: 6.672E+06 seconds      delt: 9.483E+04 seconds     
 timestep:      187  time: 6.765E+06 seconds      delt: 9.329E+04 seconds     
 timestep:      188  time: 6.857E+06 seconds      delt: 9.177E+04 seconds     
 timestep:      189  time: 6.952E+06 seconds      delt: 9.478E+04 seconds     
 timestep:      190  time: 7.045E+06 seconds      delt: 9.324E+04 seconds     
 timestep:      191  time: 7.141E+06 seconds      delt: 9.630E+04 seconds     
 timestep:      192  time: 7.236E+06 seconds      delt: 9.473E+04 seconds     
 timestep:      193  time: 7.329E+06 seconds      delt: 9.319E+04 seconds     
 timestep:      194  time: 7.425E+06 seconds      delt: 9.625E+04 seconds     
 timestep:      195  time: 7.520E+06 seconds      delt: 9.468E+04 seconds     
 timestep:      196  time: 7.613E+06 seconds      delt: 9.314E+04 seconds     
 timestep:      197  time: 7.709E+06 seconds      delt: 9.620E+04 seconds     
 timestep:      198  time: 7.804E+06 seconds      delt: 9.463E+04 seconds     
 timestep:      199  time: 7.902E+06 seconds      delt: 9.774E+04 seconds     
 timestep:      200  time: 7.998E+06 seconds      delt: 9.615E+04 seconds     
 timestep:      201  time: 8.092E+06 seconds      delt: 9.459E+04 seconds     
 timestep:      202  time: 8.190E+06 seconds      delt: 9.769E+04 seconds     
 timestep:      203  time: 8.286E+06 seconds      delt: 9.610E+04 seconds     
 timestep:      204  time: 8.385E+06 seconds      delt: 9.925E+04 seconds     
 timestep:      205  time: 8.483E+06 seconds      delt: 9.764E+04 seconds     
 timestep:      206  time: 8.579E+06 seconds      delt: 9.605E+04 seconds     
 timestep:      207  time: 8.678E+06 seconds      delt: 9.920E+04 seconds     
 timestep:      208  time: 8.776E+06 seconds      delt: 9.759E+04 seconds     
 timestep:      209  time: 8.876E+06 seconds      delt: 1.000E+05 seconds     
 timestep:      210  time: 8.974E+06 seconds      delt: 9.837E+04 seconds     
 timestep:      211  time: 9.071E+06 seconds      delt: 9.677E+04 seconds     
 timestep:      212  time: 9.171E+06 seconds      delt: 9.995E+04 seconds     
 timestep:      213  time: 9.269E+06 seconds      delt: 9.832E+04 seconds     
 timestep:      214  time: 9.369E+06 seconds      delt: 1.000E+05 seconds     
 timestep:      215  time: 9.468E+06 seconds      delt: 9.837E+04 seconds     
 timestep:      216  time: 9.568E+06 seconds      delt: 1.000E+05 seconds     
 timestep:      217  time: 9.668E+06 seconds      delt: 1.000E+05 seconds     
 timestep:      218  time: 9.768E+06 seconds      delt: 1.000E+05 seconds     
 timestep:      219  time: 9.868E+06 seconds      delt: 1.000E+05 seconds     
 timestep:      220  time: 9.968E+06 seconds      delt: 1.000E+05 seconds     
 timestep:      221  time: 1.007E+07 seconds      delt: 1.000E+05 seconds     
 timestep:      222  time: 1.017E+07 seconds      delt: 1.000E+05 seconds     
 timestep:      223  time: 1.027E+07 seconds      delt: 1.000E+05 seconds     
 timestep:      224  time: 1.037E+07 seconds      delt: 1.000E+05 seconds     
 timestep:      225  time: 1.047E+07 seconds      delt: 1.000E+05 seconds     
 timestep:      226  time: 1.057E+07 seconds      delt: 1.000E+05 seconds     
 timestep:      227  time: 1.067E+07 seconds      delt: 1.000E+05 seconds     
 timestep:      228  time: 1.077E+07 seconds      delt: 1.000E+05 seconds     
 timestep:      229  time: 1.087E+07 seconds      delt: 1.000E+05 seconds     
 timestep:      230  time: 1.097E+07 seconds      delt: 1.000E+05 seconds     
 timestep:      231  time: 1.107E+07 seconds      delt: 1.000E+05 seconds     
 timestep:      232  time: 1.117E+07 seconds      delt: 1.000E+05 seconds     
 timestep:      233  time: 1.127E+07 seconds      delt: 1.000E+05 seconds     
 timestep:      234  time: 1.137E+07 seconds      delt: 1.000E+05 seconds     
 timestep:      235  time: 1.147E+07 seconds      delt: 1.000E+05 seconds     
 timestep:      236  time: 1.157E+07 seconds      delt: 1.000E+05 seconds     
 timestep:      237  time: 1.167E+07 seconds      delt: 1.000E+05 seconds     
 timestep:      238  time: 1.177E+07 seconds      delt: 1.000E+05 seconds     
 timestep:      239  time: 1.187E+07 seconds      delt: 1.000E+05 seconds     
 timestep:      240  time: 1.197E+07 seconds      delt: 1.000E+05 seconds     
 timestep:      241  time: 1.207E+07 seconds      delt: 1.000E+05 seconds     
 timestep:      242  time: 1.217E+07 seconds      delt: 1.000E+05 seconds     
 timestep:      243  time: 1.227E+07 seconds      delt: 1.000E+05 seconds     
 timestep:      244  time: 1.237E+07 seconds      delt: 1.000E+05 seconds     
 timestep:      245  time: 1.247E+07 seconds      delt: 1.000E+05 seconds     
 timestep:      246  time: 1.257E+07 seconds      delt: 1.000E+05 seconds     
 timestep:      247  time: 1.267E+07 seconds      delt: 1.000E+05 seconds     
 timestep:      248  time: 1.277E+07 seconds      delt: 1.000E+05 seconds     
 timestep:      249  time: 1.287E+07 seconds      delt: 1.000E+05 seconds     
 timestep:      250  time: 1.297E+07 seconds      delt: 1.000E+05 seconds     
 timestep:      251  time: 1.307E+07 seconds      delt: 1.000E+05 seconds     
 timestep:      252  time: 1.317E+07 seconds      delt: 1.000E+05 seconds     
 timestep:      253  time: 1.327E+07 seconds      delt: 1.000E+05 seconds     
 timestep:      254  time: 1.337E+07 seconds      delt: 1.000E+05 seconds     
 timestep:      255  time: 1.347E+07 seconds      delt: 1.000E+05 seconds     
 timestep:      256  time: 1.357E+07 seconds      delt: 1.000E+05 seconds     
 timestep:      257  time: 1.367E+07 seconds      delt: 1.000E+05 seconds     
 timestep:      258  time: 1.377E+07 seconds      delt: 1.000E+05 seconds     
 timestep:      259  time: 1.387E+07 seconds      delt: 1.000E+05 seconds     
 timestep:      260  time: 1.397E+07 seconds      delt: 1.000E+05 seconds     
 timestep:      261  time: 1.407E+07 seconds      delt: 1.000E+05 seconds     
 timestep:      262  time: 1.417E+07 seconds      delt: 1.000E+05 seconds     
 timestep:      263  time: 1.427E+07 seconds      delt: 1.000E+05 seconds     
 timestep:      264  time: 1.437E+07 seconds      delt: 1.000E+05 seconds     
 timestep:      265  time: 1.447E+07 seconds      delt: 1.000E+05 seconds     
 timestep:      266  time: 1.457E+07 seconds      delt: 1.000E+05 seconds     
 timestep:      267  time: 1.467E+07 seconds      delt: 1.000E+05 seconds     
 timestep:      268  time: 1.477E+07 seconds      delt: 1.000E+05 seconds     
 timestep:      269  time: 1.487E+07 seconds      delt: 1.000E+05 seconds     
 timestep:      270  time: 1.497E+07 seconds      delt: 1.000E+05 seconds     
 timestep:      271  time: 1.507E+07 seconds      delt: 1.000E+05 seconds     
 timestep:      272  time: 1.517E+07 seconds      delt: 1.000E+05 seconds     
 timestep:      273  time: 1.527E+07 seconds      delt: 1.000E+05 seconds     
 timestep:      274  time: 1.537E+07 seconds      delt: 1.000E+05 seconds     
 timestep:      275  time: 1.547E+07 seconds      delt: 1.000E+05 seconds     
 timestep:      276  time: 1.557E+07 seconds      delt: 1.000E+05 seconds     
 timestep:      277  time: 1.567E+07 seconds      delt: 1.000E+05 seconds     
 timestep:      278  time: 1.577E+07 seconds      delt: 1.000E+05 seconds     
 timestep:      279  time: 1.587E+07 seconds      delt: 1.000E+05 seconds     
 timestep:      280  time: 1.597E+07 seconds      delt: 1.000E+05 seconds     
 timestep:      281  time: 1.607E+07 seconds      delt: 1.000E+05 seconds     
 timestep:      282  time: 1.617E+07 seconds      delt: 1.000E+05 seconds     
 timestep:      283  time: 1.627E+07 seconds      delt: 1.000E+05 seconds     
 timestep:      284  time: 1.637E+07 seconds      delt: 1.000E+05 seconds     
 timestep:      285  time: 1.647E+07 seconds      delt: 1.000E+05 seconds     
 timestep:      286  time: 1.657E+07 seconds      delt: 1.000E+05 seconds     
 timestep:      287  time: 1.667E+07 seconds      delt: 1.000E+05 seconds     
 timestep:      288  time: 1.677E+07 seconds      delt: 1.000E+05 seconds     
 timestep:      289  time: 1.687E+07 seconds      delt: 1.000E+05 seconds     
 timestep:      290  time: 1.697E+07 seconds      delt: 1.000E+05 seconds     
 timestep:      291  time: 1.707E+07 seconds      delt: 1.000E+05 seconds     
 timestep:      292  time: 1.717E+07 seconds      delt: 1.000E+05 seconds     
 timestep:      293  time: 1.727E+07 seconds      delt: 1.000E+05 seconds     
 timestep:      294  time: 1.737E+07 seconds      delt: 1.000E+05 seconds     
 timestep:      295  time: 1.747E+07 seconds      delt: 1.000E+05 seconds     
 timestep:      296  time: 1.757E+07 seconds      delt: 1.000E+05 seconds     
 timestep:      297  time: 1.767E+07 seconds      delt: 1.000E+05 seconds     
 timestep:      298  time: 1.777E+07 seconds      delt: 1.000E+05 seconds     
 timestep:      299  time: 1.787E+07 seconds      delt: 1.000E+05 seconds     
 timestep:      300  time: 1.797E+07 seconds      delt: 1.000E+05 seconds     
 timestep:      301  time: 1.807E+07 seconds      delt: 1.000E+05 seconds     
 timestep:      302  time: 1.817E+07 seconds      delt: 1.000E+05 seconds     
 timestep:      303  time: 1.827E+07 seconds      delt: 1.000E+05 seconds     
 timestep:      304  time: 1.837E+07 seconds      delt: 1.000E+05 seconds     
 timestep:      305  time: 1.847E+07 seconds      delt: 1.000E+05 seconds     
 timestep:      306  time: 1.857E+07 seconds      delt: 1.000E+05 seconds     
 timestep:      307  time: 1.867E+07 seconds      delt: 1.000E+05 seconds     
 timestep:      308  time: 1.877E+07 seconds      delt: 1.000E+05 seconds     
 timestep:      309  time: 1.887E+07 seconds      delt: 1.000E+05 seconds     
 timestep:      310  time: 1.897E+07 seconds      delt: 1.000E+05 seconds     
 timestep:      311  time: 1.907E+07 seconds      delt: 1.000E+05 seconds     
 timestep:      312  time: 1.917E+07 seconds      delt: 1.000E+05 seconds     
 timestep:      313  time: 1.927E+07 seconds      delt: 1.000E+05 seconds     
 timestep:      314  time: 1.937E+07 seconds      delt: 1.000E+05 seconds     
 timestep:      315  time: 1.947E+07 seconds      delt: 1.000E+05 seconds     
 timestep:      316  time: 1.957E+07 seconds      delt: 1.000E+05 seconds     
 timestep:      317  time: 1.967E+07 seconds      delt: 1.000E+05 seconds     
 timestep:      318  time: 1.977E+07 seconds      delt: 1.000E+05 seconds     
 timestep:      319  time: 1.987E+07 seconds      delt: 1.000E+05 seconds     
 timestep:      320  time: 1.997E+07 seconds      delt: 1.000E+05 seconds     
 timestep:      321  time: 2.007E+07 seconds      delt: 1.000E+05 seconds     
 timestep:      322  time: 2.017E+07 seconds      delt: 1.000E+05 seconds     
 timestep:      323  time: 2.027E+07 seconds      delt: 1.000E+05 seconds     
 timestep:      324  time: 2.037E+07 seconds      delt: 1.000E+05 seconds     
 timestep:      325  time: 2.047E+07 seconds      delt: 1.000E+05 seconds     
 timestep:      326  time: 2.057E+07 seconds      delt: 1.000E+05 seconds     
 timestep:      327  time: 2.067E+07 seconds      delt: 1.000E+05 seconds     
 timestep:      328  time: 2.077E+07 seconds      delt: 1.000E+05 seconds     
 timestep:      329  time: 2.087E+07 seconds      delt: 1.000E+05 seconds     
 timestep:      330  time: 2.097E+07 seconds      delt: 1.000E+05 seconds     
 timestep:      331  time: 2.107E+07 seconds      delt: 1.000E+05 seconds     
 timestep:      332  time: 2.117E+07 seconds      delt: 1.000E+05 seconds     
 timestep:      333  time: 2.127E+07 seconds      delt: 1.000E+05 seconds     
 timestep:      334  time: 2.137E+07 seconds      delt: 1.000E+05 seconds     
 timestep:      335  time: 2.147E+07 seconds      delt: 1.000E+05 seconds     
 timestep:      336  time: 2.157E+07 seconds      delt: 1.000E+05 seconds     
 timestep:      337  time: 2.167E+07 seconds      delt: 1.000E+05 seconds     
 timestep:      338  time: 2.177E+07 seconds      delt: 1.000E+05 seconds     
 timestep:      339  time: 2.187E+07 seconds      delt: 1.000E+05 seconds     
 timestep:      340  time: 2.197E+07 seconds      delt: 1.000E+05 seconds     
 timestep:      341  time: 2.207E+07 seconds      delt: 1.000E+05 seconds     
 timestep:      342  time: 2.217E+07 seconds      delt: 1.000E+05 seconds     
 timestep:      343  time: 2.227E+07 seconds      delt: 1.000E+05 seconds     
 timestep:      344  time: 2.237E+07 seconds      delt: 1.000E+05 seconds     
 timestep:      345  time: 2.247E+07 seconds      delt: 1.000E+05 seconds     
 timestep:      346  time: 2.257E+07 seconds      delt: 1.000E+05 seconds     
 timestep:      347  time: 2.267E+07 seconds      delt: 1.000E+05 seconds     
 timestep:      348  time: 2.277E+07 seconds      delt: 1.000E+05 seconds     
 timestep:      349  time: 2.287E+07 seconds      delt: 1.000E+05 seconds     
 timestep:      350  time: 2.297E+07 seconds      delt: 1.000E+05 seconds     
 timestep:      351  time: 2.307E+07 seconds      delt: 1.000E+05 seconds     
 timestep:      352  time: 2.317E+07 seconds      delt: 1.000E+05 seconds     
 timestep:      353  time: 2.327E+07 seconds      delt: 1.000E+05 seconds     
 timestep:      354  time: 2.337E+07 seconds      delt: 1.000E+05 seconds     
 timestep:      355  time: 2.347E+07 seconds      delt: 1.000E+05 seconds     
 timestep:      356  time: 2.357E+07 seconds      delt: 1.000E+05 seconds     
 timestep:      357  time: 2.367E+07 seconds      delt: 1.000E+05 seconds     
 timestep:      358  time: 2.377E+07 seconds      delt: 1.000E+05 seconds     
 timestep:      359  time: 2.387E+07 seconds      delt: 1.000E+05 seconds     
 timestep:      360  time: 2.397E+07 seconds      delt: 1.000E+05 seconds     
 timestep:      361  time: 2.407E+07 seconds      delt: 1.000E+05 seconds     
 timestep:      362  time: 2.417E+07 seconds      delt: 1.000E+05 seconds     
 timestep:      363  time: 2.427E+07 seconds      delt: 1.000E+05 seconds     
 timestep:      364  time: 2.437E+07 seconds      delt: 1.000E+05 seconds     
 timestep:      365  time: 2.447E+07 seconds      delt: 1.000E+05 seconds     
 timestep:      366  time: 2.457E+07 seconds      delt: 1.000E+05 seconds     
 timestep:      367  time: 2.467E+07 seconds      delt: 1.000E+05 seconds     
 timestep:      368  time: 2.477E+07 seconds      delt: 1.000E+05 seconds     
 timestep:      369  time: 2.487E+07 seconds      delt: 1.000E+05 seconds     
 timestep:      370  time: 2.497E+07 seconds      delt: 1.000E+05 seconds     
 timestep:      371  time: 2.507E+07 seconds      delt: 1.000E+05 seconds     
 timestep:      372  time: 2.517E+07 seconds      delt: 1.000E+05 seconds     
 timestep:      373  time: 2.527E+07 seconds      delt: 1.000E+05 seconds     
 timestep:      374  time: 2.537E+07 seconds      delt: 1.000E+05 seconds     
 timestep:      375  time: 2.547E+07 seconds      delt: 1.000E+05 seconds     
 timestep:      376  time: 2.557E+07 seconds      delt: 1.000E+05 seconds     
 timestep:      377  time: 2.567E+07 seconds      delt: 1.000E+05 seconds     
 timestep:      378  time: 2.577E+07 seconds      delt: 1.000E+05 seconds     
 timestep:      379  time: 2.587E+07 seconds      delt: 1.000E+05 seconds     
 timestep:      380  time: 2.597E+07 seconds      delt: 1.000E+05 seconds     
 timestep:      381  time: 2.607E+07 seconds      delt: 1.000E+05 seconds     
 timestep:      382  time: 2.617E+07 seconds      delt: 1.000E+05 seconds     
 timestep:      383  time: 2.627E+07 seconds      delt: 1.000E+05 seconds     
 timestep:      384  time: 2.637E+07 seconds      delt: 1.000E+05 seconds     
 timestep:      385  time: 2.647E+07 seconds      delt: 1.000E+05 seconds     
 timestep:      386  time: 2.657E+07 seconds      delt: 1.000E+05 seconds     
 timestep:      387  time: 2.667E+07 seconds      delt: 1.000E+05 seconds     
 timestep:      388  time: 2.677E+07 seconds      delt: 1.000E+05 seconds     
 timestep:      389  time: 2.687E+07 seconds      delt: 1.000E+05 seconds     
 timestep:      390  time: 2.697E+07 seconds      delt: 1.000E+05 seconds     
 timestep:      391  time: 2.707E+07 seconds      delt: 1.000E+05 seconds     
 timestep:      392  time: 2.717E+07 seconds      delt: 1.000E+05 seconds     
 timestep:      393  time: 2.727E+07 seconds      delt: 1.000E+05 seconds     
 timestep:      394  time: 2.737E+07 seconds      delt: 1.000E+05 seconds     
 timestep:      395  time: 2.747E+07 seconds      delt: 1.000E+05 seconds     
 timestep:      396  time: 2.757E+07 seconds      delt: 1.000E+05 seconds     
 timestep:      397  time: 2.767E+07 seconds      delt: 1.000E+05 seconds     
 timestep:      398  time: 2.777E+07 seconds      delt: 1.000E+05 seconds     
 timestep:      399  time: 2.787E+07 seconds      delt: 1.000E+05 seconds     
 timestep:      400  time: 2.797E+07 seconds      delt: 1.000E+05 seconds     
 timestep:      401  time: 2.807E+07 seconds      delt: 1.000E+05 seconds     
 timestep:      402  time: 2.817E+07 seconds      delt: 1.000E+05 seconds     
 timestep:      403  time: 2.827E+07 seconds      delt: 1.000E+05 seconds     
 timestep:      404  time: 2.837E+07 seconds      delt: 1.000E+05 seconds     
 timestep:      405  time: 2.847E+07 seconds      delt: 1.000E+05 seconds     
 timestep:      406  time: 2.857E+07 seconds      delt: 1.000E+05 seconds     
 timestep:      407  time: 2.867E+07 seconds      delt: 1.000E+05 seconds     
 timestep:      408  time: 2.877E+07 seconds      delt: 1.000E+05 seconds     
 timestep:      409  time: 2.887E+07 seconds      delt: 1.000E+05 seconds     
 timestep:      410  time: 2.897E+07 seconds      delt: 1.000E+05 seconds     
 timestep:      411  time: 2.907E+07 seconds      delt: 1.000E+05 seconds     
 timestep:      412  time: 2.917E+07 seconds      delt: 1.000E+05 seconds     
 timestep:      413  time: 2.927E+07 seconds      delt: 1.000E+05 seconds     
 timestep:      414  time: 2.937E+07 seconds      delt: 1.000E+05 seconds     
 timestep:      415  time: 2.947E+07 seconds      delt: 1.000E+05 seconds     
 timestep:      416  time: 2.957E+07 seconds      delt: 1.000E+05 seconds     
 timestep:      417  time: 2.967E+07 seconds      delt: 1.000E+05 seconds     
 timestep:      418  time: 2.977E+07 seconds      delt: 1.000E+05 seconds     
 timestep:      419  time: 2.987E+07 seconds      delt: 1.000E+05 seconds     
 timestep:      420  time: 2.997E+07 seconds      delt: 1.000E+05 seconds     
 timestep:      421  time: 3.007E+07 seconds      delt: 1.000E+05 seconds     
 timestep:      422  time: 3.017E+07 seconds      delt: 1.000E+05 seconds     
 timestep:      423  time: 3.027E+07 seconds      delt: 1.000E+05 seconds     
 timestep:      424  time: 3.037E+07 seconds      delt: 1.000E+05 seconds     
 timestep:      425  time: 3.047E+07 seconds      delt: 1.000E+05 seconds     
 timestep:      426  time: 3.057E+07 seconds      delt: 1.000E+05 seconds     
 timestep:      427  time: 3.067E+07 seconds      delt: 1.000E+05 seconds     
 timestep:      428  time: 3.077E+07 seconds      delt: 1.000E+05 seconds     
 timestep:      429  time: 3.087E+07 seconds      delt: 1.000E+05 seconds     
 timestep:      430  time: 3.097E+07 seconds      delt: 1.000E+05 seconds     
 timestep:      431  time: 3.107E+07 seconds      delt: 1.000E+05 seconds     
 timestep:      432  time: 3.117E+07 seconds      delt: 1.000E+05 seconds     
 timestep:      433  time: 3.127E+07 seconds      delt: 1.000E+05 seconds     
 timestep:      434  time: 3.137E+07 seconds      delt: 1.000E+05 seconds     
 timestep:      435  time: 3.147E+07 seconds      delt: 1.000E+05 seconds     
 timestep:      436  time: 3.157E+07 seconds      delt: 1.000E+05 seconds     
 timestep:      437  time: 3.167E+07 seconds      delt: 1.000E+05 seconds     
 timestep:      438  time: 3.177E+07 seconds      delt: 1.000E+05 seconds     
 timestep:      439  time: 3.187E+07 seconds      delt: 1.000E+05 seconds     
 timestep:      440  time: 3.197E+07 seconds      delt: 1.000E+05 seconds     
 timestep:      441  time: 3.207E+07 seconds      delt: 1.000E+05 seconds     
 timestep:      442  time: 3.217E+07 seconds      delt: 1.000E+05 seconds     
 timestep:      443  time: 3.227E+07 seconds      delt: 1.000E+05 seconds     
 timestep:      444  time: 3.237E+07 seconds      delt: 1.000E+05 seconds     
 timestep:      445  time: 3.247E+07 seconds      delt: 1.000E+05 seconds     
 timestep:      446  time: 3.257E+07 seconds      delt: 1.000E+05 seconds     
 timestep:      447  time: 3.267E+07 seconds      delt: 1.000E+05 seconds     
 timestep:      448  time: 3.277E+07 seconds      delt: 1.000E+05 seconds     
 timestep:      449  time: 3.287E+07 seconds      delt: 1.000E+05 seconds     
 timestep:      450  time: 3.297E+07 seconds      delt: 1.000E+05 seconds     
 timestep:      451  time: 3.307E+07 seconds      delt: 1.000E+05 seconds     
 timestep:      452  time: 3.317E+07 seconds      delt: 1.000E+05 seconds     
 timestep:      453  time: 3.327E+07 seconds      delt: 1.000E+05 seconds     
 timestep:      454  time: 3.337E+07 seconds      delt: 1.000E+05 seconds     
 timestep:      455  time: 3.347E+07 seconds      delt: 1.000E+05 seconds     
 timestep:      456  time: 3.357E+07 seconds      delt: 1.000E+05 seconds     
 timestep:      457  time: 3.367E+07 seconds      delt: 1.000E+05 seconds     
 timestep:      458  time: 3.377E+07 seconds      delt: 1.000E+05 seconds     
 timestep:      459  time: 3.387E+07 seconds      delt: 1.000E+05 seconds     
 timestep:      460  time: 3.397E+07 seconds      delt: 1.000E+05 seconds     
 timestep:      461  time: 3.407E+07 seconds      delt: 1.000E+05 seconds     
 timestep:      462  time: 3.417E+07 seconds      delt: 1.000E+05 seconds     
 timestep:      463  time: 3.427E+07 seconds      delt: 1.000E+05 seconds     
 timestep:      464  time: 3.437E+07 seconds      delt: 1.000E+05 seconds     
 timestep:      465  time: 3.447E+07 seconds      delt: 1.000E+05 seconds     
 timestep:      466  time: 3.457E+07 seconds      delt: 1.000E+05 seconds     
 timestep:      467  time: 3.467E+07 seconds      delt: 1.000E+05 seconds     
 timestep:      468  time: 3.477E+07 seconds      delt: 1.000E+05 seconds     
 timestep:      469  time: 3.487E+07 seconds      delt: 1.000E+05 seconds     
 timestep:      470  time: 3.497E+07 seconds      delt: 1.000E+05 seconds     
 timestep:      471  time: 3.507E+07 seconds      delt: 1.000E+05 seconds     
 timestep:      472  time: 3.517E+07 seconds      delt: 1.000E+05 seconds     
 timestep:      473  time: 3.527E+07 seconds      delt: 1.000E+05 seconds     
 timestep:      474  time: 3.537E+07 seconds      delt: 1.000E+05 seconds     
 timestep:      475  time: 3.547E+07 seconds      delt: 1.000E+05 seconds     
 timestep:      476  time: 3.557E+07 seconds      delt: 1.000E+05 seconds     
 timestep:      477  time: 3.567E+07 seconds      delt: 1.000E+05 seconds     
 timestep:      478  time: 3.577E+07 seconds      delt: 1.000E+05 seconds     
 timestep:      479  time: 3.587E+07 seconds      delt: 1.000E+05 seconds     
 timestep:      480  time: 3.597E+07 seconds      delt: 1.000E+05 seconds     
 timestep:      481  time: 3.607E+07 seconds      delt: 1.000E+05 seconds     
 timestep:      482  time: 3.617E+07 seconds      delt: 1.000E+05 seconds     
 timestep:      483  time: 3.627E+07 seconds      delt: 1.000E+05 seconds     
 timestep:      484  time: 3.637E+07 seconds      delt: 1.000E+05 seconds     
 timestep:      485  time: 3.647E+07 seconds      delt: 1.000E+05 seconds     
 timestep:      486  time: 3.657E+07 seconds      delt: 1.000E+05 seconds     
 timestep:      487  time: 3.667E+07 seconds      delt: 1.000E+05 seconds     
 timestep:      488  time: 3.677E+07 seconds      delt: 1.000E+05 seconds     
 timestep:      489  time: 3.687E+07 seconds      delt: 1.000E+05 seconds     
 timestep:      490  time: 3.697E+07 seconds      delt: 1.000E+05 seconds     
 timestep:      491  time: 3.707E+07 seconds      delt: 1.000E+05 seconds     
 timestep:      492  time: 3.717E+07 seconds      delt: 1.000E+05 seconds     
 timestep:      493  time: 3.727E+07 seconds      delt: 1.000E+05 seconds     
 timestep:      494  time: 3.737E+07 seconds      delt: 1.000E+05 seconds     
 timestep:      495  time: 3.747E+07 seconds      delt: 1.000E+05 seconds     
 timestep:      496  time: 3.757E+07 seconds      delt: 1.000E+05 seconds     
 timestep:      497  time: 3.767E+07 seconds      delt: 1.000E+05 seconds     
 timestep:      498  time: 3.777E+07 seconds      delt: 1.000E+05 seconds     
 timestep:      499  time: 3.787E+07 seconds      delt: 1.000E+05 seconds     
 timestep:      500  time: 3.797E+07 seconds      delt: 1.000E+05 seconds     
 timestep:      501  time: 3.807E+07 seconds      delt: 1.000E+05 seconds     
 timestep:      502  time: 3.817E+07 seconds      delt: 1.000E+05 seconds     
 timestep:      503  time: 3.827E+07 seconds      delt: 1.000E+05 seconds     
 timestep:      504  time: 3.837E+07 seconds      delt: 1.000E+05 seconds     
 timestep:      505  time: 3.847E+07 seconds      delt: 1.000E+05 seconds     
 timestep:      506  time: 3.857E+07 seconds      delt: 1.000E+05 seconds     
 timestep:      507  time: 3.867E+07 seconds      delt: 1.000E+05 seconds     
 timestep:      508  time: 3.877E+07 seconds      delt: 1.000E+05 seconds     
 timestep:      509  time: 3.887E+07 seconds      delt: 1.000E+05 seconds     
 timestep:      510  time: 3.897E+07 seconds      delt: 1.000E+05 seconds     
 timestep:      511  time: 3.907E+07 seconds      delt: 1.000E+05 seconds     
 timestep:      512  time: 3.917E+07 seconds      delt: 1.000E+05 seconds     
 timestep:      513  time: 3.927E+07 seconds      delt: 1.000E+05 seconds     
 timestep:      514  time: 3.937E+07 seconds      delt: 1.000E+05 seconds     
 timestep:      515  time: 3.947E+07 seconds      delt: 1.000E+05 seconds     
 timestep:      516  time: 3.957E+07 seconds      delt: 1.000E+05 seconds     
 timestep:      517  time: 3.967E+07 seconds      delt: 1.000E+05 seconds     
 timestep:      518  time: 3.977E+07 seconds      delt: 1.000E+05 seconds     
 timestep:      519  time: 3.987E+07 seconds      delt: 1.000E+05 seconds     
 timestep:      520  time: 3.997E+07 seconds      delt: 1.000E+05 seconds     
 timestep:      521  time: 4.007E+07 seconds      delt: 1.000E+05 seconds     
 timestep:      522  time: 4.017E+07 seconds      delt: 1.000E+05 seconds     
 timestep:      523  time: 4.027E+07 seconds      delt: 1.000E+05 seconds     
 timestep:      524  time: 4.037E+07 seconds      delt: 1.000E+05 seconds     
 timestep:      525  time: 4.047E+07 seconds      delt: 1.000E+05 seconds     
 timestep:      526  time: 4.057E+07 seconds      delt: 1.000E+05 seconds     
 timestep:      527  time: 4.067E+07 seconds      delt: 1.000E+05 seconds     
 timestep:      528  time: 4.077E+07 seconds      delt: 1.000E+05 seconds     
 timestep:      529  time: 4.087E+07 seconds      delt: 1.000E+05 seconds     
 timestep:      530  time: 4.097E+07 seconds      delt: 1.000E+05 seconds     
 timestep:      531  time: 4.107E+07 seconds      delt: 1.000E+05 seconds     
 timestep:      532  time: 4.117E+07 seconds      delt: 1.000E+05 seconds     
 timestep:      533  time: 4.127E+07 seconds      delt: 1.000E+05 seconds     
 timestep:      534  time: 4.137E+07 seconds      delt: 1.000E+05 seconds     
 timestep:      535  time: 4.147E+07 seconds      delt: 1.000E+05 seconds     
 timestep:      536  time: 4.157E+07 seconds      delt: 1.000E+05 seconds     
 timestep:      537  time: 4.167E+07 seconds      delt: 1.000E+05 seconds     
 timestep:      538  time: 4.177E+07 seconds      delt: 1.000E+05 seconds     
 timestep:      539  time: 4.187E+07 seconds      delt: 1.000E+05 seconds     
 timestep:      540  time: 4.197E+07 seconds      delt: 1.000E+05 seconds     
 timestep:      541  time: 4.207E+07 seconds      delt: 1.000E+05 seconds     
 timestep:      542  time: 4.217E+07 seconds      delt: 1.000E+05 seconds     
 timestep:      543  time: 4.227E+07 seconds      delt: 1.000E+05 seconds     
 timestep:      544  time: 4.237E+07 seconds      delt: 1.000E+05 seconds     
 timestep:      545  time: 4.247E+07 seconds      delt: 1.000E+05 seconds     
 timestep:      546  time: 4.257E+07 seconds      delt: 1.000E+05 seconds     
 timestep:      547  time: 4.267E+07 seconds      delt: 1.000E+05 seconds     
 timestep:      548  time: 4.277E+07 seconds      delt: 1.000E+05 seconds     
 timestep:      549  time: 4.287E+07 seconds      delt: 1.000E+05 seconds     
 timestep:      550  time: 4.297E+07 seconds      delt: 1.000E+05 seconds     
 timestep:      551  time: 4.307E+07 seconds      delt: 1.000E+05 seconds     
 timestep:      552  time: 4.317E+07 seconds      delt: 1.000E+05 seconds     
 timestep:      553  time: 4.327E+07 seconds      delt: 1.000E+05 seconds     
 timestep:      554  time: 4.337E+07 seconds      delt: 1.000E+05 seconds     
 timestep:      555  time: 4.347E+07 seconds      delt: 1.000E+05 seconds     
 timestep:      556  time: 4.357E+07 seconds      delt: 1.000E+05 seconds     
 timestep:      557  time: 4.367E+07 seconds      delt: 1.000E+05 seconds     
 timestep:      558  time: 4.377E+07 seconds      delt: 1.000E+05 seconds     
 timestep:      559  time: 4.387E+07 seconds      delt: 1.000E+05 seconds     
 timestep:      560  time: 4.397E+07 seconds      delt: 1.000E+05 seconds     
 timestep:      561  time: 4.407E+07 seconds      delt: 1.000E+05 seconds     
 timestep:      562  time: 4.417E+07 seconds      delt: 1.000E+05 seconds     
 timestep:      563  time: 4.427E+07 seconds      delt: 1.000E+05 seconds     
 timestep:      564  time: 4.437E+07 seconds      delt: 1.000E+05 seconds     
 timestep:      565  time: 4.447E+07 seconds      delt: 1.000E+05 seconds     
 timestep:      566  time: 4.457E+07 seconds      delt: 1.000E+05 seconds     
 timestep:      567  time: 4.467E+07 seconds      delt: 1.000E+05 seconds     
 timestep:      568  time: 4.477E+07 seconds      delt: 1.000E+05 seconds     
 timestep:      569  time: 4.487E+07 seconds      delt: 1.000E+05 seconds     
 timestep:      570  time: 4.497E+07 seconds      delt: 1.000E+05 seconds     
 timestep:      571  time: 4.507E+07 seconds      delt: 1.000E+05 seconds     
 timestep:      572  time: 4.517E+07 seconds      delt: 1.000E+05 seconds     
 timestep:      573  time: 4.527E+07 seconds      delt: 1.000E+05 seconds     
 timestep:      574  time: 4.537E+07 seconds      delt: 1.000E+05 seconds     
 timestep:      575  time: 4.547E+07 seconds      delt: 1.000E+05 seconds     
 timestep:      576  time: 4.557E+07 seconds      delt: 1.000E+05 seconds     
 timestep:      577  time: 4.567E+07 seconds      delt: 1.000E+05 seconds     
 timestep:      578  time: 4.577E+07 seconds      delt: 1.000E+05 seconds     
 timestep:      579  time: 4.587E+07 seconds      delt: 1.000E+05 seconds     
 timestep:      580  time: 4.597E+07 seconds      delt: 1.000E+05 seconds     
 timestep:      581  time: 4.607E+07 seconds      delt: 1.000E+05 seconds     
 timestep:      582  time: 4.617E+07 seconds      delt: 1.000E+05 seconds     
 timestep:      583  time: 4.627E+07 seconds      delt: 1.000E+05 seconds     
 timestep:      584  time: 4.637E+07 seconds      delt: 1.000E+05 seconds     
 timestep:      585  time: 4.647E+07 seconds      delt: 1.000E+05 seconds     
 timestep:      586  time: 4.657E+07 seconds      delt: 1.000E+05 seconds     
 timestep:      587  time: 4.667E+07 seconds      delt: 1.000E+05 seconds     
 timestep:      588  time: 4.677E+07 seconds      delt: 1.000E+05 seconds     
 timestep:      589  time: 4.687E+07 seconds      delt: 1.000E+05 seconds     
 timestep:      590  time: 4.697E+07 seconds      delt: 1.000E+05 seconds     
 timestep:      591  time: 4.707E+07 seconds      delt: 1.000E+05 seconds     
 timestep:      592  time: 4.717E+07 seconds      delt: 1.000E+05 seconds     
 timestep:      593  time: 4.727E+07 seconds      delt: 1.000E+05 seconds     
 timestep:      594  time: 4.737E+07 seconds      delt: 1.000E+05 seconds     
 timestep:      595  time: 4.747E+07 seconds      delt: 1.000E+05 seconds     
 timestep:      596  time: 4.757E+07 seconds      delt: 1.000E+05 seconds     
 timestep:      597  time: 4.767E+07 seconds      delt: 1.000E+05 seconds     
 timestep:      598  time: 4.777E+07 seconds      delt: 1.000E+05 seconds     
 timestep:      599  time: 4.787E+07 seconds      delt: 1.000E+05 seconds     
 timestep:      600  time: 4.797E+07 seconds      delt: 1.000E+05 seconds     
 timestep:      601  time: 4.807E+07 seconds      delt: 1.000E+05 seconds     
 timestep:      602  time: 4.817E+07 seconds      delt: 1.000E+05 seconds     
 timestep:      603  time: 4.827E+07 seconds      delt: 1.000E+05 seconds     
 timestep:      604  time: 4.837E+07 seconds      delt: 1.000E+05 seconds     
 timestep:      605  time: 4.847E+07 seconds      delt: 1.000E+05 seconds     
 timestep:      606  time: 4.857E+07 seconds      delt: 1.000E+05 seconds     
 timestep:      607  time: 4.867E+07 seconds      delt: 1.000E+05 seconds     
 timestep:      608  time: 4.877E+07 seconds      delt: 1.000E+05 seconds     
 timestep:      609  time: 4.887E+07 seconds      delt: 1.000E+05 seconds     
 timestep:      610  time: 4.897E+07 seconds      delt: 1.000E+05 seconds     
 timestep:      611  time: 4.907E+07 seconds      delt: 1.000E+05 seconds     
 timestep:      612  time: 4.917E+07 seconds      delt: 1.000E+05 seconds     
 timestep:      613  time: 4.927E+07 seconds      delt: 1.000E+05 seconds     
 timestep:      614  time: 4.937E+07 seconds      delt: 1.000E+05 seconds     
 timestep:      615  time: 4.947E+07 seconds      delt: 1.000E+05 seconds     
 timestep:      616  time: 4.957E+07 seconds      delt: 1.000E+05 seconds     
 timestep:      617  time: 4.967E+07 seconds      delt: 1.000E+05 seconds     
 timestep:      618  time: 4.977E+07 seconds      delt: 1.000E+05 seconds     
 timestep:      619  time: 4.987E+07 seconds      delt: 1.000E+05 seconds     
 timestep:      620  time: 4.997E+07 seconds      delt: 1.000E+05 seconds     
 timestep:      621  time: 5.007E+07 seconds      delt: 1.000E+05 seconds     
 timestep:      622  time: 5.017E+07 seconds      delt: 1.000E+05 seconds     
 timestep:      623  time: 5.027E+07 seconds      delt: 1.000E+05 seconds     
 timestep:      624  time: 5.037E+07 seconds      delt: 1.000E+05 seconds     
 timestep:      625  time: 5.047E+07 seconds      delt: 1.000E+05 seconds     
 timestep:      626  time: 5.057E+07 seconds      delt: 1.000E+05 seconds     
 timestep:      627  time: 5.067E+07 seconds      delt: 1.000E+05 seconds     
 timestep:      628  time: 5.077E+07 seconds      delt: 1.000E+05 seconds     
 timestep:      629  time: 5.087E+07 seconds      delt: 1.000E+05 seconds     
 timestep:      630  time: 5.097E+07 seconds      delt: 1.000E+05 seconds     
 timestep:      631  time: 5.107E+07 seconds      delt: 1.000E+05 seconds     
 timestep:      632  time: 5.117E+07 seconds      delt: 1.000E+05 seconds     
 timestep:      633  time: 5.127E+07 seconds      delt: 1.000E+05 seconds     
 timestep:      634  time: 5.137E+07 seconds      delt: 1.000E+05 seconds     
 timestep:      635  time: 5.147E+07 seconds      delt: 1.000E+05 seconds     
 timestep:      636  time: 5.157E+07 seconds      delt: 1.000E+05 seconds     
 timestep:      637  time: 5.167E+07 seconds      delt: 1.000E+05 seconds     
 timestep:      638  time: 5.177E+07 seconds      delt: 1.000E+05 seconds     
 timestep:      639  time: 5.187E+07 seconds      delt: 1.000E+05 seconds     
 timestep:      640  time: 5.197E+07 seconds      delt: 1.000E+05 seconds     
 timestep:      641  time: 5.207E+07 seconds      delt: 1.000E+05 seconds     
 timestep:      642  time: 5.217E+07 seconds      delt: 1.000E+05 seconds     
 timestep:      643  time: 5.227E+07 seconds      delt: 1.000E+05 seconds     
 timestep:      644  time: 5.237E+07 seconds      delt: 1.000E+05 seconds     
 timestep:      645  time: 5.247E+07 seconds      delt: 1.000E+05 seconds     
 timestep:      646  time: 5.257E+07 seconds      delt: 1.000E+05 seconds     
 timestep:      647  time: 5.267E+07 seconds      delt: 1.000E+05 seconds     
 timestep:      648  time: 5.277E+07 seconds      delt: 1.000E+05 seconds     
 timestep:      649  time: 5.287E+07 seconds      delt: 1.000E+05 seconds     
 timestep:      650  time: 5.297E+07 seconds      delt: 1.000E+05 seconds     
 timestep:      651  time: 5.307E+07 seconds      delt: 1.000E+05 seconds     
 timestep:      652  time: 5.317E+07 seconds      delt: 1.000E+05 seconds     
 timestep:      653  time: 5.327E+07 seconds      delt: 1.000E+05 seconds     
 timestep:      654  time: 5.337E+07 seconds      delt: 1.000E+05 seconds     
 timestep:      655  time: 5.347E+07 seconds      delt: 1.000E+05 seconds     
 timestep:      656  time: 5.357E+07 seconds      delt: 1.000E+05 seconds     
 timestep:      657  time: 5.367E+07 seconds      delt: 1.000E+05 seconds     
 timestep:      658  time: 5.377E+07 seconds      delt: 1.000E+05 seconds     
 timestep:      659  time: 5.387E+07 seconds      delt: 1.000E+05 seconds     
 timestep:      660  time: 5.397E+07 seconds      delt: 1.000E+05 seconds     
 timestep:      661  time: 5.407E+07 seconds      delt: 1.000E+05 seconds     
 timestep:      662  time: 5.417E+07 seconds      delt: 1.000E+05 seconds     
 timestep:      663  time: 5.427E+07 seconds      delt: 1.000E+05 seconds     
 timestep:      664  time: 5.437E+07 seconds      delt: 1.000E+05 seconds     
 timestep:      665  time: 5.447E+07 seconds      delt: 1.000E+05 seconds     
 timestep:      666  time: 5.457E+07 seconds      delt: 1.000E+05 seconds     
 timestep:      667  time: 5.467E+07 seconds      delt: 1.000E+05 seconds     
 timestep:      668  time: 5.477E+07 seconds      delt: 1.000E+05 seconds     
 timestep:      669  time: 5.487E+07 seconds      delt: 1.000E+05 seconds     
 timestep:      670  time: 5.497E+07 seconds      delt: 1.000E+05 seconds     
 timestep:      671  time: 5.507E+07 seconds      delt: 1.000E+05 seconds     
 timestep:      672  time: 5.517E+07 seconds      delt: 1.000E+05 seconds     
 timestep:      673  time: 5.527E+07 seconds      delt: 1.000E+05 seconds     
 timestep:      674  time: 5.537E+07 seconds      delt: 1.000E+05 seconds     
 timestep:      675  time: 5.547E+07 seconds      delt: 1.000E+05 seconds     
 timestep:      676  time: 5.557E+07 seconds      delt: 1.000E+05 seconds     
 timestep:      677  time: 5.567E+07 seconds      delt: 1.000E+05 seconds     
 timestep:      678  time: 5.577E+07 seconds      delt: 1.000E+05 seconds     
 timestep:      679  time: 5.587E+07 seconds      delt: 1.000E+05 seconds     
 timestep:      680  time: 5.597E+07 seconds      delt: 1.000E+05 seconds     
 timestep:      681  time: 5.607E+07 seconds      delt: 1.000E+05 seconds     
 timestep:      682  time: 5.617E+07 seconds      delt: 1.000E+05 seconds     
 timestep:      683  time: 5.627E+07 seconds      delt: 1.000E+05 seconds     
 timestep:      684  time: 5.637E+07 seconds      delt: 1.000E+05 seconds     
 timestep:      685  time: 5.647E+07 seconds      delt: 1.000E+05 seconds     
 timestep:      686  time: 5.657E+07 seconds      delt: 1.000E+05 seconds     
 timestep:      687  time: 5.667E+07 seconds      delt: 1.000E+05 seconds     
 timestep:      688  time: 5.677E+07 seconds      delt: 1.000E+05 seconds     
 timestep:      689  time: 5.687E+07 seconds      delt: 1.000E+05 seconds     
 timestep:      690  time: 5.697E+07 seconds      delt: 1.000E+05 seconds     
 timestep:      691  time: 5.707E+07 seconds      delt: 1.000E+05 seconds     
 timestep:      692  time: 5.717E+07 seconds      delt: 1.000E+05 seconds     
 timestep:      693  time: 5.727E+07 seconds      delt: 1.000E+05 seconds     
 timestep:      694  time: 5.737E+07 seconds      delt: 1.000E+05 seconds     
 timestep:      695  time: 5.747E+07 seconds      delt: 1.000E+05 seconds     
 timestep:      696  time: 5.757E+07 seconds      delt: 1.000E+05 seconds     
 timestep:      697  time: 5.767E+07 seconds      delt: 1.000E+05 seconds     
 timestep:      698  time: 5.777E+07 seconds      delt: 1.000E+05 seconds     
 timestep:      699  time: 5.787E+07 seconds      delt: 1.000E+05 seconds     
 timestep:      700  time: 5.797E+07 seconds      delt: 1.000E+05 seconds     
 timestep:      701  time: 5.807E+07 seconds      delt: 1.000E+05 seconds     
 timestep:      702  time: 5.817E+07 seconds      delt: 1.000E+05 seconds     
 timestep:      703  time: 5.827E+07 seconds      delt: 1.000E+05 seconds     
 timestep:      704  time: 5.837E+07 seconds      delt: 1.000E+05 seconds     
 timestep:      705  time: 5.847E+07 seconds      delt: 1.000E+05 seconds     
 timestep:      706  time: 5.857E+07 seconds      delt: 1.000E+05 seconds     
 timestep:      707  time: 5.867E+07 seconds      delt: 1.000E+05 seconds     
 timestep:      708  time: 5.877E+07 seconds      delt: 1.000E+05 seconds     
 timestep:      709  time: 5.887E+07 seconds      delt: 1.000E+05 seconds     
 timestep:      710  time: 5.897E+07 seconds      delt: 1.000E+05 seconds     
 timestep:      711  time: 5.907E+07 seconds      delt: 1.000E+05 seconds     
 timestep:      712  time: 5.917E+07 seconds      delt: 1.000E+05 seconds     
 timestep:      713  time: 5.927E+07 seconds      delt: 1.000E+05 seconds     
 timestep:      714  time: 5.937E+07 seconds      delt: 1.000E+05 seconds     
 timestep:      715  time: 5.947E+07 seconds      delt: 1.000E+05 seconds     
 timestep:      716  time: 5.957E+07 seconds      delt: 1.000E+05 seconds     
 timestep:      717  time: 5.967E+07 seconds      delt: 1.000E+05 seconds     
 timestep:      718  time: 5.977E+07 seconds      delt: 1.000E+05 seconds     
 timestep:      719  time: 5.987E+07 seconds      delt: 1.000E+05 seconds     
 timestep:      720  time: 5.997E+07 seconds      delt: 1.000E+05 seconds     
 timestep:      721  time: 6.007E+07 seconds      delt: 1.000E+05 seconds     
 timestep:      722  time: 6.017E+07 seconds      delt: 1.000E+05 seconds     
 timestep:      723  time: 6.027E+07 seconds      delt: 1.000E+05 seconds     
 timestep:      724  time: 6.037E+07 seconds      delt: 1.000E+05 seconds     
 timestep:      725  time: 6.047E+07 seconds      delt: 1.000E+05 seconds     
 timestep:      726  time: 6.057E+07 seconds      delt: 1.000E+05 seconds     
 timestep:      727  time: 6.067E+07 seconds      delt: 1.000E+05 seconds     
 timestep:      728  time: 6.077E+07 seconds      delt: 1.000E+05 seconds     
 timestep:      729  time: 6.087E+07 seconds      delt: 1.000E+05 seconds     
 timestep:      730  time: 6.097E+07 seconds      delt: 1.000E+05 seconds     
 timestep:      731  time: 6.107E+07 seconds      delt: 1.000E+05 seconds     
 timestep:      732  time: 6.117E+07 seconds      delt: 1.000E+05 seconds     
 timestep:      733  time: 6.127E+07 seconds      delt: 1.000E+05 seconds     
 timestep:      734  time: 6.137E+07 seconds      delt: 1.000E+05 seconds     
 timestep:      735  time: 6.147E+07 seconds      delt: 1.000E+05 seconds     
 timestep:      736  time: 6.157E+07 seconds      delt: 1.000E+05 seconds     
 timestep:      737  time: 6.167E+07 seconds      delt: 1.000E+05 seconds     
 timestep:      738  time: 6.177E+07 seconds      delt: 1.000E+05 seconds     
 timestep:      739  time: 6.187E+07 seconds      delt: 1.000E+05 seconds     
 timestep:      740  time: 6.197E+07 seconds      delt: 1.000E+05 seconds     
 timestep:      741  time: 6.207E+07 seconds      delt: 1.000E+05 seconds     
 timestep:      742  time: 6.217E+07 seconds      delt: 1.000E+05 seconds     
 timestep:      743  time: 6.227E+07 seconds      delt: 1.000E+05 seconds     
 timestep:      744  time: 6.237E+07 seconds      delt: 1.000E+05 seconds     
 timestep:      745  time: 6.247E+07 seconds      delt: 1.000E+05 seconds     
 timestep:      746  time: 6.257E+07 seconds      delt: 1.000E+05 seconds     
 timestep:      747  time: 6.267E+07 seconds      delt: 1.000E+05 seconds     
 timestep:      748  time: 6.277E+07 seconds      delt: 1.000E+05 seconds     
 timestep:      749  time: 6.287E+07 seconds      delt: 1.000E+05 seconds     
 timestep:      750  time: 6.297E+07 seconds      delt: 1.000E+05 seconds     
 timestep:      751  time: 6.307E+07 seconds      delt: 1.000E+05 seconds     
 timestep:      752  time: 6.317E+07 seconds      delt: 1.000E+05 seconds     
 timestep:      753  time: 6.327E+07 seconds      delt: 1.000E+05 seconds     
 timestep:      754  time: 6.337E+07 seconds      delt: 1.000E+05 seconds     
 timestep:      755  time: 6.347E+07 seconds      delt: 1.000E+05 seconds     
 timestep:      756  time: 6.357E+07 seconds      delt: 1.000E+05 seconds     
 timestep:      757  time: 6.367E+07 seconds      delt: 1.000E+05 seconds     
 timestep:      758  time: 6.377E+07 seconds      delt: 1.000E+05 seconds     
 timestep:      759  time: 6.387E+07 seconds      delt: 1.000E+05 seconds     
 timestep:      760  time: 6.397E+07 seconds      delt: 1.000E+05 seconds     
 timestep:      761  time: 6.407E+07 seconds      delt: 1.000E+05 seconds     
 timestep:      762  time: 6.417E+07 seconds      delt: 1.000E+05 seconds     
 timestep:      763  time: 6.427E+07 seconds      delt: 1.000E+05 seconds     
 timestep:      764  time: 6.437E+07 seconds      delt: 1.000E+05 seconds     
 timestep:      765  time: 6.447E+07 seconds      delt: 1.000E+05 seconds     
 timestep:      766  time: 6.457E+07 seconds      delt: 1.000E+05 seconds     
 timestep:      767  time: 6.467E+07 seconds      delt: 1.000E+05 seconds     
 timestep:      768  time: 6.477E+07 seconds      delt: 1.000E+05 seconds     
 timestep:      769  time: 6.487E+07 seconds      delt: 1.000E+05 seconds     
 timestep:      770  time: 6.497E+07 seconds      delt: 1.000E+05 seconds     
 timestep:      771  time: 6.507E+07 seconds      delt: 1.000E+05 seconds     
 timestep:      772  time: 6.517E+07 seconds      delt: 1.000E+05 seconds     
 timestep:      773  time: 6.527E+07 seconds      delt: 1.000E+05 seconds     
 timestep:      774  time: 6.537E+07 seconds      delt: 1.000E+05 seconds     
 timestep:      775  time: 6.547E+07 seconds      delt: 1.000E+05 seconds     
 timestep:      776  time: 6.557E+07 seconds      delt: 1.000E+05 seconds     
 timestep:      777  time: 6.567E+07 seconds      delt: 1.000E+05 seconds     
 timestep:      778  time: 6.577E+07 seconds      delt: 1.000E+05 seconds     
 timestep:      779  time: 6.587E+07 seconds      delt: 1.000E+05 seconds     
 timestep:      780  time: 6.597E+07 seconds      delt: 1.000E+05 seconds     
 timestep:      781  time: 6.607E+07 seconds      delt: 1.000E+05 seconds     
 timestep:      782  time: 6.617E+07 seconds      delt: 1.000E+05 seconds     
 timestep:      783  time: 6.627E+07 seconds      delt: 1.000E+05 seconds     
 timestep:      784  time: 6.637E+07 seconds      delt: 1.000E+05 seconds     
 timestep:      785  time: 6.647E+07 seconds      delt: 1.000E+05 seconds     
 timestep:      786  time: 6.657E+07 seconds      delt: 1.000E+05 seconds     
 timestep:      787  time: 6.667E+07 seconds      delt: 1.000E+05 seconds     
 timestep:      788  time: 6.677E+07 seconds      delt: 1.000E+05 seconds     
 timestep:      789  time: 6.687E+07 seconds      delt: 1.000E+05 seconds     
 timestep:      790  time: 6.697E+07 seconds      delt: 1.000E+05 seconds     
 timestep:      791  time: 6.707E+07 seconds      delt: 1.000E+05 seconds     
 timestep:      792  time: 6.717E+07 seconds      delt: 1.000E+05 seconds     
 timestep:      793  time: 6.727E+07 seconds      delt: 1.000E+05 seconds     
 timestep:      794  time: 6.737E+07 seconds      delt: 1.000E+05 seconds     
 timestep:      795  time: 6.747E+07 seconds      delt: 1.000E+05 seconds     
 timestep:      796  time: 6.757E+07 seconds      delt: 1.000E+05 seconds     
 timestep:      797  time: 6.767E+07 seconds      delt: 1.000E+05 seconds     
 timestep:      798  time: 6.777E+07 seconds      delt: 1.000E+05 seconds     
 timestep:      799  time: 6.787E+07 seconds      delt: 1.000E+05 seconds     
 timestep:      800  time: 6.797E+07 seconds      delt: 1.000E+05 seconds     
 timestep:      801  time: 6.807E+07 seconds      delt: 1.000E+05 seconds     
 timestep:      802  time: 6.817E+07 seconds      delt: 1.000E+05 seconds     
 timestep:      803  time: 6.827E+07 seconds      delt: 1.000E+05 seconds     
 timestep:      804  time: 6.837E+07 seconds      delt: 1.000E+05 seconds     
 timestep:      805  time: 6.847E+07 seconds      delt: 1.000E+05 seconds     
 timestep:      806  time: 6.857E+07 seconds      delt: 1.000E+05 seconds     
 timestep:      807  time: 6.867E+07 seconds      delt: 1.000E+05 seconds     
 timestep:      808  time: 6.877E+07 seconds      delt: 1.000E+05 seconds     
 timestep:      809  time: 6.887E+07 seconds      delt: 1.000E+05 seconds     
 timestep:      810  time: 6.897E+07 seconds      delt: 1.000E+05 seconds     
 timestep:      811  time: 6.907E+07 seconds      delt: 1.000E+05 seconds     
 timestep:      812  time: 6.917E+07 seconds      delt: 1.000E+05 seconds     
 timestep:      813  time: 6.927E+07 seconds      delt: 1.000E+05 seconds     
 timestep:      814  time: 6.937E+07 seconds      delt: 1.000E+05 seconds     
 timestep:      815  time: 6.947E+07 seconds      delt: 1.000E+05 seconds     
 timestep:      816  time: 6.957E+07 seconds      delt: 1.000E+05 seconds     
 timestep:      817  time: 6.967E+07 seconds      delt: 1.000E+05 seconds     
 timestep:      818  time: 6.977E+07 seconds      delt: 1.000E+05 seconds     
 timestep:      819  time: 6.987E+07 seconds      delt: 1.000E+05 seconds     
 timestep:      820  time: 6.997E+07 seconds      delt: 1.000E+05 seconds     
 timestep:      821  time: 7.007E+07 seconds      delt: 1.000E+05 seconds     
 timestep:      822  time: 7.017E+07 seconds      delt: 1.000E+05 seconds     
 timestep:      823  time: 7.027E+07 seconds      delt: 1.000E+05 seconds     
 timestep:      824  time: 7.037E+07 seconds      delt: 1.000E+05 seconds     
 timestep:      825  time: 7.047E+07 seconds      delt: 1.000E+05 seconds     
 timestep:      826  time: 7.057E+07 seconds      delt: 1.000E+05 seconds     
 timestep:      827  time: 7.067E+07 seconds      delt: 1.000E+05 seconds     
 timestep:      828  time: 7.077E+07 seconds      delt: 1.000E+05 seconds     
 timestep:      829  time: 7.087E+07 seconds      delt: 1.000E+05 seconds     
 timestep:      830  time: 7.097E+07 seconds      delt: 1.000E+05 seconds     
 timestep:      831  time: 7.107E+07 seconds      delt: 1.000E+05 seconds     
 timestep:      832  time: 7.117E+07 seconds      delt: 1.000E+05 seconds     
 timestep:      833  time: 7.127E+07 seconds      delt: 1.000E+05 seconds     
 timestep:      834  time: 7.137E+07 seconds      delt: 1.000E+05 seconds     
 timestep:      835  time: 7.147E+07 seconds      delt: 1.000E+05 seconds     
 timestep:      836  time: 7.157E+07 seconds      delt: 1.000E+05 seconds     
 timestep:      837  time: 7.167E+07 seconds      delt: 1.000E+05 seconds     
 timestep:      838  time: 7.177E+07 seconds      delt: 1.000E+05 seconds     
 timestep:      839  time: 7.187E+07 seconds      delt: 1.000E+05 seconds     
 timestep:      840  time: 7.197E+07 seconds      delt: 1.000E+05 seconds     
 timestep:      841  time: 7.207E+07 seconds      delt: 1.000E+05 seconds     
 timestep:      842  time: 7.217E+07 seconds      delt: 1.000E+05 seconds     
 timestep:      843  time: 7.227E+07 seconds      delt: 1.000E+05 seconds     
 timestep:      844  time: 7.237E+07 seconds      delt: 1.000E+05 seconds     
 timestep:      845  time: 7.247E+07 seconds      delt: 1.000E+05 seconds     
 timestep:      846  time: 7.257E+07 seconds      delt: 1.000E+05 seconds     
 timestep:      847  time: 7.267E+07 seconds      delt: 1.000E+05 seconds     
 timestep:      848  time: 7.277E+07 seconds      delt: 1.000E+05 seconds     
 timestep:      849  time: 7.287E+07 seconds      delt: 1.000E+05 seconds     
 timestep:      850  time: 7.297E+07 seconds      delt: 1.000E+05 seconds     
 timestep:      851  time: 7.307E+07 seconds      delt: 1.000E+05 seconds     
 timestep:      852  time: 7.317E+07 seconds      delt: 1.000E+05 seconds     
 timestep:      853  time: 7.327E+07 seconds      delt: 1.000E+05 seconds     
 timestep:      854  time: 7.337E+07 seconds      delt: 1.000E+05 seconds     
 timestep:      855  time: 7.347E+07 seconds      delt: 1.000E+05 seconds     
 timestep:      856  time: 7.357E+07 seconds      delt: 1.000E+05 seconds     
 timestep:      857  time: 7.367E+07 seconds      delt: 1.000E+05 seconds     
 timestep:      858  time: 7.377E+07 seconds      delt: 1.000E+05 seconds     
 timestep:      859  time: 7.387E+07 seconds      delt: 1.000E+05 seconds     
 timestep:      860  time: 7.397E+07 seconds      delt: 1.000E+05 seconds     
 timestep:      861  time: 7.407E+07 seconds      delt: 1.000E+05 seconds     
 timestep:      862  time: 7.417E+07 seconds      delt: 1.000E+05 seconds     
 timestep:      863  time: 7.427E+07 seconds      delt: 1.000E+05 seconds     
 timestep:      864  time: 7.437E+07 seconds      delt: 1.000E+05 seconds     
 timestep:      865  time: 7.447E+07 seconds      delt: 1.000E+05 seconds     
 timestep:      866  time: 7.457E+07 seconds      delt: 1.000E+05 seconds     
 timestep:      867  time: 7.467E+07 seconds      delt: 1.000E+05 seconds     
 timestep:      868  time: 7.477E+07 seconds      delt: 1.000E+05 seconds     
 timestep:      869  time: 7.487E+07 seconds      delt: 1.000E+05 seconds     
 timestep:      870  time: 7.497E+07 seconds      delt: 1.000E+05 seconds     
 timestep:      871  time: 7.507E+07 seconds      delt: 1.000E+05 seconds     
 timestep:      872  time: 7.517E+07 seconds      delt: 1.000E+05 seconds     
 timestep:      873  time: 7.527E+07 seconds      delt: 1.000E+05 seconds     
 timestep:      874  time: 7.537E+07 seconds      delt: 1.000E+05 seconds     
 timestep:      875  time: 7.547E+07 seconds      delt: 1.000E+05 seconds     
 timestep:      876  time: 7.557E+07 seconds      delt: 1.000E+05 seconds     
 timestep:      877  time: 7.567E+07 seconds      delt: 1.000E+05 seconds     
 timestep:      878  time: 7.577E+07 seconds      delt: 1.000E+05 seconds     
 timestep:      879  time: 7.587E+07 seconds      delt: 1.000E+05 seconds     
 timestep:      880  time: 7.597E+07 seconds      delt: 1.000E+05 seconds     
 timestep:      881  time: 7.607E+07 seconds      delt: 1.000E+05 seconds     
 timestep:      882  time: 7.617E+07 seconds      delt: 1.000E+05 seconds     
 timestep:      883  time: 7.627E+07 seconds      delt: 1.000E+05 seconds     
 timestep:      884  time: 7.637E+07 seconds      delt: 1.000E+05 seconds     
 timestep:      885  time: 7.647E+07 seconds      delt: 1.000E+05 seconds     
 timestep:      886  time: 7.657E+07 seconds      delt: 1.000E+05 seconds     
 timestep:      887  time: 7.667E+07 seconds      delt: 1.000E+05 seconds     
 timestep:      888  time: 7.677E+07 seconds      delt: 1.000E+05 seconds     
 timestep:      889  time: 7.687E+07 seconds      delt: 1.000E+05 seconds     
 timestep:      890  time: 7.697E+07 seconds      delt: 1.000E+05 seconds     
 timestep:      891  time: 7.707E+07 seconds      delt: 1.000E+05 seconds     
 timestep:      892  time: 7.717E+07 seconds      delt: 1.000E+05 seconds     
 timestep:      893  time: 7.727E+07 seconds      delt: 1.000E+05 seconds     
 timestep:      894  time: 7.737E+07 seconds      delt: 1.000E+05 seconds     
 timestep:      895  time: 7.747E+07 seconds      delt: 1.000E+05 seconds     
 timestep:      896  time: 7.757E+07 seconds      delt: 1.000E+05 seconds     
 timestep:      897  time: 7.767E+07 seconds      delt: 1.000E+05 seconds     
 timestep:      898  time: 7.777E+07 seconds      delt: 1.000E+05 seconds     
 timestep:      899  time: 7.787E+07 seconds      delt: 1.000E+05 seconds     
 timestep:      900  time: 7.797E+07 seconds      delt: 1.000E+05 seconds     
 timestep:      901  time: 7.807E+07 seconds      delt: 1.000E+05 seconds     
 timestep:      902  time: 7.817E+07 seconds      delt: 1.000E+05 seconds     
 timestep:      903  time: 7.827E+07 seconds      delt: 1.000E+05 seconds     
 timestep:      904  time: 7.837E+07 seconds      delt: 1.000E+05 seconds     
 timestep:      905  time: 7.847E+07 seconds      delt: 1.000E+05 seconds     
 timestep:      906  time: 7.857E+07 seconds      delt: 1.000E+05 seconds     
 timestep:      907  time: 7.867E+07 seconds      delt: 1.000E+05 seconds     
 timestep:      908  time: 7.877E+07 seconds      delt: 1.000E+05 seconds     
 timestep:      909  time: 7.887E+07 seconds      delt: 1.000E+05 seconds     
 timestep:      910  time: 7.897E+07 seconds      delt: 1.000E+05 seconds     
 timestep:      911  time: 7.907E+07 seconds      delt: 1.000E+05 seconds     
 timestep:      912  time: 7.917E+07 seconds      delt: 1.000E+05 seconds     
 timestep:      913  time: 7.927E+07 seconds      delt: 1.000E+05 seconds     
 timestep:      914  time: 7.937E+07 seconds      delt: 1.000E+05 seconds     
 timestep:      915  time: 7.947E+07 seconds      delt: 1.000E+05 seconds     
 timestep:      916  time: 7.957E+07 seconds      delt: 1.000E+05 seconds     
 timestep:      917  time: 7.967E+07 seconds      delt: 1.000E+05 seconds     
 timestep:      918  time: 7.977E+07 seconds      delt: 1.000E+05 seconds     
 timestep:      919  time: 7.987E+07 seconds      delt: 1.000E+05 seconds     
 timestep:      920  time: 7.997E+07 seconds      delt: 1.000E+05 seconds     
 timestep:      921  time: 8.007E+07 seconds      delt: 1.000E+05 seconds     
 timestep:      922  time: 8.017E+07 seconds      delt: 1.000E+05 seconds     
 timestep:      923  time: 8.027E+07 seconds      delt: 1.000E+05 seconds     
 timestep:      924  time: 8.037E+07 seconds      delt: 1.000E+05 seconds     
 timestep:      925  time: 8.047E+07 seconds      delt: 1.000E+05 seconds     
 timestep:      926  time: 8.057E+07 seconds      delt: 1.000E+05 seconds     
 timestep:      927  time: 8.067E+07 seconds      delt: 1.000E+05 seconds     
 timestep:      928  time: 8.077E+07 seconds      delt: 1.000E+05 seconds     
 timestep:      929  time: 8.087E+07 seconds      delt: 1.000E+05 seconds     
 timestep:      930  time: 8.097E+07 seconds      delt: 1.000E+05 seconds     
 timestep:      931  time: 8.107E+07 seconds      delt: 1.000E+05 seconds     
 timestep:      932  time: 8.117E+07 seconds      delt: 1.000E+05 seconds     
 timestep:      933  time: 8.127E+07 seconds      delt: 1.000E+05 seconds     
 timestep:      934  time: 8.137E+07 seconds      delt: 1.000E+05 seconds     
 timestep:      935  time: 8.147E+07 seconds      delt: 1.000E+05 seconds     
 timestep:      936  time: 8.157E+07 seconds      delt: 1.000E+05 seconds     
 timestep:      937  time: 8.167E+07 seconds      delt: 1.000E+05 seconds     
 timestep:      938  time: 8.177E+07 seconds      delt: 1.000E+05 seconds     
 timestep:      939  time: 8.187E+07 seconds      delt: 1.000E+05 seconds     
 timestep:      940  time: 8.197E+07 seconds      delt: 1.000E+05 seconds     
 timestep:      941  time: 8.207E+07 seconds      delt: 1.000E+05 seconds     
 timestep:      942  time: 8.217E+07 seconds      delt: 1.000E+05 seconds     
 timestep:      943  time: 8.227E+07 seconds      delt: 1.000E+05 seconds     
 timestep:      944  time: 8.237E+07 seconds      delt: 1.000E+05 seconds     
 timestep:      945  time: 8.247E+07 seconds      delt: 1.000E+05 seconds     
 timestep:      946  time: 8.257E+07 seconds      delt: 1.000E+05 seconds     
 timestep:      947  time: 8.267E+07 seconds      delt: 1.000E+05 seconds     
 timestep:      948  time: 8.277E+07 seconds      delt: 1.000E+05 seconds     
 timestep:      949  time: 8.287E+07 seconds      delt: 1.000E+05 seconds     
 timestep:      950  time: 8.297E+07 seconds      delt: 1.000E+05 seconds     
 timestep:      951  time: 8.307E+07 seconds      delt: 1.000E+05 seconds     
 timestep:      952  time: 8.317E+07 seconds      delt: 1.000E+05 seconds     
 timestep:      953  time: 8.327E+07 seconds      delt: 1.000E+05 seconds     
 timestep:      954  time: 8.337E+07 seconds      delt: 1.000E+05 seconds     
 timestep:      955  time: 8.347E+07 seconds      delt: 1.000E+05 seconds     
 timestep:      956  time: 8.357E+07 seconds      delt: 1.000E+05 seconds     
 timestep:      957  time: 8.367E+07 seconds      delt: 1.000E+05 seconds     
 timestep:      958  time: 8.377E+07 seconds      delt: 1.000E+05 seconds     
 timestep:      959  time: 8.387E+07 seconds      delt: 1.000E+05 seconds     
 timestep:      960  time: 8.397E+07 seconds      delt: 1.000E+05 seconds     
 timestep:      961  time: 8.407E+07 seconds      delt: 1.000E+05 seconds     
 timestep:      962  time: 8.417E+07 seconds      delt: 1.000E+05 seconds     
 timestep:      963  time: 8.427E+07 seconds      delt: 1.000E+05 seconds     
 timestep:      964  time: 8.437E+07 seconds      delt: 1.000E+05 seconds     
 timestep:      965  time: 8.447E+07 seconds      delt: 1.000E+05 seconds     
 timestep:      966  time: 8.457E+07 seconds      delt: 1.000E+05 seconds     
 timestep:      967  time: 8.467E+07 seconds      delt: 1.000E+05 seconds     
 timestep:      968  time: 8.477E+07 seconds      delt: 1.000E+05 seconds     
 timestep:      969  time: 8.487E+07 seconds      delt: 1.000E+05 seconds     
 timestep:      970  time: 8.497E+07 seconds      delt: 1.000E+05 seconds     
 timestep:      971  time: 8.507E+07 seconds      delt: 1.000E+05 seconds     
 timestep:      972  time: 8.517E+07 seconds      delt: 1.000E+05 seconds     
 timestep:      973  time: 8.527E+07 seconds      delt: 1.000E+05 seconds     
 timestep:      974  time: 8.537E+07 seconds      delt: 1.000E+05 seconds     
 timestep:      975  time: 8.547E+07 seconds      delt: 1.000E+05 seconds     
 timestep:      976  time: 8.557E+07 seconds      delt: 1.000E+05 seconds     
 timestep:      977  time: 8.567E+07 seconds      delt: 1.000E+05 seconds     
 timestep:      978  time: 8.577E+07 seconds      delt: 1.000E+05 seconds     
 timestep:      979  time: 8.587E+07 seconds      delt: 1.000E+05 seconds     
 timestep:      980  time: 8.597E+07 seconds      delt: 1.000E+05 seconds     
 timestep:      981  time: 8.607E+07 seconds      delt: 1.000E+05 seconds     
 timestep:      982  time: 8.617E+07 seconds      delt: 1.000E+05 seconds     
 timestep:      983  time: 8.627E+07 seconds      delt: 1.000E+05 seconds     
 timestep:      984  time: 8.637E+07 seconds      delt: 1.000E+05 seconds     
 timestep:      985  time: 8.647E+07 seconds      delt: 1.000E+05 seconds     
 timestep:      986  time: 8.657E+07 seconds      delt: 1.000E+05 seconds     
 timestep:      987  time: 8.667E+07 seconds      delt: 1.000E+05 seconds     
 timestep:      988  time: 8.677E+07 seconds      delt: 1.000E+05 seconds     
 timestep:      989  time: 8.687E+07 seconds      delt: 1.000E+05 seconds     
 timestep:      990  time: 8.697E+07 seconds      delt: 1.000E+05 seconds     
 timestep:      991  time: 8.707E+07 seconds      delt: 1.000E+05 seconds     
 timestep:      992  time: 8.717E+07 seconds      delt: 1.000E+05 seconds     
 timestep:      993  time: 8.727E+07 seconds      delt: 1.000E+05 seconds     
 timestep:      994  time: 8.737E+07 seconds      delt: 1.000E+05 seconds     
 timestep:      995  time: 8.747E+07 seconds      delt: 1.000E+05 seconds     
 timestep:      996  time: 8.757E+07 seconds      delt: 1.000E+05 seconds     
 timestep:      997  time: 8.767E+07 seconds      delt: 1.000E+05 seconds     
 timestep:      998  time: 8.777E+07 seconds      delt: 1.000E+05 seconds     
 timestep:      999  time: 8.787E+07 seconds      delt: 1.000E+05 seconds     
 timestep:     1000  time: 8.797E+07 seconds      delt: 1.000E+05 seconds     
 timestep:     1001  time: 8.807E+07 seconds      delt: 1.000E+05 seconds     
 timestep:     1002  time: 8.817E+07 seconds      delt: 1.000E+05 seconds     
 timestep:     1003  time: 8.827E+07 seconds      delt: 1.000E+05 seconds     
 timestep:     1004  time: 8.837E+07 seconds      delt: 1.000E+05 seconds     
 timestep:     1005  time: 8.847E+07 seconds      delt: 1.000E+05 seconds     
 timestep:     1006  time: 8.857E+07 seconds      delt: 1.000E+05 seconds     
 timestep:     1007  time: 8.867E+07 seconds      delt: 1.000E+05 seconds     
 timestep:     1008  time: 8.877E+07 seconds      delt: 1.000E+05 seconds     
 timestep:     1009  time: 8.887E+07 seconds      delt: 1.000E+05 seconds     
 timestep:     1010  time: 8.897E+07 seconds      delt: 1.000E+05 seconds     
 timestep:     1011  time: 8.907E+07 seconds      delt: 1.000E+05 seconds     
 timestep:     1012  time: 8.917E+07 seconds      delt: 1.000E+05 seconds     
 timestep:     1013  time: 8.927E+07 seconds      delt: 1.000E+05 seconds     
 timestep:     1014  time: 8.937E+07 seconds      delt: 1.000E+05 seconds     
 timestep:     1015  time: 8.947E+07 seconds      delt: 1.000E+05 seconds     
 timestep:     1016  time: 8.957E+07 seconds      delt: 1.000E+05 seconds     
 timestep:     1017  time: 8.967E+07 seconds      delt: 1.000E+05 seconds     
 timestep:     1018  time: 8.977E+07 seconds      delt: 1.000E+05 seconds     
 timestep:     1019  time: 8.987E+07 seconds      delt: 1.000E+05 seconds     
 timestep:     1020  time: 8.997E+07 seconds      delt: 1.000E+05 seconds     
 timestep:     1021  time: 9.007E+07 seconds      delt: 1.000E+05 seconds     
 timestep:     1022  time: 9.017E+07 seconds      delt: 1.000E+05 seconds     
 timestep:     1023  time: 9.027E+07 seconds      delt: 1.000E+05 seconds     
 timestep:     1024  time: 9.037E+07 seconds      delt: 1.000E+05 seconds     
 timestep:     1025  time: 9.047E+07 seconds      delt: 1.000E+05 seconds     
 timestep:     1026  time: 9.057E+07 seconds      delt: 1.000E+05 seconds     
 timestep:     1027  time: 9.067E+07 seconds      delt: 1.000E+05 seconds     
 timestep:     1028  time: 9.077E+07 seconds      delt: 1.000E+05 seconds     
 timestep:     1029  time: 9.087E+07 seconds      delt: 1.000E+05 seconds     
 timestep:     1030  time: 9.097E+07 seconds      delt: 1.000E+05 seconds     
 timestep:     1031  time: 9.107E+07 seconds      delt: 1.000E+05 seconds     
 timestep:     1032  time: 9.117E+07 seconds      delt: 1.000E+05 seconds     
 timestep:     1033  time: 9.127E+07 seconds      delt: 1.000E+05 seconds     
 timestep:     1034  time: 9.137E+07 seconds      delt: 1.000E+05 seconds     
 timestep:     1035  time: 9.147E+07 seconds      delt: 1.000E+05 seconds     
 timestep:     1036  time: 9.157E+07 seconds      delt: 1.000E+05 seconds     
 timestep:     1037  time: 9.167E+07 seconds      delt: 1.000E+05 seconds     
 timestep:     1038  time: 9.177E+07 seconds      delt: 1.000E+05 seconds     
 timestep:     1039  time: 9.187E+07 seconds      delt: 1.000E+05 seconds     
 timestep:     1040  time: 9.197E+07 seconds      delt: 1.000E+05 seconds     
 timestep:     1041  time: 9.207E+07 seconds      delt: 1.000E+05 seconds     
 timestep:     1042  time: 9.217E+07 seconds      delt: 1.000E+05 seconds     
 timestep:     1043  time: 9.227E+07 seconds      delt: 1.000E+05 seconds     
 timestep:     1044  time: 9.237E+07 seconds      delt: 1.000E+05 seconds     
 timestep:     1045  time: 9.247E+07 seconds      delt: 1.000E+05 seconds     
 timestep:     1046  time: 9.257E+07 seconds      delt: 1.000E+05 seconds     
 timestep:     1047  time: 9.267E+07 seconds      delt: 1.000E+05 seconds     
 timestep:     1048  time: 9.277E+07 seconds      delt: 1.000E+05 seconds     
 timestep:     1049  time: 9.287E+07 seconds      delt: 1.000E+05 seconds     
 timestep:     1050  time: 9.297E+07 seconds      delt: 1.000E+05 seconds     
 timestep:     1051  time: 9.307E+07 seconds      delt: 1.000E+05 seconds     
 timestep:     1052  time: 9.317E+07 seconds      delt: 1.000E+05 seconds     
 timestep:     1053  time: 9.327E+07 seconds      delt: 1.000E+05 seconds     
 timestep:     1054  time: 9.337E+07 seconds      delt: 1.000E+05 seconds     
 timestep:     1055  time: 9.347E+07 seconds      delt: 1.000E+05 seconds     
 timestep:     1056  time: 9.357E+07 seconds      delt: 1.000E+05 seconds     
 timestep:     1057  time: 9.367E+07 seconds      delt: 1.000E+05 seconds     
 timestep:     1058  time: 9.377E+07 seconds      delt: 1.000E+05 seconds     
 timestep:     1059  time: 9.387E+07 seconds      delt: 1.000E+05 seconds     
 timestep:     1060  time: 9.397E+07 seconds      delt: 1.000E+05 seconds     
 timestep:     1061  time: 9.407E+07 seconds      delt: 1.000E+05 seconds     
 timestep:     1062  time: 9.417E+07 seconds      delt: 1.000E+05 seconds     
 timestep:     1063  time: 9.427E+07 seconds      delt: 1.000E+05 seconds     
 timestep:     1064  time: 9.437E+07 seconds      delt: 1.000E+05 seconds     
 timestep:     1065  time: 9.447E+07 seconds      delt: 1.000E+05 seconds     
 timestep:     1066  time: 9.457E+07 seconds      delt: 1.000E+05 seconds     
 timestep:     1067  time: 9.467E+07 seconds      delt: 1.000E+05 seconds     
 timestep:     1068  time: 9.477E+07 seconds      delt: 1.000E+05 seconds     
 timestep:     1069  time: 9.487E+07 seconds      delt: 1.000E+05 seconds     
 timestep:     1070  time: 9.497E+07 seconds      delt: 1.000E+05 seconds     
 timestep:     1071  time: 9.507E+07 seconds      delt: 1.000E+05 seconds     
 timestep:     1072  time: 9.517E+07 seconds      delt: 1.000E+05 seconds     
 timestep:     1073  time: 9.527E+07 seconds      delt: 1.000E+05 seconds     
 timestep:     1074  time: 9.537E+07 seconds      delt: 1.000E+05 seconds     
 timestep:     1075  time: 9.547E+07 seconds      delt: 1.000E+05 seconds     
 timestep:     1076  time: 9.557E+07 seconds      delt: 1.000E+05 seconds     
 timestep:     1077  time: 9.567E+07 seconds      delt: 1.000E+05 seconds     
 timestep:     1078  time: 9.577E+07 seconds      delt: 1.000E+05 seconds     
 timestep:     1079  time: 9.587E+07 seconds      delt: 1.000E+05 seconds     
 timestep:     1080  time: 9.597E+07 seconds      delt: 1.000E+05 seconds     
 timestep:     1081  time: 9.607E+07 seconds      delt: 1.000E+05 seconds     
 timestep:     1082  time: 9.617E+07 seconds      delt: 1.000E+05 seconds     
 timestep:     1083  time: 9.627E+07 seconds      delt: 1.000E+05 seconds     
 timestep:     1084  time: 9.637E+07 seconds      delt: 1.000E+05 seconds     
 timestep:     1085  time: 9.647E+07 seconds      delt: 1.000E+05 seconds     
 timestep:     1086  time: 9.657E+07 seconds      delt: 1.000E+05 seconds     
 timestep:     1087  time: 9.667E+07 seconds      delt: 1.000E+05 seconds     
 timestep:     1088  time: 9.677E+07 seconds      delt: 1.000E+05 seconds     
 timestep:     1089  time: 9.687E+07 seconds      delt: 1.000E+05 seconds     
 timestep:     1090  time: 9.697E+07 seconds      delt: 1.000E+05 seconds     
 timestep:     1091  time: 9.707E+07 seconds      delt: 1.000E+05 seconds     
 timestep:     1092  time: 9.717E+07 seconds      delt: 1.000E+05 seconds     
 timestep:     1093  time: 9.727E+07 seconds      delt: 1.000E+05 seconds     
 timestep:     1094  time: 9.737E+07 seconds      delt: 1.000E+05 seconds     
 timestep:     1095  time: 9.747E+07 seconds      delt: 1.000E+05 seconds     
 timestep:     1096  time: 9.757E+07 seconds      delt: 1.000E+05 seconds     
 timestep:     1097  time: 9.767E+07 seconds      delt: 1.000E+05 seconds     
 timestep:     1098  time: 9.777E+07 seconds      delt: 1.000E+05 seconds     
 timestep:     1099  time: 9.787E+07 seconds      delt: 1.000E+05 seconds     
 timestep:     1100  time: 9.797E+07 seconds      delt: 1.000E+05 seconds     
 timestep:     1101  time: 9.807E+07 seconds      delt: 1.000E+05 seconds     
 timestep:     1102  time: 9.817E+07 seconds      delt: 1.000E+05 seconds     
 timestep:     1103  time: 9.827E+07 seconds      delt: 1.000E+05 seconds     
 timestep:     1104  time: 9.837E+07 seconds      delt: 1.000E+05 seconds     
 timestep:     1105  time: 9.847E+07 seconds      delt: 1.000E+05 seconds     
 timestep:     1106  time: 9.857E+07 seconds      delt: 1.000E+05 seconds     
 timestep:     1107  time: 9.867E+07 seconds      delt: 1.000E+05 seconds     
 timestep:     1108  time: 9.877E+07 seconds      delt: 1.000E+05 seconds     
 timestep:     1109  time: 9.887E+07 seconds      delt: 1.000E+05 seconds     
 timestep:     1110  time: 9.897E+07 seconds      delt: 1.000E+05 seconds     
 timestep:     1111  time: 9.907E+07 seconds      delt: 1.000E+05 seconds     
 timestep:     1112  time: 9.917E+07 seconds      delt: 1.000E+05 seconds     
 timestep:     1113  time: 9.927E+07 seconds      delt: 1.000E+05 seconds     
 timestep:     1114  time: 9.937E+07 seconds      delt: 1.000E+05 seconds     
 timestep:     1115  time: 9.947E+07 seconds      delt: 1.000E+05 seconds     
 timestep:     1116  time: 9.957E+07 seconds      delt: 1.000E+05 seconds     
 timestep:     1117  time: 9.967E+07 seconds      delt: 1.000E+05 seconds     
 timestep:     1118  time: 9.977E+07 seconds      delt: 1.000E+05 seconds     
 timestep:     1119  time: 9.987E+07 seconds      delt: 1.000E+05 seconds     
 timestep:     1120  time: 9.997E+07 seconds      delt: 1.000E+05 seconds     
 timestep:     1121  time: 1.000E+08 seconds      delt: 3.231E+04 seconds     

 write contour data, T =   1.0000E+08 seconds     
 ------------------------------------------------------------------------


     ***************** normal exit ******************


