# Units: Log10 mol/kgw
 TITLE = " Years"
VARIABLES = "X (meters)", "H+        ", "Cl-       ", "Na+       ", "NO3-      ", "OH-       ", "
 ZONE F=POINT,I=         100
 5.00000E-03              -5.73796E+00  -4.00395E+00  -3.99696E+00  -5.46449E+00  -8.25314E+00
 1.50000E-02              -5.57484E+00  -4.00777E+00  -3.99399E+00  -5.23484E+00  -8.41626E+00
 2.50000E-02              -5.45492E+00  -4.01145E+00  -3.99111E+00  -5.08755E+00  -8.53618E+00
 3.50000E-02              -5.35981E+00  -4.01499E+00  -3.98832E+00  -4.97943E+00  -8.63129E+00
 4.50000E-02              -5.28084E+00  -4.01840E+00  -3.98560E+00  -4.89430E+00  -8.71027E+00
 5.50000E-02              -5.21321E+00  -4.02168E+00  -3.98298E+00  -4.82431E+00  -8.77789E+00
 6.50000E-02              -5.15402E+00  -4.02483E+00  -3.98044E+00  -4.76508E+00  -8.83709E+00
 7.50000E-02              -5.10133E+00  -4.02784E+00  -3.97799E+00  -4.71386E+00  -8.88977E+00
 8.50000E-02              -5.05384E+00  -4.03072E+00  -3.97563E+00  -4.66887E+00  -8.93727E+00
 9.50000E-02              -5.01057E+00  -4.03347E+00  -3.97335E+00  -4.62885E+00  -8.98053E+00
 1.05000E-01              -4.97083E+00  -4.03610E+00  -3.97117E+00  -4.59288E+00  -9.02027E+00
 1.15000E-01              -4.93408E+00  -4.03860E+00  -3.96908E+00  -4.56030E+00  -9.05702E+00
 1.25000E-01              -4.89988E+00  -4.04098E+00  -3.96708E+00  -4.53059E+00  -9.09122E+00
 1.35000E-01              -4.86790E+00  -4.04324E+00  -3.96517E+00  -4.50333E+00  -9.12320E+00
 1.45000E-01              -4.83787E+00  -4.04537E+00  -3.96335E+00  -4.47820E+00  -9.15323E+00
 1.55000E-01              -4.80957E+00  -4.04739E+00  -3.96162E+00  -4.45493E+00  -9.18154E+00
 1.65000E-01              -4.78280E+00  -4.04929E+00  -3.95998E+00  -4.43331E+00  -9.20831E+00
 1.75000E-01              -4.75741E+00  -4.05108E+00  -3.95843E+00  -4.41316E+00  -9.23370E+00
 1.85000E-01              -4.73326E+00  -4.05276E+00  -3.95697E+00  -4.39432E+00  -9.25784E+00
 1.95000E-01              -4.71025E+00  -4.05432E+00  -3.95560E+00  -4.37667E+00  -9.28085E+00
 2.05000E-01              -4.68828E+00  -4.05579E+00  -3.95432E+00  -4.36009E+00  -9.30282E+00
 2.15000E-01              -4.66726E+00  -4.05714E+00  -3.95313E+00  -4.34448E+00  -9.32384E+00
 2.25000E-01              -4.64711E+00  -4.05840E+00  -3.95202E+00  -4.32977E+00  -9.34399E+00
 2.35000E-01              -4.62778E+00  -4.05956E+00  -3.95100E+00  -4.31588E+00  -9.36332E+00
 2.45000E-01              -4.60920E+00  -4.06062E+00  -3.95007E+00  -4.30274E+00  -9.38190E+00
 2.55000E-01              -4.59132E+00  -4.06158E+00  -3.94922E+00  -4.29031E+00  -9.39978E+00
 2.65000E-01              -4.57411E+00  -4.06246E+00  -3.94845E+00  -4.27852E+00  -9.41700E+00
 2.75000E-01              -4.55750E+00  -4.06324E+00  -3.94776E+00  -4.26733E+00  -9.43360E+00
 2.85000E-01              -4.54148E+00  -4.06394E+00  -3.94715E+00  -4.25670E+00  -9.44962E+00
 2.95000E-01              -4.52600E+00  -4.06456E+00  -3.94662E+00  -4.24659E+00  -9.46510E+00
 3.05000E-01              -4.51105E+00  -4.06510E+00  -3.94616E+00  -4.23697E+00  -9.48006E+00
 3.15000E-01              -4.49658E+00  -4.06556E+00  -3.94578E+00  -4.22782E+00  -9.49453E+00
 3.25000E-01              -4.48258E+00  -4.06594E+00  -3.94547E+00  -4.21909E+00  -9.50853E+00
 3.35000E-01              -4.46901E+00  -4.06626E+00  -3.94523E+00  -4.21077E+00  -9.52209E+00
 3.45000E-01              -4.45588E+00  -4.06650E+00  -3.94506E+00  -4.20283E+00  -9.53523E+00
 3.55000E-01              -4.44314E+00  -4.06668E+00  -3.94496E+00  -4.19525E+00  -9.54796E+00
 3.65000E-01              -4.43079E+00  -4.06679E+00  -3.94492E+00  -4.18801E+00  -9.56031E+00
 3.75000E-01              -4.41882E+00  -4.06684E+00  -3.94494E+00  -4.18109E+00  -9.57229E+00
 3.85000E-01              -4.40719E+00  -4.06683E+00  -3.94502E+00  -4.17448E+00  -9.58391E+00
 3.95000E-01              -4.39591E+00  -4.06677E+00  -3.94516E+00  -4.16815E+00  -9.59519E+00
 4.05000E-01              -4.38496E+00  -4.06665E+00  -3.94535E+00  -4.16210E+00  -9.60614E+00
 4.15000E-01              -4.37433E+00  -4.06649E+00  -3.94560E+00  -4.15631E+00  -9.61678E+00
 4.25000E-01              -4.36400E+00  -4.06627E+00  -3.94590E+00  -4.15076E+00  -9.62710E+00
 4.35000E-01              -4.35397E+00  -4.06601E+00  -3.94624E+00  -4.14545E+00  -9.63714E+00
 4.45000E-01              -4.34422E+00  -4.06571E+00  -3.94663E+00  -4.14037E+00  -9.64688E+00
 4.55000E-01              -4.33476E+00  -4.06536E+00  -3.94706E+00  -4.13550E+00  -9.65635E+00
 4.65000E-01              -4.32556E+00  -4.06498E+00  -3.94754E+00  -4.13083E+00  -9.66554E+00
 4.75000E-01              -4.31663E+00  -4.06456E+00  -3.94805E+00  -4.12635E+00  -9.67448E+00
 4.85000E-01              -4.30795E+00  -4.06411E+00  -3.94859E+00  -4.12206E+00  -9.68316E+00
 4.95000E-01              -4.29952E+00  -4.06363E+00  -3.94917E+00  -4.11794E+00  -9.69159E+00
 5.05000E-01              -4.29133E+00  -4.06312E+00  -3.94978E+00  -4.11399E+00  -9.69978E+00
 5.15000E-01              -4.28337E+00  -4.06258E+00  -3.95042E+00  -4.11021E+00  -9.70773E+00
 5.25000E-01              -4.27565E+00  -4.06202E+00  -3.95108E+00  -4.10657E+00  -9.71545E+00
 5.35000E-01              -4.26815E+00  -4.06144E+00  -3.95177E+00  -4.10309E+00  -9.72295E+00
 5.45000E-01              -4.26087E+00  -4.06083E+00  -3.95247E+00  -4.09975E+00  -9.73023E+00
 5.55000E-01              -4.25380E+00  -4.06021E+00  -3.95320E+00  -4.09654E+00  -9.73730E+00
 5.65000E-01              -4.24695E+00  -4.05958E+00  -3.95394E+00  -4.09346E+00  -9.74416E+00
 5.75000E-01              -4.24030E+00  -4.05893E+00  -3.95469E+00  -4.09050E+00  -9.75080E+00
 5.85000E-01              -4.23385E+00  -4.05826E+00  -3.95546E+00  -4.08767E+00  -9.75725E+00
 5.95000E-01              -4.22760E+00  -4.05759E+00  -3.95623E+00  -4.08495E+00  -9.76350E+00
 6.05000E-01              -4.22154E+00  -4.05691E+00  -3.95701E+00  -4.08234E+00  -9.76956E+00
 6.15000E-01              -4.21568E+00  -4.05623E+00  -3.95780E+00  -4.07984E+00  -9.77543E+00
 6.25000E-01              -4.21000E+00  -4.05554E+00  -3.95858E+00  -4.07743E+00  -9.78110E+00
 6.35000E-01              -4.20450E+00  -4.05484E+00  -3.95937E+00  -4.07513E+00  -9.78660E+00
 6.45000E-01              -4.19919E+00  -4.05415E+00  -3.96016E+00  -4.07292E+00  -9.79191E+00
 6.55000E-01              -4.19405E+00  -4.05345E+00  -3.96094E+00  -4.07081E+00  -9.79705E+00
 6.65000E-01              -4.18909E+00  -4.05276E+00  -3.96172E+00  -4.06878E+00  -9.80201E+00
 6.75000E-01              -4.18430E+00  -4.05207E+00  -3.96250E+00  -4.06683E+00  -9.80680E+00
 6.85000E-01              -4.17968E+00  -4.05139E+00  -3.96326E+00  -4.06497E+00  -9.81142E+00
 6.95000E-01              -4.17523E+00  -4.05072E+00  -3.96402E+00  -4.06319E+00  -9.81587E+00
 7.05000E-01              -4.17095E+00  -4.05005E+00  -3.96476E+00  -4.06149E+00  -9.82016E+00
 7.15000E-01              -4.16682E+00  -4.04939E+00  -3.96549E+00  -4.05986E+00  -9.82428E+00
 7.25000E-01              -4.16286E+00  -4.04874E+00  -3.96621E+00  -4.05831E+00  -9.82824E+00
 7.35000E-01              -4.15906E+00  -4.04811E+00  -3.96691E+00  -4.05682E+00  -9.83205E+00
 7.45000E-01              -4.15541E+00  -4.04748E+00  -3.96760E+00  -4.05541E+00  -9.83569E+00
 7.55000E-01              -4.15192E+00  -4.04688E+00  -3.96826E+00  -4.05406E+00  -9.83919E+00
 7.65000E-01              -4.14858E+00  -4.04628E+00  -3.96891E+00  -4.05278E+00  -9.84253E+00
 7.75000E-01              -4.14539E+00  -4.04571E+00  -3.96954E+00  -4.05156E+00  -9.84571E+00
 7.85000E-01              -4.14235E+00  -4.04515E+00  -3.97015E+00  -4.05040E+00  -9.84875E+00
 7.95000E-01              -4.13946E+00  -4.04461E+00  -3.97073E+00  -4.04931E+00  -9.85164E+00
 8.05000E-01              -4.13672E+00  -4.04409E+00  -3.97129E+00  -4.04827E+00  -9.85438E+00
 8.15000E-01              -4.13412E+00  -4.04359E+00  -3.97183E+00  -4.04730E+00  -9.85698E+00
 8.25000E-01              -4.13167E+00  -4.04311E+00  -3.97234E+00  -4.04638E+00  -9.85943E+00
 8.35000E-01              -4.12936E+00  -4.04265E+00  -3.97283E+00  -4.04551E+00  -9.86174E+00
 8.45000E-01              -4.12719E+00  -4.04222E+00  -3.97330E+00  -4.04471E+00  -9.86391E+00
 8.55000E-01              -4.12516E+00  -4.04181E+00  -3.97373E+00  -4.04395E+00  -9.86594E+00
 8.65000E-01              -4.12328E+00  -4.04143E+00  -3.97414E+00  -4.04325E+00  -9.86783E+00
 8.75000E-01              -4.12153E+00  -4.04106E+00  -3.97452E+00  -4.04261E+00  -9.86958E+00
 8.85000E-01              -4.11992E+00  -4.04073E+00  -3.97488E+00  -4.04201E+00  -9.87119E+00
 8.95000E-01              -4.11844E+00  -4.04042E+00  -3.97520E+00  -4.04147E+00  -9.87266E+00
 9.05000E-01              -4.11710E+00  -4.04014E+00  -3.97550E+00  -4.04098E+00  -9.87400E+00
 9.15000E-01              -4.11590E+00  -4.03988E+00  -3.97577E+00  -4.04054E+00  -9.87520E+00
 9.25000E-01              -4.11483E+00  -4.03965E+00  -3.97601E+00  -4.04015E+00  -9.87627E+00
 9.35000E-01              -4.11390E+00  -4.03945E+00  -3.97622E+00  -4.03980E+00  -9.87720E+00
 9.45000E-01              -4.11310E+00  -4.03928E+00  -3.97640E+00  -4.03951E+00  -9.87800E+00
 9.55000E-01              -4.11244E+00  -4.03914E+00  -3.97655E+00  -4.03927E+00  -9.87866E+00
 9.65000E-01              -4.11191E+00  -4.03902E+00  -3.97667E+00  -4.03907E+00  -9.87920E+00
 9.75000E-01              -4.11151E+00  -4.03894E+00  -3.97676E+00  -4.03893E+00  -9.87959E+00
 9.85000E-01              -4.11124E+00  -4.03888E+00  -3.97683E+00  -4.03883E+00  -9.87986E+00
 9.95000E-01              -4.11111E+00  -4.03885E+00  -3.97686E+00  -4.03878E+00  -9.87999E+00
