# Units: Log10 mol/kgw
 TITLE = " Years"
VARIABLES = "X (meters)", "H+        ", "Cl-       ", "Na+       ", "NO3-      ", "OH-       ", "
 ZONE F=POINT,I=         100
 5.00000E-03              -5.42492E+00  -4.01238E+00  -3.99039E+00  -5.05528E+00  -8.56618E+00
 1.50000E-02              -5.17756E+00  -4.02330E+00  -3.98169E+00  -4.79120E+00  -8.81355E+00
 2.50000E-02              -5.01548E+00  -4.03279E+00  -3.97394E+00  -4.63629E+00  -8.97562E+00
 3.50000E-02              -4.89404E+00  -4.04089E+00  -3.96717E+00  -4.52868E+00  -9.09706E+00
 4.50000E-02              -4.79666E+00  -4.04767E+00  -3.96138E+00  -4.44776E+00  -9.19445E+00
 5.50000E-02              -4.71533E+00  -4.05319E+00  -3.95658E+00  -4.38403E+00  -9.27578E+00
 6.50000E-02              -4.64556E+00  -4.05754E+00  -3.95274E+00  -4.33233E+00  -9.34554E+00
 7.50000E-02              -4.58460E+00  -4.06081E+00  -3.94982E+00  -4.28955E+00  -9.40651E+00
 8.50000E-02              -4.53060E+00  -4.06309E+00  -3.94778E+00  -4.25361E+00  -9.46051E+00
 9.50000E-02              -4.48229E+00  -4.06447E+00  -3.94656E+00  -4.22309E+00  -9.50881E+00
 1.05000E-01              -4.43876E+00  -4.06505E+00  -3.94608E+00  -4.19695E+00  -9.55234E+00
 1.15000E-01              -4.39932E+00  -4.06493E+00  -3.94628E+00  -4.17440E+00  -9.59178E+00
 1.25000E-01              -4.36344E+00  -4.06420E+00  -3.94707E+00  -4.15484E+00  -9.62766E+00
 1.35000E-01              -4.33069E+00  -4.06294E+00  -3.94837E+00  -4.13778E+00  -9.66041E+00
 1.45000E-01              -4.30075E+00  -4.06125E+00  -3.95010E+00  -4.12284E+00  -9.69035E+00
 1.55000E-01              -4.27333E+00  -4.05919E+00  -3.95217E+00  -4.10971E+00  -9.71777E+00
 1.65000E-01              -4.24821E+00  -4.05685E+00  -3.95451E+00  -4.09811E+00  -9.74289E+00
 1.75000E-01              -4.22518E+00  -4.05428E+00  -3.95704E+00  -4.08784E+00  -9.76592E+00
 1.85000E-01              -4.20408E+00  -4.05155E+00  -3.95970E+00  -4.07872E+00  -9.78703E+00
 1.95000E-01              -4.18474E+00  -4.04872E+00  -3.96243E+00  -4.07058E+00  -9.80636E+00
 2.05000E-01              -4.16704E+00  -4.04582E+00  -3.96517E+00  -4.06332E+00  -9.82407E+00
 2.15000E-01              -4.15084E+00  -4.04291E+00  -3.96789E+00  -4.05681E+00  -9.84026E+00
 2.25000E-01              -4.13604E+00  -4.04001E+00  -3.97054E+00  -4.05097E+00  -9.85506E+00
 2.35000E-01              -4.12254E+00  -4.03715E+00  -3.97309E+00  -4.04572E+00  -9.86857E+00
 2.45000E-01              -4.11022E+00  -4.03437E+00  -3.97552E+00  -4.04100E+00  -9.88088E+00
 2.55000E-01              -4.09901E+00  -4.03169E+00  -3.97782E+00  -4.03674E+00  -9.89209E+00
 2.65000E-01              -4.08882E+00  -4.02911E+00  -3.97998E+00  -4.03290E+00  -9.90229E+00
 2.75000E-01              -4.07956E+00  -4.02665E+00  -3.98199E+00  -4.02944E+00  -9.91154E+00
 2.85000E-01              -4.07118E+00  -4.02432E+00  -3.98384E+00  -4.02631E+00  -9.91993E+00
 2.95000E-01              -4.06358E+00  -4.02213E+00  -3.98554E+00  -4.02350E+00  -9.92752E+00
 3.05000E-01              -4.05672E+00  -4.02007E+00  -3.98710E+00  -4.02096E+00  -9.93438E+00
 3.15000E-01              -4.05053E+00  -4.01816E+00  -3.98851E+00  -4.01867E+00  -9.94057E+00
 3.25000E-01              -4.04496E+00  -4.01638E+00  -3.98979E+00  -4.01662E+00  -9.94615E+00
 3.35000E-01              -4.03994E+00  -4.01474E+00  -3.99095E+00  -4.01477E+00  -9.95116E+00
 3.45000E-01              -4.03543E+00  -4.01323E+00  -3.99199E+00  -4.01310E+00  -9.95567E+00
 3.55000E-01              -4.03139E+00  -4.01185E+00  -3.99292E+00  -4.01161E+00  -9.95971E+00
 3.65000E-01              -4.02777E+00  -4.01059E+00  -3.99376E+00  -4.01028E+00  -9.96333E+00
 3.75000E-01              -4.02454E+00  -4.00943E+00  -3.99450E+00  -4.00909E+00  -9.96656E+00
 3.85000E-01              -4.02165E+00  -4.00839E+00  -3.99516E+00  -4.00802E+00  -9.96945E+00
 3.95000E-01              -4.01908E+00  -4.00745E+00  -3.99575E+00  -4.00707E+00  -9.97202E+00
 4.05000E-01              -4.01679E+00  -4.00660E+00  -3.99627E+00  -4.00622E+00  -9.97431E+00
 4.15000E-01              -4.01476E+00  -4.00583E+00  -3.99674E+00  -4.00547E+00  -9.97635E+00
 4.25000E-01              -4.01295E+00  -4.00515E+00  -3.99714E+00  -4.00480E+00  -9.97815E+00
 4.35000E-01              -4.01135E+00  -4.00453E+00  -3.99750E+00  -4.00421E+00  -9.97975E+00
 4.45000E-01              -4.00994E+00  -4.00399E+00  -3.99782E+00  -4.00369E+00  -9.98116E+00
 4.55000E-01              -4.00869E+00  -4.00350E+00  -3.99810E+00  -4.00322E+00  -9.98241E+00
 4.65000E-01              -4.00759E+00  -4.00307E+00  -3.99834E+00  -4.00282E+00  -9.98352E+00
 4.75000E-01              -4.00662E+00  -4.00268E+00  -3.99856E+00  -4.00246E+00  -9.98449E+00
 4.85000E-01              -4.00576E+00  -4.00234E+00  -3.99875E+00  -4.00214E+00  -9.98534E+00
 4.95000E-01              -4.00502E+00  -4.00204E+00  -3.99891E+00  -4.00186E+00  -9.98609E+00
 5.05000E-01              -4.00436E+00  -4.00178E+00  -3.99906E+00  -4.00162E+00  -9.98674E+00
 5.15000E-01              -4.00378E+00  -4.00155E+00  -3.99918E+00  -4.00140E+00  -9.98732E+00
 5.25000E-01              -4.00328E+00  -4.00135E+00  -3.99929E+00  -4.00122E+00  -9.98782E+00
 5.35000E-01              -4.00284E+00  -4.00117E+00  -3.99939E+00  -4.00105E+00  -9.98826E+00
 5.45000E-01              -4.00246E+00  -4.00101E+00  -3.99947E+00  -4.00091E+00  -9.98865E+00
 5.55000E-01              -4.00212E+00  -4.00087E+00  -3.99954E+00  -4.00079E+00  -9.98898E+00
 5.65000E-01              -4.00183E+00  -4.00076E+00  -3.99961E+00  -4.00068E+00  -9.98927E+00
 5.75000E-01              -4.00158E+00  -4.00065E+00  -3.99966E+00  -4.00059E+00  -9.98952E+00
 5.85000E-01              -4.00136E+00  -4.00056E+00  -3.99971E+00  -4.00050E+00  -9.98974E+00
 5.95000E-01              -4.00117E+00  -4.00048E+00  -3.99975E+00  -4.00043E+00  -9.98993E+00
 6.05000E-01              -4.00101E+00  -4.00042E+00  -3.99978E+00  -4.00037E+00  -9.99010E+00
 6.15000E-01              -4.00086E+00  -4.00036E+00  -3.99981E+00  -4.00032E+00  -9.99024E+00
 6.25000E-01              -4.00074E+00  -4.00031E+00  -3.99984E+00  -4.00027E+00  -9.99036E+00
 6.35000E-01              -4.00064E+00  -4.00026E+00  -3.99986E+00  -4.00024E+00  -9.99047E+00
 6.45000E-01              -4.00054E+00  -4.00023E+00  -3.99988E+00  -4.00020E+00  -9.99056E+00
 6.55000E-01              -4.00047E+00  -4.00019E+00  -3.99990E+00  -4.00017E+00  -9.99064E+00
 6.65000E-01              -4.00040E+00  -4.00016E+00  -3.99991E+00  -4.00015E+00  -9.99071E+00
 6.75000E-01              -4.00034E+00  -4.00014E+00  -3.99993E+00  -4.00013E+00  -9.99076E+00
 6.85000E-01              -4.00029E+00  -4.00012E+00  -3.99994E+00  -4.00011E+00  -9.99081E+00
 6.95000E-01              -4.00025E+00  -4.00010E+00  -3.99995E+00  -4.00009E+00  -9.99086E+00
 7.05000E-01              -4.00021E+00  -4.00009E+00  -3.99996E+00  -4.00008E+00  -9.99089E+00
 7.15000E-01              -4.00018E+00  -4.00007E+00  -3.99996E+00  -4.00007E+00  -9.99092E+00
 7.25000E-01              -4.00015E+00  -4.00006E+00  -3.99997E+00  -4.00006E+00  -9.99095E+00
 7.35000E-01              -4.00013E+00  -4.00005E+00  -3.99997E+00  -4.00005E+00  -9.99097E+00
 7.45000E-01              -4.00011E+00  -4.00005E+00  -3.99998E+00  -4.00004E+00  -9.99099E+00
 7.55000E-01              -4.00009E+00  -4.00004E+00  -3.99998E+00  -4.00003E+00  -9.99101E+00
 7.65000E-01              -4.00008E+00  -4.00003E+00  -3.99998E+00  -4.00003E+00  -9.99102E+00
 7.75000E-01              -4.00007E+00  -4.00003E+00  -3.99999E+00  -4.00002E+00  -9.99104E+00
 7.85000E-01              -4.00006E+00  -4.00002E+00  -3.99999E+00  -4.00002E+00  -9.99105E+00
 7.95000E-01              -4.00005E+00  -4.00002E+00  -3.99999E+00  -4.00002E+00  -9.99106E+00
 8.05000E-01              -4.00004E+00  -4.00002E+00  -3.99999E+00  -4.00001E+00  -9.99106E+00
 8.15000E-01              -4.00003E+00  -4.00001E+00  -3.99999E+00  -4.00001E+00  -9.99107E+00
 8.25000E-01              -4.00003E+00  -4.00001E+00  -3.99999E+00  -4.00001E+00  -9.99107E+00
 8.35000E-01              -4.00002E+00  -4.00001E+00  -3.99999E+00  -4.00001E+00  -9.99108E+00
 8.45000E-01              -4.00002E+00  -4.00001E+00  -4.00000E+00  -4.00001E+00  -9.99108E+00
 8.55000E-01              -4.00002E+00  -4.00001E+00  -4.00000E+00  -4.00001E+00  -9.99109E+00
 8.65000E-01              -4.00001E+00  -4.00001E+00  -4.00000E+00  -4.00001E+00  -9.99109E+00
 8.75000E-01              -4.00001E+00  -4.00001E+00  -4.00000E+00  -4.00000E+00  -9.99109E+00
 8.85000E-01              -4.00001E+00  -4.00000E+00  -4.00000E+00  -4.00000E+00  -9.99109E+00
 8.95000E-01              -4.00001E+00  -4.00000E+00  -4.00000E+00  -4.00000E+00  -9.99109E+00
 9.05000E-01              -4.00001E+00  -4.00000E+00  -4.00000E+00  -4.00000E+00  -9.99110E+00
 9.15000E-01              -4.00001E+00  -4.00000E+00  -4.00000E+00  -4.00000E+00  -9.99110E+00
 9.25000E-01              -4.00001E+00  -4.00000E+00  -4.00000E+00  -4.00000E+00  -9.99110E+00
 9.35000E-01              -4.00000E+00  -4.00000E+00  -4.00000E+00  -4.00000E+00  -9.99110E+00
 9.45000E-01              -4.00000E+00  -4.00000E+00  -4.00000E+00  -4.00000E+00  -9.99110E+00
 9.55000E-01              -4.00000E+00  -4.00000E+00  -4.00000E+00  -4.00000E+00  -9.99110E+00
 9.65000E-01              -4.00000E+00  -4.00000E+00  -4.00000E+00  -4.00000E+00  -9.99110E+00
 9.75000E-01              -4.00000E+00  -4.00000E+00  -4.00000E+00  -4.00000E+00  -9.99110E+00
 9.85000E-01              -4.00000E+00  -4.00000E+00  -4.00000E+00  -4.00000E+00  -9.99110E+00
 9.95000E-01              -4.00000E+00  -4.00000E+00  -4.00000E+00  -4.00000E+00  -9.99110E+00
