# Units: Log10 mol/kgw
 TITLE = " Years"
VARIABLES = "X (meters)", "H+        ", "Cl-       ", "Na+       ", "NO3-      ", "OH-       ", "
 ZONE F=POINT,I=         100
 5.00000E-03              -5.71369E+00  -4.00441E+00  -3.99660E+00  -5.42902E+00  -8.27742E+00
 1.50000E-02              -5.54128E+00  -4.00865E+00  -3.99331E+00  -5.19405E+00  -8.44982E+00
 2.50000E-02              -5.41634E+00  -4.01271E+00  -3.99011E+00  -5.04486E+00  -8.57476E+00
 3.50000E-02              -5.31801E+00  -4.01661E+00  -3.98703E+00  -4.93592E+00  -8.67309E+00
 4.50000E-02              -5.23676E+00  -4.02033E+00  -3.98405E+00  -4.85046E+00  -8.75434E+00
 5.50000E-02              -5.16740E+00  -4.02389E+00  -3.98118E+00  -4.78040E+00  -8.82370E+00
 6.50000E-02              -5.10683E+00  -4.02728E+00  -3.97842E+00  -4.72124E+00  -8.88427E+00
 7.50000E-02              -5.05302E+00  -4.03050E+00  -3.97578E+00  -4.67021E+00  -8.93808E+00
 8.50000E-02              -5.00457E+00  -4.03357E+00  -3.97324E+00  -4.62548E+00  -8.98653E+00
 9.50000E-02              -4.96049E+00  -4.03647E+00  -3.97082E+00  -4.58576E+00  -9.03062E+00
 1.05000E-01              -4.92003E+00  -4.03921E+00  -3.96851E+00  -4.55015E+00  -9.07107E+00
 1.15000E-01              -4.88264E+00  -4.04180E+00  -3.96632E+00  -4.51795E+00  -9.10846E+00
 1.25000E-01              -4.84788E+00  -4.04424E+00  -3.96424E+00  -4.48864E+00  -9.14322E+00
 1.35000E-01              -4.81540E+00  -4.04653E+00  -3.96228E+00  -4.46181E+00  -9.17570E+00
 1.45000E-01              -4.78492E+00  -4.04866E+00  -3.96043E+00  -4.43712E+00  -9.20618E+00
 1.55000E-01              -4.75620E+00  -4.05066E+00  -3.95869E+00  -4.41432E+00  -9.23490E+00
 1.65000E-01              -4.72906E+00  -4.05251E+00  -3.95707E+00  -4.39318E+00  -9.26204E+00
 1.75000E-01              -4.70333E+00  -4.05423E+00  -3.95556E+00  -4.37352E+00  -9.28777E+00
 1.85000E-01              -4.67889E+00  -4.05581E+00  -3.95416E+00  -4.35518E+00  -9.31222E+00
 1.95000E-01              -4.65560E+00  -4.05726E+00  -3.95287E+00  -4.33803E+00  -9.33550E+00
 2.05000E-01              -4.63338E+00  -4.05858E+00  -3.95168E+00  -4.32196E+00  -9.35772E+00
 2.15000E-01              -4.61213E+00  -4.05978E+00  -3.95061E+00  -4.30688E+00  -9.37897E+00
 2.25000E-01              -4.59179E+00  -4.06086E+00  -3.94964E+00  -4.29270E+00  -9.39932E+00
 2.35000E-01              -4.57227E+00  -4.06182E+00  -3.94878E+00  -4.27934E+00  -9.41883E+00
 2.45000E-01              -4.55354E+00  -4.06267E+00  -3.94802E+00  -4.26674E+00  -9.43757E+00
 2.55000E-01              -4.53552E+00  -4.06341E+00  -3.94736E+00  -4.25484E+00  -9.45558E+00
 2.65000E-01              -4.51819E+00  -4.06404E+00  -3.94679E+00  -4.24359E+00  -9.47292E+00
 2.75000E-01              -4.50148E+00  -4.06458E+00  -3.94632E+00  -4.23294E+00  -9.48962E+00
 2.85000E-01              -4.48538E+00  -4.06501E+00  -3.94595E+00  -4.22286E+00  -9.50572E+00
 2.95000E-01              -4.46984E+00  -4.06535E+00  -3.94566E+00  -4.21329E+00  -9.52126E+00
 3.05000E-01              -4.45484E+00  -4.06560E+00  -3.94546E+00  -4.20421E+00  -9.53627E+00
 3.15000E-01              -4.44034E+00  -4.06576E+00  -3.94535E+00  -4.19559E+00  -9.55076E+00
 3.25000E-01              -4.42632E+00  -4.06584E+00  -3.94532E+00  -4.18740E+00  -9.56478E+00
 3.35000E-01              -4.41276E+00  -4.06584E+00  -3.94537E+00  -4.17961E+00  -9.57834E+00
 3.45000E-01              -4.39964E+00  -4.06576E+00  -3.94549E+00  -4.17220E+00  -9.59146E+00
 3.55000E-01              -4.38694E+00  -4.06561E+00  -3.94569E+00  -4.16514E+00  -9.60416E+00
 3.65000E-01              -4.37464E+00  -4.06539E+00  -3.94595E+00  -4.15842E+00  -9.61646E+00
 3.75000E-01              -4.36272E+00  -4.06511E+00  -3.94628E+00  -4.15201E+00  -9.62838E+00
 3.85000E-01              -4.35117E+00  -4.06476E+00  -3.94668E+00  -4.14590E+00  -9.63993E+00
 3.95000E-01              -4.33998E+00  -4.06436E+00  -3.94713E+00  -4.14008E+00  -9.65112E+00
 4.05000E-01              -4.32913E+00  -4.06391E+00  -3.94764E+00  -4.13452E+00  -9.66197E+00
 4.15000E-01              -4.31861E+00  -4.06340E+00  -3.94820E+00  -4.12921E+00  -9.67249E+00
 4.25000E-01              -4.30841E+00  -4.06284E+00  -3.94881E+00  -4.12414E+00  -9.68269E+00
 4.35000E-01              -4.29852E+00  -4.06224E+00  -3.94947E+00  -4.11930E+00  -9.69258E+00
 4.45000E-01              -4.28893E+00  -4.06160E+00  -3.95017E+00  -4.11467E+00  -9.70217E+00
 4.55000E-01              -4.27963E+00  -4.06091E+00  -3.95090E+00  -4.11025E+00  -9.71148E+00
 4.65000E-01              -4.27060E+00  -4.06020E+00  -3.95168E+00  -4.10601E+00  -9.72050E+00
 4.75000E-01              -4.26186E+00  -4.05944E+00  -3.95248E+00  -4.10197E+00  -9.72925E+00
 4.85000E-01              -4.25337E+00  -4.05866E+00  -3.95332E+00  -4.09809E+00  -9.73773E+00
 4.95000E-01              -4.24515E+00  -4.05786E+00  -3.95418E+00  -4.09439E+00  -9.74596E+00
 5.05000E-01              -4.23717E+00  -4.05702E+00  -3.95506E+00  -4.09084E+00  -9.75393E+00
 5.15000E-01              -4.22944E+00  -4.05617E+00  -3.95596E+00  -4.08744E+00  -9.76166E+00
 5.25000E-01              -4.22195E+00  -4.05530E+00  -3.95688E+00  -4.08418E+00  -9.76915E+00
 5.35000E-01              -4.21469E+00  -4.05441E+00  -3.95782E+00  -4.08106E+00  -9.77641E+00
 5.45000E-01              -4.20766E+00  -4.05350E+00  -3.95876E+00  -4.07808E+00  -9.78345E+00
 5.55000E-01              -4.20085E+00  -4.05259E+00  -3.95971E+00  -4.07521E+00  -9.79026E+00
 5.65000E-01              -4.19425E+00  -4.05166E+00  -3.96067E+00  -4.07247E+00  -9.79685E+00
 5.75000E-01              -4.18787E+00  -4.05073E+00  -3.96163E+00  -4.06984E+00  -9.80323E+00
 5.85000E-01              -4.18169E+00  -4.04979E+00  -3.96259E+00  -4.06732E+00  -9.80941E+00
 5.95000E-01              -4.17572E+00  -4.04885E+00  -3.96355E+00  -4.06490E+00  -9.81539E+00
 6.05000E-01              -4.16994E+00  -4.04791E+00  -3.96450E+00  -4.06258E+00  -9.82116E+00
 6.15000E-01              -4.16436E+00  -4.04697E+00  -3.96545E+00  -4.06036E+00  -9.82674E+00
 6.25000E-01              -4.15897E+00  -4.04603E+00  -3.96639E+00  -4.05823E+00  -9.83214E+00
 6.35000E-01              -4.15376E+00  -4.04510E+00  -3.96732E+00  -4.05619E+00  -9.83734E+00
 6.45000E-01              -4.14874E+00  -4.04417E+00  -3.96823E+00  -4.05423E+00  -9.84237E+00
 6.55000E-01              -4.14389E+00  -4.04326E+00  -3.96914E+00  -4.05236E+00  -9.84721E+00
 6.65000E-01              -4.13922E+00  -4.04235E+00  -3.97003E+00  -4.05056E+00  -9.85188E+00
 6.75000E-01              -4.13472E+00  -4.04145E+00  -3.97090E+00  -4.04885E+00  -9.85638E+00
 6.85000E-01              -4.13040E+00  -4.04057E+00  -3.97175E+00  -4.04720E+00  -9.86071E+00
 6.95000E-01              -4.12623E+00  -4.03970E+00  -3.97259E+00  -4.04563E+00  -9.86487E+00
 7.05000E-01              -4.12223E+00  -4.03884E+00  -3.97340E+00  -4.04412E+00  -9.86887E+00
 7.15000E-01              -4.11839E+00  -4.03801E+00  -3.97420E+00  -4.04268E+00  -9.87271E+00
 7.25000E-01              -4.11471E+00  -4.03719E+00  -3.97497E+00  -4.04131E+00  -9.87639E+00
 7.35000E-01              -4.11118E+00  -4.03639E+00  -3.97571E+00  -4.03999E+00  -9.87992E+00
 7.45000E-01              -4.10781E+00  -4.03561E+00  -3.97644E+00  -4.03874E+00  -9.88330E+00
 7.55000E-01              -4.10458E+00  -4.03485E+00  -3.97714E+00  -4.03755E+00  -9.88652E+00
 7.65000E-01              -4.10150E+00  -4.03412E+00  -3.97781E+00  -4.03642E+00  -9.88960E+00
 7.75000E-01              -4.09857E+00  -4.03341E+00  -3.97846E+00  -4.03534E+00  -9.89253E+00
 7.85000E-01              -4.09578E+00  -4.03272E+00  -3.97908E+00  -4.03432E+00  -9.89533E+00
 7.95000E-01              -4.09313E+00  -4.03206E+00  -3.97968E+00  -4.03335E+00  -9.89798E+00
 8.05000E-01              -4.09062E+00  -4.03143E+00  -3.98024E+00  -4.03244E+00  -9.90049E+00
 8.15000E-01              -4.08824E+00  -4.03082E+00  -3.98078E+00  -4.03157E+00  -9.90286E+00
 8.25000E-01              -4.08601E+00  -4.03025E+00  -3.98130E+00  -4.03076E+00  -9.90510E+00
 8.35000E-01              -4.08390E+00  -4.02970E+00  -3.98178E+00  -4.03000E+00  -9.90720E+00
 8.45000E-01              -4.08193E+00  -4.02918E+00  -3.98224E+00  -4.02928E+00  -9.90918E+00
 8.55000E-01              -4.08009E+00  -4.02868E+00  -3.98266E+00  -4.02861E+00  -9.91102E+00
 8.65000E-01              -4.07837E+00  -4.02822E+00  -3.98306E+00  -4.02800E+00  -9.91273E+00
 8.75000E-01              -4.07679E+00  -4.02779E+00  -3.98344E+00  -4.02742E+00  -9.91432E+00
 8.85000E-01              -4.07533E+00  -4.02740E+00  -3.98378E+00  -4.02690E+00  -9.91577E+00
 8.95000E-01              -4.07400E+00  -4.02703E+00  -3.98409E+00  -4.02642E+00  -9.91711E+00
 9.05000E-01              -4.07279E+00  -4.02669E+00  -3.98438E+00  -4.02598E+00  -9.91832E+00
 9.15000E-01              -4.07170E+00  -4.02639E+00  -3.98464E+00  -4.02559E+00  -9.91940E+00
 9.25000E-01              -4.07074E+00  -4.02612E+00  -3.98487E+00  -4.02524E+00  -9.92036E+00
 9.35000E-01              -4.06990E+00  -4.02589E+00  -3.98507E+00  -4.02494E+00  -9.92120E+00
 9.45000E-01              -4.06918E+00  -4.02568E+00  -3.98524E+00  -4.02468E+00  -9.92192E+00
 9.55000E-01              -4.06858E+00  -4.02552E+00  -3.98538E+00  -4.02447E+00  -9.92252E+00
 9.65000E-01              -4.06810E+00  -4.02538E+00  -3.98549E+00  -4.02430E+00  -9.92300E+00
 9.75000E-01              -4.06775E+00  -4.02528E+00  -3.98558E+00  -4.02417E+00  -9.92336E+00
 9.85000E-01              -4.06751E+00  -4.02521E+00  -3.98564E+00  -4.02408E+00  -9.92360E+00
 9.95000E-01              -4.06739E+00  -4.02518E+00  -3.98566E+00  -4.02404E+00  -9.92372E+00
