 TITLE = " Years"
 VARIABLES = "X (meters)", "pH "
 ZONE F=POINT,I=         100
 5.00000E-03               5.42492E+00
 1.50000E-02               5.17756E+00
 2.50000E-02               5.01548E+00
 3.50000E-02               4.89404E+00
 4.50000E-02               4.79666E+00
 5.50000E-02               4.71533E+00
 6.50000E-02               4.64556E+00
 7.50000E-02               4.58460E+00
 8.50000E-02               4.53060E+00
 9.50000E-02               4.48229E+00
 1.05000E-01               4.43876E+00
 1.15000E-01               4.39932E+00
 1.25000E-01               4.36344E+00
 1.35000E-01               4.33069E+00
 1.45000E-01               4.30075E+00
 1.55000E-01               4.27333E+00
 1.65000E-01               4.24821E+00
 1.75000E-01               4.22518E+00
 1.85000E-01               4.20408E+00
 1.95000E-01               4.18474E+00
 2.05000E-01               4.16704E+00
 2.15000E-01               4.15084E+00
 2.25000E-01               4.13604E+00
 2.35000E-01               4.12254E+00
 2.45000E-01               4.11022E+00
 2.55000E-01               4.09901E+00
 2.65000E-01               4.08882E+00
 2.75000E-01               4.07956E+00
 2.85000E-01               4.07118E+00
 2.95000E-01               4.06358E+00
 3.05000E-01               4.05672E+00
 3.15000E-01               4.05053E+00
 3.25000E-01               4.04496E+00
 3.35000E-01               4.03994E+00
 3.45000E-01               4.03543E+00
 3.55000E-01               4.03139E+00
 3.65000E-01               4.02777E+00
 3.75000E-01               4.02454E+00
 3.85000E-01               4.02165E+00
 3.95000E-01               4.01908E+00
 4.05000E-01               4.01679E+00
 4.15000E-01               4.01476E+00
 4.25000E-01               4.01295E+00
 4.35000E-01               4.01135E+00
 4.45000E-01               4.00994E+00
 4.55000E-01               4.00869E+00
 4.65000E-01               4.00759E+00
 4.75000E-01               4.00662E+00
 4.85000E-01               4.00576E+00
 4.95000E-01               4.00502E+00
 5.05000E-01               4.00436E+00
 5.15000E-01               4.00378E+00
 5.25000E-01               4.00328E+00
 5.35000E-01               4.00284E+00
 5.45000E-01               4.00246E+00
 5.55000E-01               4.00212E+00
 5.65000E-01               4.00183E+00
 5.75000E-01               4.00158E+00
 5.85000E-01               4.00136E+00
 5.95000E-01               4.00117E+00
 6.05000E-01               4.00101E+00
 6.15000E-01               4.00086E+00
 6.25000E-01               4.00074E+00
 6.35000E-01               4.00064E+00
 6.45000E-01               4.00054E+00
 6.55000E-01               4.00047E+00
 6.65000E-01               4.00040E+00
 6.75000E-01               4.00034E+00
 6.85000E-01               4.00029E+00
 6.95000E-01               4.00025E+00
 7.05000E-01               4.00021E+00
 7.15000E-01               4.00018E+00
 7.25000E-01               4.00015E+00
 7.35000E-01               4.00013E+00
 7.45000E-01               4.00011E+00
 7.55000E-01               4.00009E+00
 7.65000E-01               4.00008E+00
 7.75000E-01               4.00007E+00
 7.85000E-01               4.00006E+00
 7.95000E-01               4.00005E+00
 8.05000E-01               4.00004E+00
 8.15000E-01               4.00003E+00
 8.25000E-01               4.00003E+00
 8.35000E-01               4.00002E+00
 8.45000E-01               4.00002E+00
 8.55000E-01               4.00002E+00
 8.65000E-01               4.00001E+00
 8.75000E-01               4.00001E+00
 8.85000E-01               4.00001E+00
 8.95000E-01               4.00001E+00
 9.05000E-01               4.00001E+00
 9.15000E-01               4.00001E+00
 9.25000E-01               4.00001E+00
 9.35000E-01               4.00000E+00
 9.45000E-01               4.00000E+00
 9.55000E-01               4.00000E+00
 9.65000E-01               4.00000E+00
 9.75000E-01               4.00000E+00
 9.85000E-01               4.00000E+00
 9.95000E-01               4.00000E+00
