 TITLE = " Years"
 VARIABLES = "X (meters)", "pH "
 ZONE F=POINT,I=         100
 5.00000E-03               5.71369E+00
 1.50000E-02               5.54128E+00
 2.50000E-02               5.41634E+00
 3.50000E-02               5.31801E+00
 4.50000E-02               5.23676E+00
 5.50000E-02               5.16740E+00
 6.50000E-02               5.10683E+00
 7.50000E-02               5.05302E+00
 8.50000E-02               5.00457E+00
 9.50000E-02               4.96049E+00
 1.05000E-01               4.92003E+00
 1.15000E-01               4.88264E+00
 1.25000E-01               4.84788E+00
 1.35000E-01               4.81540E+00
 1.45000E-01               4.78492E+00
 1.55000E-01               4.75620E+00
 1.65000E-01               4.72906E+00
 1.75000E-01               4.70333E+00
 1.85000E-01               4.67889E+00
 1.95000E-01               4.65560E+00
 2.05000E-01               4.63338E+00
 2.15000E-01               4.61213E+00
 2.25000E-01               4.59179E+00
 2.35000E-01               4.57227E+00
 2.45000E-01               4.55354E+00
 2.55000E-01               4.53552E+00
 2.65000E-01               4.51819E+00
 2.75000E-01               4.50148E+00
 2.85000E-01               4.48538E+00
 2.95000E-01               4.46984E+00
 3.05000E-01               4.45484E+00
 3.15000E-01               4.44034E+00
 3.25000E-01               4.42632E+00
 3.35000E-01               4.41276E+00
 3.45000E-01               4.39964E+00
 3.55000E-01               4.38694E+00
 3.65000E-01               4.37464E+00
 3.75000E-01               4.36272E+00
 3.85000E-01               4.35117E+00
 3.95000E-01               4.33998E+00
 4.05000E-01               4.32913E+00
 4.15000E-01               4.31861E+00
 4.25000E-01               4.30841E+00
 4.35000E-01               4.29852E+00
 4.45000E-01               4.28893E+00
 4.55000E-01               4.27963E+00
 4.65000E-01               4.27060E+00
 4.75000E-01               4.26186E+00
 4.85000E-01               4.25337E+00
 4.95000E-01               4.24515E+00
 5.05000E-01               4.23717E+00
 5.15000E-01               4.22944E+00
 5.25000E-01               4.22195E+00
 5.35000E-01               4.21469E+00
 5.45000E-01               4.20766E+00
 5.55000E-01               4.20085E+00
 5.65000E-01               4.19425E+00
 5.75000E-01               4.18787E+00
 5.85000E-01               4.18169E+00
 5.95000E-01               4.17572E+00
 6.05000E-01               4.16994E+00
 6.15000E-01               4.16436E+00
 6.25000E-01               4.15897E+00
 6.35000E-01               4.15376E+00
 6.45000E-01               4.14874E+00
 6.55000E-01               4.14389E+00
 6.65000E-01               4.13922E+00
 6.75000E-01               4.13472E+00
 6.85000E-01               4.13040E+00
 6.95000E-01               4.12623E+00
 7.05000E-01               4.12223E+00
 7.15000E-01               4.11839E+00
 7.25000E-01               4.11471E+00
 7.35000E-01               4.11118E+00
 7.45000E-01               4.10781E+00
 7.55000E-01               4.10458E+00
 7.65000E-01               4.10150E+00
 7.75000E-01               4.09857E+00
 7.85000E-01               4.09578E+00
 7.95000E-01               4.09313E+00
 8.05000E-01               4.09062E+00
 8.15000E-01               4.08824E+00
 8.25000E-01               4.08601E+00
 8.35000E-01               4.08390E+00
 8.45000E-01               4.08193E+00
 8.55000E-01               4.08009E+00
 8.65000E-01               4.07837E+00
 8.75000E-01               4.07679E+00
 8.85000E-01               4.07533E+00
 8.95000E-01               4.07400E+00
 9.05000E-01               4.07279E+00
 9.15000E-01               4.07170E+00
 9.25000E-01               4.07074E+00
 9.35000E-01               4.06990E+00
 9.45000E-01               4.06918E+00
 9.55000E-01               4.06858E+00
 9.65000E-01               4.06810E+00
 9.75000E-01               4.06775E+00
 9.85000E-01               4.06751E+00
 9.95000E-01               4.06739E+00
