 TITLE = " Years"
 VARIABLES = "X (meters)", "pH "
 ZONE F=POINT,I=         100
 5.00000E-03               5.73796E+00
 1.50000E-02               5.57484E+00
 2.50000E-02               5.45492E+00
 3.50000E-02               5.35981E+00
 4.50000E-02               5.28084E+00
 5.50000E-02               5.21321E+00
 6.50000E-02               5.15402E+00
 7.50000E-02               5.10133E+00
 8.50000E-02               5.05384E+00
 9.50000E-02               5.01057E+00
 1.05000E-01               4.97083E+00
 1.15000E-01               4.93408E+00
 1.25000E-01               4.89988E+00
 1.35000E-01               4.86790E+00
 1.45000E-01               4.83787E+00
 1.55000E-01               4.80957E+00
 1.65000E-01               4.78280E+00
 1.75000E-01               4.75741E+00
 1.85000E-01               4.73326E+00
 1.95000E-01               4.71025E+00
 2.05000E-01               4.68828E+00
 2.15000E-01               4.66726E+00
 2.25000E-01               4.64711E+00
 2.35000E-01               4.62778E+00
 2.45000E-01               4.60920E+00
 2.55000E-01               4.59132E+00
 2.65000E-01               4.57411E+00
 2.75000E-01               4.55750E+00
 2.85000E-01               4.54148E+00
 2.95000E-01               4.52600E+00
 3.05000E-01               4.51105E+00
 3.15000E-01               4.49658E+00
 3.25000E-01               4.48258E+00
 3.35000E-01               4.46901E+00
 3.45000E-01               4.45588E+00
 3.55000E-01               4.44314E+00
 3.65000E-01               4.43079E+00
 3.75000E-01               4.41882E+00
 3.85000E-01               4.40719E+00
 3.95000E-01               4.39591E+00
 4.05000E-01               4.38496E+00
 4.15000E-01               4.37433E+00
 4.25000E-01               4.36400E+00
 4.35000E-01               4.35397E+00
 4.45000E-01               4.34422E+00
 4.55000E-01               4.33476E+00
 4.65000E-01               4.32556E+00
 4.75000E-01               4.31663E+00
 4.85000E-01               4.30795E+00
 4.95000E-01               4.29952E+00
 5.05000E-01               4.29133E+00
 5.15000E-01               4.28337E+00
 5.25000E-01               4.27565E+00
 5.35000E-01               4.26815E+00
 5.45000E-01               4.26087E+00
 5.55000E-01               4.25380E+00
 5.65000E-01               4.24695E+00
 5.75000E-01               4.24030E+00
 5.85000E-01               4.23385E+00
 5.95000E-01               4.22760E+00
 6.05000E-01               4.22154E+00
 6.15000E-01               4.21568E+00
 6.25000E-01               4.21000E+00
 6.35000E-01               4.20450E+00
 6.45000E-01               4.19919E+00
 6.55000E-01               4.19405E+00
 6.65000E-01               4.18909E+00
 6.75000E-01               4.18430E+00
 6.85000E-01               4.17968E+00
 6.95000E-01               4.17523E+00
 7.05000E-01               4.17095E+00
 7.15000E-01               4.16682E+00
 7.25000E-01               4.16286E+00
 7.35000E-01               4.15906E+00
 7.45000E-01               4.15541E+00
 7.55000E-01               4.15192E+00
 7.65000E-01               4.14858E+00
 7.75000E-01               4.14539E+00
 7.85000E-01               4.14235E+00
 7.95000E-01               4.13946E+00
 8.05000E-01               4.13672E+00
 8.15000E-01               4.13412E+00
 8.25000E-01               4.13167E+00
 8.35000E-01               4.12936E+00
 8.45000E-01               4.12719E+00
 8.55000E-01               4.12516E+00
 8.65000E-01               4.12328E+00
 8.75000E-01               4.12153E+00
 8.85000E-01               4.11992E+00
 8.95000E-01               4.11844E+00
 9.05000E-01               4.11710E+00
 9.15000E-01               4.11590E+00
 9.25000E-01               4.11483E+00
 9.35000E-01               4.11390E+00
 9.45000E-01               4.11310E+00
 9.55000E-01               4.11244E+00
 9.65000E-01               4.11191E+00
 9.75000E-01               4.11151E+00
 9.85000E-01               4.11124E+00
 9.95000E-01               4.11111E+00
