# Units: Mol/kgw
 TITLE = " Years"
VARIABLES = "X (meters)", "H+        ", "Cl-       ", "Na+       ", "NO3-      ", "
 ZONE F=POINT,I=         100
 5.00000E-03               1.82268E-06   9.90941E-05   1.00703E-04   3.43174E-06
 1.50000E-02               2.65787E-06   9.82271E-05   1.01392E-04   5.82318E-06
 2.50000E-02               3.50526E-06   9.73982E-05   1.02067E-04   8.17432E-06
 3.50000E-02               4.36473E-06   9.66064E-05   1.02727E-04   1.04852E-05
 4.50000E-02               5.23603E-06   9.58507E-05   1.03370E-04   1.27557E-05
 5.50000E-02               6.11884E-06   9.51303E-05   1.03997E-04   1.49860E-05
 6.50000E-02               7.01284E-06   9.44441E-05   1.04607E-04   1.71760E-05
 7.50000E-02               7.91768E-06   9.37912E-05   1.05199E-04   1.93258E-05
 8.50000E-02               8.83301E-06   9.31708E-05   1.05773E-04   2.14354E-05
 9.50000E-02               9.75848E-06   9.25818E-05   1.06328E-04   2.35047E-05
 1.05000E-01               1.06937E-05   9.20236E-05   1.06864E-04   2.55339E-05
 1.15000E-01               1.16383E-05   9.14951E-05   1.07380E-04   2.75231E-05
 1.25000E-01               1.25920E-05   9.09956E-05   1.07876E-04   2.94722E-05
 1.35000E-01               1.35542E-05   9.05242E-05   1.08351E-04   3.13815E-05
 1.45000E-01               1.45247E-05   9.00801E-05   1.08806E-04   3.32511E-05
 1.55000E-01               1.55031E-05   8.96626E-05   1.09240E-04   3.50810E-05
 1.65000E-01               1.64888E-05   8.92707E-05   1.09653E-04   3.68715E-05
 1.75000E-01               1.74816E-05   8.89038E-05   1.10045E-04   3.86227E-05
 1.85000E-01               1.84810E-05   8.85612E-05   1.10415E-04   4.03349E-05
 1.95000E-01               1.94866E-05   8.82420E-05   1.10764E-04   4.20083E-05
 2.05000E-01               2.04979E-05   8.79455E-05   1.11091E-04   4.36431E-05
 2.15000E-01               2.15146E-05   8.76710E-05   1.11396E-04   4.52397E-05
 2.25000E-01               2.25361E-05   8.74179E-05   1.11680E-04   4.67983E-05
 2.35000E-01               2.35621E-05   8.71854E-05   1.11943E-04   4.83193E-05
 2.45000E-01               2.45920E-05   8.69728E-05   1.12184E-04   4.98031E-05
 2.55000E-01               2.56254E-05   8.67795E-05   1.12404E-04   5.12500E-05
 2.65000E-01               2.66619E-05   8.66049E-05   1.12603E-04   5.26604E-05
 2.75000E-01               2.77009E-05   8.64482E-05   1.12782E-04   5.40348E-05
 2.85000E-01               2.87420E-05   8.63088E-05   1.12940E-04   5.53736E-05
 2.95000E-01               2.97846E-05   8.61862E-05   1.13079E-04   5.66773E-05
 3.05000E-01               3.08284E-05   8.60796E-05   1.13197E-04   5.79463E-05
 3.15000E-01               3.18728E-05   8.59886E-05   1.13297E-04   5.91812E-05
 3.25000E-01               3.29172E-05   8.59125E-05   1.13378E-04   6.03825E-05
 3.35000E-01               3.39612E-05   8.58507E-05   1.13440E-04   6.15507E-05
 3.45000E-01               3.50043E-05   8.58027E-05   1.13485E-04   6.26864E-05
 3.55000E-01               3.60459E-05   8.57678E-05   1.13512E-04   6.37901E-05
 3.65000E-01               3.70855E-05   8.57456E-05   1.13522E-04   6.48624E-05
 3.75000E-01               3.81226E-05   8.57355E-05   1.13517E-04   6.59039E-05
 3.85000E-01               3.91566E-05   8.57369E-05   1.13495E-04   6.69152E-05
 3.95000E-01               4.01871E-05   8.57494E-05   1.13459E-04   6.78969E-05
 4.05000E-01               4.12134E-05   8.57724E-05   1.13409E-04   6.88495E-05
 4.15000E-01               4.22350E-05   8.58054E-05   1.13344E-04   6.97738E-05
 4.25000E-01               4.32514E-05   8.58480E-05   1.13267E-04   7.06702E-05
 4.35000E-01               4.42621E-05   8.58995E-05   1.13177E-04   7.15395E-05
 4.45000E-01               4.52664E-05   8.59596E-05   1.13075E-04   7.23822E-05
 4.55000E-01               4.62639E-05   8.60277E-05   1.12963E-04   7.31990E-05
 4.65000E-01               4.72540E-05   8.61035E-05   1.12840E-04   7.39904E-05
 4.75000E-01               4.82362E-05   8.61864E-05   1.12707E-04   7.47570E-05
 4.85000E-01               4.92099E-05   8.62759E-05   1.12566E-04   7.54995E-05
 4.95000E-01               5.01746E-05   8.63717E-05   1.12416E-04   7.62184E-05
 5.05000E-01               5.11297E-05   8.64733E-05   1.12258E-04   7.69143E-05
 5.15000E-01               5.20748E-05   8.65803E-05   1.12093E-04   7.75878E-05
 5.25000E-01               5.30093E-05   8.66923E-05   1.11923E-04   7.82395E-05
 5.35000E-01               5.39326E-05   8.68087E-05   1.11746E-04   7.88698E-05
 5.45000E-01               5.48443E-05   8.69293E-05   1.11565E-04   7.94794E-05
 5.55000E-01               5.57439E-05   8.70537E-05   1.11379E-04   8.00688E-05
 5.65000E-01               5.66308E-05   8.71813E-05   1.11189E-04   8.06384E-05
 5.75000E-01               5.75046E-05   8.73120E-05   1.10996E-04   8.11889E-05
 5.85000E-01               5.83648E-05   8.74452E-05   1.10801E-04   8.17206E-05
 5.95000E-01               5.92108E-05   8.75806E-05   1.10604E-04   8.22340E-05
 6.05000E-01               6.00423E-05   8.77178E-05   1.10405E-04   8.27297E-05
 6.15000E-01               6.08588E-05   8.78565E-05   1.10206E-04   8.32080E-05
 6.25000E-01               6.16599E-05   8.79963E-05   1.10006E-04   8.36694E-05
 6.35000E-01               6.24450E-05   8.81369E-05   1.09806E-04   8.41143E-05
 6.45000E-01               6.32138E-05   8.82779E-05   1.09607E-04   8.45431E-05
 6.55000E-01               6.39658E-05   8.84190E-05   1.09409E-04   8.49562E-05
 6.65000E-01               6.47007E-05   8.85599E-05   1.09213E-04   8.53539E-05
 6.75000E-01               6.54181E-05   8.87003E-05   1.09019E-04   8.57366E-05
 6.85000E-01               6.61176E-05   8.88398E-05   1.08827E-04   8.61046E-05
 6.95000E-01               6.67988E-05   8.89782E-05   1.08638E-04   8.64584E-05
 7.05000E-01               6.74613E-05   8.91152E-05   1.08452E-04   8.67980E-05
 7.15000E-01               6.81049E-05   8.92504E-05   1.08270E-04   8.71240E-05
 7.25000E-01               6.87291E-05   8.93836E-05   1.08091E-04   8.74364E-05
 7.35000E-01               6.93338E-05   8.95146E-05   1.07917E-04   8.77357E-05
 7.45000E-01               6.99185E-05   8.96430E-05   1.07747E-04   8.80220E-05
 7.55000E-01               7.04830E-05   8.97686E-05   1.07581E-04   8.82955E-05
 7.65000E-01               7.10270E-05   8.98912E-05   1.07421E-04   8.85566E-05
 7.75000E-01               7.15503E-05   9.00105E-05   1.07266E-04   8.88054E-05
 7.85000E-01               7.20525E-05   9.01263E-05   1.07116E-04   8.90421E-05
 7.95000E-01               7.25335E-05   9.02384E-05   1.06972E-04   8.92669E-05
 8.05000E-01               7.29930E-05   9.03466E-05   1.06834E-04   8.94800E-05
 8.15000E-01               7.34309E-05   9.04506E-05   1.06701E-04   8.96815E-05
 8.25000E-01               7.38468E-05   9.05503E-05   1.06575E-04   8.98716E-05
 8.35000E-01               7.42406E-05   9.06455E-05   1.06455E-04   9.00504E-05
 8.45000E-01               7.46122E-05   9.07360E-05   1.06342E-04   9.02181E-05
 8.55000E-01               7.49613E-05   9.08217E-05   1.06235E-04   9.03747E-05
 8.65000E-01               7.52879E-05   9.09023E-05   1.06135E-04   9.05204E-05
 8.75000E-01               7.55917E-05   9.09778E-05   1.06042E-04   9.06553E-05
 8.85000E-01               7.58727E-05   9.10481E-05   1.05955E-04   9.07795E-05
 8.95000E-01               7.61306E-05   9.11129E-05   1.05875E-04   9.08930E-05
 9.05000E-01               7.63655E-05   9.11722E-05   1.05803E-04   9.09960E-05
 9.15000E-01               7.65771E-05   9.12258E-05   1.05737E-04   9.10885E-05
 9.25000E-01               7.67655E-05   9.12738E-05   1.05679E-04   9.11706E-05
 9.35000E-01               7.69305E-05   9.13159E-05   1.05628E-04   9.12423E-05
 9.45000E-01               7.70720E-05   9.13521E-05   1.05584E-04   9.13037E-05
 9.55000E-01               7.71901E-05   9.13824E-05   1.05547E-04   9.13548E-05
 9.65000E-01               7.72846E-05   9.14068E-05   1.05518E-04   9.13956E-05
 9.75000E-01               7.73555E-05   9.14250E-05   1.05496E-04   9.14262E-05
 9.85000E-01               7.74028E-05   9.14372E-05   1.05481E-04   9.14466E-05
 9.95000E-01               7.74264E-05   9.14433E-05   1.05474E-04   9.14568E-05
