# Units: Mol/kgw
 TITLE = " Years"
VARIABLES = "X (meters)", "H+        ", "Cl-       ", "Na+       ", "NO3-      ", "
 ZONE F=POINT,I=         100
 5.00000E-03               1.92808E-06   9.89898E-05   1.00785E-04   3.72371E-06
 1.50000E-02               2.87198E-06   9.80286E-05   1.01553E-04   6.39655E-06
 2.50000E-02               3.83140E-06   9.71152E-05   1.02302E-04   9.01860E-06
 3.50000E-02               4.80612E-06   9.62482E-05   1.03032E-04   1.15899E-05
 4.50000E-02               5.79575E-06   9.54262E-05   1.03741E-04   1.41106E-05
 5.50000E-02               6.79985E-06   9.46479E-05   1.04429E-04   1.65806E-05
 6.50000E-02               7.81796E-06   9.39120E-05   1.05094E-04   1.90001E-05
 7.50000E-02               8.84962E-06   9.32171E-05   1.05736E-04   2.13691E-05
 8.50000E-02               9.89432E-06   9.25620E-05   1.06355E-04   2.36877E-05
 9.50000E-02               1.09516E-05   9.19454E-05   1.06950E-04   2.59561E-05
 1.05000E-01               1.20209E-05   9.13662E-05   1.07519E-04   2.81742E-05
 1.15000E-01               1.31018E-05   9.08231E-05   1.08064E-04   3.03424E-05
 1.25000E-01               1.41936E-05   9.03151E-05   1.08582E-04   3.24608E-05
 1.35000E-01               1.52960E-05   8.98409E-05   1.09074E-04   3.45296E-05
 1.45000E-01               1.64083E-05   8.93995E-05   1.09540E-04   3.65490E-05
 1.55000E-01               1.75301E-05   8.89898E-05   1.09979E-04   3.85193E-05
 1.65000E-01               1.86607E-05   8.86107E-05   1.10391E-04   4.04408E-05
 1.75000E-01               1.97995E-05   8.82613E-05   1.10776E-04   4.23140E-05
 1.85000E-01               2.09461E-05   8.79405E-05   1.11133E-04   4.41391E-05
 1.95000E-01               2.20999E-05   8.76473E-05   1.11464E-04   4.59166E-05
 2.05000E-01               2.32602E-05   8.73807E-05   1.11767E-04   4.76469E-05
 2.15000E-01               2.44264E-05   8.71398E-05   1.12044E-04   4.93307E-05
 2.25000E-01               2.55980E-05   8.69237E-05   1.12294E-04   5.09683E-05
 2.35000E-01               2.67744E-05   8.67315E-05   1.12518E-04   5.25605E-05
 2.45000E-01               2.79548E-05   8.65622E-05   1.12715E-04   5.41077E-05
 2.55000E-01               2.91388E-05   8.64150E-05   1.12887E-04   5.56107E-05
 2.65000E-01               3.03255E-05   8.62891E-05   1.13034E-04   5.70701E-05
 2.75000E-01               3.15145E-05   8.61835E-05   1.13156E-04   5.84867E-05
 2.85000E-01               3.27050E-05   8.60976E-05   1.13254E-04   5.98611E-05
 2.95000E-01               3.38964E-05   8.60304E-05   1.13328E-04   6.11941E-05
 3.05000E-01               3.50881E-05   8.59812E-05   1.13380E-04   6.24866E-05
 3.15000E-01               3.62792E-05   8.59492E-05   1.13409E-04   6.37393E-05
 3.25000E-01               3.74693E-05   8.59337E-05   1.13417E-04   6.49530E-05
 3.35000E-01               3.86575E-05   8.59339E-05   1.13405E-04   6.61286E-05
 3.45000E-01               3.98433E-05   8.59491E-05   1.13373E-04   6.72670E-05
 3.55000E-01               4.10258E-05   8.59787E-05   1.13322E-04   6.83689E-05
 3.65000E-01               4.22045E-05   8.60217E-05   1.13253E-04   6.94354E-05
 3.75000E-01               4.33786E-05   8.60778E-05   1.13166E-04   7.04672E-05
 3.85000E-01               4.45475E-05   8.61460E-05   1.13064E-04   7.14653E-05
 3.95000E-01               4.57105E-05   8.62259E-05   1.12946E-04   7.24305E-05
 4.05000E-01               4.68669E-05   8.63167E-05   1.12813E-04   7.33637E-05
 4.15000E-01               4.80159E-05   8.64178E-05   1.12668E-04   7.42659E-05
 4.25000E-01               4.91570E-05   8.65286E-05   1.12509E-04   7.51378E-05
 4.35000E-01               5.02894E-05   8.66486E-05   1.12339E-04   7.59804E-05
 4.45000E-01               5.14125E-05   8.67770E-05   1.12159E-04   7.67944E-05
 4.55000E-01               5.25257E-05   8.69134E-05   1.11968E-04   7.75808E-05
 4.65000E-01               5.36283E-05   8.70572E-05   1.11769E-04   7.83404E-05
 4.75000E-01               5.47196E-05   8.72078E-05   1.11562E-04   7.90740E-05
 4.85000E-01               5.57990E-05   8.73647E-05   1.11348E-04   7.97824E-05
 4.95000E-01               5.68660E-05   8.75274E-05   1.11128E-04   8.04663E-05
 5.05000E-01               5.79198E-05   8.76952E-05   1.10902E-04   8.11266E-05
 5.15000E-01               5.89600E-05   8.78678E-05   1.10672E-04   8.17640E-05
 5.25000E-01               5.99859E-05   8.80446E-05   1.10438E-04   8.23791E-05
 5.35000E-01               6.09970E-05   8.82252E-05   1.10201E-04   8.29728E-05
 5.45000E-01               6.19928E-05   8.84090E-05   1.09962E-04   8.35456E-05
 5.55000E-01               6.29727E-05   8.85956E-05   1.09721E-04   8.40982E-05
 5.65000E-01               6.39363E-05   8.87845E-05   1.09479E-04   8.46313E-05
 5.75000E-01               6.48829E-05   8.89753E-05   1.09238E-04   8.51455E-05
 5.85000E-01               6.58123E-05   8.91676E-05   1.08996E-04   8.56413E-05
 5.95000E-01               6.67239E-05   8.93609E-05   1.08756E-04   8.61193E-05
 6.05000E-01               6.76172E-05   8.95548E-05   1.08518E-04   8.65801E-05
 6.15000E-01               6.84920E-05   8.97489E-05   1.08281E-04   8.70241E-05
 6.25000E-01               6.93477E-05   8.99429E-05   1.08047E-04   8.74518E-05
 6.35000E-01               7.01840E-05   9.01363E-05   1.07816E-04   8.78638E-05
 6.45000E-01               7.10006E-05   9.03287E-05   1.07588E-04   8.82604E-05
 6.55000E-01               7.17972E-05   9.05199E-05   1.07365E-04   8.86421E-05
 6.65000E-01               7.25733E-05   9.07094E-05   1.07145E-04   8.90092E-05
 6.75000E-01               7.33288E-05   9.08969E-05   1.06930E-04   8.93622E-05
 6.85000E-01               7.40634E-05   9.10821E-05   1.06720E-04   8.97015E-05
 6.95000E-01               7.47767E-05   9.12647E-05   1.06515E-04   9.00273E-05
 7.05000E-01               7.54686E-05   9.14443E-05   1.06316E-04   9.03399E-05
 7.15000E-01               7.61388E-05   9.16207E-05   1.06122E-04   9.06398E-05
 7.25000E-01               7.67872E-05   9.17935E-05   1.05933E-04   9.09271E-05
 7.35000E-01               7.74135E-05   9.19626E-05   1.05751E-04   9.12021E-05
 7.45000E-01               7.80176E-05   9.21276E-05   1.05575E-04   9.14652E-05
 7.55000E-01               7.85993E-05   9.22882E-05   1.05405E-04   9.17165E-05
 7.65000E-01               7.91585E-05   9.24443E-05   1.05242E-04   9.19562E-05
 7.75000E-01               7.96950E-05   9.25956E-05   1.05085E-04   9.21845E-05
 7.85000E-01               8.02087E-05   9.27419E-05   1.04935E-04   9.24017E-05
 7.95000E-01               8.06996E-05   9.28829E-05   1.04791E-04   9.26080E-05
 8.05000E-01               8.11675E-05   9.30185E-05   1.04654E-04   9.28034E-05
 8.15000E-01               8.16123E-05   9.31484E-05   1.04524E-04   9.29882E-05
 8.25000E-01               8.20341E-05   9.32726E-05   1.04401E-04   9.31625E-05
 8.35000E-01               8.24326E-05   9.33908E-05   1.04285E-04   9.33264E-05
 8.45000E-01               8.28079E-05   9.35028E-05   1.04175E-04   9.34801E-05
 8.55000E-01               8.31598E-05   9.36085E-05   1.04072E-04   9.36237E-05
 8.65000E-01               8.34885E-05   9.37079E-05   1.03977E-04   9.37573E-05
 8.75000E-01               8.37938E-05   9.38006E-05   1.03888E-04   9.38809E-05
 8.85000E-01               8.40757E-05   9.38867E-05   1.03806E-04   9.39947E-05
 8.95000E-01               8.43341E-05   9.39660E-05   1.03731E-04   9.40987E-05
 9.05000E-01               8.45691E-05   9.40384E-05   1.03662E-04   9.41931E-05
 9.15000E-01               8.47807E-05   9.41038E-05   1.03601E-04   9.42778E-05
 9.25000E-01               8.49687E-05   9.41622E-05   1.03546E-04   9.43530E-05
 9.35000E-01               8.51333E-05   9.42134E-05   1.03499E-04   9.44187E-05
 9.45000E-01               8.52744E-05   9.42574E-05   1.03458E-04   9.44749E-05
 9.55000E-01               8.53920E-05   9.42942E-05   1.03424E-04   9.45217E-05
 9.65000E-01               8.54860E-05   9.43237E-05   1.03397E-04   9.45591E-05
 9.75000E-01               8.55566E-05   9.43458E-05   1.03376E-04   9.45871E-05
 9.85000E-01               8.56036E-05   9.43606E-05   1.03363E-04   9.46058E-05
 9.95000E-01               8.56271E-05   9.43679E-05   1.03356E-04   9.46151E-05
