# Units: Mol/kgw
 TITLE = " Years"
VARIABLES = "X (meters)", "H+        ", "Cl-       ", "Na+       ", "NO3-      ", "
 ZONE F=POINT,I=         100
 5.00000E-03               3.75635E-06   9.71890E-05   1.02237E-04   8.80474E-06
 1.50000E-02               6.64266E-06   9.47758E-05   1.04307E-04   1.61735E-05
 2.50000E-02               9.64876E-06   9.27280E-05   1.06185E-04   2.31055E-05
 3.50000E-02               1.27624E-05   9.10143E-05   1.07853E-04   2.96016E-05
 4.50000E-02               1.59708E-05   8.96050E-05   1.09299E-04   3.56651E-05
 5.50000E-02               1.92603E-05   8.84725E-05   1.10514E-04   4.13023E-05
 6.50000E-02               2.26167E-05   8.75903E-05   1.11496E-04   4.65227E-05
 7.50000E-02               2.60255E-05   8.69337E-05   1.12248E-04   5.13395E-05
 8.50000E-02               2.94713E-05   8.64791E-05   1.12776E-04   5.57685E-05
 9.50000E-02               3.29384E-05   8.62044E-05   1.13094E-04   5.98286E-05
 1.05000E-01               3.64109E-05   8.60889E-05   1.13218E-04   6.35405E-05
 1.15000E-01               3.98725E-05   8.61130E-05   1.13167E-04   6.69267E-05
 1.25000E-01               4.33071E-05   8.62585E-05   1.12962E-04   7.00102E-05
 1.35000E-01               4.66987E-05   8.65084E-05   1.12624E-04   7.28145E-05
 1.45000E-01               5.00320E-05   8.68466E-05   1.12177E-04   7.53627E-05
 1.55000E-01               5.32923E-05   8.72587E-05   1.11643E-04   7.76770E-05
 1.65000E-01               5.64661E-05   8.77308E-05   1.11044E-04   7.97789E-05
 1.75000E-01               5.95409E-05   8.82506E-05   1.10398E-04   8.16879E-05
 1.85000E-01               6.25060E-05   8.88066E-05   1.09723E-04   8.34225E-05
 1.95000E-01               6.53518E-05   8.93884E-05   1.09036E-04   8.49993E-05
 2.05000E-01               6.80709E-05   8.99866E-05   1.08349E-04   8.64334E-05
 2.15000E-01               7.06571E-05   9.05928E-05   1.07674E-04   8.77383E-05
 2.25000E-01               7.31063E-05   9.11997E-05   1.07019E-04   8.89262E-05
 2.35000E-01               7.54160E-05   9.18007E-05   1.06392E-04   9.00076E-05
 2.45000E-01               7.75850E-05   9.23903E-05   1.05798E-04   9.09923E-05
 2.55000E-01               7.96139E-05   9.29640E-05   1.05239E-04   9.18888E-05
 2.65000E-01               8.15045E-05   9.35177E-05   1.04718E-04   9.27046E-05
 2.75000E-01               8.32597E-05   9.40485E-05   1.04235E-04   9.34466E-05
 2.85000E-01               8.48834E-05   9.45540E-05   1.03791E-04   9.41210E-05
 2.95000E-01               8.63802E-05   9.50325E-05   1.03385E-04   9.47333E-05
 3.05000E-01               8.77557E-05   9.54830E-05   1.03016E-04   9.52885E-05
 3.15000E-01               8.90156E-05   9.59048E-05   1.02681E-04   9.57915E-05
 3.25000E-01               9.01662E-05   9.62979E-05   1.02378E-04   9.62464E-05
 3.35000E-01               9.12139E-05   9.66624E-05   1.02106E-04   9.66572E-05
 3.45000E-01               9.21653E-05   9.69990E-05   1.01861E-04   9.70276E-05
 3.55000E-01               9.30268E-05   9.73086E-05   1.01643E-04   9.73610E-05
 3.65000E-01               9.38050E-05   9.75922E-05   1.01448E-04   9.76607E-05
 3.75000E-01               9.45062E-05   9.78509E-05   1.01274E-04   9.79294E-05
 3.85000E-01               9.51365E-05   9.80863E-05   1.01120E-04   9.81701E-05
 3.95000E-01               9.57018E-05   9.82996E-05   1.00983E-04   9.83852E-05
 4.05000E-01               9.62077E-05   9.84923E-05   1.00862E-04   9.85772E-05
 4.15000E-01               9.66593E-05   9.86659E-05   1.00755E-04   9.87481E-05
 4.25000E-01               9.70618E-05   9.88219E-05   1.00660E-04   9.89001E-05
 4.35000E-01               9.74198E-05   9.89616E-05   1.00577E-04   9.90350E-05
 4.45000E-01               9.77375E-05   9.90864E-05   1.00503E-04   9.91546E-05
 4.55000E-01               9.80189E-05   9.91976E-05   1.00439E-04   9.92604E-05
 4.65000E-01               9.82678E-05   9.92965E-05   1.00382E-04   9.93538E-05
 4.75000E-01               9.84876E-05   9.93842E-05   1.00333E-04   9.94361E-05
 4.85000E-01               9.86812E-05   9.94618E-05   1.00289E-04   9.95086E-05
 4.95000E-01               9.88516E-05   9.95304E-05   1.00251E-04   9.95723E-05
 5.05000E-01               9.90013E-05   9.95908E-05   1.00218E-04   9.96283E-05
 5.15000E-01               9.91325E-05   9.96440E-05   1.00189E-04   9.96773E-05
 5.25000E-01               9.92474E-05   9.96907E-05   1.00163E-04   9.97201E-05
 5.35000E-01               9.93479E-05   9.97317E-05   1.00141E-04   9.97576E-05
 5.45000E-01               9.94357E-05   9.97675E-05   1.00122E-04   9.97903E-05
 5.55000E-01               9.95122E-05   9.97988E-05   1.00105E-04   9.98188E-05
 5.65000E-01               9.95788E-05   9.98261E-05   1.00091E-04   9.98436E-05
 5.75000E-01               9.96367E-05   9.98499E-05   1.00078E-04   9.98651E-05
 5.85000E-01               9.96870E-05   9.98706E-05   1.00067E-04   9.98839E-05
 5.95000E-01               9.97307E-05   9.98886E-05   1.00058E-04   9.99001E-05
 6.05000E-01               9.97684E-05   9.99042E-05   1.00050E-04   9.99141E-05
 6.15000E-01               9.98011E-05   9.99176E-05   1.00043E-04   9.99263E-05
 6.25000E-01               9.98294E-05   9.99293E-05   1.00037E-04   9.99367E-05
 6.35000E-01               9.98537E-05   9.99394E-05   1.00031E-04   9.99458E-05
 6.45000E-01               9.98748E-05   9.99481E-05   1.00027E-04   9.99536E-05
 6.55000E-01               9.98929E-05   9.99556E-05   1.00023E-04   9.99603E-05
 6.65000E-01               9.99084E-05   9.99620E-05   1.00020E-04   9.99661E-05
 6.75000E-01               9.99218E-05   9.99676E-05   1.00017E-04   9.99710E-05
 6.85000E-01               9.99333E-05   9.99723E-05   1.00014E-04   9.99753E-05
 6.95000E-01               9.99431E-05   9.99764E-05   1.00012E-04   9.99790E-05
 7.05000E-01               9.99515E-05   9.99799E-05   1.00010E-04   9.99821E-05
 7.15000E-01               9.99588E-05   9.99829E-05   1.00009E-04   9.99848E-05
 7.25000E-01               9.99649E-05   9.99855E-05   1.00007E-04   9.99870E-05
 7.35000E-01               9.99702E-05   9.99877E-05   1.00006E-04   9.99890E-05
 7.45000E-01               9.99747E-05   9.99895E-05   1.00005E-04   9.99907E-05
 7.55000E-01               9.99785E-05   9.99911E-05   1.00005E-04   9.99921E-05
 7.65000E-01               9.99818E-05   9.99925E-05   1.00004E-04   9.99933E-05
 7.75000E-01               9.99846E-05   9.99936E-05   1.00003E-04   9.99943E-05
 7.85000E-01               9.99869E-05   9.99946E-05   1.00003E-04   9.99952E-05
 7.95000E-01               9.99889E-05   9.99954E-05   1.00002E-04   9.99959E-05
 8.05000E-01               9.99906E-05   9.99961E-05   1.00002E-04   9.99966E-05
 8.15000E-01               9.99921E-05   9.99967E-05   1.00002E-04   9.99971E-05
 8.25000E-01               9.99933E-05   9.99973E-05   1.00001E-04   9.99976E-05
 8.35000E-01               9.99943E-05   9.99977E-05   1.00001E-04   9.99979E-05
 8.45000E-01               9.99952E-05   9.99980E-05   1.00001E-04   9.99983E-05
 8.55000E-01               9.99959E-05   9.99984E-05   1.00001E-04   9.99985E-05
 8.65000E-01               9.99966E-05   9.99986E-05   1.00001E-04   9.99988E-05
 8.75000E-01               9.99971E-05   9.99988E-05   1.00001E-04   9.99990E-05
 8.85000E-01               9.99975E-05   9.99990E-05   1.00001E-04   9.99991E-05
 8.95000E-01               9.99979E-05   9.99992E-05   1.00000E-04   9.99993E-05
 9.05000E-01               9.99982E-05   9.99993E-05   1.00000E-04   9.99994E-05
 9.15000E-01               9.99985E-05   9.99994E-05   1.00000E-04   9.99995E-05
 9.25000E-01               9.99987E-05   9.99995E-05   1.00000E-04   9.99995E-05
 9.35000E-01               9.99988E-05   9.99996E-05   1.00000E-04   9.99996E-05
 9.45000E-01               9.99990E-05   9.99996E-05   1.00000E-04   9.99997E-05
 9.55000E-01               9.99991E-05   9.99997E-05   1.00000E-04   9.99997E-05
 9.65000E-01               9.99992E-05   9.99997E-05   1.00000E-04   9.99997E-05
 9.75000E-01               9.99992E-05   9.99997E-05   1.00000E-04   9.99998E-05
 9.85000E-01               9.99993E-05   9.99997E-05   1.00000E-04   9.99998E-05
 9.95000E-01               9.99993E-05   9.99997E-05   1.00000E-04   9.99998E-05
